Initialized native services in: C:\Users\Tushal\.gradle\native
Initialized jansi services in: C:\Users\Tushal\.gradle\native
Received JVM installation metadata from 'C:\Program Files\Eclipse Adoptium\jdk-17.0.17.10-hotspot': {JAVA_HOME=C:\Program Files\Eclipse Adoptium\jdk-17.0.17.10-hotspot, JAVA_VERSION=17.0.17, JAVA_VENDOR=Eclipse Adoptium, RUNTIME_NAME=OpenJDK Runtime Environment, RUNTIME_VERSION=17.0.17+10, VM_NAME=OpenJDK 64-Bit Server VM, VM_VERSION=17.0.17+10, VM_VENDOR=Eclipse Adoptium, OS_ARCH=amd64}
The client will now receive all logging from the daemon (pid: 4248). The daemon log file: C:\Users\Tushal\.gradle\daemon\8.2\daemon-4248.out.log
Starting 43rd build in daemon [uptime: 4 hrs 9 mins 0.749 secs, performance: 100%, GC rate: 0.00/s, heap usage: 0% of 2 GiB]
Using 20 worker leases.
Now considering [C:\Users\Tushal\Desktop\APP\Vexor] as hierarchies to watch
Watching the file system is configured to be enabled if available
File system watching is active
Starting Build
The configuration classpath is both resolvable and consumable. This is considered a legacy configuration and it will eventually only be possible to be one of these.
The configuration classpath is both consumable and declarable. This combination is incorrect, only one of these flags should be set.
The configuration classpath is both resolvable and consumable. This is considered a legacy configuration and it will eventually only be possible to be one of these.
The configuration classpath is both consumable and declarable. This combination is incorrect, only one of these flags should be set.
Settings evaluated using settings file 'C:\Users\Tushal\Desktop\APP\Vexor\settings.gradle.kts'.
Projects loaded. Root project using build file 'C:\Users\Tushal\Desktop\APP\Vexor\build.gradle.kts'.
Included projects: [root project 'Vexor', project ':app']

> Configure project :
Evaluating root project 'Vexor' using build file 'C:\Users\Tushal\Desktop\APP\Vexor\build.gradle.kts'.
The configuration detachedConfiguration1 is both resolvable and consumable. This is considered a legacy configuration and it will eventually only be possible to be one of these.
The configuration detachedConfiguration1 is both consumable and declarable. This combination is incorrect, only one of these flags should be set.
The configuration detachedConfiguration1 is both resolvable and consumable. This is considered a legacy configuration and it will eventually only be possible to be one of these.
The configuration detachedConfiguration1 is both consumable and declarable. This combination is incorrect, only one of these flags should be set.
The configuration detachedConfiguration2 is both resolvable and consumable. This is considered a legacy configuration and it will eventually only be possible to be one of these.
The configuration detachedConfiguration2 is both consumable and declarable. This combination is incorrect, only one of these flags should be set.
The configuration detachedConfiguration2 is both resolvable and consumable. This is considered a legacy configuration and it will eventually only be possible to be one of these.
The configuration detachedConfiguration2 is both consumable and declarable. This combination is incorrect, only one of these flags should be set.
The configuration :classpath is both resolvable and consumable. This is considered a legacy configuration and it will eventually only be possible to be one of these.
The configuration :classpath is both consumable and declarable. This combination is incorrect, only one of these flags should be set.
The configuration :classpath is both resolvable and consumable. This is considered a legacy configuration and it will eventually only be possible to be one of these.
The configuration :classpath is both consumable and declarable. This combination is incorrect, only one of these flags should be set.

> Configure project :app
Evaluating project ':app' using build file 'C:\Users\Tushal\Desktop\APP\Vexor\app\build.gradle.kts'.
The configuration :app:classpath is both resolvable and consumable. This is considered a legacy configuration and it will eventually only be possible to be one of these.
The configuration :app:classpath is both consumable and declarable. This combination is incorrect, only one of these flags should be set.
The configuration :app:classpath is both resolvable and consumable. This is considered a legacy configuration and it will eventually only be possible to be one of these.
The configuration :app:classpath is both consumable and declarable. This combination is incorrect, only one of these flags should be set.
Using default execution profile
Using Kotlin Gradle Plugin gradle82 variant
Caching disabled for Kotlin DSL accessors for project ':app' because:
  Build cache is disabled
Skipping Kotlin DSL accessors for project ':app' as it is up-to-date.
Parsed shrinker version: 8.2.33
All projects evaluated.
The configuration :classpath is both resolvable and consumable. This is considered a legacy configuration and it will eventually only be possible to be one of these.
The configuration :classpath is both consumable and declarable. This combination is incorrect, only one of these flags should be set.
The configuration :classpath is both resolvable and consumable. This is considered a legacy configuration and it will eventually only be possible to be one of these.
The configuration :classpath is both consumable and declarable. This combination is incorrect, only one of these flags should be set.
The configuration :classpath is both resolvable and consumable. This is considered a legacy configuration and it will eventually only be possible to be one of these.
The configuration :classpath is both consumable and declarable. This combination is incorrect, only one of these flags should be set.
The configuration :classpath is both resolvable and consumable. This is considered a legacy configuration and it will eventually only be possible to be one of these.
The configuration :classpath is both consumable and declarable. This combination is incorrect, only one of these flags should be set.
The configuration :classpath is both resolvable and consumable. This is considered a legacy configuration and it will eventually only be possible to be one of these.
The configuration :classpath is both consumable and declarable. This combination is incorrect, only one of these flags should be set.
The configuration :app:classpath is both resolvable and consumable. This is considered a legacy configuration and it will eventually only be possible to be one of these.
The configuration :app:classpath is both consumable and declarable. This combination is incorrect, only one of these flags should be set.
The configuration :app:classpath is both resolvable and consumable. This is considered a legacy configuration and it will eventually only be possible to be one of these.
The configuration :app:classpath is both consumable and declarable. This combination is incorrect, only one of these flags should be set.
The configuration :app:classpath is both resolvable and consumable. This is considered a legacy configuration and it will eventually only be possible to be one of these.
The configuration :app:classpath is both consumable and declarable. This combination is incorrect, only one of these flags should be set.
The configuration :app:classpath is both resolvable and consumable. This is considered a legacy configuration and it will eventually only be possible to be one of these.
The configuration :app:classpath is both consumable and declarable. This combination is incorrect, only one of these flags should be set.
The configuration :app:classpath is both resolvable and consumable. This is considered a legacy configuration and it will eventually only be possible to be one of these.
The configuration :app:classpath is both consumable and declarable. This combination is incorrect, only one of these flags should be set.
Task name matched 'assembleDebug'
Selected primary task 'assembleDebug' from project :
Tasks to be executed: [task ':app:preBuild', task ':app:preDebugBuild', task ':app:mergeDebugNativeDebugMetadata', task ':app:checkKotlinGradlePluginConfigurationErrors', task ':app:dataBindingMergeDependencyArtifactsDebug', task ':app:generateDebugResValues', task ':app:generateDebugResources', task ':app:mergeDebugResources', task ':app:packageDebugResources', task ':app:parseDebugLocalResources', task ':app:dataBindingGenBaseClassesDebug', task ':app:generateDebugBuildConfig', task ':app:checkDebugAarMetadata', task ':app:mapDebugSourceSetPaths', task ':app:createDebugCompatibleScreenManifests', task ':app:extractDeepLinksDebug', task ':app:processDebugMainManifest', task ':app:processDebugManifest', task ':app:processDebugManifestForPackage', task ':app:processDebugResources', task ':app:compileDebugKotlin', task ':app:javaPreCompileDebug', task ':app:compileDebugJavaWithJavac', task ':app:mergeDebugShaders', task ':app:compileDebugShaders', task ':app:generateDebugAssets', task ':app:mergeDebugAssets', task ':app:compressDebugAssets', task ':app:desugarDebugFileDependencies', task ':app:dexBuilderDebug', task ':app:mergeDebugGlobalSynthetics', task ':app:processDebugJavaRes', task ':app:mergeDebugJavaResource', task ':app:checkDebugDuplicateClasses', task ':app:mergeExtDexDebug', task ':app:mergeLibDexDebug', task ':app:mergeProjectDexDebug', task ':app:mergeDebugJniLibFolders', task ':app:mergeDebugNativeLibs', task ':app:stripDebugDebugSymbols', task ':app:validateSigningDebug', task ':app:writeDebugAppMetadata', task ':app:writeDebugSigningConfigVersions', task ':app:packageDebug', task ':app:createDebugApkListingFileRedirect', task ':app:assembleDebug']
Tasks that were excluded: []
Resolve mutations for :app:preBuild (Thread[Execution worker,5,main]) started.
:app:preBuild (Thread[Execution worker,5,main]) started.

> Task :app:preBuild UP-TO-DATE
Skipping task ':app:preBuild' as it has no actions.
Resolve mutations for :app:preDebugBuild (Thread[Execution worker,5,main]) started.
:app:preDebugBuild (Thread[Execution worker,5,main]) started.

> Task :app:preDebugBuild UP-TO-DATE
Skipping task ':app:preDebugBuild' as it has no actions.
Resolve mutations for :app:mergeDebugNativeDebugMetadata (Thread[Execution worker,5,main]) started.
:app:mergeDebugNativeDebugMetadata (Thread[Execution worker Thread 9,5,main]) started.

> Task :app:mergeDebugNativeDebugMetadata NO-SOURCE
Skipping task ':app:mergeDebugNativeDebugMetadata' as it has no source files and no previous output files.
Resolve mutations for :app:checkKotlinGradlePluginConfigurationErrors (Thread[Execution worker Thread 9,5,main]) started.
:app:checkKotlinGradlePluginConfigurationErrors (Thread[Execution worker Thread 9,5,main]) started.

> Task :app:checkKotlinGradlePluginConfigurationErrors
Caching disabled for task ':app:checkKotlinGradlePluginConfigurationErrors' because:
  Build cache is disabled
Task ':app:checkKotlinGradlePluginConfigurationErrors' is not up-to-date because:
  Task has not declared any outputs despite executing actions.
Resolve mutations for :app:dataBindingMergeDependencyArtifactsDebug (Thread[Execution worker Thread 9,5,main]) started.
:app:dataBindingMergeDependencyArtifactsDebug (Thread[Execution worker Thread 9,5,main]) started.
Resolve mutations for :app:generateDebugResValues (Thread[Execution worker Thread 15,5,main]) started.
:app:generateDebugResValues (Thread[Execution worker Thread 15,5,main]) started.

> Task :app:dataBindingMergeDependencyArtifactsDebug
Transforming viewbinding-8.2.0.aar (androidx.databinding:viewbinding:8.2.0) with ExtractAarTransform
Transforming viewbinding-8.2.0.aar (androidx.databinding:viewbinding:8.2.0) with AarTransform
Transforming material-1.11.0.aar (com.google.android.material:material:1.11.0) with ExtractAarTransform
Transforming material-1.11.0.aar (com.google.android.material:material:1.11.0) with AarTransform
Transforming appcompat-1.6.1.aar (androidx.appcompat:appcompat:1.6.1) with ExtractAarTransform
Transforming appcompat-1.6.1.aar (androidx.appcompat:appcompat:1.6.1) with AarTransform
Transforming biometric-1.1.0.aar (androidx.biometric:biometric:1.1.0) with ExtractAarTransform
Transforming biometric-1.1.0.aar (androidx.biometric:biometric:1.1.0) with AarTransform
Transforming appcompat-resources-1.6.1.aar (androidx.appcompat:appcompat-resources:1.6.1) with ExtractAarTransform
Transforming appcompat-resources-1.6.1.aar (androidx.appcompat:appcompat-resources:1.6.1) with AarTransform
Transforming viewpager-1.0.0.aar (androidx.viewpager:viewpager:1.0.0) with ExtractAarTransform
Transforming viewpager-1.0.0.aar (androidx.viewpager:viewpager:1.0.0) with AarTransform
Transforming camera-core-1.3.1.aar (androidx.camera:camera-core:1.3.1) with ExtractAarTransform
Transforming camera-core-1.3.1.aar (androidx.camera:camera-core:1.3.1) with AarTransform
Transforming customview-1.1.0.aar (androidx.customview:customview:1.1.0) with ExtractAarTransform
Transforming customview-1.1.0.aar (androidx.customview:customview:1.1.0) with ExtractAarTransform
Transforming camera-lifecycle-1.3.1.aar (androidx.camera:camera-lifecycle:1.3.1) with ExtractAarTransform
Transforming customview-1.1.0.aar (androidx.customview:customview:1.1.0) with AarTransform
Transforming customview-1.1.0.aar (androidx.customview:customview:1.1.0) with AarTransform
Transforming camera-lifecycle-1.3.1.aar (androidx.camera:camera-lifecycle:1.3.1) with AarTransform
Transforming glide-4.16.0.aar (com.github.bumptech.glide:glide:4.16.0) with ExtractAarTransform
Transforming glide-4.16.0.aar (com.github.bumptech.glide:glide:4.16.0) with AarTransform
Transforming customview-1.1.0.aar (androidx.customview:customview:1.1.0) with ExtractAarTransform
Transforming legacy-support-core-utils-1.0.0.aar (androidx.legacy:legacy-support-core-utils:1.0.0) with ExtractAarTransform
Transforming vectordrawable-1.1.0.aar (androidx.vectordrawable:vectordrawable:1.1.0) with ExtractAarTransform
Transforming legacy-support-core-utils-1.0.0.aar (androidx.legacy:legacy-support-core-utils:1.0.0) with AarTransform
Transforming vectordrawable-1.1.0.aar (androidx.vectordrawable:vectordrawable:1.1.0) with ExtractAarTransform
Transforming customview-1.1.0.aar (androidx.customview:customview:1.1.0) with AarTransform
Transforming customview-1.1.0.aar (androidx.customview:customview:1.1.0) with ExtractAarTransform
Transforming drawerlayout-1.1.1.aar (androidx.drawerlayout:drawerlayout:1.1.1) with ExtractAarTransform
Transforming customview-1.1.0.aar (androidx.customview:customview:1.1.0) with AarTransform
Transforming fragment-1.3.6.aar (androidx.fragment:fragment:1.3.6) with ExtractAarTransform
Transforming drawerlayout-1.1.1.aar (androidx.drawerlayout:drawerlayout:1.1.1) with AarTransform
Transforming fragment-1.3.6.aar (androidx.fragment:fragment:1.3.6) with AarTransform
Transforming vectordrawable-1.1.0.aar (androidx.vectordrawable:vectordrawable:1.1.0) with AarTransform
Transforming vectordrawable-1.1.0.aar (androidx.vectordrawable:vectordrawable:1.1.0) with AarTransform
Transforming core-1.12.0.aar (androidx.core:core:1.12.0) with ExtractAarTransform
Transforming core-1.12.0.aar (androidx.core:core:1.12.0) with ExtractAarTransform
Transforming core-1.12.0.aar (androidx.core:core:1.12.0) with ExtractAarTransform
Transforming core-1.12.0.aar (androidx.core:core:1.12.0) with AarTransform
Transforming core-1.12.0.aar (androidx.core:core:1.12.0) with AarTransform
Transforming loader-1.0.0.aar (androidx.loader:loader:1.0.0) with ExtractAarTransform
Transforming core-1.12.0.aar (androidx.core:core:1.12.0) with ExtractAarTransform
Transforming loader-1.0.0.aar (androidx.loader:loader:1.0.0) with AarTransform
Transforming core-1.12.0.aar (androidx.core:core:1.12.0) with AarTransform
Transforming recyclerview-1.3.2.aar (androidx.recyclerview:recyclerview:1.3.2) with ExtractAarTransform
Transforming swiperefreshlayout-1.1.0.aar (androidx.swiperefreshlayout:swiperefreshlayout:1.1.0) with ExtractAarTransform
Transforming recyclerview-1.3.2.aar (androidx.recyclerview:recyclerview:1.3.2) with AarTransform
Transforming swiperefreshlayout-1.1.0.aar (androidx.swiperefreshlayout:swiperefreshlayout:1.1.0) with AarTransform
Transforming coordinatorlayout-1.1.0.aar (androidx.coordinatorlayout:coordinatorlayout:1.1.0) with ExtractAarTransform
Transforming coordinatorlayout-1.1.0.aar (androidx.coordinatorlayout:coordinatorlayout:1.1.0) with AarTransform
Transforming lifecycle-livedata-core-2.7.0.aar (androidx.lifecycle:lifecycle-livedata-core:2.7.0) with ExtractAarTransform
Transforming lifecycle-livedata-core-2.7.0.aar (androidx.lifecycle:lifecycle-livedata-core:2.7.0) with AarTransform
Transforming loader-1.0.0.aar (androidx.loader:loader:1.0.0) with ExtractAarTransform
Transforming lifecycle-livedata-2.7.0.aar (androidx.lifecycle:lifecycle-livedata:2.7.0) with ExtractAarTransform
Transforming core-1.12.0.aar (androidx.core:core:1.12.0) with ExtractAarTransform
Transforming lifecycle-livedata-2.7.0.aar (androidx.lifecycle:lifecycle-livedata:2.7.0) with AarTransform
Transforming loader-1.0.0.aar (androidx.loader:loader:1.0.0) with AarTransform
Transforming coil-2.5.0.aar (io.coil-kt:coil:2.5.0) with ExtractAarTransform
Transforming core-1.12.0.aar (androidx.core:core:1.12.0) with AarTransform
Transforming coil-2.5.0.aar (io.coil-kt:coil:2.5.0) with AarTransform
Transforming core-1.12.0.aar (androidx.core:core:1.12.0) with ExtractAarTransform
Transforming core-1.12.0.aar (androidx.core:core:1.12.0) with ExtractAarTransform
Transforming coil-video-2.5.0.aar (io.coil-kt:coil-video:2.5.0) with ExtractAarTransform
Transforming core-1.12.0.aar (androidx.core:core:1.12.0) with AarTransform
Transforming coil-video-2.5.0.aar (io.coil-kt:coil-video:2.5.0) with AarTransform
Transforming lifecycle-runtime-2.7.0.aar (androidx.lifecycle:lifecycle-runtime:2.7.0) with ExtractAarTransform
Transforming core-1.12.0.aar (androidx.core:core:1.12.0) with AarTransform
Transforming core-1.12.0.aar (androidx.core:core:1.12.0) with AarTransform
Transforming lifecycle-runtime-2.7.0.aar (androidx.lifecycle:lifecycle-runtime:2.7.0) with AarTransform
Transforming lifecycle-livedata-ktx-2.7.0.aar (androidx.lifecycle:lifecycle-livedata-ktx:2.7.0) with ExtractAarTransform
Transforming lifecycle-livedata-ktx-2.7.0.aar (androidx.lifecycle:lifecycle-livedata-ktx:2.7.0) with AarTransform
Transforming lifecycle-livedata-2.7.0.aar (androidx.lifecycle:lifecycle-livedata:2.7.0) with ExtractAarTransform
Transforming lifecycle-livedata-2.7.0.aar (androidx.lifecycle:lifecycle-livedata:2.7.0) with AarTransform
Transforming savedstate-ktx-1.2.1.aar (androidx.savedstate:savedstate-ktx:1.2.1) with ExtractAarTransform
Transforming savedstate-ktx-1.2.1.aar (androidx.savedstate:savedstate-ktx:1.2.1) with AarTransform
Transforming lifecycle-viewmodel-savedstate-2.7.0.aar (androidx.lifecycle:lifecycle-viewmodel-savedstate:2.7.0) with ExtractAarTransform
Transforming lifecycle-viewmodel-savedstate-2.7.0.aar (androidx.lifecycle:lifecycle-viewmodel-savedstate:2.7.0) with AarTransform
Transforming media3-exoplayer-1.2.0.aar (androidx.media3:media3-exoplayer:1.2.0) with ExtractAarTransform
Transforming dynamicanimation-1.0.0.aar (androidx.dynamicanimation:dynamicanimation:1.0.0) with ExtractAarTransform
Transforming coil-base-2.5.0.aar (io.coil-kt:coil-base:2.5.0) with ExtractAarTransform
Transforming dynamicanimation-1.0.0.aar (androidx.dynamicanimation:dynamicanimation:1.0.0) with AarTransform
Transforming coil-base-2.5.0.aar (io.coil-kt:coil-base:2.5.0) with AarTransform
Transforming media3-exoplayer-1.2.0.aar (androidx.media3:media3-exoplayer:1.2.0) with AarTransform
Transforming room-ktx-2.6.1.aar (androidx.room:room-ktx:2.6.1) with ExtractAarTransform
Transforming activity-ktx-1.8.2.aar (androidx.activity:activity-ktx:1.8.2) with ExtractAarTransform
Transforming room-runtime-2.6.1.aar (androidx.room:room-runtime:2.6.1) with ExtractAarTransform
Transforming activity-ktx-1.8.2.aar (androidx.activity:activity-ktx:1.8.2) with AarTransform
Transforming room-ktx-2.6.1.aar (androidx.room:room-ktx:2.6.1) with AarTransform
Transforming room-runtime-2.6.1.aar (androidx.room:room-runtime:2.6.1) with AarTransform
Transforming security-crypto-1.1.0-alpha06.aar (androidx.security:security-crypto:1.1.0-alpha06) with ExtractAarTransform
Transforming security-crypto-1.1.0-alpha06.aar (androidx.security:security-crypto:1.1.0-alpha06) with AarTransform
Transforming lifecycle-viewmodel-2.7.0.aar (androidx.lifecycle:lifecycle-viewmodel:2.7.0) with ExtractAarTransform
Transforming lifecycle-viewmodel-2.7.0.aar (androidx.lifecycle:lifecycle-viewmodel:2.7.0) with AarTransform
Transforming lifecycle-runtime-ktx-2.7.0.aar (androidx.lifecycle:lifecycle-runtime-ktx:2.7.0) with ExtractAarTransform
Transforming lifecycle-runtime-ktx-2.7.0.aar (androidx.lifecycle:lifecycle-runtime-ktx:2.7.0) with AarTransform
Transforming sqlite-2.4.0.aar (androidx.sqlite:sqlite:2.4.0) with ExtractAarTransform
Transforming sqlite-2.4.0.aar (androidx.sqlite:sqlite:2.4.0) with AarTransform
Transforming media3-common-1.2.0.aar (androidx.media3:media3-common:1.2.0) with ExtractAarTransform
Transforming media3-common-1.2.0.aar (androidx.media3:media3-common:1.2.0) with AarTransform
Transforming annotation-experimental-1.3.1.aar (androidx.annotation:annotation-experimental:1.3.1) with ExtractAarTransform
Transforming annotation-experimental-1.3.1.aar (androidx.annotation:annotation-experimental:1.3.1) with AarTransform
Transforming core-runtime-2.2.0.aar (androidx.arch.core:core-runtime:2.2.0) with ExtractAarTransform
Transforming documentfile-1.0.0.aar (androidx.documentfile:documentfile:1.0.0) with ExtractAarTransform
Transforming documentfile-1.0.0.aar (androidx.documentfile:documentfile:1.0.0) with AarTransform
Transforming cardview-1.0.0.aar (androidx.cardview:cardview:1.0.0) with ExtractAarTransform
Transforming core-runtime-2.2.0.aar (androidx.arch.core:core-runtime:2.2.0) with AarTransform
Transforming cardview-1.0.0.aar (androidx.cardview:cardview:1.0.0) with AarTransform
Transforming savedstate-1.2.1.aar (androidx.savedstate:savedstate:1.2.1) with ExtractAarTransform
Transforming camera-camera2-1.3.1.aar (androidx.camera:camera-camera2:1.3.1) with ExtractAarTransform
Transforming camera-camera2-1.3.1.aar (androidx.camera:camera-camera2:1.3.1) with AarTransform
Transforming activity-1.8.2.aar (androidx.activity:activity:1.8.2) with ExtractAarTransform
Transforming savedstate-1.2.1.aar (androidx.savedstate:savedstate:1.2.1) with AarTransform
Transforming activity-1.8.2.aar (androidx.activity:activity:1.8.2) with AarTransform
Transforming interpolator-1.0.0.aar (androidx.interpolator:interpolator:1.0.0) with ExtractAarTransform
Transforming interpolator-1.0.0.aar (androidx.interpolator:interpolator:1.0.0) with AarTransform
Transforming exifinterface-1.3.6.aar (androidx.exifinterface:exifinterface:1.3.6) with ExtractAarTransform
Transforming interpolator-1.0.0.aar (androidx.interpolator:interpolator:1.0.0) with ExtractAarTransform
Transforming exifinterface-1.3.6.aar (androidx.exifinterface:exifinterface:1.3.6) with AarTransform
Transforming interpolator-1.0.0.aar (androidx.interpolator:interpolator:1.0.0) with AarTransform
Transforming print-1.0.0.aar (androidx.print:print:1.0.0) with ExtractAarTransform
Transforming print-1.0.0.aar (androidx.print:print:1.0.0) with AarTransform
Transforming constraintlayout-2.1.4.aar (androidx.constraintlayout:constraintlayout:2.1.4) with ExtractAarTransform
Transforming constraintlayout-2.1.4.aar (androidx.constraintlayout:constraintlayout:2.1.4) with AarTransform
Transforming media3-container-1.2.0.aar (androidx.media3:media3-container:1.2.0) with ExtractAarTransform
Transforming media3-container-1.2.0.aar (androidx.media3:media3-container:1.2.0) with AarTransform
Transforming media3-datasource-1.2.0.aar (androidx.media3:media3-datasource:1.2.0) with ExtractAarTransform
Transforming media3-datasource-1.2.0.aar (androidx.media3:media3-datasource:1.2.0) with AarTransform
Transforming transition-1.2.0.aar (androidx.transition:transition:1.2.0) with ExtractAarTransform
Transforming transition-1.2.0.aar (androidx.transition:transition:1.2.0) with AarTransform
Transforming core-1.12.0.aar (androidx.core:core:1.12.0) with ExtractAarTransform
Transforming core-1.12.0.aar (androidx.core:core:1.12.0) with AarTransform
Transforming media3-extractor-1.2.0.aar (androidx.media3:media3-extractor:1.2.0) with ExtractAarTransform
Transforming media3-extractor-1.2.0.aar (androidx.media3:media3-extractor:1.2.0) with AarTransform
Transforming media3-decoder-1.2.0.aar (androidx.media3:media3-decoder:1.2.0) with ExtractAarTransform
Transforming localbroadcastmanager-1.0.0.aar (androidx.localbroadcastmanager:localbroadcastmanager:1.0.0) with ExtractAarTransform
Transforming localbroadcastmanager-1.0.0.aar (androidx.localbroadcastmanager:localbroadcastmanager:1.0.0) with AarTransform
Transforming media3-database-1.2.0.aar (androidx.media3:media3-database:1.2.0) with ExtractAarTransform
Transforming media3-database-1.2.0.aar (androidx.media3:media3-database:1.2.0) with AarTransform
Transforming lifecycle-viewmodel-ktx-2.7.0.aar (androidx.lifecycle:lifecycle-viewmodel-ktx:2.7.0) with ExtractAarTransform
Transforming lifecycle-viewmodel-ktx-2.7.0.aar (androidx.lifecycle:lifecycle-viewmodel-ktx:2.7.0) with AarTransform
Transforming media3-decoder-1.2.0.aar (androidx.media3:media3-decoder:1.2.0) with AarTransform
Transforming gifdecoder-4.16.0.aar (com.github.bumptech.glide:gifdecoder:4.16.0) with ExtractAarTransform
Transforming gifdecoder-4.16.0.aar (com.github.bumptech.glide:gifdecoder:4.16.0) with AarTransform
Transforming versionedparcelable-1.1.1.aar (androidx.versionedparcelable:versionedparcelable:1.1.1) with ExtractAarTransform
Transforming versionedparcelable-1.1.1.aar (androidx.versionedparcelable:versionedparcelable:1.1.1) with AarTransform
Transforming sqlite-framework-2.4.0.aar (androidx.sqlite:sqlite-framework:2.4.0) with ExtractAarTransform
Transforming lifecycle-viewmodel-2.7.0.aar (androidx.lifecycle:lifecycle-viewmodel:2.7.0) with ExtractAarTransform
Transforming lifecycle-viewmodel-2.7.0.aar (androidx.lifecycle:lifecycle-viewmodel:2.7.0) with AarTransform
Transforming core-ktx-1.12.0.aar (androidx.core:core-ktx:1.12.0) with ExtractAarTransform
Transforming core-ktx-1.12.0.aar (androidx.core:core-ktx:1.12.0) with AarTransform
Transforming lifecycle-livedata-core-ktx-2.7.0.aar (androidx.lifecycle:lifecycle-livedata-core-ktx:2.7.0) with ExtractAarTransform
Transforming lifecycle-livedata-core-ktx-2.7.0.aar (androidx.lifecycle:lifecycle-livedata-core-ktx:2.7.0) with AarTransform
Transforming tracing-1.0.0.aar (androidx.tracing:tracing:1.0.0) with ExtractAarTransform
Transforming tracing-1.0.0.aar (androidx.tracing:tracing:1.0.0) with AarTransform
Transforming cursoradapter-1.0.0.aar (androidx.cursoradapter:cursoradapter:1.0.0) with ExtractAarTransform
Transforming cursoradapter-1.0.0.aar (androidx.cursoradapter:cursoradapter:1.0.0) with AarTransform
Transforming media3-ui-1.2.0.aar (androidx.media3:media3-ui:1.2.0) with ExtractAarTransform
Transforming media3-ui-1.2.0.aar (androidx.media3:media3-ui:1.2.0) with AarTransform
Transforming viewpager2-1.1.0-beta02.aar (androidx.viewpager2:viewpager2:1.1.0-beta02) with ExtractAarTransform
Transforming viewpager2-1.1.0-beta02.aar (androidx.viewpager2:viewpager2:1.1.0-beta02) with AarTransform
Transforming multidex-2.0.1.aar (androidx.multidex:multidex:2.0.1) with ExtractAarTransform
Transforming multidex-2.0.1.aar (androidx.multidex:multidex:2.0.1) with AarTransform
Transforming sqlite-framework-2.4.0.aar (androidx.sqlite:sqlite-framework:2.4.0) with AarTransform
Transforming vectordrawable-animated-1.1.0.aar (androidx.vectordrawable:vectordrawable-animated:1.1.0) with ExtractAarTransform
Transforming vectordrawable-animated-1.1.0.aar (androidx.vectordrawable:vectordrawable-animated:1.1.0) with AarTransform
Transforming viewbinding-8.2.0.aar (androidx.databinding:viewbinding:8.2.0) with ExtractAarTransform
Transforming viewbinding-8.2.0.aar (androidx.databinding:viewbinding:8.2.0) with AarTransform
Transforming material-1.11.0.aar (com.google.android.material:material:1.11.0) with ExtractAarTransform
Transforming material-1.11.0.aar (com.google.android.material:material:1.11.0) with AarTransform
Transforming constraintlayout-2.1.4.aar (androidx.constraintlayout:constraintlayout:2.1.4) with ExtractAarTransform
Transforming constraintlayout-2.1.4.aar (androidx.constraintlayout:constraintlayout:2.1.4) with AarTransform
Transforming biometric-1.1.0.aar (androidx.biometric:biometric:1.1.0) with ExtractAarTransform
Transforming biometric-1.1.0.aar (androidx.biometric:biometric:1.1.0) with AarTransform
Transforming coil-2.5.0.aar (io.coil-kt:coil:2.5.0) with ExtractAarTransform
Transforming coil-2.5.0.aar (io.coil-kt:coil:2.5.0) with AarTransform
Transforming coil-video-2.5.0.aar (io.coil-kt:coil-video:2.5.0) with ExtractAarTransform
Transforming coil-video-2.5.0.aar (io.coil-kt:coil-video:2.5.0) with AarTransform
Transforming coil-base-2.5.0.aar (io.coil-kt:coil-base:2.5.0) with ExtractAarTransform
Transforming coil-base-2.5.0.aar (io.coil-kt:coil-base:2.5.0) with AarTransform
Transforming appcompat-resources-1.6.1.aar (androidx.appcompat:appcompat-resources:1.6.1) with ExtractAarTransform
Transforming appcompat-resources-1.6.1.aar (androidx.appcompat:appcompat-resources:1.6.1) with AarTransform
Transforming appcompat-1.6.1.aar (androidx.appcompat:appcompat:1.6.1) with ExtractAarTransform
Transforming appcompat-1.6.1.aar (androidx.appcompat:appcompat:1.6.1) with AarTransform
Transforming glide-4.16.0.aar (com.github.bumptech.glide:glide:4.16.0) with ExtractAarTransform
Transforming glide-4.16.0.aar (com.github.bumptech.glide:glide:4.16.0) with AarTransform
Transforming media3-exoplayer-1.2.0.aar (androidx.media3:media3-exoplayer:1.2.0) with ExtractAarTransform
Transforming media3-exoplayer-1.2.0.aar (androidx.media3:media3-exoplayer:1.2.0) with AarTransform
Transforming media3-extractor-1.2.0.aar (androidx.media3:media3-extractor:1.2.0) with ExtractAarTransform
Transforming media3-extractor-1.2.0.aar (androidx.media3:media3-extractor:1.2.0) with AarTransform
Transforming media3-container-1.2.0.aar (androidx.media3:media3-container:1.2.0) with ExtractAarTransform
Transforming media3-container-1.2.0.aar (androidx.media3:media3-container:1.2.0) with AarTransform
Transforming media3-datasource-1.2.0.aar (androidx.media3:media3-datasource:1.2.0) with ExtractAarTransform
Transforming media3-datasource-1.2.0.aar (androidx.media3:media3-datasource:1.2.0) with AarTransform
Transforming media3-decoder-1.2.0.aar (androidx.media3:media3-decoder:1.2.0) with ExtractAarTransform
Transforming media3-decoder-1.2.0.aar (androidx.media3:media3-decoder:1.2.0) with AarTransform
Transforming media3-database-1.2.0.aar (androidx.media3:media3-database:1.2.0) with ExtractAarTransform
Transforming media3-database-1.2.0.aar (androidx.media3:media3-database:1.2.0) with AarTransform
Transforming media3-common-1.2.0.aar (androidx.media3:media3-common:1.2.0) with ExtractAarTransform
Transforming media3-common-1.2.0.aar (androidx.media3:media3-common:1.2.0) with AarTransform
Transforming media3-ui-1.2.0.aar (androidx.media3:media3-ui:1.2.0) with ExtractAarTransform
Transforming media3-ui-1.2.0.aar (androidx.media3:media3-ui:1.2.0) with AarTransform
Transforming recyclerview-1.3.2.aar (androidx.recyclerview:recyclerview:1.3.2) with ExtractAarTransform
Transforming recyclerview-1.3.2.aar (androidx.recyclerview:recyclerview:1.3.2) with AarTransform
Transforming viewpager2-1.1.0-beta02.aar (androidx.viewpager2:viewpager2:1.1.0-beta02) with ExtractAarTransform
Transforming viewpager2-1.1.0-beta02.aar (androidx.viewpager2:viewpager2:1.1.0-beta02) with AarTransform
Transforming fragment-1.3.6.aar (androidx.fragment:fragment:1.3.6) with ExtractAarTransform
Transforming fragment-1.3.6.aar (androidx.fragment:fragment:1.3.6) with AarTransform
Transforming activity-1.8.2.aar (androidx.activity:activity:1.8.2) with ExtractAarTransform
Transforming activity-1.8.2.aar (androidx.activity:activity:1.8.2) with AarTransform
Transforming activity-ktx-1.8.2.aar (androidx.activity:activity-ktx:1.8.2) with ExtractAarTransform
Transforming activity-ktx-1.8.2.aar (androidx.activity:activity-ktx:1.8.2) with AarTransform
Transforming swiperefreshlayout-1.1.0.aar (androidx.swiperefreshlayout:swiperefreshlayout:1.1.0) with ExtractAarTransform
Transforming swiperefreshlayout-1.1.0.aar (androidx.swiperefreshlayout:swiperefreshlayout:1.1.0) with AarTransform
Transforming camera-lifecycle-1.3.1.aar (androidx.camera:camera-lifecycle:1.3.1) with ExtractAarTransform
Transforming camera-lifecycle-1.3.1.aar (androidx.camera:camera-lifecycle:1.3.1) with AarTransform
Transforming camera-camera2-1.3.1.aar (androidx.camera:camera-camera2:1.3.1) with ExtractAarTransform
Transforming camera-camera2-1.3.1.aar (androidx.camera:camera-camera2:1.3.1) with AarTransform
Transforming camera-core-1.3.1.aar (androidx.camera:camera-core:1.3.1) with ExtractAarTransform
Transforming camera-core-1.3.1.aar (androidx.camera:camera-core:1.3.1) with AarTransform
Transforming drawerlayout-1.1.1.aar (androidx.drawerlayout:drawerlayout:1.1.1) with ExtractAarTransform
Transforming drawerlayout-1.1.1.aar (androidx.drawerlayout:drawerlayout:1.1.1) with AarTransform
Transforming coordinatorlayout-1.1.0.aar (androidx.coordinatorlayout:coordinatorlayout:1.1.0) with ExtractAarTransform
Transforming coordinatorlayout-1.1.0.aar (androidx.coordinatorlayout:coordinatorlayout:1.1.0) with AarTransform
Transforming dynamicanimation-1.0.0.aar (androidx.dynamicanimation:dynamicanimation:1.0.0) with ExtractAarTransform
Transforming dynamicanimation-1.0.0.aar (androidx.dynamicanimation:dynamicanimation:1.0.0) with AarTransform
Transforming emoji2-views-helper-1.2.0.aar (androidx.emoji2:emoji2-views-helper:1.2.0) with ExtractAarTransform
Transforming emoji2-views-helper-1.2.0.aar (androidx.emoji2:emoji2-views-helper:1.2.0) with AarTransform
Transforming transition-1.2.0.aar (androidx.transition:transition:1.2.0) with ExtractAarTransform
Transforming emoji2-1.2.0.aar (androidx.emoji2:emoji2:1.2.0) with ExtractAarTransform
Transforming transition-1.2.0.aar (androidx.transition:transition:1.2.0) with AarTransform
Transforming emoji2-1.2.0.aar (androidx.emoji2:emoji2:1.2.0) with AarTransform
Transforming vectordrawable-animated-1.1.0.aar (androidx.vectordrawable:vectordrawable-animated:1.1.0) with ExtractAarTransform
Transforming vectordrawable-animated-1.1.0.aar (androidx.vectordrawable:vectordrawable-animated:1.1.0) with AarTransform
Transforming vectordrawable-1.1.0.aar (androidx.vectordrawable:vectordrawable:1.1.0) with ExtractAarTransform
Transforming vectordrawable-1.1.0.aar (androidx.vectordrawable:vectordrawable:1.1.0) with AarTransform
Transforming viewpager-1.0.0.aar (androidx.viewpager:viewpager:1.0.0) with ExtractAarTransform
Transforming viewpager-1.0.0.aar (androidx.viewpager:viewpager:1.0.0) with AarTransform
Transforming loader-1.0.0.aar (androidx.loader:loader:1.0.0) with ExtractAarTransform
Transforming loader-1.0.0.aar (androidx.loader:loader:1.0.0) with AarTransform
Transforming customview-1.1.0.aar (androidx.customview:customview:1.1.0) with ExtractAarTransform
Transforming customview-1.1.0.aar (androidx.customview:customview:1.1.0) with AarTransform
Transforming core-1.12.0.aar (androidx.core:core:1.12.0) with ExtractAarTransform
Transforming media-1.6.0.aar (androidx.media:media:1.6.0) with ExtractAarTransform
Transforming media-1.6.0.aar (androidx.media:media:1.6.0) with AarTransform
Transforming core-1.12.0.aar (androidx.core:core:1.12.0) with AarTransform
Transforming lifecycle-runtime-ktx-2.7.0.aar (androidx.lifecycle:lifecycle-runtime-ktx:2.7.0) with ExtractAarTransform
Transforming lifecycle-runtime-ktx-2.7.0.aar (androidx.lifecycle:lifecycle-runtime-ktx:2.7.0) with AarTransform
Transforming savedstate-ktx-1.2.1.aar (androidx.savedstate:savedstate-ktx:1.2.1) with ExtractAarTransform
Transforming savedstate-ktx-1.2.1.aar (androidx.savedstate:savedstate-ktx:1.2.1) with AarTransform
Transforming savedstate-1.2.1.aar (androidx.savedstate:savedstate:1.2.1) with ExtractAarTransform
Transforming customview-poolingcontainer-1.0.0.aar (androidx.customview:customview-poolingcontainer:1.0.0) with ExtractAarTransform
Transforming customview-poolingcontainer-1.0.0.aar (androidx.customview:customview-poolingcontainer:1.0.0) with AarTransform
Transforming savedstate-1.2.1.aar (androidx.savedstate:savedstate:1.2.1) with AarTransform
Transforming lifecycle-process-2.7.0.aar (androidx.lifecycle:lifecycle-process:2.7.0) with ExtractAarTransform
Transforming lifecycle-livedata-core-2.7.0.aar (androidx.lifecycle:lifecycle-livedata-core:2.7.0) with ExtractAarTransform
Transforming lifecycle-process-2.7.0.aar (androidx.lifecycle:lifecycle-process:2.7.0) with AarTransform
Transforming lifecycle-livedata-core-2.7.0.aar (androidx.lifecycle:lifecycle-livedata-core:2.7.0) with AarTransform
Transforming lifecycle-livedata-core-ktx-2.7.0.aar (androidx.lifecycle:lifecycle-livedata-core-ktx:2.7.0) with ExtractAarTransform
Transforming lifecycle-livedata-core-ktx-2.7.0.aar (androidx.lifecycle:lifecycle-livedata-core-ktx:2.7.0) with AarTransform
Transforming lifecycle-livedata-2.7.0.aar (androidx.lifecycle:lifecycle-livedata:2.7.0) with ExtractAarTransform
Transforming lifecycle-livedata-2.7.0.aar (androidx.lifecycle:lifecycle-livedata:2.7.0) with AarTransform
Transforming lifecycle-runtime-2.7.0.aar (androidx.lifecycle:lifecycle-runtime:2.7.0) with ExtractAarTransform
Transforming lifecycle-runtime-2.7.0.aar (androidx.lifecycle:lifecycle-runtime:2.7.0) with AarTransform
Transforming lifecycle-viewmodel-2.7.0.aar (androidx.lifecycle:lifecycle-viewmodel:2.7.0) with ExtractAarTransform
Transforming lifecycle-viewmodel-2.7.0.aar (androidx.lifecycle:lifecycle-viewmodel:2.7.0) with AarTransform
Transforming lifecycle-viewmodel-ktx-2.7.0.aar (androidx.lifecycle:lifecycle-viewmodel-ktx:2.7.0) with ExtractAarTransform
Transforming lifecycle-viewmodel-ktx-2.7.0.aar (androidx.lifecycle:lifecycle-viewmodel-ktx:2.7.0) with AarTransform
Transforming lifecycle-livedata-ktx-2.7.0.aar (androidx.lifecycle:lifecycle-livedata-ktx:2.7.0) with ExtractAarTransform
Transforming lifecycle-livedata-ktx-2.7.0.aar (androidx.lifecycle:lifecycle-livedata-ktx:2.7.0) with AarTransform
Transforming lifecycle-viewmodel-savedstate-2.7.0.aar (androidx.lifecycle:lifecycle-viewmodel-savedstate:2.7.0) with ExtractAarTransform
Transforming lifecycle-viewmodel-savedstate-2.7.0.aar (androidx.lifecycle:lifecycle-viewmodel-savedstate:2.7.0) with AarTransform
Transforming core-ktx-1.12.0.aar (androidx.core:core-ktx:1.12.0) with ExtractAarTransform
Transforming core-ktx-1.12.0.aar (androidx.core:core-ktx:1.12.0) with AarTransform
Transforming room-runtime-2.6.1.aar (androidx.room:room-runtime:2.6.1) with ExtractAarTransform
Transforming room-runtime-2.6.1.aar (androidx.room:room-runtime:2.6.1) with AarTransform
Transforming room-ktx-2.6.1.aar (androidx.room:room-ktx:2.6.1) with ExtractAarTransform
Transforming room-ktx-2.6.1.aar (androidx.room:room-ktx:2.6.1) with AarTransform
Transforming sqlite-framework-2.4.0.aar (androidx.sqlite:sqlite-framework:2.4.0) with ExtractAarTransform
Transforming sqlite-framework-2.4.0.aar (androidx.sqlite:sqlite-framework:2.4.0) with AarTransform
Transforming sqlite-2.4.0.aar (androidx.sqlite:sqlite:2.4.0) with ExtractAarTransform
Transforming sqlite-2.4.0.aar (androidx.sqlite:sqlite:2.4.0) with AarTransform
Transforming annotation-experimental-1.3.1.aar (androidx.annotation:annotation-experimental:1.3.1) with ExtractAarTransform
Transforming annotation-experimental-1.3.1.aar (androidx.annotation:annotation-experimental:1.3.1) with AarTransform
Transforming cardview-1.0.0.aar (androidx.cardview:cardview:1.0.0) with ExtractAarTransform
Transforming cardview-1.0.0.aar (androidx.cardview:cardview:1.0.0) with AarTransform
Transforming security-crypto-1.1.0-alpha06.aar (androidx.security:security-crypto:1.1.0-alpha06) with ExtractAarTransform
Transforming security-crypto-1.1.0-alpha06.aar (androidx.security:security-crypto:1.1.0-alpha06) with AarTransform
Transforming cursoradapter-1.0.0.aar (androidx.cursoradapter:cursoradapter:1.0.0) with ExtractAarTransform
Transforming cursoradapter-1.0.0.aar (androidx.cursoradapter:cursoradapter:1.0.0) with AarTransform
Transforming interpolator-1.0.0.aar (androidx.interpolator:interpolator:1.0.0) with ExtractAarTransform
Transforming interpolator-1.0.0.aar (androidx.interpolator:interpolator:1.0.0) with AarTransform
Transforming core-runtime-2.2.0.aar (androidx.arch.core:core-runtime:2.2.0) with ExtractAarTransform
Transforming core-runtime-2.2.0.aar (androidx.arch.core:core-runtime:2.2.0) with AarTransform
Transforming exifinterface-1.3.6.aar (androidx.exifinterface:exifinterface:1.3.6) with ExtractAarTransform
Transforming exifinterface-1.3.6.aar (androidx.exifinterface:exifinterface:1.3.6) with AarTransform
Transforming gifdecoder-4.16.0.aar (com.github.bumptech.glide:gifdecoder:4.16.0) with ExtractAarTransform
Transforming gifdecoder-4.16.0.aar (com.github.bumptech.glide:gifdecoder:4.16.0) with AarTransform
Transforming tracing-1.0.0.aar (androidx.tracing:tracing:1.0.0) with ExtractAarTransform
Transforming tracing-1.0.0.aar (androidx.tracing:tracing:1.0.0) with AarTransform
Transforming versionedparcelable-1.1.1.aar (androidx.versionedparcelable:versionedparcelable:1.1.1) with ExtractAarTransform
Transforming profileinstaller-1.3.1.aar (androidx.profileinstaller:profileinstaller:1.3.1) with ExtractAarTransform
Transforming startup-runtime-1.1.1.aar (androidx.startup:startup-runtime:1.1.1) with ExtractAarTransform
Transforming profileinstaller-1.3.1.aar (androidx.profileinstaller:profileinstaller:1.3.1) with AarTransform
Transforming startup-runtime-1.1.1.aar (androidx.startup:startup-runtime:1.1.1) with AarTransform
Transforming versionedparcelable-1.1.1.aar (androidx.versionedparcelable:versionedparcelable:1.1.1) with AarTransform
Transforming multidex-2.0.1.aar (androidx.multidex:multidex:2.0.1) with ExtractAarTransform
Transforming multidex-2.0.1.aar (androidx.multidex:multidex:2.0.1) with AarTransform
Caching disabled for task ':app:dataBindingMergeDependencyArtifactsDebug' because:
  Build cache is disabled
Task ':app:dataBindingMergeDependencyArtifactsDebug' is not up-to-date because:
  Output property 'outFolder' file C:\Users\Tushal\Desktop\APP\Vexor\app\build\intermediates\data_binding_dependency_artifacts\debug has been removed.

> Task :app:generateDebugResValues
Caching disabled for task ':app:generateDebugResValues' because:
  Build cache is disabled
Task ':app:generateDebugResValues' is not up-to-date because:
  Output property 'outputDirectory' file C:\Users\Tushal\Desktop\APP\Vexor\app\build\generated\res\resValues\debug has been removed.
Resolve mutations for :app:generateDebugResources (Thread[Execution worker Thread 15,5,main]) started.
:app:generateDebugResources (Thread[Execution worker Thread 15,5,main]) started.

> Task :app:generateDebugResources
Skipping task ':app:generateDebugResources' as it has no actions.
Resolve mutations for :app:mergeDebugResources (Thread[Execution worker Thread 15,5,main]) started.
:app:mergeDebugResources (Thread[Execution worker Thread 15,5,main]) started.

> Task :app:mergeDebugResources
Transforming viewbinding-8.2.0.aar (androidx.databinding:viewbinding:8.2.0) with ExtractAarTransform
Transforming viewbinding-8.2.0.aar (androidx.databinding:viewbinding:8.2.0) with AarTransform
Transforming material-1.11.0.aar (com.google.android.material:material:1.11.0) with ExtractAarTransform
Transforming material-1.11.0.aar (com.google.android.material:material:1.11.0) with AarTransform
Transforming constraintlayout-2.1.4.aar (androidx.constraintlayout:constraintlayout:2.1.4) with ExtractAarTransform
Transforming constraintlayout-2.1.4.aar (androidx.constraintlayout:constraintlayout:2.1.4) with AarTransform
Transforming biometric-1.1.0.aar (androidx.biometric:biometric:1.1.0) with ExtractAarTransform
Transforming biometric-1.1.0.aar (androidx.biometric:biometric:1.1.0) with AarTransform
Transforming coil-2.5.0.aar (io.coil-kt:coil:2.5.0) with ExtractAarTransform
Transforming coil-2.5.0.aar (io.coil-kt:coil:2.5.0) with AarTransform
Transforming coil-video-2.5.0.aar (io.coil-kt:coil-video:2.5.0) with ExtractAarTransform
Transforming coil-video-2.5.0.aar (io.coil-kt:coil-video:2.5.0) with AarTransform
Transforming coil-base-2.5.0.aar (io.coil-kt:coil-base:2.5.0) with ExtractAarTransform
Transforming coil-base-2.5.0.aar (io.coil-kt:coil-base:2.5.0) with AarTransform
Transforming appcompat-resources-1.6.1.aar (androidx.appcompat:appcompat-resources:1.6.1) with ExtractAarTransform
Transforming appcompat-resources-1.6.1.aar (androidx.appcompat:appcompat-resources:1.6.1) with AarTransform
Transforming appcompat-1.6.1.aar (androidx.appcompat:appcompat:1.6.1) with ExtractAarTransform
Transforming appcompat-1.6.1.aar (androidx.appcompat:appcompat:1.6.1) with AarTransform
Transforming glide-4.16.0.aar (com.github.bumptech.glide:glide:4.16.0) with ExtractAarTransform
Transforming glide-4.16.0.aar (com.github.bumptech.glide:glide:4.16.0) with AarTransform
Transforming media3-exoplayer-1.2.0.aar (androidx.media3:media3-exoplayer:1.2.0) with ExtractAarTransform
Transforming media3-exoplayer-1.2.0.aar (androidx.media3:media3-exoplayer:1.2.0) with AarTransform
Transforming media3-extractor-1.2.0.aar (androidx.media3:media3-extractor:1.2.0) with ExtractAarTransform
Transforming media3-extractor-1.2.0.aar (androidx.media3:media3-extractor:1.2.0) with AarTransform
Transforming media3-container-1.2.0.aar (androidx.media3:media3-container:1.2.0) with ExtractAarTransform
Transforming media3-container-1.2.0.aar (androidx.media3:media3-container:1.2.0) with AarTransform
Transforming media3-datasource-1.2.0.aar (androidx.media3:media3-datasource:1.2.0) with ExtractAarTransform
Transforming media3-datasource-1.2.0.aar (androidx.media3:media3-datasource:1.2.0) with AarTransform
Transforming media3-decoder-1.2.0.aar (androidx.media3:media3-decoder:1.2.0) with ExtractAarTransform
Transforming media3-decoder-1.2.0.aar (androidx.media3:media3-decoder:1.2.0) with AarTransform
Transforming media3-database-1.2.0.aar (androidx.media3:media3-database:1.2.0) with ExtractAarTransform
Transforming media3-database-1.2.0.aar (androidx.media3:media3-database:1.2.0) with AarTransform
Transforming media3-common-1.2.0.aar (androidx.media3:media3-common:1.2.0) with ExtractAarTransform
Transforming media3-common-1.2.0.aar (androidx.media3:media3-common:1.2.0) with AarTransform
Transforming media3-ui-1.2.0.aar (androidx.media3:media3-ui:1.2.0) with ExtractAarTransform
Transforming media3-ui-1.2.0.aar (androidx.media3:media3-ui:1.2.0) with AarTransform
Transforming recyclerview-1.3.2.aar (androidx.recyclerview:recyclerview:1.3.2) with ExtractAarTransform
Transforming recyclerview-1.3.2.aar (androidx.recyclerview:recyclerview:1.3.2) with AarTransform
Transforming viewpager2-1.1.0-beta02.aar (androidx.viewpager2:viewpager2:1.1.0-beta02) with ExtractAarTransform
Transforming viewpager2-1.1.0-beta02.aar (androidx.viewpager2:viewpager2:1.1.0-beta02) with AarTransform
Transforming fragment-1.3.6.aar (androidx.fragment:fragment:1.3.6) with ExtractAarTransform
Transforming fragment-1.3.6.aar (androidx.fragment:fragment:1.3.6) with AarTransform
Transforming activity-1.8.2.aar (androidx.activity:activity:1.8.2) with ExtractAarTransform
Transforming activity-1.8.2.aar (androidx.activity:activity:1.8.2) with AarTransform
Transforming activity-ktx-1.8.2.aar (androidx.activity:activity-ktx:1.8.2) with ExtractAarTransform
Transforming activity-ktx-1.8.2.aar (androidx.activity:activity-ktx:1.8.2) with AarTransform
Transforming swiperefreshlayout-1.1.0.aar (androidx.swiperefreshlayout:swiperefreshlayout:1.1.0) with ExtractAarTransform
Transforming swiperefreshlayout-1.1.0.aar (androidx.swiperefreshlayout:swiperefreshlayout:1.1.0) with AarTransform
Transforming camera-lifecycle-1.3.1.aar (androidx.camera:camera-lifecycle:1.3.1) with ExtractAarTransform
Transforming camera-lifecycle-1.3.1.aar (androidx.camera:camera-lifecycle:1.3.1) with AarTransform
Transforming camera-camera2-1.3.1.aar (androidx.camera:camera-camera2:1.3.1) with ExtractAarTransform
Transforming camera-camera2-1.3.1.aar (androidx.camera:camera-camera2:1.3.1) with AarTransform
Transforming camera-core-1.3.1.aar (androidx.camera:camera-core:1.3.1) with ExtractAarTransform
Transforming camera-core-1.3.1.aar (androidx.camera:camera-core:1.3.1) with AarTransform
Transforming emoji2-views-helper-1.2.0.aar (androidx.emoji2:emoji2-views-helper:1.2.0) with ExtractAarTransform
Transforming emoji2-views-helper-1.2.0.aar (androidx.emoji2:emoji2-views-helper:1.2.0) with AarTransform
Transforming emoji2-1.2.0.aar (androidx.emoji2:emoji2:1.2.0) with ExtractAarTransform
Transforming emoji2-1.2.0.aar (androidx.emoji2:emoji2:1.2.0) with AarTransform
Transforming drawerlayout-1.1.1.aar (androidx.drawerlayout:drawerlayout:1.1.1) with ExtractAarTransform
Transforming drawerlayout-1.1.1.aar (androidx.drawerlayout:drawerlayout:1.1.1) with AarTransform
Transforming coordinatorlayout-1.1.0.aar (androidx.coordinatorlayout:coordinatorlayout:1.1.0) with ExtractAarTransform
Transforming coordinatorlayout-1.1.0.aar (androidx.coordinatorlayout:coordinatorlayout:1.1.0) with AarTransform
Transforming dynamicanimation-1.0.0.aar (androidx.dynamicanimation:dynamicanimation:1.0.0) with ExtractAarTransform
Transforming dynamicanimation-1.0.0.aar (androidx.dynamicanimation:dynamicanimation:1.0.0) with AarTransform
Transforming transition-1.2.0.aar (androidx.transition:transition:1.2.0) with ExtractAarTransform
Transforming transition-1.2.0.aar (androidx.transition:transition:1.2.0) with AarTransform
Transforming vectordrawable-animated-1.1.0.aar (androidx.vectordrawable:vectordrawable-animated:1.1.0) with ExtractAarTransform
Transforming vectordrawable-animated-1.1.0.aar (androidx.vectordrawable:vectordrawable-animated:1.1.0) with AarTransform
Transforming vectordrawable-1.1.0.aar (androidx.vectordrawable:vectordrawable:1.1.0) with ExtractAarTransform
Transforming vectordrawable-1.1.0.aar (androidx.vectordrawable:vectordrawable:1.1.0) with AarTransform
Transforming vectordrawable-1.1.0.aar (androidx.vectordrawable:vectordrawable:1.1.0) with ExtractAarTransform
Transforming vectordrawable-1.1.0.aar (androidx.vectordrawable:vectordrawable:1.1.0) with AarTransform
Transforming media-1.6.0.aar (androidx.media:media:1.6.0) with ExtractAarTransform
Transforming media-1.6.0.aar (androidx.media:media:1.6.0) with AarTransform
Transforming viewpager-1.0.0.aar (androidx.viewpager:viewpager:1.0.0) with ExtractAarTransform
Transforming viewpager-1.0.0.aar (androidx.viewpager:viewpager:1.0.0) with AarTransform
Transforming legacy-support-core-utils-1.0.0.aar (androidx.legacy:legacy-support-core-utils:1.0.0) with ExtractAarTransform
Transforming legacy-support-core-utils-1.0.0.aar (androidx.legacy:legacy-support-core-utils:1.0.0) with AarTransform
Transforming loader-1.0.0.aar (androidx.loader:loader:1.0.0) with ExtractAarTransform
Transforming loader-1.0.0.aar (androidx.loader:loader:1.0.0) with AarTransform
Transforming loader-1.0.0.aar (androidx.loader:loader:1.0.0) with ExtractAarTransform
Transforming loader-1.0.0.aar (androidx.loader:loader:1.0.0) with AarTransform
Transforming customview-1.1.0.aar (androidx.customview:customview:1.1.0) with ExtractAarTransform
Transforming customview-1.1.0.aar (androidx.customview:customview:1.1.0) with AarTransform
Transforming customview-1.1.0.aar (androidx.customview:customview:1.1.0) with ExtractAarTransform
Transforming customview-1.1.0.aar (androidx.customview:customview:1.1.0) with AarTransform
Transforming core-1.12.0.aar (androidx.core:core:1.12.0) with ExtractAarTransform
Transforming core-1.12.0.aar (androidx.core:core:1.12.0) with AarTransform
Transforming core-1.12.0.aar (androidx.core:core:1.12.0) with ExtractAarTransform
Transforming core-1.12.0.aar (androidx.core:core:1.12.0) with AarTransform
Transforming customview-poolingcontainer-1.0.0.aar (androidx.customview:customview-poolingcontainer:1.0.0) with ExtractAarTransform
Transforming customview-poolingcontainer-1.0.0.aar (androidx.customview:customview-poolingcontainer:1.0.0) with AarTransform
Transforming lifecycle-process-2.7.0.aar (androidx.lifecycle:lifecycle-process:2.7.0) with ExtractAarTransform
Transforming lifecycle-process-2.7.0.aar (androidx.lifecycle:lifecycle-process:2.7.0) with AarTransform
Transforming lifecycle-runtime-ktx-2.7.0.aar (androidx.lifecycle:lifecycle-runtime-ktx:2.7.0) with ExtractAarTransform
Transforming lifecycle-runtime-ktx-2.7.0.aar (androidx.lifecycle:lifecycle-runtime-ktx:2.7.0) with AarTransform
Transforming savedstate-ktx-1.2.1.aar (androidx.savedstate:savedstate-ktx:1.2.1) with ExtractAarTransform
Transforming savedstate-ktx-1.2.1.aar (androidx.savedstate:savedstate-ktx:1.2.1) with AarTransform
Transforming savedstate-1.2.1.aar (androidx.savedstate:savedstate:1.2.1) with ExtractAarTransform
Transforming savedstate-1.2.1.aar (androidx.savedstate:savedstate:1.2.1) with AarTransform
Transforming lifecycle-livedata-core-2.7.0.aar (androidx.lifecycle:lifecycle-livedata-core:2.7.0) with ExtractAarTransform
Transforming lifecycle-livedata-core-2.7.0.aar (androidx.lifecycle:lifecycle-livedata-core:2.7.0) with AarTransform
Transforming lifecycle-livedata-core-ktx-2.7.0.aar (androidx.lifecycle:lifecycle-livedata-core-ktx:2.7.0) with ExtractAarTransform
Transforming lifecycle-livedata-core-ktx-2.7.0.aar (androidx.lifecycle:lifecycle-livedata-core-ktx:2.7.0) with AarTransform
Transforming lifecycle-livedata-2.7.0.aar (androidx.lifecycle:lifecycle-livedata:2.7.0) with ExtractAarTransform
Transforming lifecycle-livedata-2.7.0.aar (androidx.lifecycle:lifecycle-livedata:2.7.0) with AarTransform
Transforming lifecycle-livedata-2.7.0.aar (androidx.lifecycle:lifecycle-livedata:2.7.0) with ExtractAarTransform
Transforming lifecycle-livedata-2.7.0.aar (androidx.lifecycle:lifecycle-livedata:2.7.0) with AarTransform
Transforming lifecycle-runtime-2.7.0.aar (androidx.lifecycle:lifecycle-runtime:2.7.0) with ExtractAarTransform
Transforming lifecycle-runtime-2.7.0.aar (androidx.lifecycle:lifecycle-runtime:2.7.0) with AarTransform
Transforming lifecycle-viewmodel-2.7.0.aar (androidx.lifecycle:lifecycle-viewmodel:2.7.0) with ExtractAarTransform
Transforming lifecycle-viewmodel-2.7.0.aar (androidx.lifecycle:lifecycle-viewmodel:2.7.0) with AarTransform
Transforming lifecycle-viewmodel-2.7.0.aar (androidx.lifecycle:lifecycle-viewmodel:2.7.0) with ExtractAarTransform
Transforming lifecycle-viewmodel-2.7.0.aar (androidx.lifecycle:lifecycle-viewmodel:2.7.0) with AarTransform
Transforming lifecycle-viewmodel-ktx-2.7.0.aar (androidx.lifecycle:lifecycle-viewmodel-ktx:2.7.0) with ExtractAarTransform
Transforming lifecycle-viewmodel-ktx-2.7.0.aar (androidx.lifecycle:lifecycle-viewmodel-ktx:2.7.0) with AarTransform
Transforming lifecycle-livedata-ktx-2.7.0.aar (androidx.lifecycle:lifecycle-livedata-ktx:2.7.0) with ExtractAarTransform
Transforming lifecycle-livedata-ktx-2.7.0.aar (androidx.lifecycle:lifecycle-livedata-ktx:2.7.0) with AarTransform
Transforming lifecycle-viewmodel-savedstate-2.7.0.aar (androidx.lifecycle:lifecycle-viewmodel-savedstate:2.7.0) with ExtractAarTransform
Transforming lifecycle-viewmodel-savedstate-2.7.0.aar (androidx.lifecycle:lifecycle-viewmodel-savedstate:2.7.0) with AarTransform
Transforming core-ktx-1.12.0.aar (androidx.core:core-ktx:1.12.0) with ExtractAarTransform
Transforming core-ktx-1.12.0.aar (androidx.core:core-ktx:1.12.0) with AarTransform
Transforming room-runtime-2.6.1.aar (androidx.room:room-runtime:2.6.1) with ExtractAarTransform
Transforming room-runtime-2.6.1.aar (androidx.room:room-runtime:2.6.1) with AarTransform
Transforming room-ktx-2.6.1.aar (androidx.room:room-ktx:2.6.1) with ExtractAarTransform
Transforming room-ktx-2.6.1.aar (androidx.room:room-ktx:2.6.1) with AarTransform
Transforming sqlite-framework-2.4.0.aar (androidx.sqlite:sqlite-framework:2.4.0) with ExtractAarTransform
Transforming sqlite-framework-2.4.0.aar (androidx.sqlite:sqlite-framework:2.4.0) with AarTransform
Transforming sqlite-2.4.0.aar (androidx.sqlite:sqlite:2.4.0) with ExtractAarTransform
Transforming sqlite-2.4.0.aar (androidx.sqlite:sqlite:2.4.0) with AarTransform
Transforming annotation-experimental-1.3.1.aar (androidx.annotation:annotation-experimental:1.3.1) with ExtractAarTransform
Transforming annotation-experimental-1.3.1.aar (androidx.annotation:annotation-experimental:1.3.1) with AarTransform
Transforming cardview-1.0.0.aar (androidx.cardview:cardview:1.0.0) with ExtractAarTransform
Transforming cardview-1.0.0.aar (androidx.cardview:cardview:1.0.0) with AarTransform
Transforming security-crypto-1.1.0-alpha06.aar (androidx.security:security-crypto:1.1.0-alpha06) with ExtractAarTransform
Transforming security-crypto-1.1.0-alpha06.aar (androidx.security:security-crypto:1.1.0-alpha06) with AarTransform
Transforming cursoradapter-1.0.0.aar (androidx.cursoradapter:cursoradapter:1.0.0) with ExtractAarTransform
Transforming cursoradapter-1.0.0.aar (androidx.cursoradapter:cursoradapter:1.0.0) with AarTransform
Transforming interpolator-1.0.0.aar (androidx.interpolator:interpolator:1.0.0) with ExtractAarTransform
Transforming interpolator-1.0.0.aar (androidx.interpolator:interpolator:1.0.0) with AarTransform
Transforming interpolator-1.0.0.aar (androidx.interpolator:interpolator:1.0.0) with ExtractAarTransform
Transforming interpolator-1.0.0.aar (androidx.interpolator:interpolator:1.0.0) with AarTransform
Transforming core-runtime-2.2.0.aar (androidx.arch.core:core-runtime:2.2.0) with ExtractAarTransform
Transforming core-runtime-2.2.0.aar (androidx.arch.core:core-runtime:2.2.0) with AarTransform
Transforming exifinterface-1.3.6.aar (androidx.exifinterface:exifinterface:1.3.6) with ExtractAarTransform
Transforming exifinterface-1.3.6.aar (androidx.exifinterface:exifinterface:1.3.6) with AarTransform
Transforming gifdecoder-4.16.0.aar (com.github.bumptech.glide:gifdecoder:4.16.0) with ExtractAarTransform
Transforming gifdecoder-4.16.0.aar (com.github.bumptech.glide:gifdecoder:4.16.0) with AarTransform
Transforming profileinstaller-1.3.1.aar (androidx.profileinstaller:profileinstaller:1.3.1) with ExtractAarTransform
Transforming profileinstaller-1.3.1.aar (androidx.profileinstaller:profileinstaller:1.3.1) with AarTransform
Transforming startup-runtime-1.1.1.aar (androidx.startup:startup-runtime:1.1.1) with ExtractAarTransform
Transforming startup-runtime-1.1.1.aar (androidx.startup:startup-runtime:1.1.1) with AarTransform
Transforming tracing-1.0.0.aar (androidx.tracing:tracing:1.0.0) with ExtractAarTransform
Transforming tracing-1.0.0.aar (androidx.tracing:tracing:1.0.0) with AarTransform
Transforming versionedparcelable-1.1.1.aar (androidx.versionedparcelable:versionedparcelable:1.1.1) with ExtractAarTransform
Transforming versionedparcelable-1.1.1.aar (androidx.versionedparcelable:versionedparcelable:1.1.1) with AarTransform
Transforming documentfile-1.0.0.aar (androidx.documentfile:documentfile:1.0.0) with ExtractAarTransform
Transforming documentfile-1.0.0.aar (androidx.documentfile:documentfile:1.0.0) with AarTransform
Transforming localbroadcastmanager-1.0.0.aar (androidx.localbroadcastmanager:localbroadcastmanager:1.0.0) with ExtractAarTransform
Transforming localbroadcastmanager-1.0.0.aar (androidx.localbroadcastmanager:localbroadcastmanager:1.0.0) with AarTransform
Transforming print-1.0.0.aar (androidx.print:print:1.0.0) with ExtractAarTransform
Transforming print-1.0.0.aar (androidx.print:print:1.0.0) with AarTransform
Transforming multidex-2.0.1.aar (androidx.multidex:multidex:2.0.1) with ExtractAarTransform
Transforming multidex-2.0.1.aar (androidx.multidex:multidex:2.0.1) with AarTransform
Caching disabled for task ':app:mergeDebugResources' because:
  Build cache is disabled
Task ':app:mergeDebugResources' is not up-to-date because:
  Output property 'blameLogOutputFolder' file C:\Users\Tushal\Desktop\APP\Vexor\app\build\intermediates\merged_res_blame_folder\debug\out has been removed.
  Output property 'blameLogOutputFolder' file C:\Users\Tushal\Desktop\APP\Vexor\app\build\intermediates\merged_res_blame_folder\debug\out\multi-v2 has been removed.
  Output property 'blameLogOutputFolder' file C:\Users\Tushal\Desktop\APP\Vexor\app\build\intermediates\merged_res_blame_folder\debug\out\multi-v2\debug.json has been removed.
  Output property 'blameLogOutputFolder' file C:\Users\Tushal\Desktop\APP\Vexor\app\build\intermediates\merged_res_blame_folder\debug\out\multi-v2\values-af.json has been removed.
  Output property 'blameLogOutputFolder' file C:\Users\Tushal\Desktop\APP\Vexor\app\build\intermediates\merged_res_blame_folder\debug\out\multi-v2\values-am.json has been removed.
  Output property 'blameLogOutputFolder' file C:\Users\Tushal\Desktop\APP\Vexor\app\build\intermediates\merged_res_blame_folder\debug\out\multi-v2\values-ar.json has been removed.
  Output property 'blameLogOutputFolder' file C:\Users\Tushal\Desktop\APP\Vexor\app\build\intermediates\merged_res_blame_folder\debug\out\multi-v2\values-as.json has been removed.
  Output property 'blameLogOutputFolder' file C:\Users\Tushal\Desktop\APP\Vexor\app\build\intermediates\merged_res_blame_folder\debug\out\multi-v2\values-az.json has been removed.
  Output property 'blameLogOutputFolder' file C:\Users\Tushal\Desktop\APP\Vexor\app\build\intermediates\merged_res_blame_folder\debug\out\multi-v2\values-b+es+419.json has been removed.
  Output property 'blameLogOutputFolder' file C:\Users\Tushal\Desktop\APP\Vexor\app\build\intermediates\merged_res_blame_folder\debug\out\multi-v2\values-b+sr+Latn.json has been removed.
  Output property 'blameLogOutputFolder' file C:\Users\Tushal\Desktop\APP\Vexor\app\build\intermediates\merged_res_blame_folder\debug\out\multi-v2\values-be.json has been removed.
  Output property 'blameLogOutputFolder' file C:\Users\Tushal\Desktop\APP\Vexor\app\build\intermediates\merged_res_blame_folder\debug\out\multi-v2\values-bg.json has been removed.
  Output property 'blameLogOutputFolder' file C:\Users\Tushal\Desktop\APP\Vexor\app\build\intermediates\merged_res_blame_folder\debug\out\multi-v2\values-bn.json has been removed.
  Output property 'blameLogOutputFolder' file C:\Users\Tushal\Desktop\APP\Vexor\app\build\intermediates\merged_res_blame_folder\debug\out\multi-v2\values-bs.json has been removed.
  Output property 'blameLogOutputFolder' file C:\Users\Tushal\Desktop\APP\Vexor\app\build\intermediates\merged_res_blame_folder\debug\out\multi-v2\values-ca.json has been removed.
  Output property 'blameLogOutputFolder' file C:\Users\Tushal\Desktop\APP\Vexor\app\build\intermediates\merged_res_blame_folder\debug\out\multi-v2\values-cs.json has been removed.
  Output property 'blameLogOutputFolder' file C:\Users\Tushal\Desktop\APP\Vexor\app\build\intermediates\merged_res_blame_folder\debug\out\multi-v2\values-da.json has been removed.
  Output property 'blameLogOutputFolder' file C:\Users\Tushal\Desktop\APP\Vexor\app\build\intermediates\merged_res_blame_folder\debug\out\multi-v2\values-de.json has been removed.
  Output property 'blameLogOutputFolder' file C:\Users\Tushal\Desktop\APP\Vexor\app\build\intermediates\merged_res_blame_folder\debug\out\multi-v2\values-el.json has been removed.
  Output property 'blameLogOutputFolder' file C:\Users\Tushal\Desktop\APP\Vexor\app\build\intermediates\merged_res_blame_folder\debug\out\multi-v2\values-en-rAU.json has been removed.
  Output property 'blameLogOutputFolder' file C:\Users\Tushal\Desktop\APP\Vexor\app\build\intermediates\merged_res_blame_folder\debug\out\multi-v2\values-en-rCA.json has been removed.
  Output property 'blameLogOutputFolder' file C:\Users\Tushal\Desktop\APP\Vexor\app\build\intermediates\merged_res_blame_folder\debug\out\multi-v2\values-en-rGB.json has been removed.
  Output property 'blameLogOutputFolder' file C:\Users\Tushal\Desktop\APP\Vexor\app\build\intermediates\merged_res_blame_folder\debug\out\multi-v2\values-en-rIN.json has been removed.
  Output property 'blameLogOutputFolder' file C:\Users\Tushal\Desktop\APP\Vexor\app\build\intermediates\merged_res_blame_folder\debug\out\multi-v2\values-en-rXC.json has been removed.
  Output property 'blameLogOutputFolder' file C:\Users\Tushal\Desktop\APP\Vexor\app\build\intermediates\merged_res_blame_folder\debug\out\multi-v2\values-es-rUS.json has been removed.
  Output property 'blameLogOutputFolder' file C:\Users\Tushal\Desktop\APP\Vexor\app\build\intermediates\merged_res_blame_folder\debug\out\multi-v2\values-es.json has been removed.
  Output property 'blameLogOutputFolder' file C:\Users\Tushal\Desktop\APP\Vexor\app\build\intermediates\merged_res_blame_folder\debug\out\multi-v2\values-et.json has been removed.
  Output property 'blameLogOutputFolder' file C:\Users\Tushal\Desktop\APP\Vexor\app\build\intermediates\merged_res_blame_folder\debug\out\multi-v2\values-eu.json has been removed.
  Output property 'blameLogOutputFolder' file C:\Users\Tushal\Desktop\APP\Vexor\app\build\intermediates\merged_res_blame_folder\debug\out\multi-v2\values-fa.json has been removed.
  Output property 'blameLogOutputFolder' file C:\Users\Tushal\Desktop\APP\Vexor\app\build\intermediates\merged_res_blame_folder\debug\out\multi-v2\values-fi.json has been removed.
  Output property 'blameLogOutputFolder' file C:\Users\Tushal\Desktop\APP\Vexor\app\build\intermediates\merged_res_blame_folder\debug\out\multi-v2\values-fr-rCA.json has been removed.
  Output property 'blameLogOutputFolder' file C:\Users\Tushal\Desktop\APP\Vexor\app\build\intermediates\merged_res_blame_folder\debug\out\multi-v2\values-fr.json has been removed.
  Output property 'blameLogOutputFolder' file C:\Users\Tushal\Desktop\APP\Vexor\app\build\intermediates\merged_res_blame_folder\debug\out\multi-v2\values-gl.json has been removed.
  Output property 'blameLogOutputFolder' file C:\Users\Tushal\Desktop\APP\Vexor\app\build\intermediates\merged_res_blame_folder\debug\out\multi-v2\values-gu.json has been removed.
  Output property 'blameLogOutputFolder' file C:\Users\Tushal\Desktop\APP\Vexor\app\build\intermediates\merged_res_blame_folder\debug\out\multi-v2\values-h320dp-port-v13.json has been removed.
  Output property 'blameLogOutputFolder' file C:\Users\Tushal\Desktop\APP\Vexor\app\build\intermediates\merged_res_blame_folder\debug\out\multi-v2\values-h360dp-land-v13.json has been removed.
  Output property 'blameLogOutputFolder' file C:\Users\Tushal\Desktop\APP\Vexor\app\build\intermediates\merged_res_blame_folder\debug\out\multi-v2\values-h480dp-land-v13.json has been removed.
  Output property 'blameLogOutputFolder' file C:\Users\Tushal\Desktop\APP\Vexor\app\build\intermediates\merged_res_blame_folder\debug\out\multi-v2\values-h550dp-port-v13.json has been removed.
  Output property 'blameLogOutputFolder' file C:\Users\Tushal\Desktop\APP\Vexor\app\build\intermediates\merged_res_blame_folder\debug\out\multi-v2\values-h720dp-v13.json has been removed.
  Output property 'blameLogOutputFolder' file C:\Users\Tushal\Desktop\APP\Vexor\app\build\intermediates\merged_res_blame_folder\debug\out\multi-v2\values-hdpi-v4.json has been removed.
  Output property 'blameLogOutputFolder' file C:\Users\Tushal\Desktop\APP\Vexor\app\build\intermediates\merged_res_blame_folder\debug\out\multi-v2\values-hi.json has been removed.
  Output property 'blameLogOutputFolder' file C:\Users\Tushal\Desktop\APP\Vexor\app\build\intermediates\merged_res_blame_folder\debug\out\multi-v2\values-hr.json has been removed.
  Output property 'blameLogOutputFolder' file C:\Users\Tushal\Desktop\APP\Vexor\app\build\intermediates\merged_res_blame_folder\debug\out\multi-v2\values-hu.json has been removed.
  Output property 'blameLogOutputFolder' file C:\Users\Tushal\Desktop\APP\Vexor\app\build\intermediates\merged_res_blame_folder\debug\out\multi-v2\values-hy.json has been removed.
  Output property 'blameLogOutputFolder' file C:\Users\Tushal\Desktop\APP\Vexor\app\build\intermediates\merged_res_blame_folder\debug\out\multi-v2\values-in.json has been removed.
  Output property 'blameLogOutputFolder' file C:\Users\Tushal\Desktop\APP\Vexor\app\build\intermediates\merged_res_blame_folder\debug\out\multi-v2\values-is.json has been removed.
  Output property 'blameLogOutputFolder' file C:\Users\Tushal\Desktop\APP\Vexor\app\build\intermediates\merged_res_blame_folder\debug\out\multi-v2\values-it.json has been removed.
  Output property 'blameLogOutputFolder' file C:\Users\Tushal\Desktop\APP\Vexor\app\build\intermediates\merged_res_blame_folder\debug\out\multi-v2\values-iw.json has been removed.
  Output property 'blameLogOutputFolder' file C:\Users\Tushal\Desktop\APP\Vexor\app\build\intermediates\merged_res_blame_folder\debug\out\multi-v2\values-ja.json has been removed.
  Output property 'blameLogOutputFolder' file C:\Users\Tushal\Desktop\APP\Vexor\app\build\intermediates\merged_res_blame_folder\debug\out\multi-v2\values-ka.json has been removed.
  Output property 'blameLogOutputFolder' file C:\Users\Tushal\Desktop\APP\Vexor\app\build\intermediates\merged_res_blame_folder\debug\out\multi-v2\values-kk.json has been removed.
  Output property 'blameLogOutputFolder' file C:\Users\Tushal\Desktop\APP\Vexor\app\build\intermediates\merged_res_blame_folder\debug\out\multi-v2\values-km.json has been removed.
  Output property 'blameLogOutputFolder' file C:\Users\Tushal\Desktop\APP\Vexor\app\build\intermediates\merged_res_blame_folder\debug\out\multi-v2\values-kn.json has been removed.
  Output property 'blameLogOutputFolder' file C:\Users\Tushal\Desktop\APP\Vexor\app\build\intermediates\merged_res_blame_folder\debug\out\multi-v2\values-ko.json has been removed.
  Output property 'blameLogOutputFolder' file C:\Users\Tushal\Desktop\APP\Vexor\app\build\intermediates\merged_res_blame_folder\debug\out\multi-v2\values-ky.json has been removed.
  Output property 'blameLogOutputFolder' file C:\Users\Tushal\Desktop\APP\Vexor\app\build\intermediates\merged_res_blame_folder\debug\out\multi-v2\values-land.json has been removed.
  Output property 'blameLogOutputFolder' file C:\Users\Tushal\Desktop\APP\Vexor\app\build\intermediates\merged_res_blame_folder\debug\out\multi-v2\values-large-v4.json has been removed.
  Output property 'blameLogOutputFolder' file C:\Users\Tushal\Desktop\APP\Vexor\app\build\intermediates\merged_res_blame_folder\debug\out\multi-v2\values-ldltr-v21.json has been removed.
  Output property 'blameLogOutputFolder' file C:\Users\Tushal\Desktop\APP\Vexor\app\build\intermediates\merged_res_blame_folder\debug\out\multi-v2\values-ldrtl-v17.json has been removed.
  Output property 'blameLogOutputFolder' file C:\Users\Tushal\Desktop\APP\Vexor\app\build\intermediates\merged_res_blame_folder\debug\out\multi-v2\values-lo.json has been removed.
  Output property 'blameLogOutputFolder' file C:\Users\Tushal\Desktop\APP\Vexor\app\build\intermediates\merged_res_blame_folder\debug\out\multi-v2\values-lt.json has been removed.
  Output property 'blameLogOutputFolder' file C:\Users\Tushal\Desktop\APP\Vexor\app\build\intermediates\merged_res_blame_folder\debug\out\multi-v2\values-lv.json has been removed.
  Output property 'blameLogOutputFolder' file C:\Users\Tushal\Desktop\APP\Vexor\app\build\intermediates\merged_res_blame_folder\debug\out\multi-v2\values-mk.json has been removed.
  Output property 'blameLogOutputFolder' file C:\Users\Tushal\Desktop\APP\Vexor\app\build\intermediates\merged_res_blame_folder\debug\out\multi-v2\values-ml.json has been removed.
  Output property 'blameLogOutputFolder' file C:\Users\Tushal\Desktop\APP\Vexor\app\build\intermediates\merged_res_blame_folder\debug\out\multi-v2\values-mn.json has been removed.
  Output property 'blameLogOutputFolder' file C:\Users\Tushal\Desktop\APP\Vexor\app\build\intermediates\merged_res_blame_folder\debug\out\multi-v2\values-mr.json has been removed.
  Output property 'blameLogOutputFolder' file C:\Users\Tushal\Desktop\APP\Vexor\app\build\intermediates\merged_res_blame_folder\debug\out\multi-v2\values-ms.json has been removed.
  Output property 'blameLogOutputFolder' file C:\Users\Tushal\Desktop\APP\Vexor\app\build\intermediates\merged_res_blame_folder\debug\out\multi-v2\values-my.json has been removed.
  Output property 'blameLogOutputFolder' file C:\Users\Tushal\Desktop\APP\Vexor\app\build\intermediates\merged_res_blame_folder\debug\out\multi-v2\values-nb.json has been removed.
  Output property 'blameLogOutputFolder' file C:\Users\Tushal\Desktop\APP\Vexor\app\build\intermediates\merged_res_blame_folder\debug\out\multi-v2\values-ne.json has been removed.
  Output property 'blameLogOutputFolder' file C:\Users\Tushal\Desktop\APP\Vexor\app\build\intermediates\merged_res_blame_folder\debug\out\multi-v2\values-night-v8.json has been removed.
  Output property 'blameLogOutputFolder' file C:\Users\Tushal\Desktop\APP\Vexor\app\build\intermediates\merged_res_blame_folder\debug\out\multi-v2\values-nl.json has been removed.
  Output property 'blameLogOutputFolder' file C:\Users\Tushal\Desktop\APP\Vexor\app\build\intermediates\merged_res_blame_folder\debug\out\multi-v2\values-or.json has been removed.
  Output property 'blameLogOutputFolder' file C:\Users\Tushal\Desktop\APP\Vexor\app\build\intermediates\merged_res_blame_folder\debug\out\multi-v2\values-pa.json has been removed.
  Output property 'blameLogOutputFolder' file C:\Users\Tushal\Desktop\APP\Vexor\app\build\intermediates\merged_res_blame_folder\debug\out\multi-v2\values-pl.json has been removed.
  Output property 'blameLogOutputFolder' file C:\Users\Tushal\Desktop\APP\Vexor\app\build\intermediates\merged_res_blame_folder\debug\out\multi-v2\values-port.json has been removed.
  Output property 'blameLogOutputFolder' file C:\Users\Tushal\Desktop\APP\Vexor\app\build\intermediates\merged_res_blame_folder\debug\out\multi-v2\values-pt-rBR.json has been removed.
  Output property 'blameLogOutputFolder' file C:\Users\Tushal\Desktop\APP\Vexor\app\build\intermediates\merged_res_blame_folder\debug\out\multi-v2\values-pt-rPT.json has been removed.
  Output property 'blameLogOutputFolder' file C:\Users\Tushal\Desktop\APP\Vexor\app\build\intermediates\merged_res_blame_folder\debug\out\multi-v2\values-pt.json has been removed.
  Output property 'blameLogOutputFolder' file C:\Users\Tushal\Desktop\APP\Vexor\app\build\intermediates\merged_res_blame_folder\debug\out\multi-v2\values-ro.json has been removed.
  Output property 'blameLogOutputFolder' file C:\Users\Tushal\Desktop\APP\Vexor\app\build\intermediates\merged_res_blame_folder\debug\out\multi-v2\values-ru.json has been removed.
  Output property 'blameLogOutputFolder' file C:\Users\Tushal\Desktop\APP\Vexor\app\build\intermediates\merged_res_blame_folder\debug\out\multi-v2\values-si.json has been removed.
  Output property 'blameLogOutputFolder' file C:\Users\Tushal\Desktop\APP\Vexor\app\build\intermediates\merged_res_blame_folder\debug\out\multi-v2\values-sk.json has been removed.
  Output property 'blameLogOutputFolder' file C:\Users\Tushal\Desktop\APP\Vexor\app\build\intermediates\merged_res_blame_folder\debug\out\multi-v2\values-sl.json has been removed.
  Output property 'blameLogOutputFolder' file C:\Users\Tushal\Desktop\APP\Vexor\app\build\intermediates\merged_res_blame_folder\debug\out\multi-v2\values-small-v4.json has been removed.
  Output property 'blameLogOutputFolder' file C:\Users\Tushal\Desktop\APP\Vexor\app\build\intermediates\merged_res_blame_folder\debug\out\multi-v2\values-sq.json has been removed.
  Output property 'blameLogOutputFolder' file C:\Users\Tushal\Desktop\APP\Vexor\app\build\intermediates\merged_res_blame_folder\debug\out\multi-v2\values-sr.json has been removed.
  Output property 'blameLogOutputFolder' file C:\Users\Tushal\Desktop\APP\Vexor\app\build\intermediates\merged_res_blame_folder\debug\out\multi-v2\values-sv.json has been removed.
  Output property 'blameLogOutputFolder' file C:\Users\Tushal\Desktop\APP\Vexor\app\build\intermediates\merged_res_blame_folder\debug\out\multi-v2\values-sw.json has been removed.
  Output property 'blameLogOutputFolder' file C:\Users\Tushal\Desktop\APP\Vexor\app\build\intermediates\merged_res_blame_folder\debug\out\multi-v2\values-sw600dp-v13.json has been removed.
  Output property 'blameLogOutputFolder' file C:\Users\Tushal\Desktop\APP\Vexor\app\build\intermediates\merged_res_blame_folder\debug\out\multi-v2\values-ta.json has been removed.
  Output property 'blameLogOutputFolder' file C:\Users\Tushal\Desktop\APP\Vexor\app\build\intermediates\merged_res_blame_folder\debug\out\multi-v2\values-te.json has been removed.
  Output property 'blameLogOutputFolder' file C:\Users\Tushal\Desktop\APP\Vexor\app\build\intermediates\merged_res_blame_folder\debug\out\multi-v2\values-th.json has been removed.
  Output property 'blameLogOutputFolder' file C:\Users\Tushal\Desktop\APP\Vexor\app\build\intermediates\merged_res_blame_folder\debug\out\multi-v2\values-tl.json has been removed.
  Output property 'blameLogOutputFolder' file C:\Users\Tushal\Desktop\APP\Vexor\app\build\intermediates\merged_res_blame_folder\debug\out\multi-v2\values-tr.json has been removed.
  Output property 'blameLogOutputFolder' file C:\Users\Tushal\Desktop\APP\Vexor\app\build\intermediates\merged_res_blame_folder\debug\out\multi-v2\values-uk.json has been removed.
  Output property 'blameLogOutputFolder' file C:\Users\Tushal\Desktop\APP\Vexor\app\build\intermediates\merged_res_blame_folder\debug\out\multi-v2\values-ur.json has been removed.
  Output property 'blameLogOutputFolder' file C:\Users\Tushal\Desktop\APP\Vexor\app\build\intermediates\merged_res_blame_folder\debug\out\multi-v2\values-uz.json has been removed.
  Output property 'blameLogOutputFolder' file C:\Users\Tushal\Desktop\APP\Vexor\app\build\intermediates\merged_res_blame_folder\debug\out\multi-v2\values-v16.json has been removed.
  Output property 'blameLogOutputFolder' file C:\Users\Tushal\Desktop\APP\Vexor\app\build\intermediates\merged_res_blame_folder\debug\out\multi-v2\values-v17.json has been removed.
  Output property 'blameLogOutputFolder' file C:\Users\Tushal\Desktop\APP\Vexor\app\build\intermediates\merged_res_blame_folder\debug\out\multi-v2\values-v18.json has been removed.
  Output property 'blameLogOutputFolder' file C:\Users\Tushal\Desktop\APP\Vexor\app\build\intermediates\merged_res_blame_folder\debug\out\multi-v2\values-v21.json has been removed.
  Output property 'blameLogOutputFolder' file C:\Users\Tushal\Desktop\APP\Vexor\app\build\intermediates\merged_res_blame_folder\debug\out\multi-v2\values-v22.json has been removed.
  Output property 'blameLogOutputFolder' file C:\Users\Tushal\Desktop\APP\Vexor\app\build\intermediates\merged_res_blame_folder\debug\out\multi-v2\values-v23.json has been removed.
  Output property 'blameLogOutputFolder' file C:\Users\Tushal\Desktop\APP\Vexor\app\build\intermediates\merged_res_blame_folder\debug\out\multi-v2\values-v24.json has been removed.
  Output property 'blameLogOutputFolder' file C:\Users\Tushal\Desktop\APP\Vexor\app\build\intermediates\merged_res_blame_folder\debug\out\multi-v2\values-v25.json has been removed.
  Output property 'blameLogOutputFolder' file C:\Users\Tushal\Desktop\APP\Vexor\app\build\intermediates\merged_res_blame_folder\debug\out\multi-v2\values-v26.json has been removed.
  Output property 'blameLogOutputFolder' file C:\Users\Tushal\Desktop\APP\Vexor\app\build\intermediates\merged_res_blame_folder\debug\out\multi-v2\values-v28.json has been removed.
  Output property 'blameLogOutputFolder' file C:\Users\Tushal\Desktop\APP\Vexor\app\build\intermediates\merged_res_blame_folder\debug\out\multi-v2\values-v31.json has been removed.
  Output property 'blameLogOutputFolder' file C:\Users\Tushal\Desktop\APP\Vexor\app\build\intermediates\merged_res_blame_folder\debug\out\multi-v2\values-v34.json has been removed.
  Output property 'blameLogOutputFolder' file C:\Users\Tushal\Desktop\APP\Vexor\app\build\intermediates\merged_res_blame_folder\debug\out\multi-v2\values-vi.json has been removed.
  Output property 'blameLogOutputFolder' file C:\Users\Tushal\Desktop\APP\Vexor\app\build\intermediates\merged_res_blame_folder\debug\out\multi-v2\values-w320dp-land-v13.json has been removed.
  Output property 'blameLogOutputFolder' file C:\Users\Tushal\Desktop\APP\Vexor\app\build\intermediates\merged_res_blame_folder\debug\out\multi-v2\values-w360dp-port-v13.json has been removed.
  Output property 'blameLogOutputFolder' file C:\Users\Tushal\Desktop\APP\Vexor\app\build\intermediates\merged_res_blame_folder\debug\out\multi-v2\values-w400dp-port-v13.json has been removed.
  Output property 'blameLogOutputFolder' file C:\Users\Tushal\Desktop\APP\Vexor\app\build\intermediates\merged_res_blame_folder\debug\out\multi-v2\values-w600dp-land-v13.json has been removed.
  Output property 'blameLogOutputFolder' file C:\Users\Tushal\Desktop\APP\Vexor\app\build\intermediates\merged_res_blame_folder\debug\out\multi-v2\values-watch-v20.json has been removed.
  Output property 'blameLogOutputFolder' file C:\Users\Tushal\Desktop\APP\Vexor\app\build\intermediates\merged_res_blame_folder\debug\out\multi-v2\values-watch-v21.json has been removed.
  Output property 'blameLogOutputFolder' file C:\Users\Tushal\Desktop\APP\Vexor\app\build\intermediates\merged_res_blame_folder\debug\out\multi-v2\values-xlarge-v4.json has been removed.
  Output property 'blameLogOutputFolder' file C:\Users\Tushal\Desktop\APP\Vexor\app\build\intermediates\merged_res_blame_folder\debug\out\multi-v2\values-zh-rCN.json has been removed.
  Output property 'blameLogOutputFolder' file C:\Users\Tushal\Desktop\APP\Vexor\app\build\intermediates\merged_res_blame_folder\debug\out\multi-v2\values-zh-rHK.json has been removed.
  Output property 'blameLogOutputFolder' file C:\Users\Tushal\Desktop\APP\Vexor\app\build\intermediates\merged_res_blame_folder\debug\out\multi-v2\values-zh-rTW.json has been removed.
  Output property 'blameLogOutputFolder' file C:\Users\Tushal\Desktop\APP\Vexor\app\build\intermediates\merged_res_blame_folder\debug\out\multi-v2\values-zu.json has been removed.
  Output property 'blameLogOutputFolder' file C:\Users\Tushal\Desktop\APP\Vexor\app\build\intermediates\merged_res_blame_folder\debug\out\multi-v2\values.json has been removed.
  Output property 'blameLogOutputFolder' file C:\Users\Tushal\Desktop\APP\Vexor\app\build\intermediates\merged_res_blame_folder\debug\out\single has been removed.
  Output property 'dataBindingLayoutInfoOutFolder' file C:\Users\Tushal\Desktop\APP\Vexor\app\build\intermediates\data_binding_layout_info_type_merge\debug\out has been removed.
The input changes require a full rebuild for incremental task ':app:mergeDebugResources'.
[MergeResources] Inputs are non-incremental full task action.
Compiling XML table C:\Users\Tushal\Desktop\APP\Vexor\app\build\intermediates\incremental\debug\mergeDebugResources\merged.dir\values-hi\values-hi.xml to C:\Users\Tushal\Desktop\APP\Vexor\app\build\intermediates\merged_res\debug\values-hi_values-hi.arsc.flat
Compiling XML table C:\Users\Tushal\Desktop\APP\Vexor\app\build\intermediates\incremental\debug\mergeDebugResources\merged.dir\values-pt\values-pt.xml to C:\Users\Tushal\Desktop\APP\Vexor\app\build\intermediates\merged_res\debug\values-pt_values-pt.arsc.flat
Compiling XML table C:\Users\Tushal\Desktop\APP\Vexor\app\build\intermediates\incremental\debug\mergeDebugResources\merged.dir\values\values.xml to C:\Users\Tushal\Desktop\APP\Vexor\app\build\intermediates\merged_res\debug\values_values.arsc.flat
Compiling XML table C:\Users\Tushal\Desktop\APP\Vexor\app\build\intermediates\incremental\debug\mergeDebugResources\merged.dir\values-watch-v21\values-watch-v21.xml to C:\Users\Tushal\Desktop\APP\Vexor\app\build\intermediates\merged_res\debug\values-watch-v21_values-watch-v21.arsc.flat
Compiling XML table C:\Users\Tushal\Desktop\APP\Vexor\app\build\intermediates\incremental\debug\mergeDebugResources\merged.dir\values-iw\values-iw.xml to C:\Users\Tushal\Desktop\APP\Vexor\app\build\intermediates\merged_res\debug\values-iw_values-iw.arsc.flat
Compiling XML table C:\Users\Tushal\Desktop\APP\Vexor\app\build\intermediates\incremental\debug\mergeDebugResources\merged.dir\values-b+sr+Latn\values-b+sr+Latn.xml to C:\Users\Tushal\Desktop\APP\Vexor\app\build\intermediates\merged_res\debug\values-b+sr+Latn_values-b+sr+Latn.arsc.flat
Compiling XML table C:\Users\Tushal\Desktop\APP\Vexor\app\build\intermediates\incremental\debug\mergeDebugResources\merged.dir\values-ar\values-ar.xml to C:\Users\Tushal\Desktop\APP\Vexor\app\build\intermediates\merged_res\debug\values-ar_values-ar.arsc.flat
Compiling XML table C:\Users\Tushal\Desktop\APP\Vexor\app\build\intermediates\incremental\debug\mergeDebugResources\merged.dir\values-watch-v20\values-watch-v20.xml to C:\Users\Tushal\Desktop\APP\Vexor\app\build\intermediates\merged_res\debug\values-watch-v20_values-watch-v20.arsc.flat
Compiling XML table C:\Users\Tushal\Desktop\APP\Vexor\app\build\intermediates\incremental\debug\mergeDebugResources\merged.dir\values-as\values-as.xml to C:\Users\Tushal\Desktop\APP\Vexor\app\build\intermediates\merged_res\debug\values-as_values-as.arsc.flat
Compiling XML table C:\Users\Tushal\Desktop\APP\Vexor\app\build\intermediates\incremental\debug\mergeDebugResources\merged.dir\values-hr\values-hr.xml to C:\Users\Tushal\Desktop\APP\Vexor\app\build\intermediates\merged_res\debug\values-hr_values-hr.arsc.flat
Compiling XML table C:\Users\Tushal\Desktop\APP\Vexor\app\build\intermediates\incremental\debug\mergeDebugResources\merged.dir\values-be\values-be.xml to C:\Users\Tushal\Desktop\APP\Vexor\app\build\intermediates\merged_res\debug\values-be_values-be.arsc.flat
Compiling XML table C:\Users\Tushal\Desktop\APP\Vexor\app\build\intermediates\incremental\debug\mergeDebugResources\merged.dir\values-ru\values-ru.xml to C:\Users\Tushal\Desktop\APP\Vexor\app\build\intermediates\merged_res\debug\values-ru_values-ru.arsc.flat
Compiling XML table C:\Users\Tushal\Desktop\APP\Vexor\app\build\intermediates\incremental\debug\mergeDebugResources\merged.dir\values-bg\values-bg.xml to C:\Users\Tushal\Desktop\APP\Vexor\app\build\intermediates\merged_res\debug\values-bg_values-bg.arsc.flat
Compiling XML table C:\Users\Tushal\Desktop\APP\Vexor\app\build\intermediates\incremental\debug\mergeDebugResources\merged.dir\values-hu\values-hu.xml to C:\Users\Tushal\Desktop\APP\Vexor\app\build\intermediates\merged_res\debug\values-hu_values-hu.arsc.flat
Compiling XML table C:\Users\Tushal\Desktop\APP\Vexor\app\build\intermediates\incremental\debug\mergeDebugResources\merged.dir\values-bn\values-bn.xml to C:\Users\Tushal\Desktop\APP\Vexor\app\build\intermediates\merged_res\debug\values-bn_values-bn.arsc.flat
Compiling XML table C:\Users\Tushal\Desktop\APP\Vexor\app\build\intermediates\incremental\debug\mergeDebugResources\merged.dir\values-v21\values-v21.xml to C:\Users\Tushal\Desktop\APP\Vexor\app\build\intermediates\merged_res\debug\values-v21_values-v21.arsc.flat
Compiling XML table C:\Users\Tushal\Desktop\APP\Vexor\app\build\intermediates\incremental\debug\mergeDebugResources\merged.dir\values-hy\values-hy.xml to C:\Users\Tushal\Desktop\APP\Vexor\app\build\intermediates\merged_res\debug\values-hy_values-hy.arsc.flat
Compiling XML table C:\Users\Tushal\Desktop\APP\Vexor\app\build\intermediates\incremental\debug\mergeDebugResources\merged.dir\values-h320dp-port-v13\values-h320dp-port-v13.xml to C:\Users\Tushal\Desktop\APP\Vexor\app\build\intermediates\merged_res\debug\values-h320dp-port-v13_values-h320dp-port-v13.arsc.flat
Compiling XML table C:\Users\Tushal\Desktop\APP\Vexor\app\build\intermediates\incremental\debug\mergeDebugResources\merged.dir\values-v16\values-v16.xml to C:\Users\Tushal\Desktop\APP\Vexor\app\build\intermediates\merged_res\debug\values-v16_values-v16.arsc.flat
Compiling XML table C:\Users\Tushal\Desktop\APP\Vexor\app\build\intermediates\incremental\debug\mergeDebugResources\merged.dir\values-ja\values-ja.xml to C:\Users\Tushal\Desktop\APP\Vexor\app\build\intermediates\merged_res\debug\values-ja_values-ja.arsc.flat
Compiling XML table C:\Users\Tushal\Desktop\APP\Vexor\app\build\intermediates\incremental\debug\mergeDebugResources\merged.dir\values-ky\values-ky.xml to C:\Users\Tushal\Desktop\APP\Vexor\app\build\intermediates\merged_res\debug\values-ky_values-ky.arsc.flat
Compiling XML table C:\Users\Tushal\Desktop\APP\Vexor\app\build\intermediates\incremental\debug\mergeDebugResources\merged.dir\values-ta\values-ta.xml to C:\Users\Tushal\Desktop\APP\Vexor\app\build\intermediates\merged_res\debug\values-ta_values-ta.arsc.flat
Compiling XML table C:\Users\Tushal\Desktop\APP\Vexor\app\build\intermediates\incremental\debug\mergeDebugResources\merged.dir\values-es-rUS\values-es-rUS.xml to C:\Users\Tushal\Desktop\APP\Vexor\app\build\intermediates\merged_res\debug\values-es-rUS_values-es-rUS.arsc.flat
Compiling XML table C:\Users\Tushal\Desktop\APP\Vexor\app\build\intermediates\incremental\debug\mergeDebugResources\merged.dir\values-v22\values-v22.xml to C:\Users\Tushal\Desktop\APP\Vexor\app\build\intermediates\merged_res\debug\values-v22_values-v22.arsc.flat
Compiling XML table C:\Users\Tushal\Desktop\APP\Vexor\app\build\intermediates\incremental\debug\mergeDebugResources\merged.dir\values-v23\values-v23.xml to C:\Users\Tushal\Desktop\APP\Vexor\app\build\intermediates\merged_res\debug\values-v23_values-v23.arsc.flat
Compiling XML table C:\Users\Tushal\Desktop\APP\Vexor\app\build\intermediates\incremental\debug\mergeDebugResources\merged.dir\values-ko\values-ko.xml to C:\Users\Tushal\Desktop\APP\Vexor\app\build\intermediates\merged_res\debug\values-ko_values-ko.arsc.flat
Compiling XML table C:\Users\Tushal\Desktop\APP\Vexor\app\build\intermediates\incremental\debug\mergeDebugResources\merged.dir\values-pt-rBR\values-pt-rBR.xml to C:\Users\Tushal\Desktop\APP\Vexor\app\build\intermediates\merged_res\debug\values-pt-rBR_values-pt-rBR.arsc.flat
Compiling XML table C:\Users\Tushal\Desktop\APP\Vexor\app\build\intermediates\incremental\debug\mergeDebugResources\merged.dir\values-v34\values-v34.xml to C:\Users\Tushal\Desktop\APP\Vexor\app\build\intermediates\merged_res\debug\values-v34_values-v34.arsc.flat
Compiling XML table C:\Users\Tushal\Desktop\APP\Vexor\app\build\intermediates\incremental\debug\mergeDebugResources\merged.dir\values-v18\values-v18.xml to C:\Users\Tushal\Desktop\APP\Vexor\app\build\intermediates\merged_res\debug\values-v18_values-v18.arsc.flat
Compiling XML table C:\Users\Tushal\Desktop\APP\Vexor\app\build\intermediates\incremental\debug\mergeDebugResources\merged.dir\values-v31\values-v31.xml to C:\Users\Tushal\Desktop\APP\Vexor\app\build\intermediates\merged_res\debug\values-v31_values-v31.arsc.flat
Compiling XML table C:\Users\Tushal\Desktop\APP\Vexor\app\build\intermediates\incremental\debug\mergeDebugResources\merged.dir\values-v25\values-v25.xml to C:\Users\Tushal\Desktop\APP\Vexor\app\build\intermediates\merged_res\debug\values-v25_values-v25.arsc.flat
Compiling XML table C:\Users\Tushal\Desktop\APP\Vexor\app\build\intermediates\incremental\debug\mergeDebugResources\merged.dir\values-en-rCA\values-en-rCA.xml to C:\Users\Tushal\Desktop\APP\Vexor\app\build\intermediates\merged_res\debug\values-en-rCA_values-en-rCA.arsc.flat
Compiling XML table C:\Users\Tushal\Desktop\APP\Vexor\app\build\intermediates\incremental\debug\mergeDebugResources\merged.dir\values-mk\values-mk.xml to C:\Users\Tushal\Desktop\APP\Vexor\app\build\intermediates\merged_res\debug\values-mk_values-mk.arsc.flat
Compiling XML table C:\Users\Tushal\Desktop\APP\Vexor\app\build\intermediates\incremental\debug\mergeDebugResources\merged.dir\values-h720dp-v13\values-h720dp-v13.xml to C:\Users\Tushal\Desktop\APP\Vexor\app\build\intermediates\merged_res\debug\values-h720dp-v13_values-h720dp-v13.arsc.flat
Compiling XML table C:\Users\Tushal\Desktop\APP\Vexor\app\build\intermediates\incremental\debug\mergeDebugResources\merged.dir\values-fr-rCA\values-fr-rCA.xml to C:\Users\Tushal\Desktop\APP\Vexor\app\build\intermediates\merged_res\debug\values-fr-rCA_values-fr-rCA.arsc.flat
Compiling XML table C:\Users\Tushal\Desktop\APP\Vexor\app\build\intermediates\incremental\debug\mergeDebugResources\merged.dir\values-ur\values-ur.xml to C:\Users\Tushal\Desktop\APP\Vexor\app\build\intermediates\merged_res\debug\values-ur_values-ur.arsc.flat
Compiling XML table C:\Users\Tushal\Desktop\APP\Vexor\app\build\intermediates\incremental\debug\mergeDebugResources\merged.dir\values-si\values-si.xml to C:\Users\Tushal\Desktop\APP\Vexor\app\build\intermediates\merged_res\debug\values-si_values-si.arsc.flat
Compiling XML table C:\Users\Tushal\Desktop\APP\Vexor\app\build\intermediates\incremental\debug\mergeDebugResources\merged.dir\values-te\values-te.xml to C:\Users\Tushal\Desktop\APP\Vexor\app\build\intermediates\merged_res\debug\values-te_values-te.arsc.flat
Compiling XML table C:\Users\Tushal\Desktop\APP\Vexor\app\build\intermediates\incremental\debug\mergeDebugResources\merged.dir\values-fa\values-fa.xml to C:\Users\Tushal\Desktop\APP\Vexor\app\build\intermediates\merged_res\debug\values-fa_values-fa.arsc.flat
Compiling XML table C:\Users\Tushal\Desktop\APP\Vexor\app\build\intermediates\incremental\debug\mergeDebugResources\merged.dir\values-ka\values-ka.xml to C:\Users\Tushal\Desktop\APP\Vexor\app\build\intermediates\merged_res\debug\values-ka_values-ka.arsc.flat
Compiling XML table C:\Users\Tushal\Desktop\APP\Vexor\app\build\intermediates\incremental\debug\mergeDebugResources\merged.dir\values-uk\values-uk.xml to C:\Users\Tushal\Desktop\APP\Vexor\app\build\intermediates\merged_res\debug\values-uk_values-uk.arsc.flat
Compiling XML table C:\Users\Tushal\Desktop\APP\Vexor\app\build\intermediates\incremental\debug\mergeDebugResources\merged.dir\values-tl\values-tl.xml to C:\Users\Tushal\Desktop\APP\Vexor\app\build\intermediates\merged_res\debug\values-tl_values-tl.arsc.flat
Compiling XML table C:\Users\Tushal\Desktop\APP\Vexor\app\build\intermediates\incremental\debug\mergeDebugResources\merged.dir\values-ml\values-ml.xml to C:\Users\Tushal\Desktop\APP\Vexor\app\build\intermediates\merged_res\debug\values-ml_values-ml.arsc.flat
Compiling XML table C:\Users\Tushal\Desktop\APP\Vexor\app\build\intermediates\incremental\debug\mergeDebugResources\merged.dir\values-fi\values-fi.xml to C:\Users\Tushal\Desktop\APP\Vexor\app\build\intermediates\merged_res\debug\values-fi_values-fi.arsc.flat
Compiling XML table C:\Users\Tushal\Desktop\APP\Vexor\app\build\intermediates\incremental\debug\mergeDebugResources\merged.dir\values-ldltr-v21\values-ldltr-v21.xml to C:\Users\Tushal\Desktop\APP\Vexor\app\build\intermediates\merged_res\debug\values-ldltr-v21_values-ldltr-v21.arsc.flat
Compiling XML table C:\Users\Tushal\Desktop\APP\Vexor\app\build\intermediates\incremental\debug\mergeDebugResources\merged.dir\values-v17\values-v17.xml to C:\Users\Tushal\Desktop\APP\Vexor\app\build\intermediates\merged_res\debug\values-v17_values-v17.arsc.flat
Compiling XML table C:\Users\Tushal\Desktop\APP\Vexor\app\build\intermediates\incremental\debug\mergeDebugResources\merged.dir\values-mr\values-mr.xml to C:\Users\Tushal\Desktop\APP\Vexor\app\build\intermediates\merged_res\debug\values-mr_values-mr.arsc.flat
Compiling xml file C:\Users\Tushal\Desktop\APP\Vexor\app\src\main\res\menu\menu_main.xml to C:\Users\Tushal\Desktop\APP\Vexor\app\build\intermediates\merged_res\debug\menu_menu_main.xml.flat
Compiling XML table C:\Users\Tushal\Desktop\APP\Vexor\app\build\intermediates\incremental\debug\mergeDebugResources\merged.dir\values-night-v8\values-night-v8.xml to C:\Users\Tushal\Desktop\APP\Vexor\app\build\intermediates\merged_res\debug\values-night-v8_values-night-v8.arsc.flat
Compiling XML table C:\Users\Tushal\Desktop\APP\Vexor\app\build\intermediates\incremental\debug\mergeDebugResources\merged.dir\values-ne\values-ne.xml to C:\Users\Tushal\Desktop\APP\Vexor\app\build\intermediates\merged_res\debug\values-ne_values-ne.arsc.flat
Compiling xml file C:\Users\Tushal\Desktop\APP\Vexor\app\build\intermediates\incremental\debug\mergeDebugResources\stripped.dir\layout\item_vault.xml to C:\Users\Tushal\Desktop\APP\Vexor\app\build\intermediates\merged_res\debug\layout_item_vault.xml.flat
Compiling XML table C:\Users\Tushal\Desktop\APP\Vexor\app\build\intermediates\incremental\debug\mergeDebugResources\merged.dir\values-th\values-th.xml to C:\Users\Tushal\Desktop\APP\Vexor\app\build\intermediates\merged_res\debug\values-th_values-th.arsc.flat
Compiling image file C:\Users\Tushal\Desktop\APP\Vexor\app\src\main\res\mipmap-xxhdpi\ic_launcher.png
Compiling file C:\Users\Tushal\Desktop\APP\Vexor\app\src\main\res\mipmap-xxhdpi\ic_launcher.png to C:\Users\Tushal\Desktop\APP\Vexor\app\build\intermediates\merged_res\debug\mipmap-xxhdpi_ic_launcher.png.flat
Compiling image file C:\Users\Tushal\Desktop\APP\Vexor\app\src\main\res\mipmap-mdpi\ic_launcher_round.png
Compiling file C:\Users\Tushal\Desktop\APP\Vexor\app\src\main\res\mipmap-mdpi\ic_launcher_round.png to C:\Users\Tushal\Desktop\APP\Vexor\app\build\intermediates\merged_res\debug\mipmap-mdpi_ic_launcher_round.png.flat
Compiling XML table C:\Users\Tushal\Desktop\APP\Vexor\app\build\intermediates\incremental\debug\mergeDebugResources\merged.dir\values-v24\values-v24.xml to C:\Users\Tushal\Desktop\APP\Vexor\app\build\intermediates\merged_res\debug\values-v24_values-v24.arsc.flat
Compiling XML table C:\Users\Tushal\Desktop\APP\Vexor\app\build\intermediates\incremental\debug\mergeDebugResources\merged.dir\values-xlarge-v4\values-xlarge-v4.xml to C:\Users\Tushal\Desktop\APP\Vexor\app\build\intermediates\merged_res\debug\values-xlarge-v4_values-xlarge-v4.arsc.flat
Compiling xml file C:\Users\Tushal\Desktop\APP\Vexor\app\src\main\res\drawable\ic_search.xml to C:\Users\Tushal\Desktop\APP\Vexor\app\build\intermediates\merged_res\debug\drawable_ic_search.xml.flat
Compiling xml file C:\Users\Tushal\Desktop\APP\Vexor\app\build\intermediates\incremental\debug\mergeDebugResources\stripped.dir\layout\activity_change_pin.xml to C:\Users\Tushal\Desktop\APP\Vexor\app\build\intermediates\merged_res\debug\layout_activity_change_pin.xml.flat
Compiling xml file C:\Users\Tushal\Desktop\APP\Vexor\app\build\intermediates\incremental\debug\mergeDebugResources\stripped.dir\layout\activity_permissions.xml to C:\Users\Tushal\Desktop\APP\Vexor\app\build\intermediates\merged_res\debug\layout_activity_permissions.xml.flat
Compiling XML table C:\Users\Tushal\Desktop\APP\Vexor\app\build\intermediates\incremental\debug\mergeDebugResources\merged.dir\values-w360dp-port-v13\values-w360dp-port-v13.xml to C:\Users\Tushal\Desktop\APP\Vexor\app\build\intermediates\merged_res\debug\values-w360dp-port-v13_values-w360dp-port-v13.arsc.flat
Compiling XML table C:\Users\Tushal\Desktop\APP\Vexor\app\build\intermediates\incremental\debug\mergeDebugResources\merged.dir\values-uz\values-uz.xml to C:\Users\Tushal\Desktop\APP\Vexor\app\build\intermediates\merged_res\debug\values-uz_values-uz.arsc.flat
Compiling XML table C:\Users\Tushal\Desktop\APP\Vexor\app\build\intermediates\incremental\debug\mergeDebugResources\merged.dir\values-el\values-el.xml to C:\Users\Tushal\Desktop\APP\Vexor\app\build\intermediates\merged_res\debug\values-el_values-el.arsc.flat
Compiling xml file C:\Users\Tushal\Desktop\APP\Vexor\app\src\main\res\drawable\ic_add.xml to C:\Users\Tushal\Desktop\APP\Vexor\app\build\intermediates\merged_res\debug\drawable_ic_add.xml.flat
Compiling xml file C:\Users\Tushal\Desktop\APP\Vexor\app\src\main\res\xml\file_paths.xml to C:\Users\Tushal\Desktop\APP\Vexor\app\build\intermediates\merged_res\debug\xml_file_paths.xml.flat
Compiling XML table C:\Users\Tushal\Desktop\APP\Vexor\app\build\intermediates\incremental\debug\mergeDebugResources\merged.dir\values-ms\values-ms.xml to C:\Users\Tushal\Desktop\APP\Vexor\app\build\intermediates\merged_res\debug\values-ms_values-ms.arsc.flat
Compiling XML table C:\Users\Tushal\Desktop\APP\Vexor\app\build\intermediates\incremental\debug\mergeDebugResources\merged.dir\values-bs\values-bs.xml to C:\Users\Tushal\Desktop\APP\Vexor\app\build\intermediates\merged_res\debug\values-bs_values-bs.arsc.flat
Compiling XML table C:\Users\Tushal\Desktop\APP\Vexor\app\build\intermediates\incremental\debug\mergeDebugResources\merged.dir\values-az\values-az.xml to C:\Users\Tushal\Desktop\APP\Vexor\app\build\intermediates\merged_res\debug\values-az_values-az.arsc.flat
Compiling xml file C:\Users\Tushal\Desktop\APP\Vexor\app\src\main\res\drawable\ic_settings.xml to C:\Users\Tushal\Desktop\APP\Vexor\app\build\intermediates\merged_res\debug\drawable_ic_settings.xml.flat
Compiling XML table C:\Users\Tushal\Desktop\APP\Vexor\app\build\intermediates\incremental\debug\mergeDebugResources\merged.dir\values-sl\values-sl.xml to C:\Users\Tushal\Desktop\APP\Vexor\app\build\intermediates\merged_res\debug\values-sl_values-sl.arsc.flat
Compiling xml file C:\Users\Tushal\Desktop\APP\Vexor\app\build\intermediates\incremental\debug\mergeDebugResources\stripped.dir\layout\activity_note_list.xml to C:\Users\Tushal\Desktop\APP\Vexor\app\build\intermediates\merged_res\debug\layout_activity_note_list.xml.flat
Compiling XML table C:\Users\Tushal\Desktop\APP\Vexor\app\build\intermediates\incremental\debug\mergeDebugResources\merged.dir\values-fr\values-fr.xml to C:\Users\Tushal\Desktop\APP\Vexor\app\build\intermediates\merged_res\debug\values-fr_values-fr.arsc.flat
Compiling XML table C:\Users\Tushal\Desktop\APP\Vexor\app\build\intermediates\incremental\debug\mergeDebugResources\merged.dir\values-hdpi-v4\values-hdpi-v4.xml to C:\Users\Tushal\Desktop\APP\Vexor\app\build\intermediates\merged_res\debug\values-hdpi-v4_values-hdpi-v4.arsc.flat
Compiling xml file C:\Users\Tushal\Desktop\APP\Vexor\app\build\intermediates\incremental\debug\mergeDebugResources\stripped.dir\layout\item_intruder_log.xml to C:\Users\Tushal\Desktop\APP\Vexor\app\build\intermediates\merged_res\debug\layout_item_intruder_log.xml.flat
Compiling XML table C:\Users\Tushal\Desktop\APP\Vexor\app\build\intermediates\incremental\debug\mergeDebugResources\merged.dir\values-af\values-af.xml to C:\Users\Tushal\Desktop\APP\Vexor\app\build\intermediates\merged_res\debug\values-af_values-af.arsc.flat
Compiling xml file C:\Users\Tushal\Desktop\APP\Vexor\app\src\main\res\drawable\ic_video.xml to C:\Users\Tushal\Desktop\APP\Vexor\app\build\intermediates\merged_res\debug\drawable_ic_video.xml.flat
Compiling XML table C:\Users\Tushal\Desktop\APP\Vexor\app\build\intermediates\incremental\debug\mergeDebugResources\merged.dir\values-nl\values-nl.xml to C:\Users\Tushal\Desktop\APP\Vexor\app\build\intermediates\merged_res\debug\values-nl_values-nl.arsc.flat
Compiling XML table C:\Users\Tushal\Desktop\APP\Vexor\app\build\intermediates\incremental\debug\mergeDebugResources\merged.dir\values-cs\values-cs.xml to C:\Users\Tushal\Desktop\APP\Vexor\app\build\intermediates\merged_res\debug\values-cs_values-cs.arsc.flat
Compiling xml file C:\Users\Tushal\Desktop\APP\Vexor\app\src\main\res\drawable\ic_warning.xml to C:\Users\Tushal\Desktop\APP\Vexor\app\build\intermediates\merged_res\debug\drawable_ic_warning.xml.flat
Compiling XML table C:\Users\Tushal\Desktop\APP\Vexor\app\build\intermediates\incremental\debug\mergeDebugResources\merged.dir\values-en-rXC\values-en-rXC.xml to C:\Users\Tushal\Desktop\APP\Vexor\app\build\intermediates\merged_res\debug\values-en-rXC_values-en-rXC.arsc.flat
Compiling image file C:\Users\Tushal\Desktop\APP\Vexor\app\src\main\res\mipmap-mdpi\ic_launcher.png
Compiling file C:\Users\Tushal\Desktop\APP\Vexor\app\src\main\res\mipmap-mdpi\ic_launcher.png to C:\Users\Tushal\Desktop\APP\Vexor\app\build\intermediates\merged_res\debug\mipmap-mdpi_ic_launcher.png.flat
Compiling xml file C:\Users\Tushal\Desktop\APP\Vexor\app\src\main\res\drawable\ic_delete.xml to C:\Users\Tushal\Desktop\APP\Vexor\app\build\intermediates\merged_res\debug\drawable_ic_delete.xml.flat
Compiling image file C:\Users\Tushal\Desktop\APP\Vexor\app\src\main\res\mipmap-hdpi\ic_launcher_round.png
Compiling file C:\Users\Tushal\Desktop\APP\Vexor\app\src\main\res\mipmap-hdpi\ic_launcher_round.png to C:\Users\Tushal\Desktop\APP\Vexor\app\build\intermediates\merged_res\debug\mipmap-hdpi_ic_launcher_round.png.flat
Compiling XML table C:\Users\Tushal\Desktop\APP\Vexor\app\build\intermediates\incremental\debug\mergeDebugResources\merged.dir\values-h360dp-land-v13\values-h360dp-land-v13.xml to C:\Users\Tushal\Desktop\APP\Vexor\app\build\intermediates\merged_res\debug\values-h360dp-land-v13_values-h360dp-land-v13.arsc.flat
Compiling image file C:\Users\Tushal\Desktop\APP\Vexor\app\src\main\res\drawable\ic_logo.png
Compiling file C:\Users\Tushal\Desktop\APP\Vexor\app\src\main\res\drawable\ic_logo.png to C:\Users\Tushal\Desktop\APP\Vexor\app\build\intermediates\merged_res\debug\drawable_ic_logo.png.flat
Compiling XML table C:\Users\Tushal\Desktop\APP\Vexor\app\build\intermediates\incremental\debug\mergeDebugResources\merged.dir\values-ca\values-ca.xml to C:\Users\Tushal\Desktop\APP\Vexor\app\build\intermediates\merged_res\debug\values-ca_values-ca.arsc.flat
Compiling XML table C:\Users\Tushal\Desktop\APP\Vexor\app\build\intermediates\incremental\debug\mergeDebugResources\merged.dir\values-mn\values-mn.xml to C:\Users\Tushal\Desktop\APP\Vexor\app\build\intermediates\merged_res\debug\values-mn_values-mn.arsc.flat
Compiling XML table C:\Users\Tushal\Desktop\APP\Vexor\app\build\intermediates\incremental\debug\mergeDebugResources\merged.dir\values-large-v4\values-large-v4.xml to C:\Users\Tushal\Desktop\APP\Vexor\app\build\intermediates\merged_res\debug\values-large-v4_values-large-v4.arsc.flat
Compiling xml file C:\Users\Tushal\Desktop\APP\Vexor\app\src\main\res\drawable\ic_switch_camera.xml to C:\Users\Tushal\Desktop\APP\Vexor\app\build\intermediates\merged_res\debug\drawable_ic_switch_camera.xml.flat
Compiling xml file C:\Users\Tushal\Desktop\APP\Vexor\app\src\main\res\drawable\ic_launcher_background.xml to C:\Users\Tushal\Desktop\APP\Vexor\app\build\intermediates\merged_res\debug\drawable_ic_launcher_background.xml.flat
Compiling xml file C:\Users\Tushal\Desktop\APP\Vexor\app\src\main\res\drawable\ic_photo.xml to C:\Users\Tushal\Desktop\APP\Vexor\app\build\intermediates\merged_res\debug\drawable_ic_photo.xml.flat
Compiling xml file C:\Users\Tushal\Desktop\APP\Vexor\app\build\intermediates\incremental\debug\mergeDebugResources\stripped.dir\layout\activity_setup.xml to C:\Users\Tushal\Desktop\APP\Vexor\app\build\intermediates\merged_res\debug\layout_activity_setup.xml.flat
Compiling xml file C:\Users\Tushal\Desktop\APP\Vexor\app\src\main\res\drawable\ic_file.xml to C:\Users\Tushal\Desktop\APP\Vexor\app\build\intermediates\merged_res\debug\drawable_ic_file.xml.flat
Compiling XML table C:\Users\Tushal\Desktop\APP\Vexor\app\build\intermediates\incremental\debug\mergeDebugResources\merged.dir\values-sk\values-sk.xml to C:\Users\Tushal\Desktop\APP\Vexor\app\build\intermediates\merged_res\debug\values-sk_values-sk.arsc.flat
Compiling XML table C:\Users\Tushal\Desktop\APP\Vexor\app\build\intermediates\incremental\debug\mergeDebugResources\merged.dir\values-in\values-in.xml to C:\Users\Tushal\Desktop\APP\Vexor\app\build\intermediates\merged_res\debug\values-in_values-in.arsc.flat
Compiling xml file C:\Users\Tushal\Desktop\APP\Vexor\app\src\main\res\drawable\ic_shield.xml to C:\Users\Tushal\Desktop\APP\Vexor\app\build\intermediates\merged_res\debug\drawable_ic_shield.xml.flat
Compiling xml file C:\Users\Tushal\Desktop\APP\Vexor\app\src\main\res\drawable\ic_document.xml to C:\Users\Tushal\Desktop\APP\Vexor\app\build\intermediates\merged_res\debug\drawable_ic_document.xml.flat
Compiling XML table C:\Users\Tushal\Desktop\APP\Vexor\app\build\intermediates\incremental\debug\mergeDebugResources\merged.dir\values-tr\values-tr.xml to C:\Users\Tushal\Desktop\APP\Vexor\app\build\intermediates\merged_res\debug\values-tr_values-tr.arsc.flat
Compiling xml file C:\Users\Tushal\Desktop\APP\Vexor\app\src\main\res\drawable\ic_audio.xml to C:\Users\Tushal\Desktop\APP\Vexor\app\build\intermediates\merged_res\debug\drawable_ic_audio.xml.flat
Compiling XML table C:\Users\Tushal\Desktop\APP\Vexor\app\build\intermediates\incremental\debug\mergeDebugResources\merged.dir\values-pt-rPT\values-pt-rPT.xml to C:\Users\Tushal\Desktop\APP\Vexor\app\build\intermediates\merged_res\debug\values-pt-rPT_values-pt-rPT.arsc.flat
Compiling xml file C:\Users\Tushal\Desktop\APP\Vexor\app\build\intermediates\incremental\debug\mergeDebugResources\stripped.dir\layout\activity_intruder_log.xml to C:\Users\Tushal\Desktop\APP\Vexor\app\build\intermediates\merged_res\debug\layout_activity_intruder_log.xml.flat
Compiling XML table C:\Users\Tushal\Desktop\APP\Vexor\app\build\intermediates\incremental\debug\mergeDebugResources\merged.dir\values-zh-rCN\values-zh-rCN.xml to C:\Users\Tushal\Desktop\APP\Vexor\app\build\intermediates\merged_res\debug\values-zh-rCN_values-zh-rCN.arsc.flat
Compiling XML table C:\Users\Tushal\Desktop\APP\Vexor\app\build\intermediates\incremental\debug\mergeDebugResources\merged.dir\values-en-rAU\values-en-rAU.xml to C:\Users\Tushal\Desktop\APP\Vexor\app\build\intermediates\merged_res\debug\values-en-rAU_values-en-rAU.arsc.flat
Compiling xml file C:\Users\Tushal\Desktop\APP\Vexor\app\src\main\res\drawable\bg_pin_button.xml to C:\Users\Tushal\Desktop\APP\Vexor\app\build\intermediates\merged_res\debug\drawable_bg_pin_button.xml.flat
Compiling XML table C:\Users\Tushal\Desktop\APP\Vexor\app\build\intermediates\incremental\debug\mergeDebugResources\merged.dir\values-w320dp-land-v13\values-w320dp-land-v13.xml to C:\Users\Tushal\Desktop\APP\Vexor\app\build\intermediates\merged_res\debug\values-w320dp-land-v13_values-w320dp-land-v13.arsc.flat
Compiling xml file C:\Users\Tushal\Desktop\APP\Vexor\app\build\intermediates\incremental\debug\mergeDebugResources\stripped.dir\layout\activity_note_editor.xml to C:\Users\Tushal\Desktop\APP\Vexor\app\build\intermediates\merged_res\debug\layout_activity_note_editor.xml.flat
Compiling xml file C:\Users\Tushal\Desktop\APP\Vexor\app\src\main\res\drawable\ic_lock.xml to C:\Users\Tushal\Desktop\APP\Vexor\app\build\intermediates\merged_res\debug\drawable_ic_lock.xml.flat
Compiling XML table C:\Users\Tushal\Desktop\APP\Vexor\app\build\intermediates\incremental\debug\mergeDebugResources\merged.dir\values-v26\values-v26.xml to C:\Users\Tushal\Desktop\APP\Vexor\app\build\intermediates\merged_res\debug\values-v26_values-v26.arsc.flat
Compiling image file C:\Users\Tushal\Desktop\APP\Vexor\app\src\main\res\mipmap-xhdpi\ic_launcher_round.png
Compiling file C:\Users\Tushal\Desktop\APP\Vexor\app\src\main\res\mipmap-xhdpi\ic_launcher_round.png to C:\Users\Tushal\Desktop\APP\Vexor\app\build\intermediates\merged_res\debug\mipmap-xhdpi_ic_launcher_round.png.flat
Compiling xml file C:\Users\Tushal\Desktop\APP\Vexor\app\src\main\res\drawable\ic_history.xml to C:\Users\Tushal\Desktop\APP\Vexor\app\build\intermediates\merged_res\debug\drawable_ic_history.xml.flat
Compiling image file C:\Users\Tushal\Desktop\APP\Vexor\app\src\main\res\mipmap-xhdpi\ic_launcher.png
Compiling file C:\Users\Tushal\Desktop\APP\Vexor\app\src\main\res\mipmap-xhdpi\ic_launcher.png to C:\Users\Tushal\Desktop\APP\Vexor\app\build\intermediates\merged_res\debug\mipmap-xhdpi_ic_launcher.png.flat
Compiling XML table C:\Users\Tushal\Desktop\APP\Vexor\app\build\intermediates\incremental\debug\mergeDebugResources\merged.dir\values-kk\values-kk.xml to C:\Users\Tushal\Desktop\APP\Vexor\app\build\intermediates\merged_res\debug\values-kk_values-kk.arsc.flat
Compiling xml file C:\Users\Tushal\Desktop\APP\Vexor\app\build\intermediates\incremental\debug\mergeDebugResources\stripped.dir\layout\activity_photo_viewer.xml to C:\Users\Tushal\Desktop\APP\Vexor\app\build\intermediates\merged_res\debug\layout_activity_photo_viewer.xml.flat
Compiling XML table C:\Users\Tushal\Desktop\APP\Vexor\app\build\intermediates\incremental\debug\mergeDebugResources\merged.dir\values-my\values-my.xml to C:\Users\Tushal\Desktop\APP\Vexor\app\build\intermediates\merged_res\debug\values-my_values-my.arsc.flat
Compiling xml file C:\Users\Tushal\Desktop\APP\Vexor\app\src\main\res\drawable\ic_sort.xml to C:\Users\Tushal\Desktop\APP\Vexor\app\build\intermediates\merged_res\debug\drawable_ic_sort.xml.flat
Compiling xml file C:\Users\Tushal\Desktop\APP\Vexor\app\src\main\res\drawable\ic_camera_capture.xml to C:\Users\Tushal\Desktop\APP\Vexor\app\build\intermediates\merged_res\debug\drawable_ic_camera_capture.xml.flat
Compiling XML table C:\Users\Tushal\Desktop\APP\Vexor\app\build\intermediates\incremental\debug\mergeDebugResources\merged.dir\values-da\values-da.xml to C:\Users\Tushal\Desktop\APP\Vexor\app\build\intermediates\merged_res\debug\values-da_values-da.arsc.flat
Compiling image file C:\Users\Tushal\Desktop\APP\Vexor\app\src\main\res\mipmap-xxxhdpi\ic_launcher_round.png
Compiling XML table C:\Users\Tushal\Desktop\APP\Vexor\app\build\intermediates\incremental\debug\mergeDebugResources\merged.dir\values-zu\values-zu.xml to C:\Users\Tushal\Desktop\APP\Vexor\app\build\intermediates\merged_res\debug\values-zu_values-zu.arsc.flat
Compiling file C:\Users\Tushal\Desktop\APP\Vexor\app\src\main\res\mipmap-xxxhdpi\ic_launcher_round.png to C:\Users\Tushal\Desktop\APP\Vexor\app\build\intermediates\merged_res\debug\mipmap-xxxhdpi_ic_launcher_round.png.flat
Compiling xml file C:\Users\Tushal\Desktop\APP\Vexor\app\src\main\res\anim\item_animation_fall_down.xml to C:\Users\Tushal\Desktop\APP\Vexor\app\build\intermediates\merged_res\debug\anim_item_animation_fall_down.xml.flat
Compiling XML table C:\Users\Tushal\Desktop\APP\Vexor\app\build\intermediates\incremental\debug\mergeDebugResources\merged.dir\values-es\values-es.xml to C:\Users\Tushal\Desktop\APP\Vexor\app\build\intermediates\merged_res\debug\values-es_values-es.arsc.flat
Compiling XML table C:\Users\Tushal\Desktop\APP\Vexor\app\build\intermediates\incremental\debug\mergeDebugResources\merged.dir\values-lt\values-lt.xml to C:\Users\Tushal\Desktop\APP\Vexor\app\build\intermediates\merged_res\debug\values-lt_values-lt.arsc.flat
Compiling XML table C:\Users\Tushal\Desktop\APP\Vexor\app\build\intermediates\incremental\debug\mergeDebugResources\merged.dir\values-sq\values-sq.xml to C:\Users\Tushal\Desktop\APP\Vexor\app\build\intermediates\merged_res\debug\values-sq_values-sq.arsc.flat
Compiling xml file C:\Users\Tushal\Desktop\APP\Vexor\app\src\main\res\drawable\ic_camera.xml to C:\Users\Tushal\Desktop\APP\Vexor\app\build\intermediates\merged_res\debug\drawable_ic_camera.xml.flat
Compiling XML table C:\Users\Tushal\Desktop\APP\Vexor\app\build\intermediates\incremental\debug\mergeDebugResources\merged.dir\values-land\values-land.xml to C:\Users\Tushal\Desktop\APP\Vexor\app\build\intermediates\merged_res\debug\values-land_values-land.arsc.flat
Compiling XML table C:\Users\Tushal\Desktop\APP\Vexor\app\build\intermediates\incremental\debug\mergeDebugResources\merged.dir\values-sr\values-sr.xml to C:\Users\Tushal\Desktop\APP\Vexor\app\build\intermediates\merged_res\debug\values-sr_values-sr.arsc.flat
Compiling image file C:\Users\Tushal\Desktop\APP\Vexor\app\src\main\res\mipmap-xxhdpi\ic_launcher_round.png
Compiling file C:\Users\Tushal\Desktop\APP\Vexor\app\src\main\res\mipmap-xxhdpi\ic_launcher_round.png to C:\Users\Tushal\Desktop\APP\Vexor\app\build\intermediates\merged_res\debug\mipmap-xxhdpi_ic_launcher_round.png.flat
Compiling XML table C:\Users\Tushal\Desktop\APP\Vexor\app\build\intermediates\incremental\debug\mergeDebugResources\merged.dir\values-zh-rHK\values-zh-rHK.xml to C:\Users\Tushal\Desktop\APP\Vexor\app\build\intermediates\merged_res\debug\values-zh-rHK_values-zh-rHK.arsc.flat
Compiling XML table C:\Users\Tushal\Desktop\APP\Vexor\app\build\intermediates\incremental\debug\mergeDebugResources\merged.dir\values-vi\values-vi.xml to C:\Users\Tushal\Desktop\APP\Vexor\app\build\intermediates\merged_res\debug\values-vi_values-vi.arsc.flat
Compiling xml file C:\Users\Tushal\Desktop\APP\Vexor\app\src\main\res\drawable\pin_dot_empty.xml to C:\Users\Tushal\Desktop\APP\Vexor\app\build\intermediates\merged_res\debug\drawable_pin_dot_empty.xml.flat
Compiling XML table C:\Users\Tushal\Desktop\APP\Vexor\app\build\intermediates\incremental\debug\mergeDebugResources\merged.dir\values-zh-rTW\values-zh-rTW.xml to C:\Users\Tushal\Desktop\APP\Vexor\app\build\intermediates\merged_res\debug\values-zh-rTW_values-zh-rTW.arsc.flat
Compiling xml file C:\Users\Tushal\Desktop\APP\Vexor\app\src\main\res\drawable\ic_close.xml to C:\Users\Tushal\Desktop\APP\Vexor\app\build\intermediates\merged_res\debug\drawable_ic_close.xml.flat
Compiling XML table C:\Users\Tushal\Desktop\APP\Vexor\app\build\intermediates\incremental\debug\mergeDebugResources\merged.dir\values-small-v4\values-small-v4.xml to C:\Users\Tushal\Desktop\APP\Vexor\app\build\intermediates\merged_res\debug\values-small-v4_values-small-v4.arsc.flat
Compiling image file C:\Users\Tushal\Desktop\APP\Vexor\app\src\main\res\mipmap-hdpi\ic_launcher.png
Compiling file C:\Users\Tushal\Desktop\APP\Vexor\app\src\main\res\mipmap-hdpi\ic_launcher.png to C:\Users\Tushal\Desktop\APP\Vexor\app\build\intermediates\merged_res\debug\mipmap-hdpi_ic_launcher.png.flat
Compiling xml file C:\Users\Tushal\Desktop\APP\Vexor\app\src\main\res\drawable\ic_launcher_foreground.xml to C:\Users\Tushal\Desktop\APP\Vexor\app\build\intermediates\merged_res\debug\drawable_ic_launcher_foreground.xml.flat
Compiling XML table C:\Users\Tushal\Desktop\APP\Vexor\app\build\intermediates\incremental\debug\mergeDebugResources\merged.dir\values-lo\values-lo.xml to C:\Users\Tushal\Desktop\APP\Vexor\app\build\intermediates\merged_res\debug\values-lo_values-lo.arsc.flat

Resolve mutations for :app:packageDebugResources (Thread[Execution worker Thread 7,5,main]) started.
:app:packageDebugResources (Thread[Execution worker Thread 7,5,main]) started.

> Task :app:mergeDebugResources
Compiling xml file C:\Users\Tushal\Desktop\APP\Vexor\app\src\main\res\drawable\ic_check.xml to C:\Users\Tushal\Desktop\APP\Vexor\app\build\intermediates\merged_res\debug\drawable_ic_check.xml.flat
Compiling XML table C:\Users\Tushal\Desktop\APP\Vexor\app\build\intermediates\incremental\debug\mergeDebugResources\merged.dir\values-en-rGB\values-en-rGB.xml to C:\Users\Tushal\Desktop\APP\Vexor\app\build\intermediates\merged_res\debug\values-en-rGB_values-en-rGB.arsc.flat
Compiling xml file C:\Users\Tushal\Desktop\APP\Vexor\app\src\main\res\drawable\ic_image.xml to C:\Users\Tushal\Desktop\APP\Vexor\app\build\intermediates\merged_res\debug\drawable_ic_image.xml.flat
Compiling XML table C:\Users\Tushal\Desktop\APP\Vexor\app\build\intermediates\incremental\debug\mergeDebugResources\merged.dir\values-it\values-it.xml to C:\Users\Tushal\Desktop\APP\Vexor\app\build\intermediates\merged_res\debug\values-it_values-it.arsc.flat
Compiling XML table C:\Users\Tushal\Desktop\APP\Vexor\app\build\intermediates\incremental\debug\mergeDebugResources\merged.dir\values-eu\values-eu.xml to C:\Users\Tushal\Desktop\APP\Vexor\app\build\intermediates\merged_res\debug\values-eu_values-eu.arsc.flat
Compiling XML table C:\Users\Tushal\Desktop\APP\Vexor\app\build\intermediates\incremental\debug\mergeDebugResources\merged.dir\values-h480dp-land-v13\values-h480dp-land-v13.xml to C:\Users\Tushal\Desktop\APP\Vexor\app\build\intermediates\merged_res\debug\values-h480dp-land-v13_values-h480dp-land-v13.arsc.flat
Compiling XML table C:\Users\Tushal\Desktop\APP\Vexor\app\build\intermediates\incremental\debug\mergeDebugResources\merged.dir\values-b+es+419\values-b+es+419.xml to C:\Users\Tushal\Desktop\APP\Vexor\app\build\intermediates\merged_res\debug\values-b+es+419_values-b+es+419.arsc.flat
Compiling XML table C:\Users\Tushal\Desktop\APP\Vexor\app\build\intermediates\incremental\debug\mergeDebugResources\merged.dir\values-is\values-is.xml to C:\Users\Tushal\Desktop\APP\Vexor\app\build\intermediates\merged_res\debug\values-is_values-is.arsc.flat
Compiling xml file C:\Users\Tushal\Desktop\APP\Vexor\app\build\intermediates\incremental\debug\mergeDebugResources\stripped.dir\layout\activity_video_player.xml to C:\Users\Tushal\Desktop\APP\Vexor\app\build\intermediates\merged_res\debug\layout_activity_video_player.xml.flat
Compiling XML table C:\Users\Tushal\Desktop\APP\Vexor\app\build\intermediates\incremental\debug\mergeDebugResources\merged.dir\values-de\values-de.xml to C:\Users\Tushal\Desktop\APP\Vexor\app\build\intermediates\merged_res\debug\values-de_values-de.arsc.flat
Compiling image file C:\Users\Tushal\Desktop\APP\Vexor\app\src\main\res\mipmap-xxxhdpi\ic_launcher.png
Compiling file C:\Users\Tushal\Desktop\APP\Vexor\app\src\main\res\mipmap-xxxhdpi\ic_launcher.png to C:\Users\Tushal\Desktop\APP\Vexor\app\build\intermediates\merged_res\debug\mipmap-xxxhdpi_ic_launcher.png.flat
Compiling XML table C:\Users\Tushal\Desktop\APP\Vexor\app\build\intermediates\incremental\debug\mergeDebugResources\merged.dir\values-km\values-km.xml to C:\Users\Tushal\Desktop\APP\Vexor\app\build\intermediates\merged_res\debug\values-km_values-km.arsc.flat
Compiling XML table C:\Users\Tushal\Desktop\APP\Vexor\app\build\intermediates\incremental\debug\mergeDebugResources\merged.dir\values-v28\values-v28.xml to C:\Users\Tushal\Desktop\APP\Vexor\app\build\intermediates\merged_res\debug\values-v28_values-v28.arsc.flat
Compiling XML table C:\Users\Tushal\Desktop\APP\Vexor\app\build\intermediates\incremental\debug\mergeDebugResources\merged.dir\values-gl\values-gl.xml to C:\Users\Tushal\Desktop\APP\Vexor\app\build\intermediates\merged_res\debug\values-gl_values-gl.arsc.flat
Compiling xml file C:\Users\Tushal\Desktop\APP\Vexor\app\src\main\res\drawable\pin_dot_filled.xml to C:\Users\Tushal\Desktop\APP\Vexor\app\build\intermediates\merged_res\debug\drawable_pin_dot_filled.xml.flat
Compiling XML table C:\Users\Tushal\Desktop\APP\Vexor\app\build\intermediates\incremental\debug\mergeDebugResources\merged.dir\values-sv\values-sv.xml to C:\Users\Tushal\Desktop\APP\Vexor\app\build\intermediates\merged_res\debug\values-sv_values-sv.arsc.flat
Compiling xml file C:\Users\Tushal\Desktop\APP\Vexor\app\src\main\res\drawable\gradient_header.xml to C:\Users\Tushal\Desktop\APP\Vexor\app\build\intermediates\merged_res\debug\drawable_gradient_header.xml.flat
Compiling XML table C:\Users\Tushal\Desktop\APP\Vexor\app\build\intermediates\incremental\debug\mergeDebugResources\merged.dir\values-et\values-et.xml to C:\Users\Tushal\Desktop\APP\Vexor\app\build\intermediates\merged_res\debug\values-et_values-et.arsc.flat
Compiling XML table C:\Users\Tushal\Desktop\APP\Vexor\app\build\intermediates\incremental\debug\mergeDebugResources\merged.dir\values-ro\values-ro.xml to C:\Users\Tushal\Desktop\APP\Vexor\app\build\intermediates\merged_res\debug\values-ro_values-ro.arsc.flat
Compiling xml file C:\Users\Tushal\Desktop\APP\Vexor\app\build\intermediates\incremental\debug\mergeDebugResources\stripped.dir\layout\activity_splash.xml to C:\Users\Tushal\Desktop\APP\Vexor\app\build\intermediates\merged_res\debug\layout_activity_splash.xml.flat
Compiling xml file C:\Users\Tushal\Desktop\APP\Vexor\app\build\intermediates\incremental\debug\mergeDebugResources\stripped.dir\layout\activity_share_receiver.xml to C:\Users\Tushal\Desktop\APP\Vexor\app\build\intermediates\merged_res\debug\layout_activity_share_receiver.xml.flat
Compiling xml file C:\Users\Tushal\Desktop\APP\Vexor\app\src\main\res\drawable\ic_play.xml to C:\Users\Tushal\Desktop\APP\Vexor\app\build\intermediates\merged_res\debug\drawable_ic_play.xml.flat
Compiling XML table C:\Users\Tushal\Desktop\APP\Vexor\app\build\intermediates\incremental\debug\mergeDebugResources\merged.dir\values-lv\values-lv.xml to C:\Users\Tushal\Desktop\APP\Vexor\app\build\intermediates\merged_res\debug\values-lv_values-lv.arsc.flat
Compiling xml file C:\Users\Tushal\Desktop\APP\Vexor\app\src\main\res\drawable\ic_backspace.xml to C:\Users\Tushal\Desktop\APP\Vexor\app\build\intermediates\merged_res\debug\drawable_ic_backspace.xml.flat
Compiling xml file C:\Users\Tushal\Desktop\APP\Vexor\app\build\intermediates\incremental\debug\mergeDebugResources\stripped.dir\layout\item_folder.xml to C:\Users\Tushal\Desktop\APP\Vexor\app\build\intermediates\merged_res\debug\layout_item_folder.xml.flat
Compiling XML table C:\Users\Tushal\Desktop\APP\Vexor\app\build\intermediates\incremental\debug\mergeDebugResources\merged.dir\values-h550dp-port-v13\values-h550dp-port-v13.xml to C:\Users\Tushal\Desktop\APP\Vexor\app\build\intermediates\merged_res\debug\values-h550dp-port-v13_values-h550dp-port-v13.arsc.flat
Compiling XML table C:\Users\Tushal\Desktop\APP\Vexor\app\build\intermediates\incremental\debug\mergeDebugResources\merged.dir\values-or\values-or.xml to C:\Users\Tushal\Desktop\APP\Vexor\app\build\intermediates\merged_res\debug\values-or_values-or.arsc.flat
Compiling XML table C:\Users\Tushal\Desktop\APP\Vexor\app\build\intermediates\incremental\debug\mergeDebugResources\merged.dir\values-port\values-port.xml to C:\Users\Tushal\Desktop\APP\Vexor\app\build\intermediates\merged_res\debug\values-port_values-port.arsc.flat
Compiling XML table C:\Users\Tushal\Desktop\APP\Vexor\app\build\intermediates\incremental\debug\mergeDebugResources\merged.dir\values-kn\values-kn.xml to C:\Users\Tushal\Desktop\APP\Vexor\app\build\intermediates\merged_res\debug\values-kn_values-kn.arsc.flat
Compiling XML table C:\Users\Tushal\Desktop\APP\Vexor\app\build\intermediates\incremental\debug\mergeDebugResources\merged.dir\values-w400dp-port-v13\values-w400dp-port-v13.xml to C:\Users\Tushal\Desktop\APP\Vexor\app\build\intermediates\merged_res\debug\values-w400dp-port-v13_values-w400dp-port-v13.arsc.flat
Compiling XML table C:\Users\Tushal\Desktop\APP\Vexor\app\build\intermediates\incremental\debug\mergeDebugResources\merged.dir\values-pl\values-pl.xml to C:\Users\Tushal\Desktop\APP\Vexor\app\build\intermediates\merged_res\debug\values-pl_values-pl.arsc.flat
Compiling xml file C:\Users\Tushal\Desktop\APP\Vexor\app\build\intermediates\incremental\debug\mergeDebugResources\stripped.dir\layout\activity_calculator.xml to C:\Users\Tushal\Desktop\APP\Vexor\app\build\intermediates\merged_res\debug\layout_activity_calculator.xml.flat
Compiling XML table C:\Users\Tushal\Desktop\APP\Vexor\app\build\intermediates\incremental\debug\mergeDebugResources\merged.dir\values-gu\values-gu.xml to C:\Users\Tushal\Desktop\APP\Vexor\app\build\intermediates\merged_res\debug\values-gu_values-gu.arsc.flat
Compiling xml file C:\Users\Tushal\Desktop\APP\Vexor\app\build\intermediates\incremental\debug\mergeDebugResources\stripped.dir\layout\activity_camera.xml to C:\Users\Tushal\Desktop\APP\Vexor\app\build\intermediates\merged_res\debug\layout_activity_camera.xml.flat
Compiling XML table C:\Users\Tushal\Desktop\APP\Vexor\app\build\intermediates\incremental\debug\mergeDebugResources\merged.dir\values-en-rIN\values-en-rIN.xml to C:\Users\Tushal\Desktop\APP\Vexor\app\build\intermediates\merged_res\debug\values-en-rIN_values-en-rIN.arsc.flat
Compiling xml file C:\Users\Tushal\Desktop\APP\Vexor\app\build\intermediates\incremental\debug\mergeDebugResources\stripped.dir\layout\activity_settings.xml to C:\Users\Tushal\Desktop\APP\Vexor\app\build\intermediates\merged_res\debug\layout_activity_settings.xml.flat
Compiling xml file C:\Users\Tushal\Desktop\APP\Vexor\app\src\main\res\drawable\ic_fingerprint.xml to C:\Users\Tushal\Desktop\APP\Vexor\app\build\intermediates\merged_res\debug\drawable_ic_fingerprint.xml.flat
Compiling XML table C:\Users\Tushal\Desktop\APP\Vexor\app\build\intermediates\incremental\debug\mergeDebugResources\merged.dir\values-nb\values-nb.xml to C:\Users\Tushal\Desktop\APP\Vexor\app\build\intermediates\merged_res\debug\values-nb_values-nb.arsc.flat
Compiling xml file C:\Users\Tushal\Desktop\APP\Vexor\app\build\intermediates\incremental\debug\mergeDebugResources\stripped.dir\layout\activity_main.xml to C:\Users\Tushal\Desktop\APP\Vexor\app\build\intermediates\merged_res\debug\layout_activity_main.xml.flat
Compiling xml file C:\Users\Tushal\Desktop\APP\Vexor\app\src\main\res\drawable\ic_note.xml to C:\Users\Tushal\Desktop\APP\Vexor\app\build\intermediates\merged_res\debug\drawable_ic_note.xml.flat
Compiling xml file C:\Users\Tushal\Desktop\APP\Vexor\app\build\intermediates\incremental\debug\mergeDebugResources\stripped.dir\layout\item_vault_file.xml to C:\Users\Tushal\Desktop\APP\Vexor\app\build\intermediates\merged_res\debug\layout_item_vault_file.xml.flat
Compiling xml file C:\Users\Tushal\Desktop\APP\Vexor\app\src\main\res\drawable\ic_folder.xml to C:\Users\Tushal\Desktop\APP\Vexor\app\build\intermediates\merged_res\debug\drawable_ic_folder.xml.flat
Compiling XML table C:\Users\Tushal\Desktop\APP\Vexor\app\build\intermediates\incremental\debug\mergeDebugResources\merged.dir\values-pa\values-pa.xml to C:\Users\Tushal\Desktop\APP\Vexor\app\build\intermediates\merged_res\debug\values-pa_values-pa.arsc.flat
Compiling xml file C:\Users\Tushal\Desktop\APP\Vexor\app\src\main\res\anim\layout_animation_fall_down.xml to C:\Users\Tushal\Desktop\APP\Vexor\app\build\intermediates\merged_res\debug\anim_layout_animation_fall_down.xml.flat
Compiling xml file C:\Users\Tushal\Desktop\APP\Vexor\app\src\main\res\menu\menu_note_editor.xml to C:\Users\Tushal\Desktop\APP\Vexor\app\build\intermediates\merged_res\debug\menu_menu_note_editor.xml.flat
Compiling xml file C:\Users\Tushal\Desktop\APP\Vexor\app\src\main\res\drawable\ic_secure.xml to C:\Users\Tushal\Desktop\APP\Vexor\app\build\intermediates\merged_res\debug\drawable_ic_secure.xml.flat
Compiling xml file C:\Users\Tushal\Desktop\APP\Vexor\app\src\main\res\drawable\ic_mask.xml to C:\Users\Tushal\Desktop\APP\Vexor\app\build\intermediates\merged_res\debug\drawable_ic_mask.xml.flat
Compiling XML table C:\Users\Tushal\Desktop\APP\Vexor\app\build\intermediates\incremental\debug\mergeDebugResources\merged.dir\values-am\values-am.xml to C:\Users\Tushal\Desktop\APP\Vexor\app\build\intermediates\merged_res\debug\values-am_values-am.arsc.flat
Compiling XML table C:\Users\Tushal\Desktop\APP\Vexor\app\build\intermediates\incremental\debug\mergeDebugResources\merged.dir\values-sw600dp-v13\values-sw600dp-v13.xml to C:\Users\Tushal\Desktop\APP\Vexor\app\build\intermediates\merged_res\debug\values-sw600dp-v13_values-sw600dp-v13.arsc.flat
Compiling XML table C:\Users\Tushal\Desktop\APP\Vexor\app\build\intermediates\incremental\debug\mergeDebugResources\merged.dir\values-sw\values-sw.xml to C:\Users\Tushal\Desktop\APP\Vexor\app\build\intermediates\merged_res\debug\values-sw_values-sw.arsc.flat
Compiling XML table C:\Users\Tushal\Desktop\APP\Vexor\app\build\intermediates\incremental\debug\mergeDebugResources\merged.dir\values-ldrtl-v17\values-ldrtl-v17.xml to C:\Users\Tushal\Desktop\APP\Vexor\app\build\intermediates\merged_res\debug\values-ldrtl-v17_values-ldrtl-v17.arsc.flat
Compiling XML table C:\Users\Tushal\Desktop\APP\Vexor\app\build\intermediates\incremental\debug\mergeDebugResources\merged.dir\values-w600dp-land-v13\values-w600dp-land-v13.xml to C:\Users\Tushal\Desktop\APP\Vexor\app\build\intermediates\merged_res\debug\values-w600dp-land-v13_values-w600dp-land-v13.arsc.flat
Compiling xml file C:\Users\Tushal\Desktop\APP\Vexor\app\build\intermediates\incremental\debug\mergeDebugResources\stripped.dir\layout\item_note.xml to C:\Users\Tushal\Desktop\APP\Vexor\app\build\intermediates\merged_res\debug\layout_item_note.xml.flat
Compiling xml file C:\Users\Tushal\Desktop\APP\Vexor\app\build\intermediates\incremental\debug\mergeDebugResources\stripped.dir\layout\dialog_intruder_photo.xml to C:\Users\Tushal\Desktop\APP\Vexor\app\build\intermediates\merged_res\debug\layout_dialog_intruder_photo.xml.flat
Compiling xml file C:\Users\Tushal\Desktop\APP\Vexor\app\build\intermediates\incremental\debug\mergeDebugResources\stripped.dir\layout\activity_manage_vaults.xml to C:\Users\Tushal\Desktop\APP\Vexor\app\build\intermediates\merged_res\debug\layout_activity_manage_vaults.xml.flat
Compiling xml file C:\Users\Tushal\Desktop\APP\Vexor\app\src\main\res\drawable\ic_back.xml to C:\Users\Tushal\Desktop\APP\Vexor\app\build\intermediates\merged_res\debug\drawable_ic_back.xml.flat

> Task :app:packageDebugResources
Caching disabled for task ':app:packageDebugResources' because:
  Build cache is disabled
Task ':app:packageDebugResources' is not up-to-date because:
  Output property 'dataBindingLayoutInfoOutFolder' file C:\Users\Tushal\Desktop\APP\Vexor\app\build\intermediates\data_binding_layout_info_type_package\debug\out has been removed.
  Output property 'dataBindingLayoutInfoOutFolder' file C:\Users\Tushal\Desktop\APP\Vexor\app\build\intermediates\data_binding_layout_info_type_package\debug\out\activity_calculator-layout.xml has been removed.
  Output property 'dataBindingLayoutInfoOutFolder' file C:\Users\Tushal\Desktop\APP\Vexor\app\build\intermediates\data_binding_layout_info_type_package\debug\out\activity_camera-layout.xml has been removed.
  Output property 'dataBindingLayoutInfoOutFolder' file C:\Users\Tushal\Desktop\APP\Vexor\app\build\intermediates\data_binding_layout_info_type_package\debug\out\activity_change_pin-layout.xml has been removed.
  Output property 'dataBindingLayoutInfoOutFolder' file C:\Users\Tushal\Desktop\APP\Vexor\app\build\intermediates\data_binding_layout_info_type_package\debug\out\activity_intruder_log-layout.xml has been removed.
  Output property 'dataBindingLayoutInfoOutFolder' file C:\Users\Tushal\Desktop\APP\Vexor\app\build\intermediates\data_binding_layout_info_type_package\debug\out\activity_main-layout.xml has been removed.
  Output property 'dataBindingLayoutInfoOutFolder' file C:\Users\Tushal\Desktop\APP\Vexor\app\build\intermediates\data_binding_layout_info_type_package\debug\out\activity_manage_vaults-layout.xml has been removed.
  Output property 'dataBindingLayoutInfoOutFolder' file C:\Users\Tushal\Desktop\APP\Vexor\app\build\intermediates\data_binding_layout_info_type_package\debug\out\activity_note_editor-layout.xml has been removed.
  Output property 'dataBindingLayoutInfoOutFolder' file C:\Users\Tushal\Desktop\APP\Vexor\app\build\intermediates\data_binding_layout_info_type_package\debug\out\activity_note_list-layout.xml has been removed.
  Output property 'dataBindingLayoutInfoOutFolder' file C:\Users\Tushal\Desktop\APP\Vexor\app\build\intermediates\data_binding_layout_info_type_package\debug\out\activity_permissions-layout.xml has been removed.
  Output property 'dataBindingLayoutInfoOutFolder' file C:\Users\Tushal\Desktop\APP\Vexor\app\build\intermediates\data_binding_layout_info_type_package\debug\out\activity_photo_viewer-layout.xml has been removed.
  Output property 'dataBindingLayoutInfoOutFolder' file C:\Users\Tushal\Desktop\APP\Vexor\app\build\intermediates\data_binding_layout_info_type_package\debug\out\activity_settings-layout.xml has been removed.
  Output property 'dataBindingLayoutInfoOutFolder' file C:\Users\Tushal\Desktop\APP\Vexor\app\build\intermediates\data_binding_layout_info_type_package\debug\out\activity_setup-layout.xml has been removed.
  Output property 'dataBindingLayoutInfoOutFolder' file C:\Users\Tushal\Desktop\APP\Vexor\app\build\intermediates\data_binding_layout_info_type_package\debug\out\activity_share_receiver-layout.xml has been removed.
  Output property 'dataBindingLayoutInfoOutFolder' file C:\Users\Tushal\Desktop\APP\Vexor\app\build\intermediates\data_binding_layout_info_type_package\debug\out\activity_splash-layout.xml has been removed.
  Output property 'dataBindingLayoutInfoOutFolder' file C:\Users\Tushal\Desktop\APP\Vexor\app\build\intermediates\data_binding_layout_info_type_package\debug\out\activity_video_player-layout.xml has been removed.
  Output property 'dataBindingLayoutInfoOutFolder' file C:\Users\Tushal\Desktop\APP\Vexor\app\build\intermediates\data_binding_layout_info_type_package\debug\out\dialog_intruder_photo-layout.xml has been removed.
  Output property 'dataBindingLayoutInfoOutFolder' file C:\Users\Tushal\Desktop\APP\Vexor\app\build\intermediates\data_binding_layout_info_type_package\debug\out\item_folder-layout.xml has been removed.
  Output property 'dataBindingLayoutInfoOutFolder' file C:\Users\Tushal\Desktop\APP\Vexor\app\build\intermediates\data_binding_layout_info_type_package\debug\out\item_intruder_log-layout.xml has been removed.
  Output property 'dataBindingLayoutInfoOutFolder' file C:\Users\Tushal\Desktop\APP\Vexor\app\build\intermediates\data_binding_layout_info_type_package\debug\out\item_note-layout.xml has been removed.
  Output property 'dataBindingLayoutInfoOutFolder' file C:\Users\Tushal\Desktop\APP\Vexor\app\build\intermediates\data_binding_layout_info_type_package\debug\out\item_vault-layout.xml has been removed.
  Output property 'dataBindingLayoutInfoOutFolder' file C:\Users\Tushal\Desktop\APP\Vexor\app\build\intermediates\data_binding_layout_info_type_package\debug\out\item_vault_file-layout.xml has been removed.
  Output property 'incrementalFolder' file C:\Users\Tushal\Desktop\APP\Vexor\app\build\intermediates\incremental\debug\packageDebugResources has been removed.
The input changes require a full rebuild for incremental task ':app:packageDebugResources'.
[MergeResources] Inputs are non-incremental full task action.
Resolve mutations for :app:parseDebugLocalResources (Thread[Execution worker Thread 7,5,main]) started.
:app:parseDebugLocalResources (Thread[Execution worker Thread 7,5,main]) started.
Resolve mutations for :app:generateDebugBuildConfig (Thread[Execution worker Thread 17,5,main]) started.
:app:generateDebugBuildConfig (Thread[Execution worker Thread 17,5,main]) started.

> Task :app:generateDebugBuildConfig
Caching disabled for task ':app:generateDebugBuildConfig' because:
  Build cache is disabled
Task ':app:generateDebugBuildConfig' is not up-to-date because:
  Output property 'sourceOutputDir' file C:\Users\Tushal\Desktop\APP\Vexor\app\build\generated\source\buildConfig\debug has been removed.
  Output property 'sourceOutputDir' file C:\Users\Tushal\Desktop\APP\Vexor\app\build\generated\source\buildConfig\debug\com has been removed.
  Output property 'sourceOutputDir' file C:\Users\Tushal\Desktop\APP\Vexor\app\build\generated\source\buildConfig\debug\com\vexor has been removed.
Resolve mutations for :app:checkDebugAarMetadata (Thread[Execution worker Thread 17,5,main]) started.
:app:checkDebugAarMetadata (Thread[Execution worker Thread 17,5,main]) started.
Resolve mutations for :app:mapDebugSourceSetPaths (Thread[Execution worker Thread 14,5,main]) started.
:app:mapDebugSourceSetPaths (Thread[included builds,5,main]) started.

> Task :app:parseDebugLocalResources
Transforming android.jar with PlatformAttrTransform
Caching disabled for PlatformAttrTransform: C:\Users\Tushal\AppData\Local\Android\Sdk\platforms\android-34\android.jar because:
  Build cache is disabled
Skipping PlatformAttrTransform: C:\Users\Tushal\AppData\Local\Android\Sdk\platforms\android-34\android.jar as it is up-to-date.
Transforming android.jar with PlatformAttrTransform
Caching disabled for task ':app:parseDebugLocalResources' because:
  Build cache is disabled
Task ':app:parseDebugLocalResources' is not up-to-date because:
  Output property 'librarySymbolsFile' file C:\Users\Tushal\Desktop\APP\Vexor\app\build\intermediates\local_only_symbol_list\debug\R-def.txt has been removed.
The input changes require a full rebuild for incremental task ':app:parseDebugLocalResources'.
Transforming android.jar with PlatformAttrTransform

> Task :app:mapDebugSourceSetPaths
Caching disabled for task ':app:mapDebugSourceSetPaths' because:
  Build cache is disabled
Task ':app:mapDebugSourceSetPaths' is not up-to-date because:
  Output property 'filepathMappingFile' file C:\Users\Tushal\Desktop\APP\Vexor\app\build\intermediates\source_set_path_map\debug\file-map.txt has been removed.
Resolve mutations for :app:dataBindingGenBaseClassesDebug (Thread[included builds,5,main]) started.
:app:dataBindingGenBaseClassesDebug (Thread[included builds,5,main]) started.

> Task :app:checkDebugAarMetadata
Transforming viewbinding-8.2.0.aar (androidx.databinding:viewbinding:8.2.0) with ExtractAarTransform
Transforming viewbinding-8.2.0.aar (androidx.databinding:viewbinding:8.2.0) with AarTransform
Transforming material-1.11.0.aar (com.google.android.material:material:1.11.0) with ExtractAarTransform
Transforming material-1.11.0.aar (com.google.android.material:material:1.11.0) with AarTransform
Transforming constraintlayout-2.1.4.aar (androidx.constraintlayout:constraintlayout:2.1.4) with ExtractAarTransform
Transforming constraintlayout-2.1.4.aar (androidx.constraintlayout:constraintlayout:2.1.4) with AarTransform
Caching disabled for AarTransform: C:\Users\Tushal\.gradle\caches\transforms-3\ee7372a378ee3382ad11d1d4ea99a2b0\transformed\viewbinding-8.2.0 because:
  Build cache is disabled
Skipping AarTransform: C:\Users\Tushal\.gradle\caches\transforms-3\ee7372a378ee3382ad11d1d4ea99a2b0\transformed\viewbinding-8.2.0 as it is up-to-date.
Transforming biometric-1.1.0.aar (androidx.biometric:biometric:1.1.0) with ExtractAarTransform
Transforming biometric-1.1.0.aar (androidx.biometric:biometric:1.1.0) with AarTransform
Caching disabled for AarTransform: C:\Users\Tushal\.gradle\caches\transforms-3\e308b6e6d17158c8079fa92ee7b91963\transformed\material-1.11.0 because:
  Build cache is disabled
Transforming coil-2.5.0.aar (io.coil-kt:coil:2.5.0) with ExtractAarTransform
Skipping AarTransform: C:\Users\Tushal\.gradle\caches\transforms-3\e308b6e6d17158c8079fa92ee7b91963\transformed\material-1.11.0 as it is up-to-date.
Caching disabled for AarTransform: C:\Users\Tushal\.gradle\caches\transforms-3\ff126ee9cca3fc604c8510753ac09caf\transformed\constraintlayout-2.1.4 because:
  Build cache is disabled
Transforming coil-2.5.0.aar (io.coil-kt:coil:2.5.0) with AarTransform
Skipping AarTransform: C:\Users\Tushal\.gradle\caches\transforms-3\ff126ee9cca3fc604c8510753ac09caf\transformed\constraintlayout-2.1.4 as it is up-to-date.
Transforming coil-video-2.5.0.aar (io.coil-kt:coil-video:2.5.0) with ExtractAarTransform
Caching disabled for AarTransform: C:\Users\Tushal\.gradle\caches\transforms-3\57d34647962dfce3c8e4f7677bf8cd17\transformed\biometric-1.1.0 because:
  Build cache is disabled
Transforming coil-video-2.5.0.aar (io.coil-kt:coil-video:2.5.0) with AarTransform
Caching disabled for AarTransform: C:\Users\Tushal\.gradle\caches\transforms-3\dc740cdfa4b72028e37eea76661c42ef\transformed\coil-2.5.0 because:
  Build cache is disabled
Skipping AarTransform: C:\Users\Tushal\.gradle\caches\transforms-3\dc740cdfa4b72028e37eea76661c42ef\transformed\coil-2.5.0 as it is up-to-date.
Skipping AarTransform: C:\Users\Tushal\.gradle\caches\transforms-3\57d34647962dfce3c8e4f7677bf8cd17\transformed\biometric-1.1.0 as it is up-to-date.
Transforming coil-base-2.5.0.aar (io.coil-kt:coil-base:2.5.0) with ExtractAarTransform
Transforming coil-base-2.5.0.aar (io.coil-kt:coil-base:2.5.0) with AarTransform
Caching disabled for AarTransform: C:\Users\Tushal\.gradle\caches\transforms-3\a7e257e5db315937cb7a3d69b1f90fb7\transformed\coil-video-2.5.0 because:
  Build cache is disabled
Skipping AarTransform: C:\Users\Tushal\.gradle\caches\transforms-3\a7e257e5db315937cb7a3d69b1f90fb7\transformed\coil-video-2.5.0 as it is up-to-date.
Transforming appcompat-resources-1.6.1.aar (androidx.appcompat:appcompat-resources:1.6.1) with ExtractAarTransform
Transforming appcompat-resources-1.6.1.aar (androidx.appcompat:appcompat-resources:1.6.1) with AarTransform
Caching disabled for AarTransform: C:\Users\Tushal\.gradle\caches\transforms-3\c880f30648f48c0e398759a215b47ce2\transformed\coil-base-2.5.0 because:
  Build cache is disabled
Transforming appcompat-1.6.1.aar (androidx.appcompat:appcompat:1.6.1) with ExtractAarTransform
Skipping AarTransform: C:\Users\Tushal\.gradle\caches\transforms-3\c880f30648f48c0e398759a215b47ce2\transformed\coil-base-2.5.0 as it is up-to-date.
Transforming appcompat-1.6.1.aar (androidx.appcompat:appcompat:1.6.1) with AarTransform
Caching disabled for AarTransform: C:\Users\Tushal\.gradle\caches\transforms-3\44cf57b6d98c7e6b7e5b8a03a98cf622\transformed\appcompat-resources-1.6.1 because:
  Build cache is disabled
Skipping AarTransform: C:\Users\Tushal\.gradle\caches\transforms-3\44cf57b6d98c7e6b7e5b8a03a98cf622\transformed\appcompat-resources-1.6.1 as it is up-to-date.
Transforming glide-4.16.0.aar (com.github.bumptech.glide:glide:4.16.0) with ExtractAarTransform
Transforming glide-4.16.0.aar (com.github.bumptech.glide:glide:4.16.0) with AarTransform
Caching disabled for AarTransform: C:\Users\Tushal\.gradle\caches\transforms-3\468ef8c1224fa11f9c4341db52a06e93\transformed\appcompat-1.6.1 because:
  Build cache is disabled
Skipping AarTransform: C:\Users\Tushal\.gradle\caches\transforms-3\468ef8c1224fa11f9c4341db52a06e93\transformed\appcompat-1.6.1 as it is up-to-date.
Transforming media3-exoplayer-1.2.0.aar (androidx.media3:media3-exoplayer:1.2.0) with ExtractAarTransform
Caching disabled for AarTransform: C:\Users\Tushal\.gradle\caches\transforms-3\dc9ba8c66bf67f1ab539a00e8b9c9c9a\transformed\glide-4.16.0 because:
  Build cache is disabled
Transforming media3-exoplayer-1.2.0.aar (androidx.media3:media3-exoplayer:1.2.0) with AarTransform
Skipping AarTransform: C:\Users\Tushal\.gradle\caches\transforms-3\dc9ba8c66bf67f1ab539a00e8b9c9c9a\transformed\glide-4.16.0 as it is up-to-date.
Transforming media3-extractor-1.2.0.aar (androidx.media3:media3-extractor:1.2.0) with ExtractAarTransform
Transforming media3-extractor-1.2.0.aar (androidx.media3:media3-extractor:1.2.0) with AarTransform
Caching disabled for AarTransform: C:\Users\Tushal\.gradle\caches\transforms-3\e75b5071789f5baf57b3f20bc1a48613\transformed\media3-exoplayer-1.2.0 because:
  Build cache is disabled
Transforming media3-container-1.2.0.aar (androidx.media3:media3-container:1.2.0) with ExtractAarTransform
Skipping AarTransform: C:\Users\Tushal\.gradle\caches\transforms-3\e75b5071789f5baf57b3f20bc1a48613\transformed\media3-exoplayer-1.2.0 as it is up-to-date.
Transforming media3-container-1.2.0.aar (androidx.media3:media3-container:1.2.0) with AarTransform
Caching disabled for AarTransform: C:\Users\Tushal\.gradle\caches\transforms-3\92737f2c4321642a8ea14201c9b5f136\transformed\media3-extractor-1.2.0 because:
  Build cache is disabled
Skipping AarTransform: C:\Users\Tushal\.gradle\caches\transforms-3\92737f2c4321642a8ea14201c9b5f136\transformed\media3-extractor-1.2.0 as it is up-to-date.
Transforming media3-datasource-1.2.0.aar (androidx.media3:media3-datasource:1.2.0) with ExtractAarTransform
Transforming media3-datasource-1.2.0.aar (androidx.media3:media3-datasource:1.2.0) with AarTransform
Caching disabled for AarTransform: C:\Users\Tushal\.gradle\caches\transforms-3\df523f5ebd5a1e5d83dd3f3f151f5076\transformed\media3-container-1.2.0 because:
  Build cache is disabled
Transforming media3-decoder-1.2.0.aar (androidx.media3:media3-decoder:1.2.0) with ExtractAarTransform
Skipping AarTransform: C:\Users\Tushal\.gradle\caches\transforms-3\df523f5ebd5a1e5d83dd3f3f151f5076\transformed\media3-container-1.2.0 as it is up-to-date.
Transforming media3-decoder-1.2.0.aar (androidx.media3:media3-decoder:1.2.0) with AarTransform
Caching disabled for AarTransform: C:\Users\Tushal\.gradle\caches\transforms-3\b398c59ea54a69e3de1ab2129ac14a19\transformed\media3-datasource-1.2.0 because:
  Build cache is disabled
Skipping AarTransform: C:\Users\Tushal\.gradle\caches\transforms-3\b398c59ea54a69e3de1ab2129ac14a19\transformed\media3-datasource-1.2.0 as it is up-to-date.
Transforming media3-database-1.2.0.aar (androidx.media3:media3-database:1.2.0) with ExtractAarTransform
Transforming media3-database-1.2.0.aar (androidx.media3:media3-database:1.2.0) with AarTransform
Caching disabled for AarTransform: C:\Users\Tushal\.gradle\caches\transforms-3\1d6c6aaf665475b03b3e7a199de97ee4\transformed\media3-decoder-1.2.0 because:
  Build cache is disabled
Skipping AarTransform: C:\Users\Tushal\.gradle\caches\transforms-3\1d6c6aaf665475b03b3e7a199de97ee4\transformed\media3-decoder-1.2.0 as it is up-to-date.
Transforming media3-common-1.2.0.aar (androidx.media3:media3-common:1.2.0) with ExtractAarTransform
Transforming media3-common-1.2.0.aar (androidx.media3:media3-common:1.2.0) with AarTransform
Caching disabled for AarTransform: C:\Users\Tushal\.gradle\caches\transforms-3\3f4f00451a43ebd95417c5d4a0aac350\transformed\media3-database-1.2.0 because:
  Build cache is disabled
Skipping AarTransform: C:\Users\Tushal\.gradle\caches\transforms-3\3f4f00451a43ebd95417c5d4a0aac350\transformed\media3-database-1.2.0 as it is up-to-date.
Transforming media3-ui-1.2.0.aar (androidx.media3:media3-ui:1.2.0) with ExtractAarTransform
Transforming media3-ui-1.2.0.aar (androidx.media3:media3-ui:1.2.0) with AarTransform
Caching disabled for AarTransform: C:\Users\Tushal\.gradle\caches\transforms-3\1f4d79196179c097dcf5135e5e548a60\transformed\media3-common-1.2.0 because:
  Build cache is disabled
Transforming recyclerview-1.3.2.aar (androidx.recyclerview:recyclerview:1.3.2) with ExtractAarTransform
Skipping AarTransform: C:\Users\Tushal\.gradle\caches\transforms-3\1f4d79196179c097dcf5135e5e548a60\transformed\media3-common-1.2.0 as it is up-to-date.
Caching disabled for AarTransform: C:\Users\Tushal\.gradle\caches\transforms-3\a6a8c7b41a65c72c07aff083dbf25ba0\transformed\media3-ui-1.2.0 because:
  Build cache is disabled
Transforming recyclerview-1.3.2.aar (androidx.recyclerview:recyclerview:1.3.2) with AarTransform
Skipping AarTransform: C:\Users\Tushal\.gradle\caches\transforms-3\a6a8c7b41a65c72c07aff083dbf25ba0\transformed\media3-ui-1.2.0 as it is up-to-date.
Transforming viewpager2-1.1.0-beta02.aar (androidx.viewpager2:viewpager2:1.1.0-beta02) with ExtractAarTransform
Transforming viewpager2-1.1.0-beta02.aar (androidx.viewpager2:viewpager2:1.1.0-beta02) with AarTransform
Transforming fragment-1.3.6.aar (androidx.fragment:fragment:1.3.6) with ExtractAarTransform
Caching disabled for AarTransform: C:\Users\Tushal\.gradle\caches\transforms-3\86ae1b24a46958f5365ec5ef3d2d1c34\transformed\recyclerview-1.3.2 because:
  Build cache is disabled
Transforming fragment-1.3.6.aar (androidx.fragment:fragment:1.3.6) with AarTransform
Skipping AarTransform: C:\Users\Tushal\.gradle\caches\transforms-3\86ae1b24a46958f5365ec5ef3d2d1c34\transformed\recyclerview-1.3.2 as it is up-to-date.
Transforming activity-1.8.2.aar (androidx.activity:activity:1.8.2) with ExtractAarTransform
Caching disabled for AarTransform: C:\Users\Tushal\.gradle\caches\transforms-3\7894b91b38b404f70940d07cabe5899f\transformed\viewpager2-1.1.0-beta02 because:
  Build cache is disabled
Transforming activity-1.8.2.aar (androidx.activity:activity:1.8.2) with AarTransform
Skipping AarTransform: C:\Users\Tushal\.gradle\caches\transforms-3\7894b91b38b404f70940d07cabe5899f\transformed\viewpager2-1.1.0-beta02 as it is up-to-date.
Transforming activity-ktx-1.8.2.aar (androidx.activity:activity-ktx:1.8.2) with ExtractAarTransform
Caching disabled for AarTransform: C:\Users\Tushal\.gradle\caches\transforms-3\492822d6f5cf6540ee1405596cc42ade\transformed\fragment-1.3.6 because:
  Build cache is disabled
Transforming activity-ktx-1.8.2.aar (androidx.activity:activity-ktx:1.8.2) with AarTransform
Skipping AarTransform: C:\Users\Tushal\.gradle\caches\transforms-3\492822d6f5cf6540ee1405596cc42ade\transformed\fragment-1.3.6 as it is up-to-date.
Transforming swiperefreshlayout-1.1.0.aar (androidx.swiperefreshlayout:swiperefreshlayout:1.1.0) with ExtractAarTransform
Caching disabled for AarTransform: C:\Users\Tushal\.gradle\caches\transforms-3\f9410f15e9fb2f39f9c91101f6a20106\transformed\activity-1.8.2 because:
  Build cache is disabled
Transforming swiperefreshlayout-1.1.0.aar (androidx.swiperefreshlayout:swiperefreshlayout:1.1.0) with AarTransform
Skipping AarTransform: C:\Users\Tushal\.gradle\caches\transforms-3\f9410f15e9fb2f39f9c91101f6a20106\transformed\activity-1.8.2 as it is up-to-date.
Caching disabled for AarTransform: C:\Users\Tushal\.gradle\caches\transforms-3\0ca366a1d236200f2eea054185b5f0d8\transformed\activity-ktx-1.8.2 because:
  Build cache is disabled
Transforming camera-lifecycle-1.3.1.aar (androidx.camera:camera-lifecycle:1.3.1) with ExtractAarTransform
Skipping AarTransform: C:\Users\Tushal\.gradle\caches\transforms-3\0ca366a1d236200f2eea054185b5f0d8\transformed\activity-ktx-1.8.2 as it is up-to-date.
Transforming camera-lifecycle-1.3.1.aar (androidx.camera:camera-lifecycle:1.3.1) with AarTransform
Caching disabled for AarTransform: C:\Users\Tushal\.gradle\caches\transforms-3\339f76cdc3d96b2a50cab9a23a560bcb\transformed\swiperefreshlayout-1.1.0 because:
  Build cache is disabled
Transforming camera-camera2-1.3.1.aar (androidx.camera:camera-camera2:1.3.1) with ExtractAarTransform
Skipping AarTransform: C:\Users\Tushal\.gradle\caches\transforms-3\339f76cdc3d96b2a50cab9a23a560bcb\transformed\swiperefreshlayout-1.1.0 as it is up-to-date.
Transforming camera-camera2-1.3.1.aar (androidx.camera:camera-camera2:1.3.1) with AarTransform
Transforming camera-core-1.3.1.aar (androidx.camera:camera-core:1.3.1) with ExtractAarTransform
Transforming camera-core-1.3.1.aar (androidx.camera:camera-core:1.3.1) with AarTransform
Caching disabled for AarTransform: C:\Users\Tushal\.gradle\caches\transforms-3\270e300d271c2ab3efa31872dd2e5301\transformed\camera-lifecycle-1.3.1 because:
  Build cache is disabled
Caching disabled for AarTransform: C:\Users\Tushal\.gradle\caches\transforms-3\fb070df8d5725024895184ad87598e4e\transformed\camera-camera2-1.3.1 because:
  Build cache is disabled
Transforming emoji2-views-helper-1.2.0.aar (androidx.emoji2:emoji2-views-helper:1.2.0) with ExtractAarTransform
Skipping AarTransform: C:\Users\Tushal\.gradle\caches\transforms-3\fb070df8d5725024895184ad87598e4e\transformed\camera-camera2-1.3.1 as it is up-to-date.
Transforming emoji2-views-helper-1.2.0.aar (androidx.emoji2:emoji2-views-helper:1.2.0) with AarTransform
Caching disabled for AarTransform: C:\Users\Tushal\.gradle\caches\transforms-3\b525739896ca14c1bc27882fe8208c8a\transformed\camera-core-1.3.1 because:
  Build cache is disabled
Skipping AarTransform: C:\Users\Tushal\.gradle\caches\transforms-3\270e300d271c2ab3efa31872dd2e5301\transformed\camera-lifecycle-1.3.1 as it is up-to-date.
Skipping AarTransform: C:\Users\Tushal\.gradle\caches\transforms-3\b525739896ca14c1bc27882fe8208c8a\transformed\camera-core-1.3.1 as it is up-to-date.
Transforming emoji2-1.2.0.aar (androidx.emoji2:emoji2:1.2.0) with ExtractAarTransform
Transforming emoji2-1.2.0.aar (androidx.emoji2:emoji2:1.2.0) with AarTransform
Transforming drawerlayout-1.1.1.aar (androidx.drawerlayout:drawerlayout:1.1.1) with ExtractAarTransform
Caching disabled for AarTransform: C:\Users\Tushal\.gradle\caches\transforms-3\dc64f4c79e165697ebdff10b6cc6e9d4\transformed\emoji2-views-helper-1.2.0 because:
  Build cache is disabled
Transforming drawerlayout-1.1.1.aar (androidx.drawerlayout:drawerlayout:1.1.1) with AarTransform
Skipping AarTransform: C:\Users\Tushal\.gradle\caches\transforms-3\dc64f4c79e165697ebdff10b6cc6e9d4\transformed\emoji2-views-helper-1.2.0 as it is up-to-date.
Transforming coordinatorlayout-1.1.0.aar (androidx.coordinatorlayout:coordinatorlayout:1.1.0) with ExtractAarTransform
Transforming coordinatorlayout-1.1.0.aar (androidx.coordinatorlayout:coordinatorlayout:1.1.0) with AarTransform
Transforming dynamicanimation-1.0.0.aar (androidx.dynamicanimation:dynamicanimation:1.0.0) with ExtractAarTransform
Caching disabled for AarTransform: C:\Users\Tushal\.gradle\caches\transforms-3\c6681b4e418b9f33bb2163defe599d48\transformed\emoji2-1.2.0 because:
  Build cache is disabled
Transforming dynamicanimation-1.0.0.aar (androidx.dynamicanimation:dynamicanimation:1.0.0) with AarTransform
Caching disabled for AarTransform: C:\Users\Tushal\.gradle\caches\transforms-3\a4e6ecf66af1c4b4199be43380cac145\transformed\coordinatorlayout-1.1.0 because:
  Build cache is disabled
Caching disabled for AarTransform: C:\Users\Tushal\.gradle\caches\transforms-3\8311f284aead11fa49e25fe7039fe589\transformed\drawerlayout-1.1.1 because:
  Build cache is disabled
Skipping AarTransform: C:\Users\Tushal\.gradle\caches\transforms-3\a4e6ecf66af1c4b4199be43380cac145\transformed\coordinatorlayout-1.1.0 as it is up-to-date.
Transforming transition-1.2.0.aar (androidx.transition:transition:1.2.0) with ExtractAarTransform
Skipping AarTransform: C:\Users\Tushal\.gradle\caches\transforms-3\c6681b4e418b9f33bb2163defe599d48\transformed\emoji2-1.2.0 as it is up-to-date.
Transforming transition-1.2.0.aar (androidx.transition:transition:1.2.0) with AarTransform
Skipping AarTransform: C:\Users\Tushal\.gradle\caches\transforms-3\8311f284aead11fa49e25fe7039fe589\transformed\drawerlayout-1.1.1 as it is up-to-date.
Caching disabled for AarTransform: C:\Users\Tushal\.gradle\caches\transforms-3\ad4399c080ebc131028831b3f7710164\transformed\dynamicanimation-1.0.0 because:
  Build cache is disabled
Skipping AarTransform: C:\Users\Tushal\.gradle\caches\transforms-3\ad4399c080ebc131028831b3f7710164\transformed\dynamicanimation-1.0.0 as it is up-to-date.
Caching disabled for AarTransform: C:\Users\Tushal\.gradle\caches\transforms-3\77ad483ac93f96cb4b844c8d431b41c6\transformed\transition-1.2.0 because:
  Build cache is disabled
Transforming vectordrawable-animated-1.1.0.aar (androidx.vectordrawable:vectordrawable-animated:1.1.0) with ExtractAarTransform
Skipping AarTransform: C:\Users\Tushal\.gradle\caches\transforms-3\77ad483ac93f96cb4b844c8d431b41c6\transformed\transition-1.2.0 as it is up-to-date.
Transforming vectordrawable-animated-1.1.0.aar (androidx.vectordrawable:vectordrawable-animated:1.1.0) with AarTransform
Caching disabled for AarTransform: C:\Users\Tushal\.gradle\caches\transforms-3\3ffad289452d90132b25cfa39b80d81f\transformed\vectordrawable-animated-1.1.0 because:
  Build cache is disabled
Transforming vectordrawable-1.1.0.aar (androidx.vectordrawable:vectordrawable:1.1.0) with ExtractAarTransform
Transforming vectordrawable-1.1.0.aar (androidx.vectordrawable:vectordrawable:1.1.0) with AarTransform
Skipping AarTransform: C:\Users\Tushal\.gradle\caches\transforms-3\3ffad289452d90132b25cfa39b80d81f\transformed\vectordrawable-animated-1.1.0 as it is up-to-date.
Transforming vectordrawable-1.1.0.aar (androidx.vectordrawable:vectordrawable:1.1.0) with ExtractAarTransform
Transforming vectordrawable-1.1.0.aar (androidx.vectordrawable:vectordrawable:1.1.0) with AarTransform
Caching disabled for AarTransform: C:\Users\Tushal\.gradle\caches\transforms-3\0c7ee7980467685fc899e8881f198f09\transformed\vectordrawable-1.1.0 because:
  Build cache is disabled
Transforming media-1.6.0.aar (androidx.media:media:1.6.0) with ExtractAarTransform
Skipping AarTransform: C:\Users\Tushal\.gradle\caches\transforms-3\0c7ee7980467685fc899e8881f198f09\transformed\vectordrawable-1.1.0 as it is up-to-date.
Transforming media-1.6.0.aar (androidx.media:media:1.6.0) with AarTransform
Transforming viewpager-1.0.0.aar (androidx.viewpager:viewpager:1.0.0) with ExtractAarTransform
Transforming viewpager-1.0.0.aar (androidx.viewpager:viewpager:1.0.0) with AarTransform
Transforming legacy-support-core-utils-1.0.0.aar (androidx.legacy:legacy-support-core-utils:1.0.0) with ExtractAarTransform
Caching disabled for AarTransform: C:\Users\Tushal\.gradle\caches\transforms-3\adf12948b03f92c8da384a18759e3a29\transformed\media-1.6.0 because:
  Build cache is disabled
Transforming legacy-support-core-utils-1.0.0.aar (androidx.legacy:legacy-support-core-utils:1.0.0) with AarTransform
Skipping AarTransform: C:\Users\Tushal\.gradle\caches\transforms-3\adf12948b03f92c8da384a18759e3a29\transformed\media-1.6.0 as it is up-to-date.
Caching disabled for AarTransform: C:\Users\Tushal\.gradle\caches\transforms-3\1b730982aa055e587f1c4dd43ee6713f\transformed\viewpager-1.0.0 because:
  Build cache is disabled
Transforming loader-1.0.0.aar (androidx.loader:loader:1.0.0) with ExtractAarTransform
Skipping AarTransform: C:\Users\Tushal\.gradle\caches\transforms-3\1b730982aa055e587f1c4dd43ee6713f\transformed\viewpager-1.0.0 as it is up-to-date.
Transforming loader-1.0.0.aar (androidx.loader:loader:1.0.0) with AarTransform
Caching disabled for AarTransform: C:\Users\Tushal\.gradle\caches\transforms-3\c02ac995872b81c83e1917567743c810\transformed\legacy-support-core-utils-1.0.0 because:
  Build cache is disabled
Transforming loader-1.0.0.aar (androidx.loader:loader:1.0.0) with ExtractAarTransform
Skipping AarTransform: C:\Users\Tushal\.gradle\caches\transforms-3\c02ac995872b81c83e1917567743c810\transformed\legacy-support-core-utils-1.0.0 as it is up-to-date.
Transforming loader-1.0.0.aar (androidx.loader:loader:1.0.0) with AarTransform
Caching disabled for AarTransform: C:\Users\Tushal\.gradle\caches\transforms-3\8b65fb41d7244f8684b31581aedcf434\transformed\loader-1.0.0 because:
  Build cache is disabled
Transforming customview-1.1.0.aar (androidx.customview:customview:1.1.0) with ExtractAarTransform
Skipping AarTransform: C:\Users\Tushal\.gradle\caches\transforms-3\8b65fb41d7244f8684b31581aedcf434\transformed\loader-1.0.0 as it is up-to-date.
Transforming customview-1.1.0.aar (androidx.customview:customview:1.1.0) with AarTransform
Transforming customview-1.1.0.aar (androidx.customview:customview:1.1.0) with ExtractAarTransform
Transforming customview-1.1.0.aar (androidx.customview:customview:1.1.0) with AarTransform
Transforming customview-1.1.0.aar (androidx.customview:customview:1.1.0) with ExtractAarTransform
Caching disabled for AarTransform: C:\Users\Tushal\.gradle\caches\transforms-3\c6744541110b4f89ce76a11e549acfe0\transformed\customview-1.1.0 because:
  Build cache is disabled
Transforming customview-1.1.0.aar (androidx.customview:customview:1.1.0) with AarTransform
Skipping AarTransform: C:\Users\Tushal\.gradle\caches\transforms-3\c6744541110b4f89ce76a11e549acfe0\transformed\customview-1.1.0 as it is up-to-date.
Transforming customview-1.1.0.aar (androidx.customview:customview:1.1.0) with ExtractAarTransform
Transforming customview-1.1.0.aar (androidx.customview:customview:1.1.0) with AarTransform
Transforming core-1.12.0.aar (androidx.core:core:1.12.0) with ExtractAarTransform
Transforming core-1.12.0.aar (androidx.core:core:1.12.0) with AarTransform
Transforming core-1.12.0.aar (androidx.core:core:1.12.0) with ExtractAarTransform
Transforming core-1.12.0.aar (androidx.core:core:1.12.0) with AarTransform
Transforming core-1.12.0.aar (androidx.core:core:1.12.0) with ExtractAarTransform
Caching disabled for AarTransform: C:\Users\Tushal\.gradle\caches\transforms-3\0689a9fd0de0e6fef5d369e599568f09\transformed\core-1.12.0 because:
  Build cache is disabled
Transforming core-1.12.0.aar (androidx.core:core:1.12.0) with AarTransform
Transforming core-1.12.0.aar (androidx.core:core:1.12.0) with ExtractAarTransform
Transforming core-1.12.0.aar (androidx.core:core:1.12.0) with AarTransform
Skipping AarTransform: C:\Users\Tushal\.gradle\caches\transforms-3\0689a9fd0de0e6fef5d369e599568f09\transformed\core-1.12.0 as it is up-to-date.
Transforming core-1.12.0.aar (androidx.core:core:1.12.0) with ExtractAarTransform
Transforming core-1.12.0.aar (androidx.core:core:1.12.0) with AarTransform
Transforming core-1.12.0.aar (androidx.core:core:1.12.0) with ExtractAarTransform
Transforming core-1.12.0.aar (androidx.core:core:1.12.0) with AarTransform
Transforming core-1.12.0.aar (androidx.core:core:1.12.0) with ExtractAarTransform
Transforming core-1.12.0.aar (androidx.core:core:1.12.0) with AarTransform
Transforming customview-poolingcontainer-1.0.0.aar (androidx.customview:customview-poolingcontainer:1.0.0) with ExtractAarTransform
Transforming customview-poolingcontainer-1.0.0.aar (androidx.customview:customview-poolingcontainer:1.0.0) with AarTransform
Transforming lifecycle-process-2.7.0.aar (androidx.lifecycle:lifecycle-process:2.7.0) with ExtractAarTransform
Transforming lifecycle-process-2.7.0.aar (androidx.lifecycle:lifecycle-process:2.7.0) with AarTransform
Transforming lifecycle-runtime-ktx-2.7.0.aar (androidx.lifecycle:lifecycle-runtime-ktx:2.7.0) with ExtractAarTransform
Transforming lifecycle-runtime-ktx-2.7.0.aar (androidx.lifecycle:lifecycle-runtime-ktx:2.7.0) with AarTransform
Transforming savedstate-ktx-1.2.1.aar (androidx.savedstate:savedstate-ktx:1.2.1) with ExtractAarTransform
Transforming savedstate-ktx-1.2.1.aar (androidx.savedstate:savedstate-ktx:1.2.1) with AarTransform
Transforming savedstate-1.2.1.aar (androidx.savedstate:savedstate:1.2.1) with ExtractAarTransform
Caching disabled for AarTransform: C:\Users\Tushal\.gradle\caches\transforms-3\285f085280118d755ce82ea703c4f012\transformed\lifecycle-process-2.7.0 because:
  Build cache is disabled
Caching disabled for AarTransform: C:\Users\Tushal\.gradle\caches\transforms-3\16334cf9ae6f67e16792e7590a141c87\transformed\lifecycle-runtime-ktx-2.7.0 because:
  Build cache is disabled
Caching disabled for AarTransform: C:\Users\Tushal\.gradle\caches\transforms-3\c971668bc13ffb90295d936eac4bd951\transformed\customview-poolingcontainer-1.0.0 because:
  Build cache is disabled
Skipping AarTransform: C:\Users\Tushal\.gradle\caches\transforms-3\16334cf9ae6f67e16792e7590a141c87\transformed\lifecycle-runtime-ktx-2.7.0 as it is up-to-date.
Skipping AarTransform: C:\Users\Tushal\.gradle\caches\transforms-3\285f085280118d755ce82ea703c4f012\transformed\lifecycle-process-2.7.0 as it is up-to-date.
Caching disabled for AarTransform: C:\Users\Tushal\.gradle\caches\transforms-3\392db174018290aedff9183ad18d0929\transformed\savedstate-ktx-1.2.1 because:
  Build cache is disabled
Transforming savedstate-1.2.1.aar (androidx.savedstate:savedstate:1.2.1) with AarTransform
Skipping AarTransform: C:\Users\Tushal\.gradle\caches\transforms-3\392db174018290aedff9183ad18d0929\transformed\savedstate-ktx-1.2.1 as it is up-to-date.
Skipping AarTransform: C:\Users\Tushal\.gradle\caches\transforms-3\c971668bc13ffb90295d936eac4bd951\transformed\customview-poolingcontainer-1.0.0 as it is up-to-date.
Transforming lifecycle-livedata-core-2.7.0.aar (androidx.lifecycle:lifecycle-livedata-core:2.7.0) with ExtractAarTransform
Transforming lifecycle-livedata-core-2.7.0.aar (androidx.lifecycle:lifecycle-livedata-core:2.7.0) with AarTransform
Caching disabled for AarTransform: C:\Users\Tushal\.gradle\caches\transforms-3\4df352a0ff98d010ff87c87a188bfa25\transformed\savedstate-1.2.1 because:
  Build cache is disabled
Transforming lifecycle-livedata-core-ktx-2.7.0.aar (androidx.lifecycle:lifecycle-livedata-core-ktx:2.7.0) with ExtractAarTransform
Transforming lifecycle-livedata-core-ktx-2.7.0.aar (androidx.lifecycle:lifecycle-livedata-core-ktx:2.7.0) with AarTransform
Skipping AarTransform: C:\Users\Tushal\.gradle\caches\transforms-3\4df352a0ff98d010ff87c87a188bfa25\transformed\savedstate-1.2.1 as it is up-to-date.
Caching disabled for AarTransform: C:\Users\Tushal\.gradle\caches\transforms-3\677b5a79186bd8504b833b54b60ee3c9\transformed\lifecycle-livedata-core-2.7.0 because:
  Build cache is disabled
Transforming lifecycle-livedata-2.7.0.aar (androidx.lifecycle:lifecycle-livedata:2.7.0) with ExtractAarTransform
Skipping AarTransform: C:\Users\Tushal\.gradle\caches\transforms-3\677b5a79186bd8504b833b54b60ee3c9\transformed\lifecycle-livedata-core-2.7.0 as it is up-to-date.
Transforming lifecycle-livedata-2.7.0.aar (androidx.lifecycle:lifecycle-livedata:2.7.0) with AarTransform
Caching disabled for AarTransform: C:\Users\Tushal\.gradle\caches\transforms-3\559af55a7bd8a35aa959e6d3da59f562\transformed\lifecycle-livedata-core-ktx-2.7.0 because:
  Build cache is disabled
Caching disabled for AarTransform: C:\Users\Tushal\.gradle\caches\transforms-3\3dc0ddc8b1cc7d28c3b48bca5ad7c63a\transformed\lifecycle-livedata-2.7.0 because:
  Build cache is disabled
Transforming lifecycle-livedata-2.7.0.aar (androidx.lifecycle:lifecycle-livedata:2.7.0) with ExtractAarTransform
Skipping AarTransform: C:\Users\Tushal\.gradle\caches\transforms-3\559af55a7bd8a35aa959e6d3da59f562\transformed\lifecycle-livedata-core-ktx-2.7.0 as it is up-to-date.
Transforming lifecycle-livedata-2.7.0.aar (androidx.lifecycle:lifecycle-livedata:2.7.0) with AarTransform
Skipping AarTransform: C:\Users\Tushal\.gradle\caches\transforms-3\3dc0ddc8b1cc7d28c3b48bca5ad7c63a\transformed\lifecycle-livedata-2.7.0 as it is up-to-date.
Transforming lifecycle-runtime-2.7.0.aar (androidx.lifecycle:lifecycle-runtime:2.7.0) with ExtractAarTransform
Transforming lifecycle-runtime-2.7.0.aar (androidx.lifecycle:lifecycle-runtime:2.7.0) with AarTransform
Transforming lifecycle-viewmodel-2.7.0.aar (androidx.lifecycle:lifecycle-viewmodel:2.7.0) with ExtractAarTransform
Transforming lifecycle-viewmodel-2.7.0.aar (androidx.lifecycle:lifecycle-viewmodel:2.7.0) with AarTransform
Transforming lifecycle-viewmodel-2.7.0.aar (androidx.lifecycle:lifecycle-viewmodel:2.7.0) with ExtractAarTransform
Transforming lifecycle-viewmodel-2.7.0.aar (androidx.lifecycle:lifecycle-viewmodel:2.7.0) with AarTransform
Transforming lifecycle-viewmodel-ktx-2.7.0.aar (androidx.lifecycle:lifecycle-viewmodel-ktx:2.7.0) with ExtractAarTransform
Caching disabled for AarTransform: C:\Users\Tushal\.gradle\caches\transforms-3\c35613f5ee0955877fb1dbb83fac5020\transformed\lifecycle-runtime-2.7.0 because:
  Build cache is disabled
Transforming lifecycle-viewmodel-ktx-2.7.0.aar (androidx.lifecycle:lifecycle-viewmodel-ktx:2.7.0) with AarTransform
Caching disabled for AarTransform: C:\Users\Tushal\.gradle\caches\transforms-3\6bab4852d63525fc8c095ec62187c7d2\transformed\lifecycle-viewmodel-2.7.0 because:
  Build cache is disabled
Transforming lifecycle-livedata-ktx-2.7.0.aar (androidx.lifecycle:lifecycle-livedata-ktx:2.7.0) with ExtractAarTransform
Skipping AarTransform: C:\Users\Tushal\.gradle\caches\transforms-3\6bab4852d63525fc8c095ec62187c7d2\transformed\lifecycle-viewmodel-2.7.0 as it is up-to-date.
Transforming lifecycle-livedata-ktx-2.7.0.aar (androidx.lifecycle:lifecycle-livedata-ktx:2.7.0) with AarTransform
Skipping AarTransform: C:\Users\Tushal\.gradle\caches\transforms-3\c35613f5ee0955877fb1dbb83fac5020\transformed\lifecycle-runtime-2.7.0 as it is up-to-date.
Transforming lifecycle-viewmodel-savedstate-2.7.0.aar (androidx.lifecycle:lifecycle-viewmodel-savedstate:2.7.0) with ExtractAarTransform
Caching disabled for AarTransform: C:\Users\Tushal\.gradle\caches\transforms-3\12495d349f42f60593d1d8e7a86e38c5\transformed\lifecycle-viewmodel-ktx-2.7.0 because:
  Build cache is disabled
Transforming lifecycle-viewmodel-savedstate-2.7.0.aar (androidx.lifecycle:lifecycle-viewmodel-savedstate:2.7.0) with AarTransform
Skipping AarTransform: C:\Users\Tushal\.gradle\caches\transforms-3\12495d349f42f60593d1d8e7a86e38c5\transformed\lifecycle-viewmodel-ktx-2.7.0 as it is up-to-date.
Caching disabled for AarTransform: C:\Users\Tushal\.gradle\caches\transforms-3\1f44855ee8a9143ee7ef0c1481e3f0d9\transformed\lifecycle-livedata-ktx-2.7.0 because:
  Build cache is disabled
Caching disabled for AarTransform: C:\Users\Tushal\.gradle\caches\transforms-3\456d36f24c2cdbdedacb020de67fc621\transformed\lifecycle-viewmodel-savedstate-2.7.0 because:
  Build cache is disabled
Transforming core-ktx-1.12.0.aar (androidx.core:core-ktx:1.12.0) with ExtractAarTransform
Skipping AarTransform: C:\Users\Tushal\.gradle\caches\transforms-3\456d36f24c2cdbdedacb020de67fc621\transformed\lifecycle-viewmodel-savedstate-2.7.0 as it is up-to-date.
Skipping AarTransform: C:\Users\Tushal\.gradle\caches\transforms-3\1f44855ee8a9143ee7ef0c1481e3f0d9\transformed\lifecycle-livedata-ktx-2.7.0 as it is up-to-date.
Transforming core-ktx-1.12.0.aar (androidx.core:core-ktx:1.12.0) with AarTransform
Transforming room-runtime-2.6.1.aar (androidx.room:room-runtime:2.6.1) with ExtractAarTransform
Transforming room-runtime-2.6.1.aar (androidx.room:room-runtime:2.6.1) with AarTransform
Transforming room-ktx-2.6.1.aar (androidx.room:room-ktx:2.6.1) with ExtractAarTransform
Transforming room-ktx-2.6.1.aar (androidx.room:room-ktx:2.6.1) with AarTransform
Transforming sqlite-framework-2.4.0.aar (androidx.sqlite:sqlite-framework:2.4.0) with ExtractAarTransform
Transforming sqlite-framework-2.4.0.aar (androidx.sqlite:sqlite-framework:2.4.0) with AarTransform
Caching disabled for AarTransform: C:\Users\Tushal\.gradle\caches\transforms-3\4a0525888b51531b2d8c676d5df937d6\transformed\core-ktx-1.12.0 because:
  Build cache is disabled
Caching disabled for AarTransform: C:\Users\Tushal\.gradle\caches\transforms-3\370719b425780f26af1080c819ab5589\transformed\room-ktx-2.6.1 because:
  Build cache is disabled
Caching disabled for AarTransform: C:\Users\Tushal\.gradle\caches\transforms-3\888877568181c0f6eb4ce892d57068b3\transformed\room-runtime-2.6.1 because:
  Build cache is disabled
Skipping AarTransform: C:\Users\Tushal\.gradle\caches\transforms-3\370719b425780f26af1080c819ab5589\transformed\room-ktx-2.6.1 as it is up-to-date.
Transforming sqlite-2.4.0.aar (androidx.sqlite:sqlite:2.4.0) with ExtractAarTransform
Skipping AarTransform: C:\Users\Tushal\.gradle\caches\transforms-3\888877568181c0f6eb4ce892d57068b3\transformed\room-runtime-2.6.1 as it is up-to-date.
Caching disabled for AarTransform: C:\Users\Tushal\.gradle\caches\transforms-3\b7004b0b345b7039ad3076d4f11b014f\transformed\sqlite-framework-2.4.0 because:
  Build cache is disabled
Skipping AarTransform: C:\Users\Tushal\.gradle\caches\transforms-3\4a0525888b51531b2d8c676d5df937d6\transformed\core-ktx-1.12.0 as it is up-to-date.
Skipping AarTransform: C:\Users\Tushal\.gradle\caches\transforms-3\b7004b0b345b7039ad3076d4f11b014f\transformed\sqlite-framework-2.4.0 as it is up-to-date.
Transforming sqlite-2.4.0.aar (androidx.sqlite:sqlite:2.4.0) with AarTransform
Transforming annotation-experimental-1.3.1.aar (androidx.annotation:annotation-experimental:1.3.1) with ExtractAarTransform
Transforming annotation-experimental-1.3.1.aar (androidx.annotation:annotation-experimental:1.3.1) with AarTransform
Transforming cardview-1.0.0.aar (androidx.cardview:cardview:1.0.0) with ExtractAarTransform
Transforming cardview-1.0.0.aar (androidx.cardview:cardview:1.0.0) with AarTransform
Transforming security-crypto-1.1.0-alpha06.aar (androidx.security:security-crypto:1.1.0-alpha06) with ExtractAarTransform
Transforming security-crypto-1.1.0-alpha06.aar (androidx.security:security-crypto:1.1.0-alpha06) with AarTransform
Transforming cursoradapter-1.0.0.aar (androidx.cursoradapter:cursoradapter:1.0.0) with ExtractAarTransform
Caching disabled for AarTransform: C:\Users\Tushal\.gradle\caches\transforms-3\fc8be31588cad0a66c61f32c5640f596\transformed\sqlite-2.4.0 because:
  Build cache is disabled
Caching disabled for AarTransform: C:\Users\Tushal\.gradle\caches\transforms-3\947307f88e48bf9427ba4ec6a34d2b50\transformed\cardview-1.0.0 because:
  Build cache is disabled
Caching disabled for AarTransform: C:\Users\Tushal\.gradle\caches\transforms-3\81978c211bff88f5381685aa43447203\transformed\annotation-experimental-1.3.1 because:
  Build cache is disabled
Skipping AarTransform: C:\Users\Tushal\.gradle\caches\transforms-3\947307f88e48bf9427ba4ec6a34d2b50\transformed\cardview-1.0.0 as it is up-to-date.
Caching disabled for AarTransform: C:\Users\Tushal\.gradle\caches\transforms-3\f816468c226029777744c01983376002\transformed\security-crypto-1.1.0-alpha06 because:
  Build cache is disabled
Skipping AarTransform: C:\Users\Tushal\.gradle\caches\transforms-3\fc8be31588cad0a66c61f32c5640f596\transformed\sqlite-2.4.0 as it is up-to-date.
Transforming cursoradapter-1.0.0.aar (androidx.cursoradapter:cursoradapter:1.0.0) with AarTransform
Skipping AarTransform: C:\Users\Tushal\.gradle\caches\transforms-3\f816468c226029777744c01983376002\transformed\security-crypto-1.1.0-alpha06 as it is up-to-date.
Skipping AarTransform: C:\Users\Tushal\.gradle\caches\transforms-3\81978c211bff88f5381685aa43447203\transformed\annotation-experimental-1.3.1 as it is up-to-date.
Transforming interpolator-1.0.0.aar (androidx.interpolator:interpolator:1.0.0) with ExtractAarTransform
Transforming interpolator-1.0.0.aar (androidx.interpolator:interpolator:1.0.0) with AarTransform
Transforming interpolator-1.0.0.aar (androidx.interpolator:interpolator:1.0.0) with ExtractAarTransform
Transforming interpolator-1.0.0.aar (androidx.interpolator:interpolator:1.0.0) with AarTransform
Transforming interpolator-1.0.0.aar (androidx.interpolator:interpolator:1.0.0) with ExtractAarTransform
Transforming interpolator-1.0.0.aar (androidx.interpolator:interpolator:1.0.0) with AarTransform
Transforming core-runtime-2.2.0.aar (androidx.arch.core:core-runtime:2.2.0) with ExtractAarTransform
Caching disabled for AarTransform: C:\Users\Tushal\.gradle\caches\transforms-3\feccdbabe94b1a4a420e85fa751f7c7d\transformed\cursoradapter-1.0.0 because:
  Build cache is disabled
Transforming core-runtime-2.2.0.aar (androidx.arch.core:core-runtime:2.2.0) with AarTransform
Caching disabled for AarTransform: C:\Users\Tushal\.gradle\caches\transforms-3\b4713265b2f5b88c29f2131d51b92139\transformed\interpolator-1.0.0 because:
  Build cache is disabled
Skipping AarTransform: C:\Users\Tushal\.gradle\caches\transforms-3\feccdbabe94b1a4a420e85fa751f7c7d\transformed\cursoradapter-1.0.0 as it is up-to-date.
Transforming exifinterface-1.3.6.aar (androidx.exifinterface:exifinterface:1.3.6) with ExtractAarTransform
Caching disabled for AarTransform: C:\Users\Tushal\.gradle\caches\transforms-3\1f92b18ff42b04762aab378ca1917193\transformed\core-runtime-2.2.0 because:
  Build cache is disabled
Transforming exifinterface-1.3.6.aar (androidx.exifinterface:exifinterface:1.3.6) with AarTransform
Skipping AarTransform: C:\Users\Tushal\.gradle\caches\transforms-3\b4713265b2f5b88c29f2131d51b92139\transformed\interpolator-1.0.0 as it is up-to-date.
Skipping AarTransform: C:\Users\Tushal\.gradle\caches\transforms-3\1f92b18ff42b04762aab378ca1917193\transformed\core-runtime-2.2.0 as it is up-to-date.
Transforming gifdecoder-4.16.0.aar (com.github.bumptech.glide:gifdecoder:4.16.0) with ExtractAarTransform
Transforming gifdecoder-4.16.0.aar (com.github.bumptech.glide:gifdecoder:4.16.0) with AarTransform
Transforming profileinstaller-1.3.1.aar (androidx.profileinstaller:profileinstaller:1.3.1) with ExtractAarTransform
Transforming profileinstaller-1.3.1.aar (androidx.profileinstaller:profileinstaller:1.3.1) with AarTransform
Transforming startup-runtime-1.1.1.aar (androidx.startup:startup-runtime:1.1.1) with ExtractAarTransform
Transforming startup-runtime-1.1.1.aar (androidx.startup:startup-runtime:1.1.1) with AarTransform
Transforming tracing-1.0.0.aar (androidx.tracing:tracing:1.0.0) with ExtractAarTransform
Transforming tracing-1.0.0.aar (androidx.tracing:tracing:1.0.0) with AarTransform
Caching disabled for AarTransform: C:\Users\Tushal\.gradle\caches\transforms-3\add9d43d9169ede12cf03341f0f55eff\transformed\profileinstaller-1.3.1 because:
  Build cache is disabled
Caching disabled for AarTransform: C:\Users\Tushal\.gradle\caches\transforms-3\9dca4bc3d53f04f796ee539a0be1842d\transformed\exifinterface-1.3.6 because:
  Build cache is disabled
Caching disabled for AarTransform: C:\Users\Tushal\.gradle\caches\transforms-3\feab105b5520079f049fbf877f15d1c9\transformed\startup-runtime-1.1.1 because:
  Build cache is disabled
Caching disabled for AarTransform: C:\Users\Tushal\.gradle\caches\transforms-3\6b25d9b82ed183efd04348a1932698e9\transformed\gifdecoder-4.16.0 because:
  Build cache is disabled
Transforming versionedparcelable-1.1.1.aar (androidx.versionedparcelable:versionedparcelable:1.1.1) with ExtractAarTransform
Skipping AarTransform: C:\Users\Tushal\.gradle\caches\transforms-3\6b25d9b82ed183efd04348a1932698e9\transformed\gifdecoder-4.16.0 as it is up-to-date.
Skipping AarTransform: C:\Users\Tushal\.gradle\caches\transforms-3\feab105b5520079f049fbf877f15d1c9\transformed\startup-runtime-1.1.1 as it is up-to-date.
Skipping AarTransform: C:\Users\Tushal\.gradle\caches\transforms-3\9dca4bc3d53f04f796ee539a0be1842d\transformed\exifinterface-1.3.6 as it is up-to-date.
Skipping AarTransform: C:\Users\Tushal\.gradle\caches\transforms-3\add9d43d9169ede12cf03341f0f55eff\transformed\profileinstaller-1.3.1 as it is up-to-date.
Caching disabled for AarTransform: C:\Users\Tushal\.gradle\caches\transforms-3\b89dbbd2c07c77ed01414e4e82e13513\transformed\tracing-1.0.0 because:
  Build cache is disabled
Transforming versionedparcelable-1.1.1.aar (androidx.versionedparcelable:versionedparcelable:1.1.1) with AarTransform
Skipping AarTransform: C:\Users\Tushal\.gradle\caches\transforms-3\b89dbbd2c07c77ed01414e4e82e13513\transformed\tracing-1.0.0 as it is up-to-date.
Transforming documentfile-1.0.0.aar (androidx.documentfile:documentfile:1.0.0) with ExtractAarTransform
Transforming documentfile-1.0.0.aar (androidx.documentfile:documentfile:1.0.0) with AarTransform
Transforming localbroadcastmanager-1.0.0.aar (androidx.localbroadcastmanager:localbroadcastmanager:1.0.0) with ExtractAarTransform
Transforming localbroadcastmanager-1.0.0.aar (androidx.localbroadcastmanager:localbroadcastmanager:1.0.0) with AarTransform
Caching disabled for AarTransform: C:\Users\Tushal\.gradle\caches\transforms-3\525a47ace2319598ac413e200a5d0bc8\transformed\versionedparcelable-1.1.1 because:
  Build cache is disabled
Transforming print-1.0.0.aar (androidx.print:print:1.0.0) with ExtractAarTransform
Skipping AarTransform: C:\Users\Tushal\.gradle\caches\transforms-3\525a47ace2319598ac413e200a5d0bc8\transformed\versionedparcelable-1.1.1 as it is up-to-date.
Caching disabled for AarTransform: C:\Users\Tushal\.gradle\caches\transforms-3\4605d80e7c376801fc7312c266e4256f\transformed\documentfile-1.0.0 because:
  Build cache is disabled
Caching disabled for AarTransform: C:\Users\Tushal\.gradle\caches\transforms-3\119ccbc886a35f03ef88c1b2aa469021\transformed\localbroadcastmanager-1.0.0 because:
  Build cache is disabled
Skipping AarTransform: C:\Users\Tushal\.gradle\caches\transforms-3\4605d80e7c376801fc7312c266e4256f\transformed\documentfile-1.0.0 as it is up-to-date.
Transforming print-1.0.0.aar (androidx.print:print:1.0.0) with AarTransform
Skipping AarTransform: C:\Users\Tushal\.gradle\caches\transforms-3\119ccbc886a35f03ef88c1b2aa469021\transformed\localbroadcastmanager-1.0.0 as it is up-to-date.
Transforming multidex-2.0.1.aar (androidx.multidex:multidex:2.0.1) with ExtractAarTransform
Caching disabled for AarTransform: C:\Users\Tushal\.gradle\caches\transforms-3\ea51fda6ac45a05011c00104e91c0579\transformed\print-1.0.0 because:
  Build cache is disabled
Transforming multidex-2.0.1.aar (androidx.multidex:multidex:2.0.1) with AarTransform
Skipping AarTransform: C:\Users\Tushal\.gradle\caches\transforms-3\ea51fda6ac45a05011c00104e91c0579\transformed\print-1.0.0 as it is up-to-date.
Caching disabled for AarTransform: C:\Users\Tushal\.gradle\caches\transforms-3\8b6a5ea78f7918a06084e5aa589e5e1d\transformed\multidex-2.0.1 because:
  Build cache is disabled
Skipping AarTransform: C:\Users\Tushal\.gradle\caches\transforms-3\8b6a5ea78f7918a06084e5aa589e5e1d\transformed\multidex-2.0.1 as it is up-to-date.
Caching disabled for task ':app:checkDebugAarMetadata' because:
  Build cache is disabled
Task ':app:checkDebugAarMetadata' is not up-to-date because:
  Output property 'dummyOutputDirectory' file C:\Users\Tushal\Desktop\APP\Vexor\app\build\intermediates\aar_metadata_check\debug has been removed.

> Task :app:dataBindingGenBaseClassesDebug
Transforming viewbinding-8.2.0.aar (androidx.databinding:viewbinding:8.2.0) with ExtractAarTransform
Transforming viewbinding-8.2.0.aar (androidx.databinding:viewbinding:8.2.0) with LibrarySymbolTableTransform
Transforming material-1.11.0.aar (com.google.android.material:material:1.11.0) with ExtractAarTransform
Transforming material-1.11.0.aar (com.google.android.material:material:1.11.0) with LibrarySymbolTableTransform
Transforming constraintlayout-2.1.4.aar (androidx.constraintlayout:constraintlayout:2.1.4) with ExtractAarTransform
Transforming constraintlayout-2.1.4.aar (androidx.constraintlayout:constraintlayout:2.1.4) with LibrarySymbolTableTransform
Transforming biometric-1.1.0.aar (androidx.biometric:biometric:1.1.0) with ExtractAarTransform
Caching disabled for LibrarySymbolTableTransform: C:\Users\Tushal\.gradle\caches\transforms-3\ee7372a378ee3382ad11d1d4ea99a2b0\transformed\viewbinding-8.2.0 because:
  Build cache is disabled
Transforming biometric-1.1.0.aar (androidx.biometric:biometric:1.1.0) with LibrarySymbolTableTransform
Skipping LibrarySymbolTableTransform: C:\Users\Tushal\.gradle\caches\transforms-3\ee7372a378ee3382ad11d1d4ea99a2b0\transformed\viewbinding-8.2.0 as it is up-to-date.
Caching disabled for LibrarySymbolTableTransform: C:\Users\Tushal\.gradle\caches\transforms-3\e308b6e6d17158c8079fa92ee7b91963\transformed\material-1.11.0 because:
  Build cache is disabled
Skipping LibrarySymbolTableTransform: C:\Users\Tushal\.gradle\caches\transforms-3\e308b6e6d17158c8079fa92ee7b91963\transformed\material-1.11.0 as it is up-to-date.
Caching disabled for LibrarySymbolTableTransform: C:\Users\Tushal\.gradle\caches\transforms-3\ff126ee9cca3fc604c8510753ac09caf\transformed\constraintlayout-2.1.4 because:
  Build cache is disabled
Transforming coil-2.5.0.aar (io.coil-kt:coil:2.5.0) with ExtractAarTransform
Skipping LibrarySymbolTableTransform: C:\Users\Tushal\.gradle\caches\transforms-3\ff126ee9cca3fc604c8510753ac09caf\transformed\constraintlayout-2.1.4 as it is up-to-date.
Transforming coil-2.5.0.aar (io.coil-kt:coil:2.5.0) with LibrarySymbolTableTransform
Transforming coil-video-2.5.0.aar (io.coil-kt:coil-video:2.5.0) with ExtractAarTransform
Transforming coil-video-2.5.0.aar (io.coil-kt:coil-video:2.5.0) with LibrarySymbolTableTransform
Caching disabled for LibrarySymbolTableTransform: C:\Users\Tushal\.gradle\caches\transforms-3\57d34647962dfce3c8e4f7677bf8cd17\transformed\biometric-1.1.0 because:
  Build cache is disabled
Transforming coil-base-2.5.0.aar (io.coil-kt:coil-base:2.5.0) with ExtractAarTransform
Transforming coil-base-2.5.0.aar (io.coil-kt:coil-base:2.5.0) with LibrarySymbolTableTransform
Skipping LibrarySymbolTableTransform: C:\Users\Tushal\.gradle\caches\transforms-3\57d34647962dfce3c8e4f7677bf8cd17\transformed\biometric-1.1.0 as it is up-to-date.
Caching disabled for LibrarySymbolTableTransform: C:\Users\Tushal\.gradle\caches\transforms-3\dc740cdfa4b72028e37eea76661c42ef\transformed\coil-2.5.0 because:
  Build cache is disabled
Caching disabled for LibrarySymbolTableTransform: C:\Users\Tushal\.gradle\caches\transforms-3\a7e257e5db315937cb7a3d69b1f90fb7\transformed\coil-video-2.5.0 because:
  Build cache is disabled
Transforming appcompat-resources-1.6.1.aar (androidx.appcompat:appcompat-resources:1.6.1) with ExtractAarTransform
Skipping LibrarySymbolTableTransform: C:\Users\Tushal\.gradle\caches\transforms-3\a7e257e5db315937cb7a3d69b1f90fb7\transformed\coil-video-2.5.0 as it is up-to-date.
Skipping LibrarySymbolTableTransform: C:\Users\Tushal\.gradle\caches\transforms-3\dc740cdfa4b72028e37eea76661c42ef\transformed\coil-2.5.0 as it is up-to-date.
Caching disabled for LibrarySymbolTableTransform: C:\Users\Tushal\.gradle\caches\transforms-3\c880f30648f48c0e398759a215b47ce2\transformed\coil-base-2.5.0 because:
  Build cache is disabled
Transforming appcompat-resources-1.6.1.aar (androidx.appcompat:appcompat-resources:1.6.1) with LibrarySymbolTableTransform
Skipping LibrarySymbolTableTransform: C:\Users\Tushal\.gradle\caches\transforms-3\c880f30648f48c0e398759a215b47ce2\transformed\coil-base-2.5.0 as it is up-to-date.
Transforming appcompat-1.6.1.aar (androidx.appcompat:appcompat:1.6.1) with ExtractAarTransform
Transforming appcompat-1.6.1.aar (androidx.appcompat:appcompat:1.6.1) with LibrarySymbolTableTransform
Caching disabled for LibrarySymbolTableTransform: C:\Users\Tushal\.gradle\caches\transforms-3\44cf57b6d98c7e6b7e5b8a03a98cf622\transformed\appcompat-resources-1.6.1 because:
  Build cache is disabled
Skipping LibrarySymbolTableTransform: C:\Users\Tushal\.gradle\caches\transforms-3\44cf57b6d98c7e6b7e5b8a03a98cf622\transformed\appcompat-resources-1.6.1 as it is up-to-date.
Transforming glide-4.16.0.aar (com.github.bumptech.glide:glide:4.16.0) with ExtractAarTransform
Transforming glide-4.16.0.aar (com.github.bumptech.glide:glide:4.16.0) with LibrarySymbolTableTransform
Caching disabled for LibrarySymbolTableTransform: C:\Users\Tushal\.gradle\caches\transforms-3\468ef8c1224fa11f9c4341db52a06e93\transformed\appcompat-1.6.1 because:
  Build cache is disabled
Transforming media3-exoplayer-1.2.0.aar (androidx.media3:media3-exoplayer:1.2.0) with ExtractAarTransform
Skipping LibrarySymbolTableTransform: C:\Users\Tushal\.gradle\caches\transforms-3\468ef8c1224fa11f9c4341db52a06e93\transformed\appcompat-1.6.1 as it is up-to-date.
Transforming media3-exoplayer-1.2.0.aar (androidx.media3:media3-exoplayer:1.2.0) with LibrarySymbolTableTransform
Caching disabled for LibrarySymbolTableTransform: C:\Users\Tushal\.gradle\caches\transforms-3\dc9ba8c66bf67f1ab539a00e8b9c9c9a\transformed\glide-4.16.0 because:
  Build cache is disabled
Skipping LibrarySymbolTableTransform: C:\Users\Tushal\.gradle\caches\transforms-3\dc9ba8c66bf67f1ab539a00e8b9c9c9a\transformed\glide-4.16.0 as it is up-to-date.
Transforming media3-extractor-1.2.0.aar (androidx.media3:media3-extractor:1.2.0) with ExtractAarTransform
Transforming media3-extractor-1.2.0.aar (androidx.media3:media3-extractor:1.2.0) with LibrarySymbolTableTransform
Caching disabled for LibrarySymbolTableTransform: C:\Users\Tushal\.gradle\caches\transforms-3\e75b5071789f5baf57b3f20bc1a48613\transformed\media3-exoplayer-1.2.0 because:
  Build cache is disabled
Skipping LibrarySymbolTableTransform: C:\Users\Tushal\.gradle\caches\transforms-3\e75b5071789f5baf57b3f20bc1a48613\transformed\media3-exoplayer-1.2.0 as it is up-to-date.
Transforming media3-container-1.2.0.aar (androidx.media3:media3-container:1.2.0) with ExtractAarTransform
Transforming media3-container-1.2.0.aar (androidx.media3:media3-container:1.2.0) with LibrarySymbolTableTransform
Caching disabled for LibrarySymbolTableTransform: C:\Users\Tushal\.gradle\caches\transforms-3\92737f2c4321642a8ea14201c9b5f136\transformed\media3-extractor-1.2.0 because:
  Build cache is disabled
Skipping LibrarySymbolTableTransform: C:\Users\Tushal\.gradle\caches\transforms-3\92737f2c4321642a8ea14201c9b5f136\transformed\media3-extractor-1.2.0 as it is up-to-date.
Transforming media3-datasource-1.2.0.aar (androidx.media3:media3-datasource:1.2.0) with ExtractAarTransform
Transforming media3-datasource-1.2.0.aar (androidx.media3:media3-datasource:1.2.0) with LibrarySymbolTableTransform
Caching disabled for LibrarySymbolTableTransform: C:\Users\Tushal\.gradle\caches\transforms-3\df523f5ebd5a1e5d83dd3f3f151f5076\transformed\media3-container-1.2.0 because:
  Build cache is disabled
Skipping LibrarySymbolTableTransform: C:\Users\Tushal\.gradle\caches\transforms-3\df523f5ebd5a1e5d83dd3f3f151f5076\transformed\media3-container-1.2.0 as it is up-to-date.
Transforming media3-decoder-1.2.0.aar (androidx.media3:media3-decoder:1.2.0) with ExtractAarTransform
Transforming media3-decoder-1.2.0.aar (androidx.media3:media3-decoder:1.2.0) with LibrarySymbolTableTransform
Caching disabled for LibrarySymbolTableTransform: C:\Users\Tushal\.gradle\caches\transforms-3\b398c59ea54a69e3de1ab2129ac14a19\transformed\media3-datasource-1.2.0 because:
  Build cache is disabled
Skipping LibrarySymbolTableTransform: C:\Users\Tushal\.gradle\caches\transforms-3\b398c59ea54a69e3de1ab2129ac14a19\transformed\media3-datasource-1.2.0 as it is up-to-date.
Transforming media3-database-1.2.0.aar (androidx.media3:media3-database:1.2.0) with ExtractAarTransform
Transforming media3-database-1.2.0.aar (androidx.media3:media3-database:1.2.0) with LibrarySymbolTableTransform
Caching disabled for LibrarySymbolTableTransform: C:\Users\Tushal\.gradle\caches\transforms-3\1d6c6aaf665475b03b3e7a199de97ee4\transformed\media3-decoder-1.2.0 because:
  Build cache is disabled
Transforming media3-common-1.2.0.aar (androidx.media3:media3-common:1.2.0) with ExtractAarTransform
Skipping LibrarySymbolTableTransform: C:\Users\Tushal\.gradle\caches\transforms-3\1d6c6aaf665475b03b3e7a199de97ee4\transformed\media3-decoder-1.2.0 as it is up-to-date.
Transforming media3-common-1.2.0.aar (androidx.media3:media3-common:1.2.0) with LibrarySymbolTableTransform
Caching disabled for LibrarySymbolTableTransform: C:\Users\Tushal\.gradle\caches\transforms-3\3f4f00451a43ebd95417c5d4a0aac350\transformed\media3-database-1.2.0 because:
  Build cache is disabled
Skipping LibrarySymbolTableTransform: C:\Users\Tushal\.gradle\caches\transforms-3\3f4f00451a43ebd95417c5d4a0aac350\transformed\media3-database-1.2.0 as it is up-to-date.
Transforming media3-ui-1.2.0.aar (androidx.media3:media3-ui:1.2.0) with ExtractAarTransform
Transforming media3-ui-1.2.0.aar (androidx.media3:media3-ui:1.2.0) with LibrarySymbolTableTransform
Caching disabled for LibrarySymbolTableTransform: C:\Users\Tushal\.gradle\caches\transforms-3\1f4d79196179c097dcf5135e5e548a60\transformed\media3-common-1.2.0 because:
  Build cache is disabled
Skipping LibrarySymbolTableTransform: C:\Users\Tushal\.gradle\caches\transforms-3\1f4d79196179c097dcf5135e5e548a60\transformed\media3-common-1.2.0 as it is up-to-date.
Transforming recyclerview-1.3.2.aar (androidx.recyclerview:recyclerview:1.3.2) with ExtractAarTransform
Transforming recyclerview-1.3.2.aar (androidx.recyclerview:recyclerview:1.3.2) with LibrarySymbolTableTransform
Caching disabled for LibrarySymbolTableTransform: C:\Users\Tushal\.gradle\caches\transforms-3\a6a8c7b41a65c72c07aff083dbf25ba0\transformed\media3-ui-1.2.0 because:
  Build cache is disabled
Skipping LibrarySymbolTableTransform: C:\Users\Tushal\.gradle\caches\transforms-3\a6a8c7b41a65c72c07aff083dbf25ba0\transformed\media3-ui-1.2.0 as it is up-to-date.
Transforming viewpager2-1.1.0-beta02.aar (androidx.viewpager2:viewpager2:1.1.0-beta02) with ExtractAarTransform
Caching disabled for LibrarySymbolTableTransform: C:\Users\Tushal\.gradle\caches\transforms-3\86ae1b24a46958f5365ec5ef3d2d1c34\transformed\recyclerview-1.3.2 because:
  Build cache is disabled
Transforming viewpager2-1.1.0-beta02.aar (androidx.viewpager2:viewpager2:1.1.0-beta02) with LibrarySymbolTableTransform
Skipping LibrarySymbolTableTransform: C:\Users\Tushal\.gradle\caches\transforms-3\86ae1b24a46958f5365ec5ef3d2d1c34\transformed\recyclerview-1.3.2 as it is up-to-date.
Transforming fragment-1.3.6.aar (androidx.fragment:fragment:1.3.6) with ExtractAarTransform
Transforming fragment-1.3.6.aar (androidx.fragment:fragment:1.3.6) with LibrarySymbolTableTransform
Transforming activity-1.8.2.aar (androidx.activity:activity:1.8.2) with ExtractAarTransform
Transforming activity-1.8.2.aar (androidx.activity:activity:1.8.2) with LibrarySymbolTableTransform
Caching disabled for LibrarySymbolTableTransform: C:\Users\Tushal\.gradle\caches\transforms-3\7894b91b38b404f70940d07cabe5899f\transformed\viewpager2-1.1.0-beta02 because:
  Build cache is disabled
Transforming activity-ktx-1.8.2.aar (androidx.activity:activity-ktx:1.8.2) with ExtractAarTransform
Skipping LibrarySymbolTableTransform: C:\Users\Tushal\.gradle\caches\transforms-3\7894b91b38b404f70940d07cabe5899f\transformed\viewpager2-1.1.0-beta02 as it is up-to-date.
Transforming activity-ktx-1.8.2.aar (androidx.activity:activity-ktx:1.8.2) with LibrarySymbolTableTransform
Caching disabled for LibrarySymbolTableTransform: C:\Users\Tushal\.gradle\caches\transforms-3\492822d6f5cf6540ee1405596cc42ade\transformed\fragment-1.3.6 because:
  Build cache is disabled
Transforming swiperefreshlayout-1.1.0.aar (androidx.swiperefreshlayout:swiperefreshlayout:1.1.0) with ExtractAarTransform
Caching disabled for LibrarySymbolTableTransform: C:\Users\Tushal\.gradle\caches\transforms-3\f9410f15e9fb2f39f9c91101f6a20106\transformed\activity-1.8.2 because:
  Build cache is disabled
Transforming swiperefreshlayout-1.1.0.aar (androidx.swiperefreshlayout:swiperefreshlayout:1.1.0) with LibrarySymbolTableTransform
Skipping LibrarySymbolTableTransform: C:\Users\Tushal\.gradle\caches\transforms-3\492822d6f5cf6540ee1405596cc42ade\transformed\fragment-1.3.6 as it is up-to-date.
Caching disabled for LibrarySymbolTableTransform: C:\Users\Tushal\.gradle\caches\transforms-3\0ca366a1d236200f2eea054185b5f0d8\transformed\activity-ktx-1.8.2 because:
  Build cache is disabled
Transforming camera-lifecycle-1.3.1.aar (androidx.camera:camera-lifecycle:1.3.1) with ExtractAarTransform
Skipping LibrarySymbolTableTransform: C:\Users\Tushal\.gradle\caches\transforms-3\f9410f15e9fb2f39f9c91101f6a20106\transformed\activity-1.8.2 as it is up-to-date.
Skipping LibrarySymbolTableTransform: C:\Users\Tushal\.gradle\caches\transforms-3\0ca366a1d236200f2eea054185b5f0d8\transformed\activity-ktx-1.8.2 as it is up-to-date.
Caching disabled for LibrarySymbolTableTransform: C:\Users\Tushal\.gradle\caches\transforms-3\339f76cdc3d96b2a50cab9a23a560bcb\transformed\swiperefreshlayout-1.1.0 because:
  Build cache is disabled
Transforming camera-lifecycle-1.3.1.aar (androidx.camera:camera-lifecycle:1.3.1) with LibrarySymbolTableTransform
Skipping LibrarySymbolTableTransform: C:\Users\Tushal\.gradle\caches\transforms-3\339f76cdc3d96b2a50cab9a23a560bcb\transformed\swiperefreshlayout-1.1.0 as it is up-to-date.
Transforming camera-camera2-1.3.1.aar (androidx.camera:camera-camera2:1.3.1) with ExtractAarTransform
Transforming camera-camera2-1.3.1.aar (androidx.camera:camera-camera2:1.3.1) with LibrarySymbolTableTransform
Transforming camera-core-1.3.1.aar (androidx.camera:camera-core:1.3.1) with ExtractAarTransform
Caching disabled for LibrarySymbolTableTransform: C:\Users\Tushal\.gradle\caches\transforms-3\270e300d271c2ab3efa31872dd2e5301\transformed\camera-lifecycle-1.3.1 because:
  Build cache is disabled
Transforming camera-core-1.3.1.aar (androidx.camera:camera-core:1.3.1) with LibrarySymbolTableTransform
Skipping LibrarySymbolTableTransform: C:\Users\Tushal\.gradle\caches\transforms-3\270e300d271c2ab3efa31872dd2e5301\transformed\camera-lifecycle-1.3.1 as it is up-to-date.
Caching disabled for LibrarySymbolTableTransform: C:\Users\Tushal\.gradle\caches\transforms-3\fb070df8d5725024895184ad87598e4e\transformed\camera-camera2-1.3.1 because:
  Build cache is disabled
Transforming emoji2-views-helper-1.2.0.aar (androidx.emoji2:emoji2-views-helper:1.2.0) with ExtractAarTransform
Skipping LibrarySymbolTableTransform: C:\Users\Tushal\.gradle\caches\transforms-3\fb070df8d5725024895184ad87598e4e\transformed\camera-camera2-1.3.1 as it is up-to-date.
Caching disabled for LibrarySymbolTableTransform: C:\Users\Tushal\.gradle\caches\transforms-3\b525739896ca14c1bc27882fe8208c8a\transformed\camera-core-1.3.1 because:
  Build cache is disabled
Transforming emoji2-views-helper-1.2.0.aar (androidx.emoji2:emoji2-views-helper:1.2.0) with LibrarySymbolTableTransform
Skipping LibrarySymbolTableTransform: C:\Users\Tushal\.gradle\caches\transforms-3\b525739896ca14c1bc27882fe8208c8a\transformed\camera-core-1.3.1 as it is up-to-date.
Transforming emoji2-1.2.0.aar (androidx.emoji2:emoji2:1.2.0) with ExtractAarTransform
Transforming emoji2-1.2.0.aar (androidx.emoji2:emoji2:1.2.0) with LibrarySymbolTableTransform
Caching disabled for LibrarySymbolTableTransform: C:\Users\Tushal\.gradle\caches\transforms-3\dc64f4c79e165697ebdff10b6cc6e9d4\transformed\emoji2-views-helper-1.2.0 because:
  Build cache is disabled
Transforming drawerlayout-1.1.1.aar (androidx.drawerlayout:drawerlayout:1.1.1) with ExtractAarTransform
Transforming drawerlayout-1.1.1.aar (androidx.drawerlayout:drawerlayout:1.1.1) with LibrarySymbolTableTransform
Caching disabled for LibrarySymbolTableTransform: C:\Users\Tushal\.gradle\caches\transforms-3\c6681b4e418b9f33bb2163defe599d48\transformed\emoji2-1.2.0 because:
  Build cache is disabled
Skipping LibrarySymbolTableTransform: C:\Users\Tushal\.gradle\caches\transforms-3\dc64f4c79e165697ebdff10b6cc6e9d4\transformed\emoji2-views-helper-1.2.0 as it is up-to-date.
Skipping LibrarySymbolTableTransform: C:\Users\Tushal\.gradle\caches\transforms-3\c6681b4e418b9f33bb2163defe599d48\transformed\emoji2-1.2.0 as it is up-to-date.
Transforming coordinatorlayout-1.1.0.aar (androidx.coordinatorlayout:coordinatorlayout:1.1.0) with ExtractAarTransform
Caching disabled for LibrarySymbolTableTransform: C:\Users\Tushal\.gradle\caches\transforms-3\8311f284aead11fa49e25fe7039fe589\transformed\drawerlayout-1.1.1 because:
  Build cache is disabled
Transforming coordinatorlayout-1.1.0.aar (androidx.coordinatorlayout:coordinatorlayout:1.1.0) with LibrarySymbolTableTransform
Skipping LibrarySymbolTableTransform: C:\Users\Tushal\.gradle\caches\transforms-3\8311f284aead11fa49e25fe7039fe589\transformed\drawerlayout-1.1.1 as it is up-to-date.
Transforming dynamicanimation-1.0.0.aar (androidx.dynamicanimation:dynamicanimation:1.0.0) with ExtractAarTransform
Transforming dynamicanimation-1.0.0.aar (androidx.dynamicanimation:dynamicanimation:1.0.0) with LibrarySymbolTableTransform
Caching disabled for LibrarySymbolTableTransform: C:\Users\Tushal\.gradle\caches\transforms-3\a4e6ecf66af1c4b4199be43380cac145\transformed\coordinatorlayout-1.1.0 because:
  Build cache is disabled
Transforming transition-1.2.0.aar (androidx.transition:transition:1.2.0) with ExtractAarTransform
Skipping LibrarySymbolTableTransform: C:\Users\Tushal\.gradle\caches\transforms-3\a4e6ecf66af1c4b4199be43380cac145\transformed\coordinatorlayout-1.1.0 as it is up-to-date.
Transforming transition-1.2.0.aar (androidx.transition:transition:1.2.0) with LibrarySymbolTableTransform
Caching disabled for LibrarySymbolTableTransform: C:\Users\Tushal\.gradle\caches\transforms-3\ad4399c080ebc131028831b3f7710164\transformed\dynamicanimation-1.0.0 because:
  Build cache is disabled
Transforming vectordrawable-animated-1.1.0.aar (androidx.vectordrawable:vectordrawable-animated:1.1.0) with ExtractAarTransform
Skipping LibrarySymbolTableTransform: C:\Users\Tushal\.gradle\caches\transforms-3\ad4399c080ebc131028831b3f7710164\transformed\dynamicanimation-1.0.0 as it is up-to-date.
Transforming vectordrawable-animated-1.1.0.aar (androidx.vectordrawable:vectordrawable-animated:1.1.0) with LibrarySymbolTableTransform
Transforming vectordrawable-1.1.0.aar (androidx.vectordrawable:vectordrawable:1.1.0) with ExtractAarTransform
Caching disabled for LibrarySymbolTableTransform: C:\Users\Tushal\.gradle\caches\transforms-3\77ad483ac93f96cb4b844c8d431b41c6\transformed\transition-1.2.0 because:
  Build cache is disabled
Transforming vectordrawable-1.1.0.aar (androidx.vectordrawable:vectordrawable:1.1.0) with LibrarySymbolTableTransform
Skipping LibrarySymbolTableTransform: C:\Users\Tushal\.gradle\caches\transforms-3\77ad483ac93f96cb4b844c8d431b41c6\transformed\transition-1.2.0 as it is up-to-date.
Transforming vectordrawable-1.1.0.aar (androidx.vectordrawable:vectordrawable:1.1.0) with ExtractAarTransform
Caching disabled for LibrarySymbolTableTransform: C:\Users\Tushal\.gradle\caches\transforms-3\3ffad289452d90132b25cfa39b80d81f\transformed\vectordrawable-animated-1.1.0 because:
  Build cache is disabled
Caching disabled for LibrarySymbolTableTransform: C:\Users\Tushal\.gradle\caches\transforms-3\0c7ee7980467685fc899e8881f198f09\transformed\vectordrawable-1.1.0 because:
  Build cache is disabled
Transforming vectordrawable-1.1.0.aar (androidx.vectordrawable:vectordrawable:1.1.0) with LibrarySymbolTableTransform
Skipping LibrarySymbolTableTransform: C:\Users\Tushal\.gradle\caches\transforms-3\3ffad289452d90132b25cfa39b80d81f\transformed\vectordrawable-animated-1.1.0 as it is up-to-date.
Transforming media-1.6.0.aar (androidx.media:media:1.6.0) with ExtractAarTransform
Skipping LibrarySymbolTableTransform: C:\Users\Tushal\.gradle\caches\transforms-3\0c7ee7980467685fc899e8881f198f09\transformed\vectordrawable-1.1.0 as it is up-to-date.
Transforming media-1.6.0.aar (androidx.media:media:1.6.0) with LibrarySymbolTableTransform
Transforming viewpager-1.0.0.aar (androidx.viewpager:viewpager:1.0.0) with ExtractAarTransform
Transforming viewpager-1.0.0.aar (androidx.viewpager:viewpager:1.0.0) with LibrarySymbolTableTransform
Transforming legacy-support-core-utils-1.0.0.aar (androidx.legacy:legacy-support-core-utils:1.0.0) with ExtractAarTransform
Transforming legacy-support-core-utils-1.0.0.aar (androidx.legacy:legacy-support-core-utils:1.0.0) with LibrarySymbolTableTransform
Transforming loader-1.0.0.aar (androidx.loader:loader:1.0.0) with ExtractAarTransform
Caching disabled for LibrarySymbolTableTransform: C:\Users\Tushal\.gradle\caches\transforms-3\adf12948b03f92c8da384a18759e3a29\transformed\media-1.6.0 because:
  Build cache is disabled
Caching disabled for LibrarySymbolTableTransform: C:\Users\Tushal\.gradle\caches\transforms-3\1b730982aa055e587f1c4dd43ee6713f\transformed\viewpager-1.0.0 because:
  Build cache is disabled
Transforming loader-1.0.0.aar (androidx.loader:loader:1.0.0) with LibrarySymbolTableTransform
Skipping LibrarySymbolTableTransform: C:\Users\Tushal\.gradle\caches\transforms-3\1b730982aa055e587f1c4dd43ee6713f\transformed\viewpager-1.0.0 as it is up-to-date.
Transforming loader-1.0.0.aar (androidx.loader:loader:1.0.0) with ExtractAarTransform
Skipping LibrarySymbolTableTransform: C:\Users\Tushal\.gradle\caches\transforms-3\adf12948b03f92c8da384a18759e3a29\transformed\media-1.6.0 as it is up-to-date.
Transforming loader-1.0.0.aar (androidx.loader:loader:1.0.0) with LibrarySymbolTableTransform
Caching disabled for LibrarySymbolTableTransform: C:\Users\Tushal\.gradle\caches\transforms-3\c02ac995872b81c83e1917567743c810\transformed\legacy-support-core-utils-1.0.0 because:
  Build cache is disabled
Transforming customview-1.1.0.aar (androidx.customview:customview:1.1.0) with ExtractAarTransform
Skipping LibrarySymbolTableTransform: C:\Users\Tushal\.gradle\caches\transforms-3\c02ac995872b81c83e1917567743c810\transformed\legacy-support-core-utils-1.0.0 as it is up-to-date.
Transforming customview-1.1.0.aar (androidx.customview:customview:1.1.0) with LibrarySymbolTableTransform
Caching disabled for LibrarySymbolTableTransform: C:\Users\Tushal\.gradle\caches\transforms-3\8b65fb41d7244f8684b31581aedcf434\transformed\loader-1.0.0 because:
  Build cache is disabled
Transforming customview-1.1.0.aar (androidx.customview:customview:1.1.0) with ExtractAarTransform
Skipping LibrarySymbolTableTransform: C:\Users\Tushal\.gradle\caches\transforms-3\8b65fb41d7244f8684b31581aedcf434\transformed\loader-1.0.0 as it is up-to-date.
Transforming customview-1.1.0.aar (androidx.customview:customview:1.1.0) with LibrarySymbolTableTransform
Caching disabled for LibrarySymbolTableTransform: C:\Users\Tushal\.gradle\caches\transforms-3\c6744541110b4f89ce76a11e549acfe0\transformed\customview-1.1.0 because:
  Build cache is disabled
Transforming customview-1.1.0.aar (androidx.customview:customview:1.1.0) with ExtractAarTransform
Skipping LibrarySymbolTableTransform: C:\Users\Tushal\.gradle\caches\transforms-3\c6744541110b4f89ce76a11e549acfe0\transformed\customview-1.1.0 as it is up-to-date.
Transforming customview-1.1.0.aar (androidx.customview:customview:1.1.0) with LibrarySymbolTableTransform
Transforming customview-1.1.0.aar (androidx.customview:customview:1.1.0) with ExtractAarTransform
Transforming customview-1.1.0.aar (androidx.customview:customview:1.1.0) with LibrarySymbolTableTransform
Transforming core-1.12.0.aar (androidx.core:core:1.12.0) with ExtractAarTransform
Transforming core-1.12.0.aar (androidx.core:core:1.12.0) with LibrarySymbolTableTransform
Transforming core-1.12.0.aar (androidx.core:core:1.12.0) with ExtractAarTransform
Transforming core-1.12.0.aar (androidx.core:core:1.12.0) with LibrarySymbolTableTransform
Transforming core-1.12.0.aar (androidx.core:core:1.12.0) with ExtractAarTransform
Transforming core-1.12.0.aar (androidx.core:core:1.12.0) with LibrarySymbolTableTransform
Transforming core-1.12.0.aar (androidx.core:core:1.12.0) with ExtractAarTransform
Caching disabled for LibrarySymbolTableTransform: C:\Users\Tushal\.gradle\caches\transforms-3\0689a9fd0de0e6fef5d369e599568f09\transformed\core-1.12.0 because:
  Build cache is disabled
Transforming core-1.12.0.aar (androidx.core:core:1.12.0) with LibrarySymbolTableTransform
Skipping LibrarySymbolTableTransform: C:\Users\Tushal\.gradle\caches\transforms-3\0689a9fd0de0e6fef5d369e599568f09\transformed\core-1.12.0 as it is up-to-date.
Transforming core-1.12.0.aar (androidx.core:core:1.12.0) with ExtractAarTransform
Transforming core-1.12.0.aar (androidx.core:core:1.12.0) with LibrarySymbolTableTransform
Transforming core-1.12.0.aar (androidx.core:core:1.12.0) with ExtractAarTransform
Transforming core-1.12.0.aar (androidx.core:core:1.12.0) with LibrarySymbolTableTransform
Transforming core-1.12.0.aar (androidx.core:core:1.12.0) with ExtractAarTransform
Transforming core-1.12.0.aar (androidx.core:core:1.12.0) with LibrarySymbolTableTransform
Transforming core-1.12.0.aar (androidx.core:core:1.12.0) with ExtractAarTransform
Transforming core-1.12.0.aar (androidx.core:core:1.12.0) with LibrarySymbolTableTransform
Transforming core-1.12.0.aar (androidx.core:core:1.12.0) with ExtractAarTransform
Transforming core-1.12.0.aar (androidx.core:core:1.12.0) with LibrarySymbolTableTransform
Transforming core-1.12.0.aar (androidx.core:core:1.12.0) with ExtractAarTransform
Transforming core-1.12.0.aar (androidx.core:core:1.12.0) with LibrarySymbolTableTransform
Transforming core-1.12.0.aar (androidx.core:core:1.12.0) with ExtractAarTransform
Transforming core-1.12.0.aar (androidx.core:core:1.12.0) with LibrarySymbolTableTransform
Transforming customview-poolingcontainer-1.0.0.aar (androidx.customview:customview-poolingcontainer:1.0.0) with ExtractAarTransform
Transforming customview-poolingcontainer-1.0.0.aar (androidx.customview:customview-poolingcontainer:1.0.0) with LibrarySymbolTableTransform
Transforming lifecycle-process-2.7.0.aar (androidx.lifecycle:lifecycle-process:2.7.0) with ExtractAarTransform
Transforming lifecycle-process-2.7.0.aar (androidx.lifecycle:lifecycle-process:2.7.0) with LibrarySymbolTableTransform
Transforming lifecycle-runtime-ktx-2.7.0.aar (androidx.lifecycle:lifecycle-runtime-ktx:2.7.0) with ExtractAarTransform
Caching disabled for LibrarySymbolTableTransform: C:\Users\Tushal\.gradle\caches\transforms-3\c971668bc13ffb90295d936eac4bd951\transformed\customview-poolingcontainer-1.0.0 because:
  Build cache is disabled
Transforming lifecycle-runtime-ktx-2.7.0.aar (androidx.lifecycle:lifecycle-runtime-ktx:2.7.0) with LibrarySymbolTableTransform
Skipping LibrarySymbolTableTransform: C:\Users\Tushal\.gradle\caches\transforms-3\c971668bc13ffb90295d936eac4bd951\transformed\customview-poolingcontainer-1.0.0 as it is up-to-date.
Transforming savedstate-ktx-1.2.1.aar (androidx.savedstate:savedstate-ktx:1.2.1) with ExtractAarTransform
Caching disabled for LibrarySymbolTableTransform: C:\Users\Tushal\.gradle\caches\transforms-3\285f085280118d755ce82ea703c4f012\transformed\lifecycle-process-2.7.0 because:
  Build cache is disabled
Caching disabled for LibrarySymbolTableTransform: C:\Users\Tushal\.gradle\caches\transforms-3\16334cf9ae6f67e16792e7590a141c87\transformed\lifecycle-runtime-ktx-2.7.0 because:
  Build cache is disabled
Transforming savedstate-ktx-1.2.1.aar (androidx.savedstate:savedstate-ktx:1.2.1) with LibrarySymbolTableTransform
Skipping LibrarySymbolTableTransform: C:\Users\Tushal\.gradle\caches\transforms-3\16334cf9ae6f67e16792e7590a141c87\transformed\lifecycle-runtime-ktx-2.7.0 as it is up-to-date.
Skipping LibrarySymbolTableTransform: C:\Users\Tushal\.gradle\caches\transforms-3\285f085280118d755ce82ea703c4f012\transformed\lifecycle-process-2.7.0 as it is up-to-date.
Transforming savedstate-1.2.1.aar (androidx.savedstate:savedstate:1.2.1) with ExtractAarTransform
Transforming savedstate-1.2.1.aar (androidx.savedstate:savedstate:1.2.1) with LibrarySymbolTableTransform
Caching disabled for LibrarySymbolTableTransform: C:\Users\Tushal\.gradle\caches\transforms-3\392db174018290aedff9183ad18d0929\transformed\savedstate-ktx-1.2.1 because:
  Build cache is disabled
Transforming lifecycle-livedata-core-2.7.0.aar (androidx.lifecycle:lifecycle-livedata-core:2.7.0) with ExtractAarTransform
Skipping LibrarySymbolTableTransform: C:\Users\Tushal\.gradle\caches\transforms-3\392db174018290aedff9183ad18d0929\transformed\savedstate-ktx-1.2.1 as it is up-to-date.
Transforming lifecycle-livedata-core-2.7.0.aar (androidx.lifecycle:lifecycle-livedata-core:2.7.0) with LibrarySymbolTableTransform
Transforming lifecycle-livedata-core-ktx-2.7.0.aar (androidx.lifecycle:lifecycle-livedata-core-ktx:2.7.0) with ExtractAarTransform
Transforming lifecycle-livedata-core-ktx-2.7.0.aar (androidx.lifecycle:lifecycle-livedata-core-ktx:2.7.0) with LibrarySymbolTableTransform
Caching disabled for LibrarySymbolTableTransform: C:\Users\Tushal\.gradle\caches\transforms-3\4df352a0ff98d010ff87c87a188bfa25\transformed\savedstate-1.2.1 because:
  Build cache is disabled
Caching disabled for LibrarySymbolTableTransform: C:\Users\Tushal\.gradle\caches\transforms-3\677b5a79186bd8504b833b54b60ee3c9\transformed\lifecycle-livedata-core-2.7.0 because:
  Build cache is disabled
Caching disabled for LibrarySymbolTableTransform: C:\Users\Tushal\.gradle\caches\transforms-3\559af55a7bd8a35aa959e6d3da59f562\transformed\lifecycle-livedata-core-ktx-2.7.0 because:
  Build cache is disabled
Transforming lifecycle-livedata-2.7.0.aar (androidx.lifecycle:lifecycle-livedata:2.7.0) with ExtractAarTransform
Skipping LibrarySymbolTableTransform: C:\Users\Tushal\.gradle\caches\transforms-3\559af55a7bd8a35aa959e6d3da59f562\transformed\lifecycle-livedata-core-ktx-2.7.0 as it is up-to-date.
Skipping LibrarySymbolTableTransform: C:\Users\Tushal\.gradle\caches\transforms-3\677b5a79186bd8504b833b54b60ee3c9\transformed\lifecycle-livedata-core-2.7.0 as it is up-to-date.
Skipping LibrarySymbolTableTransform: C:\Users\Tushal\.gradle\caches\transforms-3\4df352a0ff98d010ff87c87a188bfa25\transformed\savedstate-1.2.1 as it is up-to-date.
Transforming lifecycle-livedata-2.7.0.aar (androidx.lifecycle:lifecycle-livedata:2.7.0) with LibrarySymbolTableTransform
Transforming lifecycle-livedata-2.7.0.aar (androidx.lifecycle:lifecycle-livedata:2.7.0) with ExtractAarTransform
Transforming lifecycle-livedata-2.7.0.aar (androidx.lifecycle:lifecycle-livedata:2.7.0) with LibrarySymbolTableTransform
Transforming lifecycle-runtime-2.7.0.aar (androidx.lifecycle:lifecycle-runtime:2.7.0) with ExtractAarTransform
Caching disabled for LibrarySymbolTableTransform: C:\Users\Tushal\.gradle\caches\transforms-3\3dc0ddc8b1cc7d28c3b48bca5ad7c63a\transformed\lifecycle-livedata-2.7.0 because:
  Build cache is disabled
Transforming lifecycle-runtime-2.7.0.aar (androidx.lifecycle:lifecycle-runtime:2.7.0) with LibrarySymbolTableTransform
Transforming lifecycle-viewmodel-2.7.0.aar (androidx.lifecycle:lifecycle-viewmodel:2.7.0) with ExtractAarTransform
Skipping LibrarySymbolTableTransform: C:\Users\Tushal\.gradle\caches\transforms-3\3dc0ddc8b1cc7d28c3b48bca5ad7c63a\transformed\lifecycle-livedata-2.7.0 as it is up-to-date.
Transforming lifecycle-viewmodel-2.7.0.aar (androidx.lifecycle:lifecycle-viewmodel:2.7.0) with LibrarySymbolTableTransform
Caching disabled for LibrarySymbolTableTransform: C:\Users\Tushal\.gradle\caches\transforms-3\c35613f5ee0955877fb1dbb83fac5020\transformed\lifecycle-runtime-2.7.0 because:
  Build cache is disabled
Transforming lifecycle-viewmodel-2.7.0.aar (androidx.lifecycle:lifecycle-viewmodel:2.7.0) with ExtractAarTransform
Skipping LibrarySymbolTableTransform: C:\Users\Tushal\.gradle\caches\transforms-3\c35613f5ee0955877fb1dbb83fac5020\transformed\lifecycle-runtime-2.7.0 as it is up-to-date.
Transforming lifecycle-viewmodel-2.7.0.aar (androidx.lifecycle:lifecycle-viewmodel:2.7.0) with LibrarySymbolTableTransform
Caching disabled for LibrarySymbolTableTransform: C:\Users\Tushal\.gradle\caches\transforms-3\6bab4852d63525fc8c095ec62187c7d2\transformed\lifecycle-viewmodel-2.7.0 because:
  Build cache is disabled
Transforming lifecycle-viewmodel-ktx-2.7.0.aar (androidx.lifecycle:lifecycle-viewmodel-ktx:2.7.0) with ExtractAarTransform
Skipping LibrarySymbolTableTransform: C:\Users\Tushal\.gradle\caches\transforms-3\6bab4852d63525fc8c095ec62187c7d2\transformed\lifecycle-viewmodel-2.7.0 as it is up-to-date.
Transforming lifecycle-viewmodel-ktx-2.7.0.aar (androidx.lifecycle:lifecycle-viewmodel-ktx:2.7.0) with LibrarySymbolTableTransform
Transforming lifecycle-livedata-ktx-2.7.0.aar (androidx.lifecycle:lifecycle-livedata-ktx:2.7.0) with ExtractAarTransform
Transforming lifecycle-livedata-ktx-2.7.0.aar (androidx.lifecycle:lifecycle-livedata-ktx:2.7.0) with LibrarySymbolTableTransform
Transforming lifecycle-viewmodel-savedstate-2.7.0.aar (androidx.lifecycle:lifecycle-viewmodel-savedstate:2.7.0) with ExtractAarTransform
Transforming lifecycle-viewmodel-savedstate-2.7.0.aar (androidx.lifecycle:lifecycle-viewmodel-savedstate:2.7.0) with LibrarySymbolTableTransform
Caching disabled for LibrarySymbolTableTransform: C:\Users\Tushal\.gradle\caches\transforms-3\12495d349f42f60593d1d8e7a86e38c5\transformed\lifecycle-viewmodel-ktx-2.7.0 because:
  Build cache is disabled
Caching disabled for LibrarySymbolTableTransform: C:\Users\Tushal\.gradle\caches\transforms-3\1f44855ee8a9143ee7ef0c1481e3f0d9\transformed\lifecycle-livedata-ktx-2.7.0 because:
  Build cache is disabled
Caching disabled for LibrarySymbolTableTransform: C:\Users\Tushal\.gradle\caches\transforms-3\456d36f24c2cdbdedacb020de67fc621\transformed\lifecycle-viewmodel-savedstate-2.7.0 because:
  Build cache is disabled
Transforming core-ktx-1.12.0.aar (androidx.core:core-ktx:1.12.0) with ExtractAarTransform
Skipping LibrarySymbolTableTransform: C:\Users\Tushal\.gradle\caches\transforms-3\456d36f24c2cdbdedacb020de67fc621\transformed\lifecycle-viewmodel-savedstate-2.7.0 as it is up-to-date.
Transforming core-ktx-1.12.0.aar (androidx.core:core-ktx:1.12.0) with LibrarySymbolTableTransform
Skipping LibrarySymbolTableTransform: C:\Users\Tushal\.gradle\caches\transforms-3\1f44855ee8a9143ee7ef0c1481e3f0d9\transformed\lifecycle-livedata-ktx-2.7.0 as it is up-to-date.
Skipping LibrarySymbolTableTransform: C:\Users\Tushal\.gradle\caches\transforms-3\12495d349f42f60593d1d8e7a86e38c5\transformed\lifecycle-viewmodel-ktx-2.7.0 as it is up-to-date.
Transforming room-runtime-2.6.1.aar (androidx.room:room-runtime:2.6.1) with ExtractAarTransform
Caching disabled for LibrarySymbolTableTransform: C:\Users\Tushal\.gradle\caches\transforms-3\4a0525888b51531b2d8c676d5df937d6\transformed\core-ktx-1.12.0 because:
  Build cache is disabled
Transforming room-runtime-2.6.1.aar (androidx.room:room-runtime:2.6.1) with LibrarySymbolTableTransform
Skipping LibrarySymbolTableTransform: C:\Users\Tushal\.gradle\caches\transforms-3\4a0525888b51531b2d8c676d5df937d6\transformed\core-ktx-1.12.0 as it is up-to-date.
Transforming room-ktx-2.6.1.aar (androidx.room:room-ktx:2.6.1) with ExtractAarTransform
Transforming room-ktx-2.6.1.aar (androidx.room:room-ktx:2.6.1) with LibrarySymbolTableTransform
Caching disabled for LibrarySymbolTableTransform: C:\Users\Tushal\.gradle\caches\transforms-3\888877568181c0f6eb4ce892d57068b3\transformed\room-runtime-2.6.1 because:
  Build cache is disabled
Transforming sqlite-framework-2.4.0.aar (androidx.sqlite:sqlite-framework:2.4.0) with ExtractAarTransform
Skipping LibrarySymbolTableTransform: C:\Users\Tushal\.gradle\caches\transforms-3\888877568181c0f6eb4ce892d57068b3\transformed\room-runtime-2.6.1 as it is up-to-date.
Transforming sqlite-framework-2.4.0.aar (androidx.sqlite:sqlite-framework:2.4.0) with LibrarySymbolTableTransform
Transforming sqlite-2.4.0.aar (androidx.sqlite:sqlite:2.4.0) with ExtractAarTransform
Caching disabled for LibrarySymbolTableTransform: C:\Users\Tushal\.gradle\caches\transforms-3\370719b425780f26af1080c819ab5589\transformed\room-ktx-2.6.1 because:
  Build cache is disabled
Transforming sqlite-2.4.0.aar (androidx.sqlite:sqlite:2.4.0) with LibrarySymbolTableTransform
Skipping LibrarySymbolTableTransform: C:\Users\Tushal\.gradle\caches\transforms-3\370719b425780f26af1080c819ab5589\transformed\room-ktx-2.6.1 as it is up-to-date.
Transforming annotation-experimental-1.3.1.aar (androidx.annotation:annotation-experimental:1.3.1) with ExtractAarTransform
Caching disabled for LibrarySymbolTableTransform: C:\Users\Tushal\.gradle\caches\transforms-3\b7004b0b345b7039ad3076d4f11b014f\transformed\sqlite-framework-2.4.0 because:
  Build cache is disabled
Skipping LibrarySymbolTableTransform: C:\Users\Tushal\.gradle\caches\transforms-3\b7004b0b345b7039ad3076d4f11b014f\transformed\sqlite-framework-2.4.0 as it is up-to-date.
Caching disabled for LibrarySymbolTableTransform: C:\Users\Tushal\.gradle\caches\transforms-3\fc8be31588cad0a66c61f32c5640f596\transformed\sqlite-2.4.0 because:
  Build cache is disabled
Transforming annotation-experimental-1.3.1.aar (androidx.annotation:annotation-experimental:1.3.1) with LibrarySymbolTableTransform
Skipping LibrarySymbolTableTransform: C:\Users\Tushal\.gradle\caches\transforms-3\fc8be31588cad0a66c61f32c5640f596\transformed\sqlite-2.4.0 as it is up-to-date.
Transforming cardview-1.0.0.aar (androidx.cardview:cardview:1.0.0) with ExtractAarTransform
Transforming cardview-1.0.0.aar (androidx.cardview:cardview:1.0.0) with LibrarySymbolTableTransform
Transforming security-crypto-1.1.0-alpha06.aar (androidx.security:security-crypto:1.1.0-alpha06) with ExtractAarTransform
Transforming security-crypto-1.1.0-alpha06.aar (androidx.security:security-crypto:1.1.0-alpha06) with LibrarySymbolTableTransform
Transforming cursoradapter-1.0.0.aar (androidx.cursoradapter:cursoradapter:1.0.0) with ExtractAarTransform
Transforming cursoradapter-1.0.0.aar (androidx.cursoradapter:cursoradapter:1.0.0) with LibrarySymbolTableTransform
Transforming interpolator-1.0.0.aar (androidx.interpolator:interpolator:1.0.0) with ExtractAarTransform
Transforming interpolator-1.0.0.aar (androidx.interpolator:interpolator:1.0.0) with LibrarySymbolTableTransform
Transforming interpolator-1.0.0.aar (androidx.interpolator:interpolator:1.0.0) with ExtractAarTransform
Caching disabled for LibrarySymbolTableTransform: C:\Users\Tushal\.gradle\caches\transforms-3\f816468c226029777744c01983376002\transformed\security-crypto-1.1.0-alpha06 because:
  Build cache is disabled
Caching disabled for LibrarySymbolTableTransform: C:\Users\Tushal\.gradle\caches\transforms-3\81978c211bff88f5381685aa43447203\transformed\annotation-experimental-1.3.1 because:
  Build cache is disabled
Skipping LibrarySymbolTableTransform: C:\Users\Tushal\.gradle\caches\transforms-3\f816468c226029777744c01983376002\transformed\security-crypto-1.1.0-alpha06 as it is up-to-date.
Skipping LibrarySymbolTableTransform: C:\Users\Tushal\.gradle\caches\transforms-3\81978c211bff88f5381685aa43447203\transformed\annotation-experimental-1.3.1 as it is up-to-date.
Caching disabled for LibrarySymbolTableTransform: C:\Users\Tushal\.gradle\caches\transforms-3\feccdbabe94b1a4a420e85fa751f7c7d\transformed\cursoradapter-1.0.0 because:
  Build cache is disabled
Transforming interpolator-1.0.0.aar (androidx.interpolator:interpolator:1.0.0) with LibrarySymbolTableTransform
Caching disabled for LibrarySymbolTableTransform: C:\Users\Tushal\.gradle\caches\transforms-3\947307f88e48bf9427ba4ec6a34d2b50\transformed\cardview-1.0.0 because:
  Build cache is disabled
Transforming interpolator-1.0.0.aar (androidx.interpolator:interpolator:1.0.0) with ExtractAarTransform
Skipping LibrarySymbolTableTransform: C:\Users\Tushal\.gradle\caches\transforms-3\947307f88e48bf9427ba4ec6a34d2b50\transformed\cardview-1.0.0 as it is up-to-date.
Transforming interpolator-1.0.0.aar (androidx.interpolator:interpolator:1.0.0) with LibrarySymbolTableTransform
Caching disabled for LibrarySymbolTableTransform: C:\Users\Tushal\.gradle\caches\transforms-3\b4713265b2f5b88c29f2131d51b92139\transformed\interpolator-1.0.0 because:
  Build cache is disabled
Skipping LibrarySymbolTableTransform: C:\Users\Tushal\.gradle\caches\transforms-3\feccdbabe94b1a4a420e85fa751f7c7d\transformed\cursoradapter-1.0.0 as it is up-to-date.
Skipping LibrarySymbolTableTransform: C:\Users\Tushal\.gradle\caches\transforms-3\b4713265b2f5b88c29f2131d51b92139\transformed\interpolator-1.0.0 as it is up-to-date.
Transforming core-runtime-2.2.0.aar (androidx.arch.core:core-runtime:2.2.0) with ExtractAarTransform
Transforming core-runtime-2.2.0.aar (androidx.arch.core:core-runtime:2.2.0) with LibrarySymbolTableTransform
Transforming exifinterface-1.3.6.aar (androidx.exifinterface:exifinterface:1.3.6) with ExtractAarTransform
Transforming exifinterface-1.3.6.aar (androidx.exifinterface:exifinterface:1.3.6) with LibrarySymbolTableTransform
Transforming gifdecoder-4.16.0.aar (com.github.bumptech.glide:gifdecoder:4.16.0) with ExtractAarTransform
Transforming gifdecoder-4.16.0.aar (com.github.bumptech.glide:gifdecoder:4.16.0) with LibrarySymbolTableTransform
Transforming profileinstaller-1.3.1.aar (androidx.profileinstaller:profileinstaller:1.3.1) with ExtractAarTransform
Transforming profileinstaller-1.3.1.aar (androidx.profileinstaller:profileinstaller:1.3.1) with LibrarySymbolTableTransform
Transforming startup-runtime-1.1.1.aar (androidx.startup:startup-runtime:1.1.1) with ExtractAarTransform
Caching disabled for LibrarySymbolTableTransform: C:\Users\Tushal\.gradle\caches\transforms-3\9dca4bc3d53f04f796ee539a0be1842d\transformed\exifinterface-1.3.6 because:
  Build cache is disabled
Caching disabled for LibrarySymbolTableTransform: C:\Users\Tushal\.gradle\caches\transforms-3\1f92b18ff42b04762aab378ca1917193\transformed\core-runtime-2.2.0 because:
  Build cache is disabled
Skipping LibrarySymbolTableTransform: C:\Users\Tushal\.gradle\caches\transforms-3\9dca4bc3d53f04f796ee539a0be1842d\transformed\exifinterface-1.3.6 as it is up-to-date.
Caching disabled for LibrarySymbolTableTransform: C:\Users\Tushal\.gradle\caches\transforms-3\6b25d9b82ed183efd04348a1932698e9\transformed\gifdecoder-4.16.0 because:
  Build cache is disabled
Transforming startup-runtime-1.1.1.aar (androidx.startup:startup-runtime:1.1.1) with LibrarySymbolTableTransform
Skipping LibrarySymbolTableTransform: C:\Users\Tushal\.gradle\caches\transforms-3\6b25d9b82ed183efd04348a1932698e9\transformed\gifdecoder-4.16.0 as it is up-to-date.
Transforming tracing-1.0.0.aar (androidx.tracing:tracing:1.0.0) with ExtractAarTransform
Skipping LibrarySymbolTableTransform: C:\Users\Tushal\.gradle\caches\transforms-3\1f92b18ff42b04762aab378ca1917193\transformed\core-runtime-2.2.0 as it is up-to-date.
Caching disabled for LibrarySymbolTableTransform: C:\Users\Tushal\.gradle\caches\transforms-3\feab105b5520079f049fbf877f15d1c9\transformed\startup-runtime-1.1.1 because:
  Build cache is disabled
Caching disabled for LibrarySymbolTableTransform: C:\Users\Tushal\.gradle\caches\transforms-3\add9d43d9169ede12cf03341f0f55eff\transformed\profileinstaller-1.3.1 because:
  Build cache is disabled
Skipping LibrarySymbolTableTransform: C:\Users\Tushal\.gradle\caches\transforms-3\feab105b5520079f049fbf877f15d1c9\transformed\startup-runtime-1.1.1 as it is up-to-date.
Skipping LibrarySymbolTableTransform: C:\Users\Tushal\.gradle\caches\transforms-3\add9d43d9169ede12cf03341f0f55eff\transformed\profileinstaller-1.3.1 as it is up-to-date.
Transforming tracing-1.0.0.aar (androidx.tracing:tracing:1.0.0) with LibrarySymbolTableTransform
Transforming versionedparcelable-1.1.1.aar (androidx.versionedparcelable:versionedparcelable:1.1.1) with ExtractAarTransform
Transforming versionedparcelable-1.1.1.aar (androidx.versionedparcelable:versionedparcelable:1.1.1) with LibrarySymbolTableTransform
Transforming documentfile-1.0.0.aar (androidx.documentfile:documentfile:1.0.0) with ExtractAarTransform
Transforming documentfile-1.0.0.aar (androidx.documentfile:documentfile:1.0.0) with LibrarySymbolTableTransform
Transforming localbroadcastmanager-1.0.0.aar (androidx.localbroadcastmanager:localbroadcastmanager:1.0.0) with ExtractAarTransform
Caching disabled for LibrarySymbolTableTransform: C:\Users\Tushal\.gradle\caches\transforms-3\525a47ace2319598ac413e200a5d0bc8\transformed\versionedparcelable-1.1.1 because:
  Build cache is disabled
Caching disabled for LibrarySymbolTableTransform: C:\Users\Tushal\.gradle\caches\transforms-3\b89dbbd2c07c77ed01414e4e82e13513\transformed\tracing-1.0.0 because:
  Build cache is disabled
Caching disabled for LibrarySymbolTableTransform: C:\Users\Tushal\.gradle\caches\transforms-3\4605d80e7c376801fc7312c266e4256f\transformed\documentfile-1.0.0 because:
  Build cache is disabled
Skipping LibrarySymbolTableTransform: C:\Users\Tushal\.gradle\caches\transforms-3\b89dbbd2c07c77ed01414e4e82e13513\transformed\tracing-1.0.0 as it is up-to-date.
Skipping LibrarySymbolTableTransform: C:\Users\Tushal\.gradle\caches\transforms-3\4605d80e7c376801fc7312c266e4256f\transformed\documentfile-1.0.0 as it is up-to-date.
Skipping LibrarySymbolTableTransform: C:\Users\Tushal\.gradle\caches\transforms-3\525a47ace2319598ac413e200a5d0bc8\transformed\versionedparcelable-1.1.1 as it is up-to-date.
Transforming localbroadcastmanager-1.0.0.aar (androidx.localbroadcastmanager:localbroadcastmanager:1.0.0) with LibrarySymbolTableTransform
Transforming print-1.0.0.aar (androidx.print:print:1.0.0) with ExtractAarTransform
Transforming print-1.0.0.aar (androidx.print:print:1.0.0) with LibrarySymbolTableTransform
Transforming multidex-2.0.1.aar (androidx.multidex:multidex:2.0.1) with ExtractAarTransform
Transforming multidex-2.0.1.aar (androidx.multidex:multidex:2.0.1) with LibrarySymbolTableTransform
Caching disabled for LibrarySymbolTableTransform: C:\Users\Tushal\.gradle\caches\transforms-3\119ccbc886a35f03ef88c1b2aa469021\transformed\localbroadcastmanager-1.0.0 because:
  Build cache is disabled
Caching disabled for LibrarySymbolTableTransform: C:\Users\Tushal\.gradle\caches\transforms-3\ea51fda6ac45a05011c00104e91c0579\transformed\print-1.0.0 because:
  Build cache is disabled
Skipping LibrarySymbolTableTransform: C:\Users\Tushal\.gradle\caches\transforms-3\119ccbc886a35f03ef88c1b2aa469021\transformed\localbroadcastmanager-1.0.0 as it is up-to-date.
Skipping LibrarySymbolTableTransform: C:\Users\Tushal\.gradle\caches\transforms-3\ea51fda6ac45a05011c00104e91c0579\transformed\print-1.0.0 as it is up-to-date.
Caching disabled for LibrarySymbolTableTransform: C:\Users\Tushal\.gradle\caches\transforms-3\8b6a5ea78f7918a06084e5aa589e5e1d\transformed\multidex-2.0.1 because:
  Build cache is disabled
Skipping LibrarySymbolTableTransform: C:\Users\Tushal\.gradle\caches\transforms-3\8b6a5ea78f7918a06084e5aa589e5e1d\transformed\multidex-2.0.1 as it is up-to-date.
Transforming viewbinding-8.2.0.aar (androidx.databinding:viewbinding:8.2.0) with ExtractAarTransform
Transforming viewbinding-8.2.0.aar (androidx.databinding:viewbinding:8.2.0) with AarTransform
Transforming material-1.11.0.aar (com.google.android.material:material:1.11.0) with ExtractAarTransform
Transforming material-1.11.0.aar (com.google.android.material:material:1.11.0) with AarTransform
Transforming appcompat-1.6.1.aar (androidx.appcompat:appcompat:1.6.1) with ExtractAarTransform
Transforming appcompat-1.6.1.aar (androidx.appcompat:appcompat:1.6.1) with AarTransform
Caching disabled for AarTransform: C:\Users\Tushal\.gradle\caches\transforms-3\ee7372a378ee3382ad11d1d4ea99a2b0\transformed\viewbinding-8.2.0 because:
  Build cache is disabled
Caching disabled for AarTransform: C:\Users\Tushal\.gradle\caches\transforms-3\e308b6e6d17158c8079fa92ee7b91963\transformed\material-1.11.0 because:
  Build cache is disabled
Skipping AarTransform: C:\Users\Tushal\.gradle\caches\transforms-3\ee7372a378ee3382ad11d1d4ea99a2b0\transformed\viewbinding-8.2.0 as it is up-to-date.
Transforming biometric-1.1.0.aar (androidx.biometric:biometric:1.1.0) with ExtractAarTransform
Skipping AarTransform: C:\Users\Tushal\.gradle\caches\transforms-3\e308b6e6d17158c8079fa92ee7b91963\transformed\material-1.11.0 as it is up-to-date.
Transforming biometric-1.1.0.aar (androidx.biometric:biometric:1.1.0) with AarTransform
Caching disabled for AarTransform: C:\Users\Tushal\.gradle\caches\transforms-3\468ef8c1224fa11f9c4341db52a06e93\transformed\appcompat-1.6.1 because:
  Build cache is disabled
Skipping AarTransform: C:\Users\Tushal\.gradle\caches\transforms-3\468ef8c1224fa11f9c4341db52a06e93\transformed\appcompat-1.6.1 as it is up-to-date.
Transforming glide-4.16.0.aar (com.github.bumptech.glide:glide:4.16.0) with ExtractAarTransform
Transforming glide-4.16.0.aar (com.github.bumptech.glide:glide:4.16.0) with AarTransform
Caching disabled for AarTransform: C:\Users\Tushal\.gradle\caches\transforms-3\57d34647962dfce3c8e4f7677bf8cd17\transformed\biometric-1.1.0 because:
  Build cache is disabled
Skipping AarTransform: C:\Users\Tushal\.gradle\caches\transforms-3\57d34647962dfce3c8e4f7677bf8cd17\transformed\biometric-1.1.0 as it is up-to-date.
Transforming viewpager2-1.1.0-beta02.aar (androidx.viewpager2:viewpager2:1.1.0-beta02) with ExtractAarTransform
Transforming viewpager2-1.1.0-beta02.aar (androidx.viewpager2:viewpager2:1.1.0-beta02) with AarTransform
Caching disabled for AarTransform: C:\Users\Tushal\.gradle\caches\transforms-3\dc9ba8c66bf67f1ab539a00e8b9c9c9a\transformed\glide-4.16.0 because:
  Build cache is disabled
Transforming fragment-1.3.6.aar (androidx.fragment:fragment:1.3.6) with ExtractAarTransform
Skipping AarTransform: C:\Users\Tushal\.gradle\caches\transforms-3\dc9ba8c66bf67f1ab539a00e8b9c9c9a\transformed\glide-4.16.0 as it is up-to-date.
Transforming fragment-1.3.6.aar (androidx.fragment:fragment:1.3.6) with AarTransform
Caching disabled for AarTransform: C:\Users\Tushal\.gradle\caches\transforms-3\7894b91b38b404f70940d07cabe5899f\transformed\viewpager2-1.1.0-beta02 because:
  Build cache is disabled
Skipping AarTransform: C:\Users\Tushal\.gradle\caches\transforms-3\7894b91b38b404f70940d07cabe5899f\transformed\viewpager2-1.1.0-beta02 as it is up-to-date.
Transforming activity-1.8.2.aar (androidx.activity:activity:1.8.2) with ExtractAarTransform
Transforming activity-1.8.2.aar (androidx.activity:activity:1.8.2) with AarTransform
Caching disabled for AarTransform: C:\Users\Tushal\.gradle\caches\transforms-3\492822d6f5cf6540ee1405596cc42ade\transformed\fragment-1.3.6 because:
  Build cache is disabled
Skipping AarTransform: C:\Users\Tushal\.gradle\caches\transforms-3\492822d6f5cf6540ee1405596cc42ade\transformed\fragment-1.3.6 as it is up-to-date.
Transforming activity-ktx-1.8.2.aar (androidx.activity:activity-ktx:1.8.2) with ExtractAarTransform
Transforming activity-ktx-1.8.2.aar (androidx.activity:activity-ktx:1.8.2) with AarTransform
Caching disabled for AarTransform: C:\Users\Tushal\.gradle\caches\transforms-3\f9410f15e9fb2f39f9c91101f6a20106\transformed\activity-1.8.2 because:
  Build cache is disabled
Skipping AarTransform: C:\Users\Tushal\.gradle\caches\transforms-3\f9410f15e9fb2f39f9c91101f6a20106\transformed\activity-1.8.2 as it is up-to-date.
Transforming recyclerview-1.3.2.aar (androidx.recyclerview:recyclerview:1.3.2) with ExtractAarTransform
Transforming recyclerview-1.3.2.aar (androidx.recyclerview:recyclerview:1.3.2) with AarTransform
Caching disabled for AarTransform: C:\Users\Tushal\.gradle\caches\transforms-3\0ca366a1d236200f2eea054185b5f0d8\transformed\activity-ktx-1.8.2 because:
  Build cache is disabled
Skipping AarTransform: C:\Users\Tushal\.gradle\caches\transforms-3\0ca366a1d236200f2eea054185b5f0d8\transformed\activity-ktx-1.8.2 as it is up-to-date.
Transforming swiperefreshlayout-1.1.0.aar (androidx.swiperefreshlayout:swiperefreshlayout:1.1.0) with ExtractAarTransform
Transforming swiperefreshlayout-1.1.0.aar (androidx.swiperefreshlayout:swiperefreshlayout:1.1.0) with AarTransform
Caching disabled for AarTransform: C:\Users\Tushal\.gradle\caches\transforms-3\86ae1b24a46958f5365ec5ef3d2d1c34\transformed\recyclerview-1.3.2 because:
  Build cache is disabled
Skipping AarTransform: C:\Users\Tushal\.gradle\caches\transforms-3\86ae1b24a46958f5365ec5ef3d2d1c34\transformed\recyclerview-1.3.2 as it is up-to-date.
Transforming camera-lifecycle-1.3.1.aar (androidx.camera:camera-lifecycle:1.3.1) with ExtractAarTransform
Transforming camera-lifecycle-1.3.1.aar (androidx.camera:camera-lifecycle:1.3.1) with AarTransform
Caching disabled for AarTransform: C:\Users\Tushal\.gradle\caches\transforms-3\339f76cdc3d96b2a50cab9a23a560bcb\transformed\swiperefreshlayout-1.1.0 because:
  Build cache is disabled
Skipping AarTransform: C:\Users\Tushal\.gradle\caches\transforms-3\339f76cdc3d96b2a50cab9a23a560bcb\transformed\swiperefreshlayout-1.1.0 as it is up-to-date.
Transforming camera-camera2-1.3.1.aar (androidx.camera:camera-camera2:1.3.1) with ExtractAarTransform
Transforming camera-camera2-1.3.1.aar (androidx.camera:camera-camera2:1.3.1) with AarTransform
Caching disabled for AarTransform: C:\Users\Tushal\.gradle\caches\transforms-3\270e300d271c2ab3efa31872dd2e5301\transformed\camera-lifecycle-1.3.1 because:
  Build cache is disabled
Skipping AarTransform: C:\Users\Tushal\.gradle\caches\transforms-3\270e300d271c2ab3efa31872dd2e5301\transformed\camera-lifecycle-1.3.1 as it is up-to-date.
Transforming camera-core-1.3.1.aar (androidx.camera:camera-core:1.3.1) with ExtractAarTransform
Transforming camera-core-1.3.1.aar (androidx.camera:camera-core:1.3.1) with AarTransform
Caching disabled for AarTransform: C:\Users\Tushal\.gradle\caches\transforms-3\fb070df8d5725024895184ad87598e4e\transformed\camera-camera2-1.3.1 because:
  Build cache is disabled
Transforming appcompat-resources-1.6.1.aar (androidx.appcompat:appcompat-resources:1.6.1) with ExtractAarTransform
Skipping AarTransform: C:\Users\Tushal\.gradle\caches\transforms-3\fb070df8d5725024895184ad87598e4e\transformed\camera-camera2-1.3.1 as it is up-to-date.
Caching disabled for AarTransform: C:\Users\Tushal\.gradle\caches\transforms-3\b525739896ca14c1bc27882fe8208c8a\transformed\camera-core-1.3.1 because:
  Build cache is disabled
Transforming appcompat-resources-1.6.1.aar (androidx.appcompat:appcompat-resources:1.6.1) with AarTransform
Skipping AarTransform: C:\Users\Tushal\.gradle\caches\transforms-3\b525739896ca14c1bc27882fe8208c8a\transformed\camera-core-1.3.1 as it is up-to-date.
Transforming drawerlayout-1.1.1.aar (androidx.drawerlayout:drawerlayout:1.1.1) with ExtractAarTransform
Transforming drawerlayout-1.1.1.aar (androidx.drawerlayout:drawerlayout:1.1.1) with AarTransform
Caching disabled for AarTransform: C:\Users\Tushal\.gradle\caches\transforms-3\44cf57b6d98c7e6b7e5b8a03a98cf622\transformed\appcompat-resources-1.6.1 because:
  Build cache is disabled
Skipping AarTransform: C:\Users\Tushal\.gradle\caches\transforms-3\44cf57b6d98c7e6b7e5b8a03a98cf622\transformed\appcompat-resources-1.6.1 as it is up-to-date.
Transforming coordinatorlayout-1.1.0.aar (androidx.coordinatorlayout:coordinatorlayout:1.1.0) with ExtractAarTransform
Transforming coordinatorlayout-1.1.0.aar (androidx.coordinatorlayout:coordinatorlayout:1.1.0) with AarTransform
Caching disabled for AarTransform: C:\Users\Tushal\.gradle\caches\transforms-3\8311f284aead11fa49e25fe7039fe589\transformed\drawerlayout-1.1.1 because:
  Build cache is disabled
Skipping AarTransform: C:\Users\Tushal\.gradle\caches\transforms-3\8311f284aead11fa49e25fe7039fe589\transformed\drawerlayout-1.1.1 as it is up-to-date.
Transforming dynamicanimation-1.0.0.aar (androidx.dynamicanimation:dynamicanimation:1.0.0) with ExtractAarTransform
Transforming dynamicanimation-1.0.0.aar (androidx.dynamicanimation:dynamicanimation:1.0.0) with AarTransform
Caching disabled for AarTransform: C:\Users\Tushal\.gradle\caches\transforms-3\a4e6ecf66af1c4b4199be43380cac145\transformed\coordinatorlayout-1.1.0 because:
  Build cache is disabled
Skipping AarTransform: C:\Users\Tushal\.gradle\caches\transforms-3\a4e6ecf66af1c4b4199be43380cac145\transformed\coordinatorlayout-1.1.0 as it is up-to-date.
Transforming transition-1.2.0.aar (androidx.transition:transition:1.2.0) with ExtractAarTransform
Transforming transition-1.2.0.aar (androidx.transition:transition:1.2.0) with AarTransform
Caching disabled for AarTransform: C:\Users\Tushal\.gradle\caches\transforms-3\ad4399c080ebc131028831b3f7710164\transformed\dynamicanimation-1.0.0 because:
  Build cache is disabled
Transforming vectordrawable-animated-1.1.0.aar (androidx.vectordrawable:vectordrawable-animated:1.1.0) with ExtractAarTransform
Skipping AarTransform: C:\Users\Tushal\.gradle\caches\transforms-3\ad4399c080ebc131028831b3f7710164\transformed\dynamicanimation-1.0.0 as it is up-to-date.
Transforming vectordrawable-animated-1.1.0.aar (androidx.vectordrawable:vectordrawable-animated:1.1.0) with AarTransform
Transforming vectordrawable-1.1.0.aar (androidx.vectordrawable:vectordrawable:1.1.0) with ExtractAarTransform
Transforming vectordrawable-1.1.0.aar (androidx.vectordrawable:vectordrawable:1.1.0) with AarTransform
Caching disabled for AarTransform: C:\Users\Tushal\.gradle\caches\transforms-3\77ad483ac93f96cb4b844c8d431b41c6\transformed\transition-1.2.0 because:
  Build cache is disabled
Caching disabled for AarTransform: C:\Users\Tushal\.gradle\caches\transforms-3\3ffad289452d90132b25cfa39b80d81f\transformed\vectordrawable-animated-1.1.0 because:
  Build cache is disabled
Caching disabled for AarTransform: C:\Users\Tushal\.gradle\caches\transforms-3\0c7ee7980467685fc899e8881f198f09\transformed\vectordrawable-1.1.0 because:
  Build cache is disabled
Transforming vectordrawable-1.1.0.aar (androidx.vectordrawable:vectordrawable:1.1.0) with ExtractAarTransform
Skipping AarTransform: C:\Users\Tushal\.gradle\caches\transforms-3\3ffad289452d90132b25cfa39b80d81f\transformed\vectordrawable-animated-1.1.0 as it is up-to-date.
Transforming vectordrawable-1.1.0.aar (androidx.vectordrawable:vectordrawable:1.1.0) with AarTransform
Skipping AarTransform: C:\Users\Tushal\.gradle\caches\transforms-3\77ad483ac93f96cb4b844c8d431b41c6\transformed\transition-1.2.0 as it is up-to-date.
Transforming viewpager-1.0.0.aar (androidx.viewpager:viewpager:1.0.0) with ExtractAarTransform
Skipping AarTransform: C:\Users\Tushal\.gradle\caches\transforms-3\0c7ee7980467685fc899e8881f198f09\transformed\vectordrawable-1.1.0 as it is up-to-date.
Transforming viewpager-1.0.0.aar (androidx.viewpager:viewpager:1.0.0) with AarTransform
Transforming customview-1.1.0.aar (androidx.customview:customview:1.1.0) with ExtractAarTransform
Transforming customview-1.1.0.aar (androidx.customview:customview:1.1.0) with AarTransform
Transforming customview-1.1.0.aar (androidx.customview:customview:1.1.0) with ExtractAarTransform
Caching disabled for AarTransform: C:\Users\Tushal\.gradle\caches\transforms-3\1b730982aa055e587f1c4dd43ee6713f\transformed\viewpager-1.0.0 because:
  Build cache is disabled
Transforming customview-1.1.0.aar (androidx.customview:customview:1.1.0) with AarTransform
Skipping AarTransform: C:\Users\Tushal\.gradle\caches\transforms-3\1b730982aa055e587f1c4dd43ee6713f\transformed\viewpager-1.0.0 as it is up-to-date.
Transforming customview-1.1.0.aar (androidx.customview:customview:1.1.0) with ExtractAarTransform
Caching disabled for AarTransform: C:\Users\Tushal\.gradle\caches\transforms-3\c6744541110b4f89ce76a11e549acfe0\transformed\customview-1.1.0 because:
  Build cache is disabled
Transforming customview-1.1.0.aar (androidx.customview:customview:1.1.0) with AarTransform
Skipping AarTransform: C:\Users\Tushal\.gradle\caches\transforms-3\c6744541110b4f89ce76a11e549acfe0\transformed\customview-1.1.0 as it is up-to-date.
Transforming customview-1.1.0.aar (androidx.customview:customview:1.1.0) with ExtractAarTransform
Transforming customview-1.1.0.aar (androidx.customview:customview:1.1.0) with AarTransform
Transforming legacy-support-core-utils-1.0.0.aar (androidx.legacy:legacy-support-core-utils:1.0.0) with ExtractAarTransform
Transforming legacy-support-core-utils-1.0.0.aar (androidx.legacy:legacy-support-core-utils:1.0.0) with AarTransform
Transforming loader-1.0.0.aar (androidx.loader:loader:1.0.0) with ExtractAarTransform
Transforming loader-1.0.0.aar (androidx.loader:loader:1.0.0) with AarTransform
Transforming loader-1.0.0.aar (androidx.loader:loader:1.0.0) with ExtractAarTransform
Transforming loader-1.0.0.aar (androidx.loader:loader:1.0.0) with AarTransform
Transforming core-1.12.0.aar (androidx.core:core:1.12.0) with ExtractAarTransform
Caching disabled for AarTransform: C:\Users\Tushal\.gradle\caches\transforms-3\c02ac995872b81c83e1917567743c810\transformed\legacy-support-core-utils-1.0.0 because:
  Build cache is disabled
Skipping AarTransform: C:\Users\Tushal\.gradle\caches\transforms-3\c02ac995872b81c83e1917567743c810\transformed\legacy-support-core-utils-1.0.0 as it is up-to-date.
Caching disabled for AarTransform: C:\Users\Tushal\.gradle\caches\transforms-3\8b65fb41d7244f8684b31581aedcf434\transformed\loader-1.0.0 because:
  Build cache is disabled
Transforming core-1.12.0.aar (androidx.core:core:1.12.0) with AarTransform
Skipping AarTransform: C:\Users\Tushal\.gradle\caches\transforms-3\8b65fb41d7244f8684b31581aedcf434\transformed\loader-1.0.0 as it is up-to-date.
Transforming core-1.12.0.aar (androidx.core:core:1.12.0) with ExtractAarTransform
Transforming core-1.12.0.aar (androidx.core:core:1.12.0) with AarTransform
Transforming core-1.12.0.aar (androidx.core:core:1.12.0) with ExtractAarTransform
Transforming core-1.12.0.aar (androidx.core:core:1.12.0) with AarTransform
Transforming core-1.12.0.aar (androidx.core:core:1.12.0) with ExtractAarTransform
Caching disabled for AarTransform: C:\Users\Tushal\.gradle\caches\transforms-3\0689a9fd0de0e6fef5d369e599568f09\transformed\core-1.12.0 because:
  Build cache is disabled
Transforming core-1.12.0.aar (androidx.core:core:1.12.0) with AarTransform
Skipping AarTransform: C:\Users\Tushal\.gradle\caches\transforms-3\0689a9fd0de0e6fef5d369e599568f09\transformed\core-1.12.0 as it is up-to-date.
Transforming core-1.12.0.aar (androidx.core:core:1.12.0) with ExtractAarTransform
Transforming core-1.12.0.aar (androidx.core:core:1.12.0) with AarTransform
Transforming lifecycle-livedata-core-2.7.0.aar (androidx.lifecycle:lifecycle-livedata-core:2.7.0) with ExtractAarTransform
Transforming lifecycle-livedata-core-2.7.0.aar (androidx.lifecycle:lifecycle-livedata-core:2.7.0) with AarTransform
Transforming lifecycle-runtime-ktx-2.7.0.aar (androidx.lifecycle:lifecycle-runtime-ktx:2.7.0) with ExtractAarTransform
Transforming lifecycle-runtime-ktx-2.7.0.aar (androidx.lifecycle:lifecycle-runtime-ktx:2.7.0) with AarTransform
Transforming lifecycle-livedata-core-ktx-2.7.0.aar (androidx.lifecycle:lifecycle-livedata-core-ktx:2.7.0) with ExtractAarTransform
Transforming lifecycle-livedata-core-ktx-2.7.0.aar (androidx.lifecycle:lifecycle-livedata-core-ktx:2.7.0) with AarTransform
Transforming lifecycle-livedata-2.7.0.aar (androidx.lifecycle:lifecycle-livedata:2.7.0) with ExtractAarTransform
Caching disabled for AarTransform: C:\Users\Tushal\.gradle\caches\transforms-3\16334cf9ae6f67e16792e7590a141c87\transformed\lifecycle-runtime-ktx-2.7.0 because:
  Build cache is disabled
Caching disabled for AarTransform: C:\Users\Tushal\.gradle\caches\transforms-3\677b5a79186bd8504b833b54b60ee3c9\transformed\lifecycle-livedata-core-2.7.0 because:
  Build cache is disabled
Skipping AarTransform: C:\Users\Tushal\.gradle\caches\transforms-3\16334cf9ae6f67e16792e7590a141c87\transformed\lifecycle-runtime-ktx-2.7.0 as it is up-to-date.
Skipping AarTransform: C:\Users\Tushal\.gradle\caches\transforms-3\677b5a79186bd8504b833b54b60ee3c9\transformed\lifecycle-livedata-core-2.7.0 as it is up-to-date.
Caching disabled for AarTransform: C:\Users\Tushal\.gradle\caches\transforms-3\559af55a7bd8a35aa959e6d3da59f562\transformed\lifecycle-livedata-core-ktx-2.7.0 because:
  Build cache is disabled
Transforming lifecycle-livedata-2.7.0.aar (androidx.lifecycle:lifecycle-livedata:2.7.0) with AarTransform
Skipping AarTransform: C:\Users\Tushal\.gradle\caches\transforms-3\559af55a7bd8a35aa959e6d3da59f562\transformed\lifecycle-livedata-core-ktx-2.7.0 as it is up-to-date.
Transforming lifecycle-livedata-2.7.0.aar (androidx.lifecycle:lifecycle-livedata:2.7.0) with ExtractAarTransform
Transforming lifecycle-livedata-2.7.0.aar (androidx.lifecycle:lifecycle-livedata:2.7.0) with AarTransform
Transforming lifecycle-viewmodel-2.7.0.aar (androidx.lifecycle:lifecycle-viewmodel:2.7.0) with ExtractAarTransform
Caching disabled for AarTransform: C:\Users\Tushal\.gradle\caches\transforms-3\3dc0ddc8b1cc7d28c3b48bca5ad7c63a\transformed\lifecycle-livedata-2.7.0 because:
  Build cache is disabled
Transforming lifecycle-viewmodel-2.7.0.aar (androidx.lifecycle:lifecycle-viewmodel:2.7.0) with AarTransform
Skipping AarTransform: C:\Users\Tushal\.gradle\caches\transforms-3\3dc0ddc8b1cc7d28c3b48bca5ad7c63a\transformed\lifecycle-livedata-2.7.0 as it is up-to-date.
Transforming lifecycle-viewmodel-2.7.0.aar (androidx.lifecycle:lifecycle-viewmodel:2.7.0) with ExtractAarTransform
Transforming lifecycle-viewmodel-2.7.0.aar (androidx.lifecycle:lifecycle-viewmodel:2.7.0) with AarTransform
Transforming coil-2.5.0.aar (io.coil-kt:coil:2.5.0) with ExtractAarTransform
Transforming coil-2.5.0.aar (io.coil-kt:coil:2.5.0) with AarTransform
Caching disabled for AarTransform: C:\Users\Tushal\.gradle\caches\transforms-3\6bab4852d63525fc8c095ec62187c7d2\transformed\lifecycle-viewmodel-2.7.0 because:
  Build cache is disabled
Transforming coil-video-2.5.0.aar (io.coil-kt:coil-video:2.5.0) with ExtractAarTransform
Skipping AarTransform: C:\Users\Tushal\.gradle\caches\transforms-3\6bab4852d63525fc8c095ec62187c7d2\transformed\lifecycle-viewmodel-2.7.0 as it is up-to-date.
Caching disabled for AarTransform: C:\Users\Tushal\.gradle\caches\transforms-3\dc740cdfa4b72028e37eea76661c42ef\transformed\coil-2.5.0 because:
  Build cache is disabled
Transforming coil-video-2.5.0.aar (io.coil-kt:coil-video:2.5.0) with AarTransform
Skipping AarTransform: C:\Users\Tushal\.gradle\caches\transforms-3\dc740cdfa4b72028e37eea76661c42ef\transformed\coil-2.5.0 as it is up-to-date.
Transforming coil-base-2.5.0.aar (io.coil-kt:coil-base:2.5.0) with ExtractAarTransform
Transforming coil-base-2.5.0.aar (io.coil-kt:coil-base:2.5.0) with AarTransform
Transforming lifecycle-runtime-2.7.0.aar (androidx.lifecycle:lifecycle-runtime:2.7.0) with ExtractAarTransform
Transforming lifecycle-runtime-2.7.0.aar (androidx.lifecycle:lifecycle-runtime:2.7.0) with AarTransform
Transforming lifecycle-viewmodel-ktx-2.7.0.aar (androidx.lifecycle:lifecycle-viewmodel-ktx:2.7.0) with ExtractAarTransform
Caching disabled for AarTransform: C:\Users\Tushal\.gradle\caches\transforms-3\a7e257e5db315937cb7a3d69b1f90fb7\transformed\coil-video-2.5.0 because:
  Build cache is disabled
Caching disabled for AarTransform: C:\Users\Tushal\.gradle\caches\transforms-3\c880f30648f48c0e398759a215b47ce2\transformed\coil-base-2.5.0 because:
  Build cache is disabled
Transforming lifecycle-viewmodel-ktx-2.7.0.aar (androidx.lifecycle:lifecycle-viewmodel-ktx:2.7.0) with AarTransform
Caching disabled for AarTransform: C:\Users\Tushal\.gradle\caches\transforms-3\c35613f5ee0955877fb1dbb83fac5020\transformed\lifecycle-runtime-2.7.0 because:
  Build cache is disabled
Skipping AarTransform: C:\Users\Tushal\.gradle\caches\transforms-3\c35613f5ee0955877fb1dbb83fac5020\transformed\lifecycle-runtime-2.7.0 as it is up-to-date.
Transforming lifecycle-livedata-ktx-2.7.0.aar (androidx.lifecycle:lifecycle-livedata-ktx:2.7.0) with ExtractAarTransform
Skipping AarTransform: C:\Users\Tushal\.gradle\caches\transforms-3\c880f30648f48c0e398759a215b47ce2\transformed\coil-base-2.5.0 as it is up-to-date.
Skipping AarTransform: C:\Users\Tushal\.gradle\caches\transforms-3\a7e257e5db315937cb7a3d69b1f90fb7\transformed\coil-video-2.5.0 as it is up-to-date.
Transforming lifecycle-livedata-ktx-2.7.0.aar (androidx.lifecycle:lifecycle-livedata-ktx:2.7.0) with AarTransform
Caching disabled for AarTransform: C:\Users\Tushal\.gradle\caches\transforms-3\12495d349f42f60593d1d8e7a86e38c5\transformed\lifecycle-viewmodel-ktx-2.7.0 because:
  Build cache is disabled
Transforming lifecycle-viewmodel-savedstate-2.7.0.aar (androidx.lifecycle:lifecycle-viewmodel-savedstate:2.7.0) with ExtractAarTransform
Transforming lifecycle-viewmodel-savedstate-2.7.0.aar (androidx.lifecycle:lifecycle-viewmodel-savedstate:2.7.0) with AarTransform
Transforming core-ktx-1.12.0.aar (androidx.core:core-ktx:1.12.0) with ExtractAarTransform
Skipping AarTransform: C:\Users\Tushal\.gradle\caches\transforms-3\12495d349f42f60593d1d8e7a86e38c5\transformed\lifecycle-viewmodel-ktx-2.7.0 as it is up-to-date.
Caching disabled for AarTransform: C:\Users\Tushal\.gradle\caches\transforms-3\1f44855ee8a9143ee7ef0c1481e3f0d9\transformed\lifecycle-livedata-ktx-2.7.0 because:
  Build cache is disabled
Transforming core-ktx-1.12.0.aar (androidx.core:core-ktx:1.12.0) with AarTransform
Skipping AarTransform: C:\Users\Tushal\.gradle\caches\transforms-3\1f44855ee8a9143ee7ef0c1481e3f0d9\transformed\lifecycle-livedata-ktx-2.7.0 as it is up-to-date.
Caching disabled for AarTransform: C:\Users\Tushal\.gradle\caches\transforms-3\456d36f24c2cdbdedacb020de67fc621\transformed\lifecycle-viewmodel-savedstate-2.7.0 because:
  Build cache is disabled
Transforming room-runtime-2.6.1.aar (androidx.room:room-runtime:2.6.1) with ExtractAarTransform
Skipping AarTransform: C:\Users\Tushal\.gradle\caches\transforms-3\456d36f24c2cdbdedacb020de67fc621\transformed\lifecycle-viewmodel-savedstate-2.7.0 as it is up-to-date.
Transforming room-runtime-2.6.1.aar (androidx.room:room-runtime:2.6.1) with AarTransform
Transforming room-ktx-2.6.1.aar (androidx.room:room-ktx:2.6.1) with ExtractAarTransform
Transforming room-ktx-2.6.1.aar (androidx.room:room-ktx:2.6.1) with AarTransform
Caching disabled for AarTransform: C:\Users\Tushal\.gradle\caches\transforms-3\4a0525888b51531b2d8c676d5df937d6\transformed\core-ktx-1.12.0 because:
  Build cache is disabled
Transforming savedstate-ktx-1.2.1.aar (androidx.savedstate:savedstate-ktx:1.2.1) with ExtractAarTransform
Skipping AarTransform: C:\Users\Tushal\.gradle\caches\transforms-3\4a0525888b51531b2d8c676d5df937d6\transformed\core-ktx-1.12.0 as it is up-to-date.
Caching disabled for AarTransform: C:\Users\Tushal\.gradle\caches\transforms-3\370719b425780f26af1080c819ab5589\transformed\room-ktx-2.6.1 because:
  Build cache is disabled
Transforming savedstate-ktx-1.2.1.aar (androidx.savedstate:savedstate-ktx:1.2.1) with AarTransform
Caching disabled for AarTransform: C:\Users\Tushal\.gradle\caches\transforms-3\888877568181c0f6eb4ce892d57068b3\transformed\room-runtime-2.6.1 because:
  Build cache is disabled
Skipping AarTransform: C:\Users\Tushal\.gradle\caches\transforms-3\370719b425780f26af1080c819ab5589\transformed\room-ktx-2.6.1 as it is up-to-date.
Skipping AarTransform: C:\Users\Tushal\.gradle\caches\transforms-3\888877568181c0f6eb4ce892d57068b3\transformed\room-runtime-2.6.1 as it is up-to-date.
Transforming savedstate-1.2.1.aar (androidx.savedstate:savedstate:1.2.1) with ExtractAarTransform
Caching disabled for AarTransform: C:\Users\Tushal\.gradle\caches\transforms-3\392db174018290aedff9183ad18d0929\transformed\savedstate-ktx-1.2.1 because:
  Build cache is disabled
Transforming savedstate-1.2.1.aar (androidx.savedstate:savedstate:1.2.1) with AarTransform
Skipping AarTransform: C:\Users\Tushal\.gradle\caches\transforms-3\392db174018290aedff9183ad18d0929\transformed\savedstate-ktx-1.2.1 as it is up-to-date.
Transforming media3-exoplayer-1.2.0.aar (androidx.media3:media3-exoplayer:1.2.0) with ExtractAarTransform
Transforming media3-exoplayer-1.2.0.aar (androidx.media3:media3-exoplayer:1.2.0) with AarTransform
Transforming media3-common-1.2.0.aar (androidx.media3:media3-common:1.2.0) with ExtractAarTransform
Transforming media3-common-1.2.0.aar (androidx.media3:media3-common:1.2.0) with AarTransform
Caching disabled for AarTransform: C:\Users\Tushal\.gradle\caches\transforms-3\4df352a0ff98d010ff87c87a188bfa25\transformed\savedstate-1.2.1 because:
  Build cache is disabled
Caching disabled for AarTransform: C:\Users\Tushal\.gradle\caches\transforms-3\e75b5071789f5baf57b3f20bc1a48613\transformed\media3-exoplayer-1.2.0 because:
  Build cache is disabled
Transforming annotation-experimental-1.3.1.aar (androidx.annotation:annotation-experimental:1.3.1) with ExtractAarTransform
Skipping AarTransform: C:\Users\Tushal\.gradle\caches\transforms-3\e75b5071789f5baf57b3f20bc1a48613\transformed\media3-exoplayer-1.2.0 as it is up-to-date.
Skipping AarTransform: C:\Users\Tushal\.gradle\caches\transforms-3\4df352a0ff98d010ff87c87a188bfa25\transformed\savedstate-1.2.1 as it is up-to-date.
Caching disabled for AarTransform: C:\Users\Tushal\.gradle\caches\transforms-3\1f4d79196179c097dcf5135e5e548a60\transformed\media3-common-1.2.0 because:
  Build cache is disabled
Transforming annotation-experimental-1.3.1.aar (androidx.annotation:annotation-experimental:1.3.1) with AarTransform
Skipping AarTransform: C:\Users\Tushal\.gradle\caches\transforms-3\1f4d79196179c097dcf5135e5e548a60\transformed\media3-common-1.2.0 as it is up-to-date.
Transforming cardview-1.0.0.aar (androidx.cardview:cardview:1.0.0) with ExtractAarTransform
Transforming cardview-1.0.0.aar (androidx.cardview:cardview:1.0.0) with AarTransform
Transforming security-crypto-1.1.0-alpha06.aar (androidx.security:security-crypto:1.1.0-alpha06) with ExtractAarTransform
Caching disabled for AarTransform: C:\Users\Tushal\.gradle\caches\transforms-3\81978c211bff88f5381685aa43447203\transformed\annotation-experimental-1.3.1 because:
  Build cache is disabled
Transforming security-crypto-1.1.0-alpha06.aar (androidx.security:security-crypto:1.1.0-alpha06) with AarTransform
Skipping AarTransform: C:\Users\Tushal\.gradle\caches\transforms-3\81978c211bff88f5381685aa43447203\transformed\annotation-experimental-1.3.1 as it is up-to-date.
Caching disabled for AarTransform: C:\Users\Tushal\.gradle\caches\transforms-3\947307f88e48bf9427ba4ec6a34d2b50\transformed\cardview-1.0.0 because:
  Build cache is disabled
Transforming cursoradapter-1.0.0.aar (androidx.cursoradapter:cursoradapter:1.0.0) with ExtractAarTransform
Skipping AarTransform: C:\Users\Tushal\.gradle\caches\transforms-3\947307f88e48bf9427ba4ec6a34d2b50\transformed\cardview-1.0.0 as it is up-to-date.
Transforming cursoradapter-1.0.0.aar (androidx.cursoradapter:cursoradapter:1.0.0) with AarTransform
Transforming interpolator-1.0.0.aar (androidx.interpolator:interpolator:1.0.0) with ExtractAarTransform
Transforming interpolator-1.0.0.aar (androidx.interpolator:interpolator:1.0.0) with AarTransform
Transforming interpolator-1.0.0.aar (androidx.interpolator:interpolator:1.0.0) with ExtractAarTransform
Transforming interpolator-1.0.0.aar (androidx.interpolator:interpolator:1.0.0) with AarTransform
Transforming sqlite-framework-2.4.0.aar (androidx.sqlite:sqlite-framework:2.4.0) with ExtractAarTransform
Caching disabled for AarTransform: C:\Users\Tushal\.gradle\caches\transforms-3\f816468c226029777744c01983376002\transformed\security-crypto-1.1.0-alpha06 because:
  Build cache is disabled
Caching disabled for AarTransform: C:\Users\Tushal\.gradle\caches\transforms-3\feccdbabe94b1a4a420e85fa751f7c7d\transformed\cursoradapter-1.0.0 because:
  Build cache is disabled
Caching disabled for AarTransform: C:\Users\Tushal\.gradle\caches\transforms-3\b4713265b2f5b88c29f2131d51b92139\transformed\interpolator-1.0.0 because:
  Build cache is disabled
Transforming sqlite-framework-2.4.0.aar (androidx.sqlite:sqlite-framework:2.4.0) with AarTransform
Skipping AarTransform: C:\Users\Tushal\.gradle\caches\transforms-3\b4713265b2f5b88c29f2131d51b92139\transformed\interpolator-1.0.0 as it is up-to-date.
Transforming sqlite-2.4.0.aar (androidx.sqlite:sqlite:2.4.0) with ExtractAarTransform
Skipping AarTransform: C:\Users\Tushal\.gradle\caches\transforms-3\feccdbabe94b1a4a420e85fa751f7c7d\transformed\cursoradapter-1.0.0 as it is up-to-date.
Skipping AarTransform: C:\Users\Tushal\.gradle\caches\transforms-3\f816468c226029777744c01983376002\transformed\security-crypto-1.1.0-alpha06 as it is up-to-date.
Transforming sqlite-2.4.0.aar (androidx.sqlite:sqlite:2.4.0) with AarTransform
Caching disabled for AarTransform: C:\Users\Tushal\.gradle\caches\transforms-3\b7004b0b345b7039ad3076d4f11b014f\transformed\sqlite-framework-2.4.0 because:
  Build cache is disabled
Transforming gifdecoder-4.16.0.aar (com.github.bumptech.glide:gifdecoder:4.16.0) with ExtractAarTransform
Skipping AarTransform: C:\Users\Tushal\.gradle\caches\transforms-3\b7004b0b345b7039ad3076d4f11b014f\transformed\sqlite-framework-2.4.0 as it is up-to-date.
Transforming gifdecoder-4.16.0.aar (com.github.bumptech.glide:gifdecoder:4.16.0) with AarTransform
Caching disabled for AarTransform: C:\Users\Tushal\.gradle\caches\transforms-3\fc8be31588cad0a66c61f32c5640f596\transformed\sqlite-2.4.0 because:
  Build cache is disabled
Transforming versionedparcelable-1.1.1.aar (androidx.versionedparcelable:versionedparcelable:1.1.1) with ExtractAarTransform
Skipping AarTransform: C:\Users\Tushal\.gradle\caches\transforms-3\fc8be31588cad0a66c61f32c5640f596\transformed\sqlite-2.4.0 as it is up-to-date.
Transforming versionedparcelable-1.1.1.aar (androidx.versionedparcelable:versionedparcelable:1.1.1) with AarTransform
Caching disabled for AarTransform: C:\Users\Tushal\.gradle\caches\transforms-3\6b25d9b82ed183efd04348a1932698e9\transformed\gifdecoder-4.16.0 because:
  Build cache is disabled
Transforming core-runtime-2.2.0.aar (androidx.arch.core:core-runtime:2.2.0) with ExtractAarTransform
Skipping AarTransform: C:\Users\Tushal\.gradle\caches\transforms-3\6b25d9b82ed183efd04348a1932698e9\transformed\gifdecoder-4.16.0 as it is up-to-date.
Transforming core-runtime-2.2.0.aar (androidx.arch.core:core-runtime:2.2.0) with AarTransform
Caching disabled for AarTransform: C:\Users\Tushal\.gradle\caches\transforms-3\525a47ace2319598ac413e200a5d0bc8\transformed\versionedparcelable-1.1.1 because:
  Build cache is disabled
Transforming documentfile-1.0.0.aar (androidx.documentfile:documentfile:1.0.0) with ExtractAarTransform
Skipping AarTransform: C:\Users\Tushal\.gradle\caches\transforms-3\525a47ace2319598ac413e200a5d0bc8\transformed\versionedparcelable-1.1.1 as it is up-to-date.
Transforming documentfile-1.0.0.aar (androidx.documentfile:documentfile:1.0.0) with AarTransform
Caching disabled for AarTransform: C:\Users\Tushal\.gradle\caches\transforms-3\1f92b18ff42b04762aab378ca1917193\transformed\core-runtime-2.2.0 because:
  Build cache is disabled
Transforming localbroadcastmanager-1.0.0.aar (androidx.localbroadcastmanager:localbroadcastmanager:1.0.0) with ExtractAarTransform
Skipping AarTransform: C:\Users\Tushal\.gradle\caches\transforms-3\1f92b18ff42b04762aab378ca1917193\transformed\core-runtime-2.2.0 as it is up-to-date.
Transforming localbroadcastmanager-1.0.0.aar (androidx.localbroadcastmanager:localbroadcastmanager:1.0.0) with AarTransform
Transforming print-1.0.0.aar (androidx.print:print:1.0.0) with ExtractAarTransform
Transforming print-1.0.0.aar (androidx.print:print:1.0.0) with AarTransform
Caching disabled for AarTransform: C:\Users\Tushal\.gradle\caches\transforms-3\119ccbc886a35f03ef88c1b2aa469021\transformed\localbroadcastmanager-1.0.0 because:
  Build cache is disabled
Transforming multidex-2.0.1.aar (androidx.multidex:multidex:2.0.1) with ExtractAarTransform
Skipping AarTransform: C:\Users\Tushal\.gradle\caches\transforms-3\119ccbc886a35f03ef88c1b2aa469021\transformed\localbroadcastmanager-1.0.0 as it is up-to-date.
Transforming multidex-2.0.1.aar (androidx.multidex:multidex:2.0.1) with AarTransform
Transforming tracing-1.0.0.aar (androidx.tracing:tracing:1.0.0) with ExtractAarTransform
Caching disabled for AarTransform: C:\Users\Tushal\.gradle\caches\transforms-3\4605d80e7c376801fc7312c266e4256f\transformed\documentfile-1.0.0 because:
  Build cache is disabled
Caching disabled for AarTransform: C:\Users\Tushal\.gradle\caches\transforms-3\8b6a5ea78f7918a06084e5aa589e5e1d\transformed\multidex-2.0.1 because:
  Build cache is disabled
Caching disabled for AarTransform: C:\Users\Tushal\.gradle\caches\transforms-3\ea51fda6ac45a05011c00104e91c0579\transformed\print-1.0.0 because:
  Build cache is disabled
Transforming tracing-1.0.0.aar (androidx.tracing:tracing:1.0.0) with AarTransform
Skipping AarTransform: C:\Users\Tushal\.gradle\caches\transforms-3\ea51fda6ac45a05011c00104e91c0579\transformed\print-1.0.0 as it is up-to-date.
Transforming constraintlayout-2.1.4.aar (androidx.constraintlayout:constraintlayout:2.1.4) with ExtractAarTransform
Skipping AarTransform: C:\Users\Tushal\.gradle\caches\transforms-3\8b6a5ea78f7918a06084e5aa589e5e1d\transformed\multidex-2.0.1 as it is up-to-date.
Skipping AarTransform: C:\Users\Tushal\.gradle\caches\transforms-3\4605d80e7c376801fc7312c266e4256f\transformed\documentfile-1.0.0 as it is up-to-date.
Caching disabled for AarTransform: C:\Users\Tushal\.gradle\caches\transforms-3\b89dbbd2c07c77ed01414e4e82e13513\transformed\tracing-1.0.0 because:
  Build cache is disabled
Transforming constraintlayout-2.1.4.aar (androidx.constraintlayout:constraintlayout:2.1.4) with AarTransform
Skipping AarTransform: C:\Users\Tushal\.gradle\caches\transforms-3\b89dbbd2c07c77ed01414e4e82e13513\transformed\tracing-1.0.0 as it is up-to-date.
Transforming exifinterface-1.3.6.aar (androidx.exifinterface:exifinterface:1.3.6) with ExtractAarTransform
Transforming exifinterface-1.3.6.aar (androidx.exifinterface:exifinterface:1.3.6) with AarTransform
Transforming media3-container-1.2.0.aar (androidx.media3:media3-container:1.2.0) with ExtractAarTransform
Transforming media3-container-1.2.0.aar (androidx.media3:media3-container:1.2.0) with AarTransform
Caching disabled for AarTransform: C:\Users\Tushal\.gradle\caches\transforms-3\ff126ee9cca3fc604c8510753ac09caf\transformed\constraintlayout-2.1.4 because:
  Build cache is disabled
Caching disabled for AarTransform: C:\Users\Tushal\.gradle\caches\transforms-3\9dca4bc3d53f04f796ee539a0be1842d\transformed\exifinterface-1.3.6 because:
  Build cache is disabled
Skipping AarTransform: C:\Users\Tushal\.gradle\caches\transforms-3\ff126ee9cca3fc604c8510753ac09caf\transformed\constraintlayout-2.1.4 as it is up-to-date.
Transforming media3-database-1.2.0.aar (androidx.media3:media3-database:1.2.0) with ExtractAarTransform
Skipping AarTransform: C:\Users\Tushal\.gradle\caches\transforms-3\9dca4bc3d53f04f796ee539a0be1842d\transformed\exifinterface-1.3.6 as it is up-to-date.
Transforming media3-database-1.2.0.aar (androidx.media3:media3-database:1.2.0) with AarTransform
Caching disabled for AarTransform: C:\Users\Tushal\.gradle\caches\transforms-3\df523f5ebd5a1e5d83dd3f3f151f5076\transformed\media3-container-1.2.0 because:
  Build cache is disabled
Transforming media3-datasource-1.2.0.aar (androidx.media3:media3-datasource:1.2.0) with ExtractAarTransform
Skipping AarTransform: C:\Users\Tushal\.gradle\caches\transforms-3\df523f5ebd5a1e5d83dd3f3f151f5076\transformed\media3-container-1.2.0 as it is up-to-date.
Transforming media3-datasource-1.2.0.aar (androidx.media3:media3-datasource:1.2.0) with AarTransform
Transforming media3-decoder-1.2.0.aar (androidx.media3:media3-decoder:1.2.0) with ExtractAarTransform
Caching disabled for AarTransform: C:\Users\Tushal\.gradle\caches\transforms-3\3f4f00451a43ebd95417c5d4a0aac350\transformed\media3-database-1.2.0 because:
  Build cache is disabled
Transforming media3-decoder-1.2.0.aar (androidx.media3:media3-decoder:1.2.0) with AarTransform
Skipping AarTransform: C:\Users\Tushal\.gradle\caches\transforms-3\3f4f00451a43ebd95417c5d4a0aac350\transformed\media3-database-1.2.0 as it is up-to-date.
Transforming media3-extractor-1.2.0.aar (androidx.media3:media3-extractor:1.2.0) with ExtractAarTransform
Transforming media3-extractor-1.2.0.aar (androidx.media3:media3-extractor:1.2.0) with AarTransform
Transforming media3-ui-1.2.0.aar (androidx.media3:media3-ui:1.2.0) with ExtractAarTransform
Transforming media3-ui-1.2.0.aar (androidx.media3:media3-ui:1.2.0) with AarTransform
Caching disabled for AarTransform: C:\Users\Tushal\.gradle\caches\transforms-3\b398c59ea54a69e3de1ab2129ac14a19\transformed\media3-datasource-1.2.0 because:
  Build cache is disabled
Caching disabled for AarTransform: C:\Users\Tushal\.gradle\caches\transforms-3\92737f2c4321642a8ea14201c9b5f136\transformed\media3-extractor-1.2.0 because:
  Build cache is disabled
Caching disabled for AarTransform: C:\Users\Tushal\.gradle\caches\transforms-3\1d6c6aaf665475b03b3e7a199de97ee4\transformed\media3-decoder-1.2.0 because:
  Build cache is disabled
Skipping AarTransform: C:\Users\Tushal\.gradle\caches\transforms-3\92737f2c4321642a8ea14201c9b5f136\transformed\media3-extractor-1.2.0 as it is up-to-date.
Skipping AarTransform: C:\Users\Tushal\.gradle\caches\transforms-3\b398c59ea54a69e3de1ab2129ac14a19\transformed\media3-datasource-1.2.0 as it is up-to-date.
Caching disabled for AarTransform: C:\Users\Tushal\.gradle\caches\transforms-3\a6a8c7b41a65c72c07aff083dbf25ba0\transformed\media3-ui-1.2.0 because:
  Build cache is disabled
Skipping AarTransform: C:\Users\Tushal\.gradle\caches\transforms-3\1d6c6aaf665475b03b3e7a199de97ee4\transformed\media3-decoder-1.2.0 as it is up-to-date.
Skipping AarTransform: C:\Users\Tushal\.gradle\caches\transforms-3\a6a8c7b41a65c72c07aff083dbf25ba0\transformed\media3-ui-1.2.0 as it is up-to-date.
Caching disabled for task ':app:dataBindingGenBaseClassesDebug' because:
  Build cache is disabled
Task ':app:dataBindingGenBaseClassesDebug' is not up-to-date because:
  Output property 'classInfoBundleDir' file C:\Users\Tushal\Desktop\APP\Vexor\app\build\intermediates\data_binding_base_class_log_artifact\debug\out has been removed.
  Output property 'classInfoBundleDir' file C:\Users\Tushal\Desktop\APP\Vexor\app\build\intermediates\data_binding_base_class_log_artifact\debug\out\com.vexor.vault-binding_classes.json has been removed.
  Output property 'logOutFolder' file C:\Users\Tushal\Desktop\APP\Vexor\app\build\intermediates\incremental\dataBindingGenBaseClassesDebug has been removed.
The input changes require a full rebuild for incremental task ':app:dataBindingGenBaseClassesDebug'.
Resolve mutations for :app:createDebugCompatibleScreenManifests (Thread[included builds,5,main]) started.
:app:createDebugCompatibleScreenManifests (Thread[included builds,5,main]) started.

> Task :app:createDebugCompatibleScreenManifests
Caching disabled for task ':app:createDebugCompatibleScreenManifests' because:
  Build cache is disabled
Task ':app:createDebugCompatibleScreenManifests' is not up-to-date because:
  Output property 'outputFolder' file C:\Users\Tushal\Desktop\APP\Vexor\app\build\intermediates\compatible_screen_manifest\debug has been removed.
  Output property 'outputFolder' file C:\Users\Tushal\Desktop\APP\Vexor\app\build\intermediates\compatible_screen_manifest\debug\output-metadata.json has been removed.
Resolve mutations for :app:extractDeepLinksDebug (Thread[included builds,5,main]) started.
:app:extractDeepLinksDebug (Thread[Execution worker Thread 10,5,main]) started.

> Task :app:extractDeepLinksDebug
Caching disabled for task ':app:extractDeepLinksDebug' because:
  Build cache is disabled
Task ':app:extractDeepLinksDebug' is not up-to-date because:
  Output property 'navigationJson' file C:\Users\Tushal\Desktop\APP\Vexor\app\build\intermediates\navigation_json\debug\navigation.json has been removed.
Resolve mutations for :app:processDebugMainManifest (Thread[Execution worker Thread 10,5,main]) started.
:app:processDebugMainManifest (Thread[Execution worker Thread 10,5,main]) started.

> Task :app:processDebugMainManifest
Transforming viewbinding-8.2.0.aar (androidx.databinding:viewbinding:8.2.0) with ExtractAarTransform
Transforming viewbinding-8.2.0.aar (androidx.databinding:viewbinding:8.2.0) with AarTransform
Transforming material-1.11.0.aar (com.google.android.material:material:1.11.0) with ExtractAarTransform
Transforming material-1.11.0.aar (com.google.android.material:material:1.11.0) with AarTransform
Transforming constraintlayout-2.1.4.aar (androidx.constraintlayout:constraintlayout:2.1.4) with ExtractAarTransform
Transforming constraintlayout-2.1.4.aar (androidx.constraintlayout:constraintlayout:2.1.4) with AarTransform
Transforming biometric-1.1.0.aar (androidx.biometric:biometric:1.1.0) with ExtractAarTransform
Transforming biometric-1.1.0.aar (androidx.biometric:biometric:1.1.0) with AarTransform
Caching disabled for AarTransform: C:\Users\Tushal\.gradle\caches\transforms-3\ee7372a378ee3382ad11d1d4ea99a2b0\transformed\viewbinding-8.2.0 because:
  Build cache is disabled
Transforming coil-2.5.0.aar (io.coil-kt:coil:2.5.0) with ExtractAarTransform
Skipping AarTransform: C:\Users\Tushal\.gradle\caches\transforms-3\ee7372a378ee3382ad11d1d4ea99a2b0\transformed\viewbinding-8.2.0 as it is up-to-date.
Transforming coil-2.5.0.aar (io.coil-kt:coil:2.5.0) with AarTransform
Caching disabled for AarTransform: C:\Users\Tushal\.gradle\caches\transforms-3\e308b6e6d17158c8079fa92ee7b91963\transformed\material-1.11.0 because:
  Build cache is disabled
Caching disabled for AarTransform: C:\Users\Tushal\.gradle\caches\transforms-3\ff126ee9cca3fc604c8510753ac09caf\transformed\constraintlayout-2.1.4 because:
  Build cache is disabled
Caching disabled for AarTransform: C:\Users\Tushal\.gradle\caches\transforms-3\57d34647962dfce3c8e4f7677bf8cd17\transformed\biometric-1.1.0 because:
  Build cache is disabled
Skipping AarTransform: C:\Users\Tushal\.gradle\caches\transforms-3\ff126ee9cca3fc604c8510753ac09caf\transformed\constraintlayout-2.1.4 as it is up-to-date.
Skipping AarTransform: C:\Users\Tushal\.gradle\caches\transforms-3\e308b6e6d17158c8079fa92ee7b91963\transformed\material-1.11.0 as it is up-to-date.
Transforming coil-video-2.5.0.aar (io.coil-kt:coil-video:2.5.0) with ExtractAarTransform
Skipping AarTransform: C:\Users\Tushal\.gradle\caches\transforms-3\57d34647962dfce3c8e4f7677bf8cd17\transformed\biometric-1.1.0 as it is up-to-date.
Transforming coil-video-2.5.0.aar (io.coil-kt:coil-video:2.5.0) with AarTransform
Caching disabled for AarTransform: C:\Users\Tushal\.gradle\caches\transforms-3\dc740cdfa4b72028e37eea76661c42ef\transformed\coil-2.5.0 because:
  Build cache is disabled
Transforming coil-base-2.5.0.aar (io.coil-kt:coil-base:2.5.0) with ExtractAarTransform
Skipping AarTransform: C:\Users\Tushal\.gradle\caches\transforms-3\dc740cdfa4b72028e37eea76661c42ef\transformed\coil-2.5.0 as it is up-to-date.
Caching disabled for AarTransform: C:\Users\Tushal\.gradle\caches\transforms-3\a7e257e5db315937cb7a3d69b1f90fb7\transformed\coil-video-2.5.0 because:
  Build cache is disabled
Transforming coil-base-2.5.0.aar (io.coil-kt:coil-base:2.5.0) with AarTransform
Skipping AarTransform: C:\Users\Tushal\.gradle\caches\transforms-3\a7e257e5db315937cb7a3d69b1f90fb7\transformed\coil-video-2.5.0 as it is up-to-date.
Transforming appcompat-resources-1.6.1.aar (androidx.appcompat:appcompat-resources:1.6.1) with ExtractAarTransform
Transforming appcompat-resources-1.6.1.aar (androidx.appcompat:appcompat-resources:1.6.1) with AarTransform
Caching disabled for AarTransform: C:\Users\Tushal\.gradle\caches\transforms-3\c880f30648f48c0e398759a215b47ce2\transformed\coil-base-2.5.0 because:
  Build cache is disabled
Skipping AarTransform: C:\Users\Tushal\.gradle\caches\transforms-3\c880f30648f48c0e398759a215b47ce2\transformed\coil-base-2.5.0 as it is up-to-date.
Transforming appcompat-1.6.1.aar (androidx.appcompat:appcompat:1.6.1) with ExtractAarTransform
Transforming appcompat-1.6.1.aar (androidx.appcompat:appcompat:1.6.1) with AarTransform
Caching disabled for AarTransform: C:\Users\Tushal\.gradle\caches\transforms-3\44cf57b6d98c7e6b7e5b8a03a98cf622\transformed\appcompat-resources-1.6.1 because:
  Build cache is disabled
Skipping AarTransform: C:\Users\Tushal\.gradle\caches\transforms-3\44cf57b6d98c7e6b7e5b8a03a98cf622\transformed\appcompat-resources-1.6.1 as it is up-to-date.
Transforming glide-4.16.0.aar (com.github.bumptech.glide:glide:4.16.0) with ExtractAarTransform
Transforming glide-4.16.0.aar (com.github.bumptech.glide:glide:4.16.0) with AarTransform
Caching disabled for AarTransform: C:\Users\Tushal\.gradle\caches\transforms-3\468ef8c1224fa11f9c4341db52a06e93\transformed\appcompat-1.6.1 because:
  Build cache is disabled
Transforming media3-exoplayer-1.2.0.aar (androidx.media3:media3-exoplayer:1.2.0) with ExtractAarTransform
Transforming media3-exoplayer-1.2.0.aar (androidx.media3:media3-exoplayer:1.2.0) with AarTransform
Caching disabled for AarTransform: C:\Users\Tushal\.gradle\caches\transforms-3\dc9ba8c66bf67f1ab539a00e8b9c9c9a\transformed\glide-4.16.0 because:
  Build cache is disabled
Skipping AarTransform: C:\Users\Tushal\.gradle\caches\transforms-3\468ef8c1224fa11f9c4341db52a06e93\transformed\appcompat-1.6.1 as it is up-to-date.
Skipping AarTransform: C:\Users\Tushal\.gradle\caches\transforms-3\dc9ba8c66bf67f1ab539a00e8b9c9c9a\transformed\glide-4.16.0 as it is up-to-date.
Transforming media3-extractor-1.2.0.aar (androidx.media3:media3-extractor:1.2.0) with ExtractAarTransform
Transforming media3-extractor-1.2.0.aar (androidx.media3:media3-extractor:1.2.0) with AarTransform
Caching disabled for AarTransform: C:\Users\Tushal\.gradle\caches\transforms-3\e75b5071789f5baf57b3f20bc1a48613\transformed\media3-exoplayer-1.2.0 because:
  Build cache is disabled
Skipping AarTransform: C:\Users\Tushal\.gradle\caches\transforms-3\e75b5071789f5baf57b3f20bc1a48613\transformed\media3-exoplayer-1.2.0 as it is up-to-date.
Transforming media3-container-1.2.0.aar (androidx.media3:media3-container:1.2.0) with ExtractAarTransform
Transforming media3-container-1.2.0.aar (androidx.media3:media3-container:1.2.0) with AarTransform
Caching disabled for AarTransform: C:\Users\Tushal\.gradle\caches\transforms-3\92737f2c4321642a8ea14201c9b5f136\transformed\media3-extractor-1.2.0 because:
  Build cache is disabled
Skipping AarTransform: C:\Users\Tushal\.gradle\caches\transforms-3\92737f2c4321642a8ea14201c9b5f136\transformed\media3-extractor-1.2.0 as it is up-to-date.
Transforming media3-datasource-1.2.0.aar (androidx.media3:media3-datasource:1.2.0) with ExtractAarTransform
Transforming media3-datasource-1.2.0.aar (androidx.media3:media3-datasource:1.2.0) with AarTransform
Caching disabled for AarTransform: C:\Users\Tushal\.gradle\caches\transforms-3\df523f5ebd5a1e5d83dd3f3f151f5076\transformed\media3-container-1.2.0 because:
  Build cache is disabled
Transforming media3-decoder-1.2.0.aar (androidx.media3:media3-decoder:1.2.0) with ExtractAarTransform
Transforming media3-decoder-1.2.0.aar (androidx.media3:media3-decoder:1.2.0) with AarTransform
Skipping AarTransform: C:\Users\Tushal\.gradle\caches\transforms-3\df523f5ebd5a1e5d83dd3f3f151f5076\transformed\media3-container-1.2.0 as it is up-to-date.
Caching disabled for AarTransform: C:\Users\Tushal\.gradle\caches\transforms-3\b398c59ea54a69e3de1ab2129ac14a19\transformed\media3-datasource-1.2.0 because:
  Build cache is disabled
Skipping AarTransform: C:\Users\Tushal\.gradle\caches\transforms-3\b398c59ea54a69e3de1ab2129ac14a19\transformed\media3-datasource-1.2.0 as it is up-to-date.
Transforming media3-database-1.2.0.aar (androidx.media3:media3-database:1.2.0) with ExtractAarTransform
Caching disabled for AarTransform: C:\Users\Tushal\.gradle\caches\transforms-3\1d6c6aaf665475b03b3e7a199de97ee4\transformed\media3-decoder-1.2.0 because:
  Build cache is disabled
Transforming media3-database-1.2.0.aar (androidx.media3:media3-database:1.2.0) with AarTransform
Skipping AarTransform: C:\Users\Tushal\.gradle\caches\transforms-3\1d6c6aaf665475b03b3e7a199de97ee4\transformed\media3-decoder-1.2.0 as it is up-to-date.
Transforming media3-common-1.2.0.aar (androidx.media3:media3-common:1.2.0) with ExtractAarTransform
Transforming media3-common-1.2.0.aar (androidx.media3:media3-common:1.2.0) with AarTransform
Caching disabled for AarTransform: C:\Users\Tushal\.gradle\caches\transforms-3\3f4f00451a43ebd95417c5d4a0aac350\transformed\media3-database-1.2.0 because:
  Build cache is disabled
Skipping AarTransform: C:\Users\Tushal\.gradle\caches\transforms-3\3f4f00451a43ebd95417c5d4a0aac350\transformed\media3-database-1.2.0 as it is up-to-date.
Transforming media3-ui-1.2.0.aar (androidx.media3:media3-ui:1.2.0) with ExtractAarTransform
Caching disabled for AarTransform: C:\Users\Tushal\.gradle\caches\transforms-3\1f4d79196179c097dcf5135e5e548a60\transformed\media3-common-1.2.0 because:
  Build cache is disabled
Transforming media3-ui-1.2.0.aar (androidx.media3:media3-ui:1.2.0) with AarTransform
Skipping AarTransform: C:\Users\Tushal\.gradle\caches\transforms-3\1f4d79196179c097dcf5135e5e548a60\transformed\media3-common-1.2.0 as it is up-to-date.
Transforming recyclerview-1.3.2.aar (androidx.recyclerview:recyclerview:1.3.2) with ExtractAarTransform
Transforming recyclerview-1.3.2.aar (androidx.recyclerview:recyclerview:1.3.2) with AarTransform
Caching disabled for AarTransform: C:\Users\Tushal\.gradle\caches\transforms-3\a6a8c7b41a65c72c07aff083dbf25ba0\transformed\media3-ui-1.2.0 because:
  Build cache is disabled
Transforming viewpager2-1.1.0-beta02.aar (androidx.viewpager2:viewpager2:1.1.0-beta02) with ExtractAarTransform
Skipping AarTransform: C:\Users\Tushal\.gradle\caches\transforms-3\a6a8c7b41a65c72c07aff083dbf25ba0\transformed\media3-ui-1.2.0 as it is up-to-date.
Transforming viewpager2-1.1.0-beta02.aar (androidx.viewpager2:viewpager2:1.1.0-beta02) with AarTransform
Transforming fragment-1.3.6.aar (androidx.fragment:fragment:1.3.6) with ExtractAarTransform
Transforming fragment-1.3.6.aar (androidx.fragment:fragment:1.3.6) with AarTransform
Caching disabled for AarTransform: C:\Users\Tushal\.gradle\caches\transforms-3\86ae1b24a46958f5365ec5ef3d2d1c34\transformed\recyclerview-1.3.2 because:
  Build cache is disabled
Transforming activity-1.8.2.aar (androidx.activity:activity:1.8.2) with ExtractAarTransform
Skipping AarTransform: C:\Users\Tushal\.gradle\caches\transforms-3\86ae1b24a46958f5365ec5ef3d2d1c34\transformed\recyclerview-1.3.2 as it is up-to-date.
Caching disabled for AarTransform: C:\Users\Tushal\.gradle\caches\transforms-3\492822d6f5cf6540ee1405596cc42ade\transformed\fragment-1.3.6 because:
  Build cache is disabled
Transforming activity-1.8.2.aar (androidx.activity:activity:1.8.2) with AarTransform
Caching disabled for AarTransform: C:\Users\Tushal\.gradle\caches\transforms-3\7894b91b38b404f70940d07cabe5899f\transformed\viewpager2-1.1.0-beta02 because:
  Build cache is disabled
Transforming activity-ktx-1.8.2.aar (androidx.activity:activity-ktx:1.8.2) with ExtractAarTransform
Caching disabled for AarTransform: C:\Users\Tushal\.gradle\caches\transforms-3\f9410f15e9fb2f39f9c91101f6a20106\transformed\activity-1.8.2 because:
  Build cache is disabled
Skipping AarTransform: C:\Users\Tushal\.gradle\caches\transforms-3\492822d6f5cf6540ee1405596cc42ade\transformed\fragment-1.3.6 as it is up-to-date.
Skipping AarTransform: C:\Users\Tushal\.gradle\caches\transforms-3\f9410f15e9fb2f39f9c91101f6a20106\transformed\activity-1.8.2 as it is up-to-date.
Transforming activity-ktx-1.8.2.aar (androidx.activity:activity-ktx:1.8.2) with AarTransform
Skipping AarTransform: C:\Users\Tushal\.gradle\caches\transforms-3\7894b91b38b404f70940d07cabe5899f\transformed\viewpager2-1.1.0-beta02 as it is up-to-date.
Transforming swiperefreshlayout-1.1.0.aar (androidx.swiperefreshlayout:swiperefreshlayout:1.1.0) with ExtractAarTransform
Transforming swiperefreshlayout-1.1.0.aar (androidx.swiperefreshlayout:swiperefreshlayout:1.1.0) with AarTransform
Transforming camera-lifecycle-1.3.1.aar (androidx.camera:camera-lifecycle:1.3.1) with ExtractAarTransform
Transforming camera-lifecycle-1.3.1.aar (androidx.camera:camera-lifecycle:1.3.1) with AarTransform
Caching disabled for AarTransform: C:\Users\Tushal\.gradle\caches\transforms-3\0ca366a1d236200f2eea054185b5f0d8\transformed\activity-ktx-1.8.2 because:
  Build cache is disabled
Transforming camera-camera2-1.3.1.aar (androidx.camera:camera-camera2:1.3.1) with ExtractAarTransform
Skipping AarTransform: C:\Users\Tushal\.gradle\caches\transforms-3\0ca366a1d236200f2eea054185b5f0d8\transformed\activity-ktx-1.8.2 as it is up-to-date.
Caching disabled for AarTransform: C:\Users\Tushal\.gradle\caches\transforms-3\270e300d271c2ab3efa31872dd2e5301\transformed\camera-lifecycle-1.3.1 because:
  Build cache is disabled
Caching disabled for AarTransform: C:\Users\Tushal\.gradle\caches\transforms-3\339f76cdc3d96b2a50cab9a23a560bcb\transformed\swiperefreshlayout-1.1.0 because:
  Build cache is disabled
Skipping AarTransform: C:\Users\Tushal\.gradle\caches\transforms-3\270e300d271c2ab3efa31872dd2e5301\transformed\camera-lifecycle-1.3.1 as it is up-to-date.
Skipping AarTransform: C:\Users\Tushal\.gradle\caches\transforms-3\339f76cdc3d96b2a50cab9a23a560bcb\transformed\swiperefreshlayout-1.1.0 as it is up-to-date.
Transforming camera-camera2-1.3.1.aar (androidx.camera:camera-camera2:1.3.1) with AarTransform
Transforming camera-core-1.3.1.aar (androidx.camera:camera-core:1.3.1) with ExtractAarTransform
Transforming camera-core-1.3.1.aar (androidx.camera:camera-core:1.3.1) with AarTransform
Transforming emoji2-views-helper-1.2.0.aar (androidx.emoji2:emoji2-views-helper:1.2.0) with ExtractAarTransform
Transforming emoji2-views-helper-1.2.0.aar (androidx.emoji2:emoji2-views-helper:1.2.0) with AarTransform
Caching disabled for AarTransform: C:\Users\Tushal\.gradle\caches\transforms-3\fb070df8d5725024895184ad87598e4e\transformed\camera-camera2-1.3.1 because:
  Build cache is disabled
Caching disabled for AarTransform: C:\Users\Tushal\.gradle\caches\transforms-3\b525739896ca14c1bc27882fe8208c8a\transformed\camera-core-1.3.1 because:
  Build cache is disabled
Transforming emoji2-1.2.0.aar (androidx.emoji2:emoji2:1.2.0) with ExtractAarTransform
Skipping AarTransform: C:\Users\Tushal\.gradle\caches\transforms-3\b525739896ca14c1bc27882fe8208c8a\transformed\camera-core-1.3.1 as it is up-to-date.
Transforming emoji2-1.2.0.aar (androidx.emoji2:emoji2:1.2.0) with AarTransform
Caching disabled for AarTransform: C:\Users\Tushal\.gradle\caches\transforms-3\dc64f4c79e165697ebdff10b6cc6e9d4\transformed\emoji2-views-helper-1.2.0 because:
  Build cache is disabled
Skipping AarTransform: C:\Users\Tushal\.gradle\caches\transforms-3\fb070df8d5725024895184ad87598e4e\transformed\camera-camera2-1.3.1 as it is up-to-date.
Skipping AarTransform: C:\Users\Tushal\.gradle\caches\transforms-3\dc64f4c79e165697ebdff10b6cc6e9d4\transformed\emoji2-views-helper-1.2.0 as it is up-to-date.
Transforming drawerlayout-1.1.1.aar (androidx.drawerlayout:drawerlayout:1.1.1) with ExtractAarTransform
Caching disabled for AarTransform: C:\Users\Tushal\.gradle\caches\transforms-3\c6681b4e418b9f33bb2163defe599d48\transformed\emoji2-1.2.0 because:
  Build cache is disabled
Transforming drawerlayout-1.1.1.aar (androidx.drawerlayout:drawerlayout:1.1.1) with AarTransform
Skipping AarTransform: C:\Users\Tushal\.gradle\caches\transforms-3\c6681b4e418b9f33bb2163defe599d48\transformed\emoji2-1.2.0 as it is up-to-date.
Transforming coordinatorlayout-1.1.0.aar (androidx.coordinatorlayout:coordinatorlayout:1.1.0) with ExtractAarTransform
Transforming coordinatorlayout-1.1.0.aar (androidx.coordinatorlayout:coordinatorlayout:1.1.0) with AarTransform
Transforming dynamicanimation-1.0.0.aar (androidx.dynamicanimation:dynamicanimation:1.0.0) with ExtractAarTransform
Caching disabled for AarTransform: C:\Users\Tushal\.gradle\caches\transforms-3\8311f284aead11fa49e25fe7039fe589\transformed\drawerlayout-1.1.1 because:
  Build cache is disabled
Transforming dynamicanimation-1.0.0.aar (androidx.dynamicanimation:dynamicanimation:1.0.0) with AarTransform
Caching disabled for AarTransform: C:\Users\Tushal\.gradle\caches\transforms-3\a4e6ecf66af1c4b4199be43380cac145\transformed\coordinatorlayout-1.1.0 because:
  Build cache is disabled
Transforming transition-1.2.0.aar (androidx.transition:transition:1.2.0) with ExtractAarTransform
Skipping AarTransform: C:\Users\Tushal\.gradle\caches\transforms-3\8311f284aead11fa49e25fe7039fe589\transformed\drawerlayout-1.1.1 as it is up-to-date.
Transforming transition-1.2.0.aar (androidx.transition:transition:1.2.0) with AarTransform
Caching disabled for AarTransform: C:\Users\Tushal\.gradle\caches\transforms-3\ad4399c080ebc131028831b3f7710164\transformed\dynamicanimation-1.0.0 because:
  Build cache is disabled
Skipping AarTransform: C:\Users\Tushal\.gradle\caches\transforms-3\a4e6ecf66af1c4b4199be43380cac145\transformed\coordinatorlayout-1.1.0 as it is up-to-date.
Skipping AarTransform: C:\Users\Tushal\.gradle\caches\transforms-3\ad4399c080ebc131028831b3f7710164\transformed\dynamicanimation-1.0.0 as it is up-to-date.
Transforming vectordrawable-animated-1.1.0.aar (androidx.vectordrawable:vectordrawable-animated:1.1.0) with ExtractAarTransform
Caching disabled for AarTransform: C:\Users\Tushal\.gradle\caches\transforms-3\77ad483ac93f96cb4b844c8d431b41c6\transformed\transition-1.2.0 because:
  Build cache is disabled
Transforming vectordrawable-animated-1.1.0.aar (androidx.vectordrawable:vectordrawable-animated:1.1.0) with AarTransform
Skipping AarTransform: C:\Users\Tushal\.gradle\caches\transforms-3\77ad483ac93f96cb4b844c8d431b41c6\transformed\transition-1.2.0 as it is up-to-date.
Transforming vectordrawable-1.1.0.aar (androidx.vectordrawable:vectordrawable:1.1.0) with ExtractAarTransform
Transforming vectordrawable-1.1.0.aar (androidx.vectordrawable:vectordrawable:1.1.0) with AarTransform
Transforming vectordrawable-1.1.0.aar (androidx.vectordrawable:vectordrawable:1.1.0) with ExtractAarTransform
Transforming vectordrawable-1.1.0.aar (androidx.vectordrawable:vectordrawable:1.1.0) with AarTransform
Caching disabled for AarTransform: C:\Users\Tushal\.gradle\caches\transforms-3\3ffad289452d90132b25cfa39b80d81f\transformed\vectordrawable-animated-1.1.0 because:
  Build cache is disabled
Transforming media-1.6.0.aar (androidx.media:media:1.6.0) with ExtractAarTransform
Skipping AarTransform: C:\Users\Tushal\.gradle\caches\transforms-3\3ffad289452d90132b25cfa39b80d81f\transformed\vectordrawable-animated-1.1.0 as it is up-to-date.
Transforming media-1.6.0.aar (androidx.media:media:1.6.0) with AarTransform
Caching disabled for AarTransform: C:\Users\Tushal\.gradle\caches\transforms-3\0c7ee7980467685fc899e8881f198f09\transformed\vectordrawable-1.1.0 because:
  Build cache is disabled
Transforming viewpager-1.0.0.aar (androidx.viewpager:viewpager:1.0.0) with ExtractAarTransform
Skipping AarTransform: C:\Users\Tushal\.gradle\caches\transforms-3\0c7ee7980467685fc899e8881f198f09\transformed\vectordrawable-1.1.0 as it is up-to-date.
Transforming viewpager-1.0.0.aar (androidx.viewpager:viewpager:1.0.0) with AarTransform
Caching disabled for AarTransform: C:\Users\Tushal\.gradle\caches\transforms-3\adf12948b03f92c8da384a18759e3a29\transformed\media-1.6.0 because:
  Build cache is disabled
Transforming legacy-support-core-utils-1.0.0.aar (androidx.legacy:legacy-support-core-utils:1.0.0) with ExtractAarTransform
Skipping AarTransform: C:\Users\Tushal\.gradle\caches\transforms-3\adf12948b03f92c8da384a18759e3a29\transformed\media-1.6.0 as it is up-to-date.
Transforming legacy-support-core-utils-1.0.0.aar (androidx.legacy:legacy-support-core-utils:1.0.0) with AarTransform
Transforming loader-1.0.0.aar (androidx.loader:loader:1.0.0) with ExtractAarTransform
Caching disabled for AarTransform: C:\Users\Tushal\.gradle\caches\transforms-3\1b730982aa055e587f1c4dd43ee6713f\transformed\viewpager-1.0.0 because:
  Build cache is disabled
Caching disabled for AarTransform: C:\Users\Tushal\.gradle\caches\transforms-3\c02ac995872b81c83e1917567743c810\transformed\legacy-support-core-utils-1.0.0 because:
  Build cache is disabled
Skipping AarTransform: C:\Users\Tushal\.gradle\caches\transforms-3\1b730982aa055e587f1c4dd43ee6713f\transformed\viewpager-1.0.0 as it is up-to-date.
Transforming loader-1.0.0.aar (androidx.loader:loader:1.0.0) with AarTransform
Skipping AarTransform: C:\Users\Tushal\.gradle\caches\transforms-3\c02ac995872b81c83e1917567743c810\transformed\legacy-support-core-utils-1.0.0 as it is up-to-date.
Transforming loader-1.0.0.aar (androidx.loader:loader:1.0.0) with ExtractAarTransform
Transforming loader-1.0.0.aar (androidx.loader:loader:1.0.0) with AarTransform
Transforming customview-1.1.0.aar (androidx.customview:customview:1.1.0) with ExtractAarTransform
Caching disabled for AarTransform: C:\Users\Tushal\.gradle\caches\transforms-3\8b65fb41d7244f8684b31581aedcf434\transformed\loader-1.0.0 because:
  Build cache is disabled
Transforming customview-1.1.0.aar (androidx.customview:customview:1.1.0) with AarTransform
Skipping AarTransform: C:\Users\Tushal\.gradle\caches\transforms-3\8b65fb41d7244f8684b31581aedcf434\transformed\loader-1.0.0 as it is up-to-date.
Transforming customview-1.1.0.aar (androidx.customview:customview:1.1.0) with ExtractAarTransform
Transforming customview-1.1.0.aar (androidx.customview:customview:1.1.0) with AarTransform
Caching disabled for AarTransform: C:\Users\Tushal\.gradle\caches\transforms-3\c6744541110b4f89ce76a11e549acfe0\transformed\customview-1.1.0 because:
  Build cache is disabled
Transforming customview-1.1.0.aar (androidx.customview:customview:1.1.0) with ExtractAarTransform
Skipping AarTransform: C:\Users\Tushal\.gradle\caches\transforms-3\c6744541110b4f89ce76a11e549acfe0\transformed\customview-1.1.0 as it is up-to-date.
Transforming customview-1.1.0.aar (androidx.customview:customview:1.1.0) with AarTransform
Transforming customview-1.1.0.aar (androidx.customview:customview:1.1.0) with ExtractAarTransform
Transforming customview-1.1.0.aar (androidx.customview:customview:1.1.0) with AarTransform
Transforming core-1.12.0.aar (androidx.core:core:1.12.0) with ExtractAarTransform
Transforming core-1.12.0.aar (androidx.core:core:1.12.0) with AarTransform
Transforming core-1.12.0.aar (androidx.core:core:1.12.0) with ExtractAarTransform
Transforming core-1.12.0.aar (androidx.core:core:1.12.0) with AarTransform
Transforming core-1.12.0.aar (androidx.core:core:1.12.0) with ExtractAarTransform
Transforming core-1.12.0.aar (androidx.core:core:1.12.0) with AarTransform
Transforming core-1.12.0.aar (androidx.core:core:1.12.0) with ExtractAarTransform
Transforming core-1.12.0.aar (androidx.core:core:1.12.0) with AarTransform
Transforming core-1.12.0.aar (androidx.core:core:1.12.0) with ExtractAarTransform
Transforming core-1.12.0.aar (androidx.core:core:1.12.0) with AarTransform
Transforming core-1.12.0.aar (androidx.core:core:1.12.0) with ExtractAarTransform
Transforming core-1.12.0.aar (androidx.core:core:1.12.0) with AarTransform
Caching disabled for AarTransform: C:\Users\Tushal\.gradle\caches\transforms-3\0689a9fd0de0e6fef5d369e599568f09\transformed\core-1.12.0 because:
  Build cache is disabled
Transforming core-1.12.0.aar (androidx.core:core:1.12.0) with ExtractAarTransform
Skipping AarTransform: C:\Users\Tushal\.gradle\caches\transforms-3\0689a9fd0de0e6fef5d369e599568f09\transformed\core-1.12.0 as it is up-to-date.
Transforming core-1.12.0.aar (androidx.core:core:1.12.0) with AarTransform
Transforming core-1.12.0.aar (androidx.core:core:1.12.0) with ExtractAarTransform
Transforming core-1.12.0.aar (androidx.core:core:1.12.0) with AarTransform
Transforming core-1.12.0.aar (androidx.core:core:1.12.0) with ExtractAarTransform
Transforming core-1.12.0.aar (androidx.core:core:1.12.0) with AarTransform
Transforming core-1.12.0.aar (androidx.core:core:1.12.0) with ExtractAarTransform
Transforming core-1.12.0.aar (androidx.core:core:1.12.0) with AarTransform
Transforming core-1.12.0.aar (androidx.core:core:1.12.0) with ExtractAarTransform
Transforming core-1.12.0.aar (androidx.core:core:1.12.0) with AarTransform
Transforming customview-poolingcontainer-1.0.0.aar (androidx.customview:customview-poolingcontainer:1.0.0) with ExtractAarTransform
Transforming customview-poolingcontainer-1.0.0.aar (androidx.customview:customview-poolingcontainer:1.0.0) with AarTransform
Transforming lifecycle-process-2.7.0.aar (androidx.lifecycle:lifecycle-process:2.7.0) with ExtractAarTransform
Transforming lifecycle-process-2.7.0.aar (androidx.lifecycle:lifecycle-process:2.7.0) with AarTransform
Transforming lifecycle-runtime-ktx-2.7.0.aar (androidx.lifecycle:lifecycle-runtime-ktx:2.7.0) with ExtractAarTransform
Transforming lifecycle-runtime-ktx-2.7.0.aar (androidx.lifecycle:lifecycle-runtime-ktx:2.7.0) with AarTransform
Caching disabled for AarTransform: C:\Users\Tushal\.gradle\caches\transforms-3\c971668bc13ffb90295d936eac4bd951\transformed\customview-poolingcontainer-1.0.0 because:
  Build cache is disabled
Transforming savedstate-ktx-1.2.1.aar (androidx.savedstate:savedstate-ktx:1.2.1) with ExtractAarTransform
Caching disabled for AarTransform: C:\Users\Tushal\.gradle\caches\transforms-3\16334cf9ae6f67e16792e7590a141c87\transformed\lifecycle-runtime-ktx-2.7.0 because:
  Build cache is disabled
Skipping AarTransform: C:\Users\Tushal\.gradle\caches\transforms-3\c971668bc13ffb90295d936eac4bd951\transformed\customview-poolingcontainer-1.0.0 as it is up-to-date.
Caching disabled for AarTransform: C:\Users\Tushal\.gradle\caches\transforms-3\285f085280118d755ce82ea703c4f012\transformed\lifecycle-process-2.7.0 because:
  Build cache is disabled
Skipping AarTransform: C:\Users\Tushal\.gradle\caches\transforms-3\16334cf9ae6f67e16792e7590a141c87\transformed\lifecycle-runtime-ktx-2.7.0 as it is up-to-date.
Skipping AarTransform: C:\Users\Tushal\.gradle\caches\transforms-3\285f085280118d755ce82ea703c4f012\transformed\lifecycle-process-2.7.0 as it is up-to-date.
Transforming savedstate-ktx-1.2.1.aar (androidx.savedstate:savedstate-ktx:1.2.1) with AarTransform
Transforming savedstate-1.2.1.aar (androidx.savedstate:savedstate:1.2.1) with ExtractAarTransform
Transforming savedstate-1.2.1.aar (androidx.savedstate:savedstate:1.2.1) with AarTransform
Transforming lifecycle-livedata-core-2.7.0.aar (androidx.lifecycle:lifecycle-livedata-core:2.7.0) with ExtractAarTransform
Transforming lifecycle-livedata-core-2.7.0.aar (androidx.lifecycle:lifecycle-livedata-core:2.7.0) with AarTransform
Transforming lifecycle-livedata-core-ktx-2.7.0.aar (androidx.lifecycle:lifecycle-livedata-core-ktx:2.7.0) with ExtractAarTransform
Transforming lifecycle-livedata-core-ktx-2.7.0.aar (androidx.lifecycle:lifecycle-livedata-core-ktx:2.7.0) with AarTransform
Caching disabled for AarTransform: C:\Users\Tushal\.gradle\caches\transforms-3\392db174018290aedff9183ad18d0929\transformed\savedstate-ktx-1.2.1 because:
  Build cache is disabled
Transforming lifecycle-livedata-2.7.0.aar (androidx.lifecycle:lifecycle-livedata:2.7.0) with ExtractAarTransform
Caching disabled for AarTransform: C:\Users\Tushal\.gradle\caches\transforms-3\4df352a0ff98d010ff87c87a188bfa25\transformed\savedstate-1.2.1 because:
  Build cache is disabled
Transforming lifecycle-livedata-2.7.0.aar (androidx.lifecycle:lifecycle-livedata:2.7.0) with AarTransform
Caching disabled for AarTransform: C:\Users\Tushal\.gradle\caches\transforms-3\559af55a7bd8a35aa959e6d3da59f562\transformed\lifecycle-livedata-core-ktx-2.7.0 because:
  Build cache is disabled
Skipping AarTransform: C:\Users\Tushal\.gradle\caches\transforms-3\559af55a7bd8a35aa959e6d3da59f562\transformed\lifecycle-livedata-core-ktx-2.7.0 as it is up-to-date.
Skipping AarTransform: C:\Users\Tushal\.gradle\caches\transforms-3\392db174018290aedff9183ad18d0929\transformed\savedstate-ktx-1.2.1 as it is up-to-date.
Caching disabled for AarTransform: C:\Users\Tushal\.gradle\caches\transforms-3\3dc0ddc8b1cc7d28c3b48bca5ad7c63a\transformed\lifecycle-livedata-2.7.0 because:
  Build cache is disabled
Caching disabled for AarTransform: C:\Users\Tushal\.gradle\caches\transforms-3\677b5a79186bd8504b833b54b60ee3c9\transformed\lifecycle-livedata-core-2.7.0 because:
  Build cache is disabled
Skipping AarTransform: C:\Users\Tushal\.gradle\caches\transforms-3\3dc0ddc8b1cc7d28c3b48bca5ad7c63a\transformed\lifecycle-livedata-2.7.0 as it is up-to-date.
Transforming lifecycle-livedata-2.7.0.aar (androidx.lifecycle:lifecycle-livedata:2.7.0) with ExtractAarTransform
Skipping AarTransform: C:\Users\Tushal\.gradle\caches\transforms-3\4df352a0ff98d010ff87c87a188bfa25\transformed\savedstate-1.2.1 as it is up-to-date.
Transforming lifecycle-livedata-2.7.0.aar (androidx.lifecycle:lifecycle-livedata:2.7.0) with AarTransform
Skipping AarTransform: C:\Users\Tushal\.gradle\caches\transforms-3\677b5a79186bd8504b833b54b60ee3c9\transformed\lifecycle-livedata-core-2.7.0 as it is up-to-date.
Transforming lifecycle-runtime-2.7.0.aar (androidx.lifecycle:lifecycle-runtime:2.7.0) with ExtractAarTransform
Transforming lifecycle-runtime-2.7.0.aar (androidx.lifecycle:lifecycle-runtime:2.7.0) with AarTransform
Transforming lifecycle-viewmodel-2.7.0.aar (androidx.lifecycle:lifecycle-viewmodel:2.7.0) with ExtractAarTransform
Transforming lifecycle-viewmodel-2.7.0.aar (androidx.lifecycle:lifecycle-viewmodel:2.7.0) with AarTransform
Caching disabled for AarTransform: C:\Users\Tushal\.gradle\caches\transforms-3\c35613f5ee0955877fb1dbb83fac5020\transformed\lifecycle-runtime-2.7.0 because:
  Build cache is disabled
Transforming lifecycle-viewmodel-2.7.0.aar (androidx.lifecycle:lifecycle-viewmodel:2.7.0) with ExtractAarTransform
Skipping AarTransform: C:\Users\Tushal\.gradle\caches\transforms-3\c35613f5ee0955877fb1dbb83fac5020\transformed\lifecycle-runtime-2.7.0 as it is up-to-date.
Transforming lifecycle-viewmodel-2.7.0.aar (androidx.lifecycle:lifecycle-viewmodel:2.7.0) with AarTransform
Caching disabled for AarTransform: C:\Users\Tushal\.gradle\caches\transforms-3\6bab4852d63525fc8c095ec62187c7d2\transformed\lifecycle-viewmodel-2.7.0 because:
  Build cache is disabled
Transforming lifecycle-viewmodel-ktx-2.7.0.aar (androidx.lifecycle:lifecycle-viewmodel-ktx:2.7.0) with ExtractAarTransform
Skipping AarTransform: C:\Users\Tushal\.gradle\caches\transforms-3\6bab4852d63525fc8c095ec62187c7d2\transformed\lifecycle-viewmodel-2.7.0 as it is up-to-date.
Transforming lifecycle-viewmodel-ktx-2.7.0.aar (androidx.lifecycle:lifecycle-viewmodel-ktx:2.7.0) with AarTransform
Transforming lifecycle-livedata-ktx-2.7.0.aar (androidx.lifecycle:lifecycle-livedata-ktx:2.7.0) with ExtractAarTransform
Transforming lifecycle-livedata-ktx-2.7.0.aar (androidx.lifecycle:lifecycle-livedata-ktx:2.7.0) with AarTransform
Transforming lifecycle-viewmodel-savedstate-2.7.0.aar (androidx.lifecycle:lifecycle-viewmodel-savedstate:2.7.0) with ExtractAarTransform
Transforming lifecycle-viewmodel-savedstate-2.7.0.aar (androidx.lifecycle:lifecycle-viewmodel-savedstate:2.7.0) with AarTransform
Transforming core-ktx-1.12.0.aar (androidx.core:core-ktx:1.12.0) with ExtractAarTransform
Transforming core-ktx-1.12.0.aar (androidx.core:core-ktx:1.12.0) with AarTransform
Caching disabled for AarTransform: C:\Users\Tushal\.gradle\caches\transforms-3\12495d349f42f60593d1d8e7a86e38c5\transformed\lifecycle-viewmodel-ktx-2.7.0 because:
  Build cache is disabled
Caching disabled for AarTransform: C:\Users\Tushal\.gradle\caches\transforms-3\456d36f24c2cdbdedacb020de67fc621\transformed\lifecycle-viewmodel-savedstate-2.7.0 because:
  Build cache is disabled
Caching disabled for AarTransform: C:\Users\Tushal\.gradle\caches\transforms-3\4a0525888b51531b2d8c676d5df937d6\transformed\core-ktx-1.12.0 because:
  Build cache is disabled
Transforming room-runtime-2.6.1.aar (androidx.room:room-runtime:2.6.1) with ExtractAarTransform
Caching disabled for AarTransform: C:\Users\Tushal\.gradle\caches\transforms-3\1f44855ee8a9143ee7ef0c1481e3f0d9\transformed\lifecycle-livedata-ktx-2.7.0 because:
  Build cache is disabled
Transforming room-runtime-2.6.1.aar (androidx.room:room-runtime:2.6.1) with AarTransform
Skipping AarTransform: C:\Users\Tushal\.gradle\caches\transforms-3\4a0525888b51531b2d8c676d5df937d6\transformed\core-ktx-1.12.0 as it is up-to-date.
Skipping AarTransform: C:\Users\Tushal\.gradle\caches\transforms-3\456d36f24c2cdbdedacb020de67fc621\transformed\lifecycle-viewmodel-savedstate-2.7.0 as it is up-to-date.
Skipping AarTransform: C:\Users\Tushal\.gradle\caches\transforms-3\12495d349f42f60593d1d8e7a86e38c5\transformed\lifecycle-viewmodel-ktx-2.7.0 as it is up-to-date.
Caching disabled for AarTransform: C:\Users\Tushal\.gradle\caches\transforms-3\888877568181c0f6eb4ce892d57068b3\transformed\room-runtime-2.6.1 because:
  Build cache is disabled
Skipping AarTransform: C:\Users\Tushal\.gradle\caches\transforms-3\888877568181c0f6eb4ce892d57068b3\transformed\room-runtime-2.6.1 as it is up-to-date.
Skipping AarTransform: C:\Users\Tushal\.gradle\caches\transforms-3\1f44855ee8a9143ee7ef0c1481e3f0d9\transformed\lifecycle-livedata-ktx-2.7.0 as it is up-to-date.
Transforming room-ktx-2.6.1.aar (androidx.room:room-ktx:2.6.1) with ExtractAarTransform
Transforming room-ktx-2.6.1.aar (androidx.room:room-ktx:2.6.1) with AarTransform
Transforming sqlite-framework-2.4.0.aar (androidx.sqlite:sqlite-framework:2.4.0) with ExtractAarTransform
Transforming sqlite-framework-2.4.0.aar (androidx.sqlite:sqlite-framework:2.4.0) with AarTransform
Transforming sqlite-2.4.0.aar (androidx.sqlite:sqlite:2.4.0) with ExtractAarTransform
Transforming sqlite-2.4.0.aar (androidx.sqlite:sqlite:2.4.0) with AarTransform
Transforming annotation-experimental-1.3.1.aar (androidx.annotation:annotation-experimental:1.3.1) with ExtractAarTransform
Caching disabled for AarTransform: C:\Users\Tushal\.gradle\caches\transforms-3\370719b425780f26af1080c819ab5589\transformed\room-ktx-2.6.1 because:
  Build cache is disabled
Transforming annotation-experimental-1.3.1.aar (androidx.annotation:annotation-experimental:1.3.1) with AarTransform
Caching disabled for AarTransform: C:\Users\Tushal\.gradle\caches\transforms-3\fc8be31588cad0a66c61f32c5640f596\transformed\sqlite-2.4.0 because:
  Build cache is disabled
Caching disabled for AarTransform: C:\Users\Tushal\.gradle\caches\transforms-3\b7004b0b345b7039ad3076d4f11b014f\transformed\sqlite-framework-2.4.0 because:
  Build cache is disabled
Skipping AarTransform: C:\Users\Tushal\.gradle\caches\transforms-3\fc8be31588cad0a66c61f32c5640f596\transformed\sqlite-2.4.0 as it is up-to-date.
Caching disabled for AarTransform: C:\Users\Tushal\.gradle\caches\transforms-3\81978c211bff88f5381685aa43447203\transformed\annotation-experimental-1.3.1 because:
  Build cache is disabled
Transforming cardview-1.0.0.aar (androidx.cardview:cardview:1.0.0) with ExtractAarTransform
Skipping AarTransform: C:\Users\Tushal\.gradle\caches\transforms-3\81978c211bff88f5381685aa43447203\transformed\annotation-experimental-1.3.1 as it is up-to-date.
Skipping AarTransform: C:\Users\Tushal\.gradle\caches\transforms-3\370719b425780f26af1080c819ab5589\transformed\room-ktx-2.6.1 as it is up-to-date.
Transforming cardview-1.0.0.aar (androidx.cardview:cardview:1.0.0) with AarTransform
Skipping AarTransform: C:\Users\Tushal\.gradle\caches\transforms-3\b7004b0b345b7039ad3076d4f11b014f\transformed\sqlite-framework-2.4.0 as it is up-to-date.
Transforming security-crypto-1.1.0-alpha06.aar (androidx.security:security-crypto:1.1.0-alpha06) with ExtractAarTransform
Transforming security-crypto-1.1.0-alpha06.aar (androidx.security:security-crypto:1.1.0-alpha06) with AarTransform
Transforming cursoradapter-1.0.0.aar (androidx.cursoradapter:cursoradapter:1.0.0) with ExtractAarTransform
Transforming cursoradapter-1.0.0.aar (androidx.cursoradapter:cursoradapter:1.0.0) with AarTransform
Transforming interpolator-1.0.0.aar (androidx.interpolator:interpolator:1.0.0) with ExtractAarTransform
Transforming interpolator-1.0.0.aar (androidx.interpolator:interpolator:1.0.0) with AarTransform
Transforming interpolator-1.0.0.aar (androidx.interpolator:interpolator:1.0.0) with ExtractAarTransform
Caching disabled for AarTransform: C:\Users\Tushal\.gradle\caches\transforms-3\947307f88e48bf9427ba4ec6a34d2b50\transformed\cardview-1.0.0 because:
  Build cache is disabled
Transforming interpolator-1.0.0.aar (androidx.interpolator:interpolator:1.0.0) with AarTransform
Skipping AarTransform: C:\Users\Tushal\.gradle\caches\transforms-3\947307f88e48bf9427ba4ec6a34d2b50\transformed\cardview-1.0.0 as it is up-to-date.
Caching disabled for AarTransform: C:\Users\Tushal\.gradle\caches\transforms-3\feccdbabe94b1a4a420e85fa751f7c7d\transformed\cursoradapter-1.0.0 because:
  Build cache is disabled
Caching disabled for AarTransform: C:\Users\Tushal\.gradle\caches\transforms-3\f816468c226029777744c01983376002\transformed\security-crypto-1.1.0-alpha06 because:
  Build cache is disabled
Skipping AarTransform: C:\Users\Tushal\.gradle\caches\transforms-3\feccdbabe94b1a4a420e85fa751f7c7d\transformed\cursoradapter-1.0.0 as it is up-to-date.
Transforming interpolator-1.0.0.aar (androidx.interpolator:interpolator:1.0.0) with ExtractAarTransform
Skipping AarTransform: C:\Users\Tushal\.gradle\caches\transforms-3\f816468c226029777744c01983376002\transformed\security-crypto-1.1.0-alpha06 as it is up-to-date.
Caching disabled for AarTransform: C:\Users\Tushal\.gradle\caches\transforms-3\b4713265b2f5b88c29f2131d51b92139\transformed\interpolator-1.0.0 because:
  Build cache is disabled
Skipping AarTransform: C:\Users\Tushal\.gradle\caches\transforms-3\b4713265b2f5b88c29f2131d51b92139\transformed\interpolator-1.0.0 as it is up-to-date.
Transforming interpolator-1.0.0.aar (androidx.interpolator:interpolator:1.0.0) with AarTransform
Transforming core-runtime-2.2.0.aar (androidx.arch.core:core-runtime:2.2.0) with ExtractAarTransform
Transforming core-runtime-2.2.0.aar (androidx.arch.core:core-runtime:2.2.0) with AarTransform
Transforming exifinterface-1.3.6.aar (androidx.exifinterface:exifinterface:1.3.6) with ExtractAarTransform
Transforming exifinterface-1.3.6.aar (androidx.exifinterface:exifinterface:1.3.6) with AarTransform
Transforming gifdecoder-4.16.0.aar (com.github.bumptech.glide:gifdecoder:4.16.0) with ExtractAarTransform
Transforming gifdecoder-4.16.0.aar (com.github.bumptech.glide:gifdecoder:4.16.0) with AarTransform
Transforming profileinstaller-1.3.1.aar (androidx.profileinstaller:profileinstaller:1.3.1) with ExtractAarTransform
Caching disabled for AarTransform: C:\Users\Tushal\.gradle\caches\transforms-3\1f92b18ff42b04762aab378ca1917193\transformed\core-runtime-2.2.0 because:
  Build cache is disabled
Caching disabled for AarTransform: C:\Users\Tushal\.gradle\caches\transforms-3\9dca4bc3d53f04f796ee539a0be1842d\transformed\exifinterface-1.3.6 because:
  Build cache is disabled
Transforming profileinstaller-1.3.1.aar (androidx.profileinstaller:profileinstaller:1.3.1) with AarTransform
Skipping AarTransform: C:\Users\Tushal\.gradle\caches\transforms-3\9dca4bc3d53f04f796ee539a0be1842d\transformed\exifinterface-1.3.6 as it is up-to-date.
Caching disabled for AarTransform: C:\Users\Tushal\.gradle\caches\transforms-3\6b25d9b82ed183efd04348a1932698e9\transformed\gifdecoder-4.16.0 because:
  Build cache is disabled
Skipping AarTransform: C:\Users\Tushal\.gradle\caches\transforms-3\1f92b18ff42b04762aab378ca1917193\transformed\core-runtime-2.2.0 as it is up-to-date.
Transforming startup-runtime-1.1.1.aar (androidx.startup:startup-runtime:1.1.1) with ExtractAarTransform
Skipping AarTransform: C:\Users\Tushal\.gradle\caches\transforms-3\6b25d9b82ed183efd04348a1932698e9\transformed\gifdecoder-4.16.0 as it is up-to-date.
Caching disabled for AarTransform: C:\Users\Tushal\.gradle\caches\transforms-3\add9d43d9169ede12cf03341f0f55eff\transformed\profileinstaller-1.3.1 because:
  Build cache is disabled
Transforming startup-runtime-1.1.1.aar (androidx.startup:startup-runtime:1.1.1) with AarTransform
Skipping AarTransform: C:\Users\Tushal\.gradle\caches\transforms-3\add9d43d9169ede12cf03341f0f55eff\transformed\profileinstaller-1.3.1 as it is up-to-date.
Transforming tracing-1.0.0.aar (androidx.tracing:tracing:1.0.0) with ExtractAarTransform
Transforming tracing-1.0.0.aar (androidx.tracing:tracing:1.0.0) with AarTransform
Transforming versionedparcelable-1.1.1.aar (androidx.versionedparcelable:versionedparcelable:1.1.1) with ExtractAarTransform
Caching disabled for AarTransform: C:\Users\Tushal\.gradle\caches\transforms-3\feab105b5520079f049fbf877f15d1c9\transformed\startup-runtime-1.1.1 because:
  Build cache is disabled
Transforming versionedparcelable-1.1.1.aar (androidx.versionedparcelable:versionedparcelable:1.1.1) with AarTransform
Transforming documentfile-1.0.0.aar (androidx.documentfile:documentfile:1.0.0) with ExtractAarTransform
Skipping AarTransform: C:\Users\Tushal\.gradle\caches\transforms-3\feab105b5520079f049fbf877f15d1c9\transformed\startup-runtime-1.1.1 as it is up-to-date.
Transforming documentfile-1.0.0.aar (androidx.documentfile:documentfile:1.0.0) with AarTransform
Caching disabled for AarTransform: C:\Users\Tushal\.gradle\caches\transforms-3\b89dbbd2c07c77ed01414e4e82e13513\transformed\tracing-1.0.0 because:
  Build cache is disabled
Caching disabled for AarTransform: C:\Users\Tushal\.gradle\caches\transforms-3\525a47ace2319598ac413e200a5d0bc8\transformed\versionedparcelable-1.1.1 because:
  Build cache is disabled
Skipping AarTransform: C:\Users\Tushal\.gradle\caches\transforms-3\b89dbbd2c07c77ed01414e4e82e13513\transformed\tracing-1.0.0 as it is up-to-date.
Skipping AarTransform: C:\Users\Tushal\.gradle\caches\transforms-3\525a47ace2319598ac413e200a5d0bc8\transformed\versionedparcelable-1.1.1 as it is up-to-date.
Caching disabled for AarTransform: C:\Users\Tushal\.gradle\caches\transforms-3\4605d80e7c376801fc7312c266e4256f\transformed\documentfile-1.0.0 because:
  Build cache is disabled
Transforming localbroadcastmanager-1.0.0.aar (androidx.localbroadcastmanager:localbroadcastmanager:1.0.0) with ExtractAarTransform
Skipping AarTransform: C:\Users\Tushal\.gradle\caches\transforms-3\4605d80e7c376801fc7312c266e4256f\transformed\documentfile-1.0.0 as it is up-to-date.
Transforming localbroadcastmanager-1.0.0.aar (androidx.localbroadcastmanager:localbroadcastmanager:1.0.0) with AarTransform
Transforming print-1.0.0.aar (androidx.print:print:1.0.0) with ExtractAarTransform
Transforming print-1.0.0.aar (androidx.print:print:1.0.0) with AarTransform
Transforming multidex-2.0.1.aar (androidx.multidex:multidex:2.0.1) with ExtractAarTransform
Transforming multidex-2.0.1.aar (androidx.multidex:multidex:2.0.1) with AarTransform
Caching disabled for AarTransform: C:\Users\Tushal\.gradle\caches\transforms-3\ea51fda6ac45a05011c00104e91c0579\transformed\print-1.0.0 because:
  Build cache is disabled
Caching disabled for AarTransform: C:\Users\Tushal\.gradle\caches\transforms-3\8b6a5ea78f7918a06084e5aa589e5e1d\transformed\multidex-2.0.1 because:
  Build cache is disabled
Skipping AarTransform: C:\Users\Tushal\.gradle\caches\transforms-3\ea51fda6ac45a05011c00104e91c0579\transformed\print-1.0.0 as it is up-to-date.
Skipping AarTransform: C:\Users\Tushal\.gradle\caches\transforms-3\8b6a5ea78f7918a06084e5aa589e5e1d\transformed\multidex-2.0.1 as it is up-to-date.
Caching disabled for AarTransform: C:\Users\Tushal\.gradle\caches\transforms-3\119ccbc886a35f03ef88c1b2aa469021\transformed\localbroadcastmanager-1.0.0 because:
  Build cache is disabled
Skipping AarTransform: C:\Users\Tushal\.gradle\caches\transforms-3\119ccbc886a35f03ef88c1b2aa469021\transformed\localbroadcastmanager-1.0.0 as it is up-to-date.
Transforming viewbinding-8.2.0.aar (androidx.databinding:viewbinding:8.2.0) with ExtractAarTransform
Transforming viewbinding-8.2.0.aar (androidx.databinding:viewbinding:8.2.0) with AarTransform
Transforming material-1.11.0.aar (com.google.android.material:material:1.11.0) with ExtractAarTransform
Transforming material-1.11.0.aar (com.google.android.material:material:1.11.0) with AarTransform
Transforming constraintlayout-2.1.4.aar (androidx.constraintlayout:constraintlayout:2.1.4) with ExtractAarTransform
Transforming constraintlayout-2.1.4.aar (androidx.constraintlayout:constraintlayout:2.1.4) with AarTransform
Caching disabled for AarTransform: C:\Users\Tushal\.gradle\caches\transforms-3\ee7372a378ee3382ad11d1d4ea99a2b0\transformed\viewbinding-8.2.0 because:
  Build cache is disabled
Transforming biometric-1.1.0.aar (androidx.biometric:biometric:1.1.0) with ExtractAarTransform
Transforming biometric-1.1.0.aar (androidx.biometric:biometric:1.1.0) with AarTransform
Skipping AarTransform: C:\Users\Tushal\.gradle\caches\transforms-3\ee7372a378ee3382ad11d1d4ea99a2b0\transformed\viewbinding-8.2.0 as it is up-to-date.
Caching disabled for AarTransform: C:\Users\Tushal\.gradle\caches\transforms-3\e308b6e6d17158c8079fa92ee7b91963\transformed\material-1.11.0 because:
  Build cache is disabled
Transforming coil-2.5.0.aar (io.coil-kt:coil:2.5.0) with ExtractAarTransform
Skipping AarTransform: C:\Users\Tushal\.gradle\caches\transforms-3\e308b6e6d17158c8079fa92ee7b91963\transformed\material-1.11.0 as it is up-to-date.
Caching disabled for AarTransform: C:\Users\Tushal\.gradle\caches\transforms-3\ff126ee9cca3fc604c8510753ac09caf\transformed\constraintlayout-2.1.4 because:
  Build cache is disabled
Transforming coil-2.5.0.aar (io.coil-kt:coil:2.5.0) with AarTransform
Caching disabled for AarTransform: C:\Users\Tushal\.gradle\caches\transforms-3\57d34647962dfce3c8e4f7677bf8cd17\transformed\biometric-1.1.0 because:
  Build cache is disabled
Skipping AarTransform: C:\Users\Tushal\.gradle\caches\transforms-3\ff126ee9cca3fc604c8510753ac09caf\transformed\constraintlayout-2.1.4 as it is up-to-date.
Skipping AarTransform: C:\Users\Tushal\.gradle\caches\transforms-3\57d34647962dfce3c8e4f7677bf8cd17\transformed\biometric-1.1.0 as it is up-to-date.
Transforming coil-video-2.5.0.aar (io.coil-kt:coil-video:2.5.0) with ExtractAarTransform
Transforming coil-video-2.5.0.aar (io.coil-kt:coil-video:2.5.0) with AarTransform
Caching disabled for AarTransform: C:\Users\Tushal\.gradle\caches\transforms-3\dc740cdfa4b72028e37eea76661c42ef\transformed\coil-2.5.0 because:
  Build cache is disabled
Skipping AarTransform: C:\Users\Tushal\.gradle\caches\transforms-3\dc740cdfa4b72028e37eea76661c42ef\transformed\coil-2.5.0 as it is up-to-date.
Transforming coil-base-2.5.0.aar (io.coil-kt:coil-base:2.5.0) with ExtractAarTransform
Transforming coil-base-2.5.0.aar (io.coil-kt:coil-base:2.5.0) with AarTransform
Caching disabled for AarTransform: C:\Users\Tushal\.gradle\caches\transforms-3\a7e257e5db315937cb7a3d69b1f90fb7\transformed\coil-video-2.5.0 because:
  Build cache is disabled
Skipping AarTransform: C:\Users\Tushal\.gradle\caches\transforms-3\a7e257e5db315937cb7a3d69b1f90fb7\transformed\coil-video-2.5.0 as it is up-to-date.
Transforming appcompat-resources-1.6.1.aar (androidx.appcompat:appcompat-resources:1.6.1) with ExtractAarTransform
Transforming appcompat-resources-1.6.1.aar (androidx.appcompat:appcompat-resources:1.6.1) with AarTransform
Caching disabled for AarTransform: C:\Users\Tushal\.gradle\caches\transforms-3\c880f30648f48c0e398759a215b47ce2\transformed\coil-base-2.5.0 because:
  Build cache is disabled
Skipping AarTransform: C:\Users\Tushal\.gradle\caches\transforms-3\c880f30648f48c0e398759a215b47ce2\transformed\coil-base-2.5.0 as it is up-to-date.
Transforming appcompat-1.6.1.aar (androidx.appcompat:appcompat:1.6.1) with ExtractAarTransform
Transforming appcompat-1.6.1.aar (androidx.appcompat:appcompat:1.6.1) with AarTransform
Caching disabled for AarTransform: C:\Users\Tushal\.gradle\caches\transforms-3\44cf57b6d98c7e6b7e5b8a03a98cf622\transformed\appcompat-resources-1.6.1 because:
  Build cache is disabled
Skipping AarTransform: C:\Users\Tushal\.gradle\caches\transforms-3\44cf57b6d98c7e6b7e5b8a03a98cf622\transformed\appcompat-resources-1.6.1 as it is up-to-date.
Transforming glide-4.16.0.aar (com.github.bumptech.glide:glide:4.16.0) with ExtractAarTransform
Transforming glide-4.16.0.aar (com.github.bumptech.glide:glide:4.16.0) with AarTransform
Caching disabled for AarTransform: C:\Users\Tushal\.gradle\caches\transforms-3\468ef8c1224fa11f9c4341db52a06e93\transformed\appcompat-1.6.1 because:
  Build cache is disabled
Skipping AarTransform: C:\Users\Tushal\.gradle\caches\transforms-3\468ef8c1224fa11f9c4341db52a06e93\transformed\appcompat-1.6.1 as it is up-to-date.
Transforming media3-exoplayer-1.2.0.aar (androidx.media3:media3-exoplayer:1.2.0) with ExtractAarTransform
Transforming media3-exoplayer-1.2.0.aar (androidx.media3:media3-exoplayer:1.2.0) with AarTransform
Caching disabled for AarTransform: C:\Users\Tushal\.gradle\caches\transforms-3\dc9ba8c66bf67f1ab539a00e8b9c9c9a\transformed\glide-4.16.0 because:
  Build cache is disabled
Skipping AarTransform: C:\Users\Tushal\.gradle\caches\transforms-3\dc9ba8c66bf67f1ab539a00e8b9c9c9a\transformed\glide-4.16.0 as it is up-to-date.
Transforming media3-extractor-1.2.0.aar (androidx.media3:media3-extractor:1.2.0) with ExtractAarTransform
Transforming media3-extractor-1.2.0.aar (androidx.media3:media3-extractor:1.2.0) with AarTransform
Caching disabled for AarTransform: C:\Users\Tushal\.gradle\caches\transforms-3\e75b5071789f5baf57b3f20bc1a48613\transformed\media3-exoplayer-1.2.0 because:
  Build cache is disabled
Transforming media3-container-1.2.0.aar (androidx.media3:media3-container:1.2.0) with ExtractAarTransform
Transforming media3-container-1.2.0.aar (androidx.media3:media3-container:1.2.0) with AarTransform
Skipping AarTransform: C:\Users\Tushal\.gradle\caches\transforms-3\e75b5071789f5baf57b3f20bc1a48613\transformed\media3-exoplayer-1.2.0 as it is up-to-date.
Caching disabled for AarTransform: C:\Users\Tushal\.gradle\caches\transforms-3\92737f2c4321642a8ea14201c9b5f136\transformed\media3-extractor-1.2.0 because:
  Build cache is disabled
Skipping AarTransform: C:\Users\Tushal\.gradle\caches\transforms-3\92737f2c4321642a8ea14201c9b5f136\transformed\media3-extractor-1.2.0 as it is up-to-date.
Transforming media3-datasource-1.2.0.aar (androidx.media3:media3-datasource:1.2.0) with ExtractAarTransform
Transforming media3-datasource-1.2.0.aar (androidx.media3:media3-datasource:1.2.0) with AarTransform
Caching disabled for AarTransform: C:\Users\Tushal\.gradle\caches\transforms-3\df523f5ebd5a1e5d83dd3f3f151f5076\transformed\media3-container-1.2.0 because:
  Build cache is disabled
Skipping AarTransform: C:\Users\Tushal\.gradle\caches\transforms-3\df523f5ebd5a1e5d83dd3f3f151f5076\transformed\media3-container-1.2.0 as it is up-to-date.
Transforming media3-decoder-1.2.0.aar (androidx.media3:media3-decoder:1.2.0) with ExtractAarTransform
Transforming media3-decoder-1.2.0.aar (androidx.media3:media3-decoder:1.2.0) with AarTransform
Caching disabled for AarTransform: C:\Users\Tushal\.gradle\caches\transforms-3\b398c59ea54a69e3de1ab2129ac14a19\transformed\media3-datasource-1.2.0 because:
  Build cache is disabled
Skipping AarTransform: C:\Users\Tushal\.gradle\caches\transforms-3\b398c59ea54a69e3de1ab2129ac14a19\transformed\media3-datasource-1.2.0 as it is up-to-date.
Transforming media3-database-1.2.0.aar (androidx.media3:media3-database:1.2.0) with ExtractAarTransform
Transforming media3-database-1.2.0.aar (androidx.media3:media3-database:1.2.0) with AarTransform
Caching disabled for AarTransform: C:\Users\Tushal\.gradle\caches\transforms-3\1d6c6aaf665475b03b3e7a199de97ee4\transformed\media3-decoder-1.2.0 because:
  Build cache is disabled
Transforming media3-common-1.2.0.aar (androidx.media3:media3-common:1.2.0) with ExtractAarTransform
Skipping AarTransform: C:\Users\Tushal\.gradle\caches\transforms-3\1d6c6aaf665475b03b3e7a199de97ee4\transformed\media3-decoder-1.2.0 as it is up-to-date.
Transforming media3-common-1.2.0.aar (androidx.media3:media3-common:1.2.0) with AarTransform
Caching disabled for AarTransform: C:\Users\Tushal\.gradle\caches\transforms-3\3f4f00451a43ebd95417c5d4a0aac350\transformed\media3-database-1.2.0 because:
  Build cache is disabled
Skipping AarTransform: C:\Users\Tushal\.gradle\caches\transforms-3\3f4f00451a43ebd95417c5d4a0aac350\transformed\media3-database-1.2.0 as it is up-to-date.
Transforming media3-ui-1.2.0.aar (androidx.media3:media3-ui:1.2.0) with ExtractAarTransform
Transforming media3-ui-1.2.0.aar (androidx.media3:media3-ui:1.2.0) with AarTransform
Caching disabled for AarTransform: C:\Users\Tushal\.gradle\caches\transforms-3\1f4d79196179c097dcf5135e5e548a60\transformed\media3-common-1.2.0 because:
  Build cache is disabled
Transforming recyclerview-1.3.2.aar (androidx.recyclerview:recyclerview:1.3.2) with ExtractAarTransform
Transforming recyclerview-1.3.2.aar (androidx.recyclerview:recyclerview:1.3.2) with AarTransform
Skipping AarTransform: C:\Users\Tushal\.gradle\caches\transforms-3\1f4d79196179c097dcf5135e5e548a60\transformed\media3-common-1.2.0 as it is up-to-date.
Caching disabled for AarTransform: C:\Users\Tushal\.gradle\caches\transforms-3\a6a8c7b41a65c72c07aff083dbf25ba0\transformed\media3-ui-1.2.0 because:
  Build cache is disabled
Skipping AarTransform: C:\Users\Tushal\.gradle\caches\transforms-3\a6a8c7b41a65c72c07aff083dbf25ba0\transformed\media3-ui-1.2.0 as it is up-to-date.
Transforming viewpager2-1.1.0-beta02.aar (androidx.viewpager2:viewpager2:1.1.0-beta02) with ExtractAarTransform
Transforming viewpager2-1.1.0-beta02.aar (androidx.viewpager2:viewpager2:1.1.0-beta02) with AarTransform
Transforming fragment-1.3.6.aar (androidx.fragment:fragment:1.3.6) with ExtractAarTransform
Transforming fragment-1.3.6.aar (androidx.fragment:fragment:1.3.6) with AarTransform
Transforming activity-1.8.2.aar (androidx.activity:activity:1.8.2) with ExtractAarTransform
Transforming activity-1.8.2.aar (androidx.activity:activity:1.8.2) with AarTransform
Caching disabled for AarTransform: C:\Users\Tushal\.gradle\caches\transforms-3\86ae1b24a46958f5365ec5ef3d2d1c34\transformed\recyclerview-1.3.2 because:
  Build cache is disabled
Caching disabled for AarTransform: C:\Users\Tushal\.gradle\caches\transforms-3\7894b91b38b404f70940d07cabe5899f\transformed\viewpager2-1.1.0-beta02 because:
  Build cache is disabled
Skipping AarTransform: C:\Users\Tushal\.gradle\caches\transforms-3\86ae1b24a46958f5365ec5ef3d2d1c34\transformed\recyclerview-1.3.2 as it is up-to-date.
Skipping AarTransform: C:\Users\Tushal\.gradle\caches\transforms-3\7894b91b38b404f70940d07cabe5899f\transformed\viewpager2-1.1.0-beta02 as it is up-to-date.
Caching disabled for AarTransform: C:\Users\Tushal\.gradle\caches\transforms-3\492822d6f5cf6540ee1405596cc42ade\transformed\fragment-1.3.6 because:
  Build cache is disabled
Transforming activity-ktx-1.8.2.aar (androidx.activity:activity-ktx:1.8.2) with ExtractAarTransform
Skipping AarTransform: C:\Users\Tushal\.gradle\caches\transforms-3\492822d6f5cf6540ee1405596cc42ade\transformed\fragment-1.3.6 as it is up-to-date.
Transforming activity-ktx-1.8.2.aar (androidx.activity:activity-ktx:1.8.2) with AarTransform
Transforming swiperefreshlayout-1.1.0.aar (androidx.swiperefreshlayout:swiperefreshlayout:1.1.0) with ExtractAarTransform
Transforming swiperefreshlayout-1.1.0.aar (androidx.swiperefreshlayout:swiperefreshlayout:1.1.0) with AarTransform
Caching disabled for AarTransform: C:\Users\Tushal\.gradle\caches\transforms-3\f9410f15e9fb2f39f9c91101f6a20106\transformed\activity-1.8.2 because:
  Build cache is disabled
Skipping AarTransform: C:\Users\Tushal\.gradle\caches\transforms-3\f9410f15e9fb2f39f9c91101f6a20106\transformed\activity-1.8.2 as it is up-to-date.
Caching disabled for AarTransform: C:\Users\Tushal\.gradle\caches\transforms-3\0ca366a1d236200f2eea054185b5f0d8\transformed\activity-ktx-1.8.2 because:
  Build cache is disabled
Transforming camera-lifecycle-1.3.1.aar (androidx.camera:camera-lifecycle:1.3.1) with ExtractAarTransform
Skipping AarTransform: C:\Users\Tushal\.gradle\caches\transforms-3\0ca366a1d236200f2eea054185b5f0d8\transformed\activity-ktx-1.8.2 as it is up-to-date.
Transforming camera-lifecycle-1.3.1.aar (androidx.camera:camera-lifecycle:1.3.1) with AarTransform
Caching disabled for AarTransform: C:\Users\Tushal\.gradle\caches\transforms-3\339f76cdc3d96b2a50cab9a23a560bcb\transformed\swiperefreshlayout-1.1.0 because:
  Build cache is disabled
Transforming camera-camera2-1.3.1.aar (androidx.camera:camera-camera2:1.3.1) with ExtractAarTransform
Skipping AarTransform: C:\Users\Tushal\.gradle\caches\transforms-3\339f76cdc3d96b2a50cab9a23a560bcb\transformed\swiperefreshlayout-1.1.0 as it is up-to-date.
Transforming camera-camera2-1.3.1.aar (androidx.camera:camera-camera2:1.3.1) with AarTransform
Caching disabled for AarTransform: C:\Users\Tushal\.gradle\caches\transforms-3\270e300d271c2ab3efa31872dd2e5301\transformed\camera-lifecycle-1.3.1 because:
  Build cache is disabled
Transforming camera-core-1.3.1.aar (androidx.camera:camera-core:1.3.1) with ExtractAarTransform
Skipping AarTransform: C:\Users\Tushal\.gradle\caches\transforms-3\270e300d271c2ab3efa31872dd2e5301\transformed\camera-lifecycle-1.3.1 as it is up-to-date.
Transforming camera-core-1.3.1.aar (androidx.camera:camera-core:1.3.1) with AarTransform
Caching disabled for AarTransform: C:\Users\Tushal\.gradle\caches\transforms-3\fb070df8d5725024895184ad87598e4e\transformed\camera-camera2-1.3.1 because:
  Build cache is disabled
Transforming emoji2-views-helper-1.2.0.aar (androidx.emoji2:emoji2-views-helper:1.2.0) with ExtractAarTransform
Skipping AarTransform: C:\Users\Tushal\.gradle\caches\transforms-3\fb070df8d5725024895184ad87598e4e\transformed\camera-camera2-1.3.1 as it is up-to-date.
Transforming emoji2-views-helper-1.2.0.aar (androidx.emoji2:emoji2-views-helper:1.2.0) with AarTransform
Caching disabled for AarTransform: C:\Users\Tushal\.gradle\caches\transforms-3\b525739896ca14c1bc27882fe8208c8a\transformed\camera-core-1.3.1 because:
  Build cache is disabled
Transforming emoji2-1.2.0.aar (androidx.emoji2:emoji2:1.2.0) with ExtractAarTransform
Caching disabled for AarTransform: C:\Users\Tushal\.gradle\caches\transforms-3\dc64f4c79e165697ebdff10b6cc6e9d4\transformed\emoji2-views-helper-1.2.0 because:
  Build cache is disabled
Skipping AarTransform: C:\Users\Tushal\.gradle\caches\transforms-3\b525739896ca14c1bc27882fe8208c8a\transformed\camera-core-1.3.1 as it is up-to-date.
Transforming emoji2-1.2.0.aar (androidx.emoji2:emoji2:1.2.0) with AarTransform
Skipping AarTransform: C:\Users\Tushal\.gradle\caches\transforms-3\dc64f4c79e165697ebdff10b6cc6e9d4\transformed\emoji2-views-helper-1.2.0 as it is up-to-date.
Transforming drawerlayout-1.1.1.aar (androidx.drawerlayout:drawerlayout:1.1.1) with ExtractAarTransform
Transforming drawerlayout-1.1.1.aar (androidx.drawerlayout:drawerlayout:1.1.1) with AarTransform
Caching disabled for AarTransform: C:\Users\Tushal\.gradle\caches\transforms-3\c6681b4e418b9f33bb2163defe599d48\transformed\emoji2-1.2.0 because:
  Build cache is disabled
Transforming coordinatorlayout-1.1.0.aar (androidx.coordinatorlayout:coordinatorlayout:1.1.0) with ExtractAarTransform
Skipping AarTransform: C:\Users\Tushal\.gradle\caches\transforms-3\c6681b4e418b9f33bb2163defe599d48\transformed\emoji2-1.2.0 as it is up-to-date.
Transforming coordinatorlayout-1.1.0.aar (androidx.coordinatorlayout:coordinatorlayout:1.1.0) with AarTransform
Caching disabled for AarTransform: C:\Users\Tushal\.gradle\caches\transforms-3\8311f284aead11fa49e25fe7039fe589\transformed\drawerlayout-1.1.1 because:
  Build cache is disabled
Transforming dynamicanimation-1.0.0.aar (androidx.dynamicanimation:dynamicanimation:1.0.0) with ExtractAarTransform
Skipping AarTransform: C:\Users\Tushal\.gradle\caches\transforms-3\8311f284aead11fa49e25fe7039fe589\transformed\drawerlayout-1.1.1 as it is up-to-date.
Transforming dynamicanimation-1.0.0.aar (androidx.dynamicanimation:dynamicanimation:1.0.0) with AarTransform
Caching disabled for AarTransform: C:\Users\Tushal\.gradle\caches\transforms-3\a4e6ecf66af1c4b4199be43380cac145\transformed\coordinatorlayout-1.1.0 because:
  Build cache is disabled
Transforming transition-1.2.0.aar (androidx.transition:transition:1.2.0) with ExtractAarTransform
Skipping AarTransform: C:\Users\Tushal\.gradle\caches\transforms-3\a4e6ecf66af1c4b4199be43380cac145\transformed\coordinatorlayout-1.1.0 as it is up-to-date.
Caching disabled for AarTransform: C:\Users\Tushal\.gradle\caches\transforms-3\ad4399c080ebc131028831b3f7710164\transformed\dynamicanimation-1.0.0 because:
  Build cache is disabled
Skipping AarTransform: C:\Users\Tushal\.gradle\caches\transforms-3\ad4399c080ebc131028831b3f7710164\transformed\dynamicanimation-1.0.0 as it is up-to-date.
Transforming transition-1.2.0.aar (androidx.transition:transition:1.2.0) with AarTransform
Transforming vectordrawable-animated-1.1.0.aar (androidx.vectordrawable:vectordrawable-animated:1.1.0) with ExtractAarTransform
Transforming vectordrawable-animated-1.1.0.aar (androidx.vectordrawable:vectordrawable-animated:1.1.0) with AarTransform
Transforming vectordrawable-1.1.0.aar (androidx.vectordrawable:vectordrawable:1.1.0) with ExtractAarTransform
Caching disabled for AarTransform: C:\Users\Tushal\.gradle\caches\transforms-3\77ad483ac93f96cb4b844c8d431b41c6\transformed\transition-1.2.0 because:
  Build cache is disabled
Caching disabled for AarTransform: C:\Users\Tushal\.gradle\caches\transforms-3\3ffad289452d90132b25cfa39b80d81f\transformed\vectordrawable-animated-1.1.0 because:
  Build cache is disabled
Skipping AarTransform: C:\Users\Tushal\.gradle\caches\transforms-3\77ad483ac93f96cb4b844c8d431b41c6\transformed\transition-1.2.0 as it is up-to-date.
Skipping AarTransform: C:\Users\Tushal\.gradle\caches\transforms-3\3ffad289452d90132b25cfa39b80d81f\transformed\vectordrawable-animated-1.1.0 as it is up-to-date.
Transforming vectordrawable-1.1.0.aar (androidx.vectordrawable:vectordrawable:1.1.0) with AarTransform
Transforming vectordrawable-1.1.0.aar (androidx.vectordrawable:vectordrawable:1.1.0) with ExtractAarTransform
Transforming vectordrawable-1.1.0.aar (androidx.vectordrawable:vectordrawable:1.1.0) with AarTransform
Transforming media-1.6.0.aar (androidx.media:media:1.6.0) with ExtractAarTransform
Transforming media-1.6.0.aar (androidx.media:media:1.6.0) with AarTransform
Transforming viewpager-1.0.0.aar (androidx.viewpager:viewpager:1.0.0) with ExtractAarTransform
Caching disabled for AarTransform: C:\Users\Tushal\.gradle\caches\transforms-3\0c7ee7980467685fc899e8881f198f09\transformed\vectordrawable-1.1.0 because:
  Build cache is disabled
Transforming viewpager-1.0.0.aar (androidx.viewpager:viewpager:1.0.0) with AarTransform
Caching disabled for AarTransform: C:\Users\Tushal\.gradle\caches\transforms-3\adf12948b03f92c8da384a18759e3a29\transformed\media-1.6.0 because:
  Build cache is disabled
Skipping AarTransform: C:\Users\Tushal\.gradle\caches\transforms-3\0c7ee7980467685fc899e8881f198f09\transformed\vectordrawable-1.1.0 as it is up-to-date.
Skipping AarTransform: C:\Users\Tushal\.gradle\caches\transforms-3\adf12948b03f92c8da384a18759e3a29\transformed\media-1.6.0 as it is up-to-date.
Transforming legacy-support-core-utils-1.0.0.aar (androidx.legacy:legacy-support-core-utils:1.0.0) with ExtractAarTransform
Caching disabled for AarTransform: C:\Users\Tushal\.gradle\caches\transforms-3\1b730982aa055e587f1c4dd43ee6713f\transformed\viewpager-1.0.0 because:
  Build cache is disabled
Transforming legacy-support-core-utils-1.0.0.aar (androidx.legacy:legacy-support-core-utils:1.0.0) with AarTransform
Skipping AarTransform: C:\Users\Tushal\.gradle\caches\transforms-3\1b730982aa055e587f1c4dd43ee6713f\transformed\viewpager-1.0.0 as it is up-to-date.
Transforming loader-1.0.0.aar (androidx.loader:loader:1.0.0) with ExtractAarTransform
Transforming loader-1.0.0.aar (androidx.loader:loader:1.0.0) with AarTransform
Transforming loader-1.0.0.aar (androidx.loader:loader:1.0.0) with ExtractAarTransform
Transforming loader-1.0.0.aar (androidx.loader:loader:1.0.0) with AarTransform
Caching disabled for AarTransform: C:\Users\Tushal\.gradle\caches\transforms-3\c02ac995872b81c83e1917567743c810\transformed\legacy-support-core-utils-1.0.0 because:
  Build cache is disabled
Transforming customview-1.1.0.aar (androidx.customview:customview:1.1.0) with ExtractAarTransform
Skipping AarTransform: C:\Users\Tushal\.gradle\caches\transforms-3\c02ac995872b81c83e1917567743c810\transformed\legacy-support-core-utils-1.0.0 as it is up-to-date.
Transforming customview-1.1.0.aar (androidx.customview:customview:1.1.0) with AarTransform
Caching disabled for AarTransform: C:\Users\Tushal\.gradle\caches\transforms-3\8b65fb41d7244f8684b31581aedcf434\transformed\loader-1.0.0 because:
  Build cache is disabled
Transforming customview-1.1.0.aar (androidx.customview:customview:1.1.0) with ExtractAarTransform
Caching disabled for AarTransform: C:\Users\Tushal\.gradle\caches\transforms-3\c6744541110b4f89ce76a11e549acfe0\transformed\customview-1.1.0 because:
  Build cache is disabled
Skipping AarTransform: C:\Users\Tushal\.gradle\caches\transforms-3\8b65fb41d7244f8684b31581aedcf434\transformed\loader-1.0.0 as it is up-to-date.
Skipping AarTransform: C:\Users\Tushal\.gradle\caches\transforms-3\c6744541110b4f89ce76a11e549acfe0\transformed\customview-1.1.0 as it is up-to-date.
Transforming customview-1.1.0.aar (androidx.customview:customview:1.1.0) with AarTransform
Transforming customview-1.1.0.aar (androidx.customview:customview:1.1.0) with ExtractAarTransform
Transforming customview-1.1.0.aar (androidx.customview:customview:1.1.0) with AarTransform
Transforming customview-1.1.0.aar (androidx.customview:customview:1.1.0) with ExtractAarTransform
Transforming customview-1.1.0.aar (androidx.customview:customview:1.1.0) with AarTransform
Transforming core-1.12.0.aar (androidx.core:core:1.12.0) with ExtractAarTransform
Transforming core-1.12.0.aar (androidx.core:core:1.12.0) with AarTransform
Transforming core-1.12.0.aar (androidx.core:core:1.12.0) with ExtractAarTransform
Transforming core-1.12.0.aar (androidx.core:core:1.12.0) with AarTransform
Transforming core-1.12.0.aar (androidx.core:core:1.12.0) with ExtractAarTransform
Transforming core-1.12.0.aar (androidx.core:core:1.12.0) with AarTransform
Transforming core-1.12.0.aar (androidx.core:core:1.12.0) with ExtractAarTransform
Transforming core-1.12.0.aar (androidx.core:core:1.12.0) with AarTransform
Caching disabled for AarTransform: C:\Users\Tushal\.gradle\caches\transforms-3\0689a9fd0de0e6fef5d369e599568f09\transformed\core-1.12.0 because:
  Build cache is disabled
Transforming core-1.12.0.aar (androidx.core:core:1.12.0) with ExtractAarTransform
Skipping AarTransform: C:\Users\Tushal\.gradle\caches\transforms-3\0689a9fd0de0e6fef5d369e599568f09\transformed\core-1.12.0 as it is up-to-date.
Transforming core-1.12.0.aar (androidx.core:core:1.12.0) with AarTransform
Transforming core-1.12.0.aar (androidx.core:core:1.12.0) with ExtractAarTransform
Transforming core-1.12.0.aar (androidx.core:core:1.12.0) with AarTransform
Transforming core-1.12.0.aar (androidx.core:core:1.12.0) with ExtractAarTransform
Transforming core-1.12.0.aar (androidx.core:core:1.12.0) with AarTransform
Transforming core-1.12.0.aar (androidx.core:core:1.12.0) with ExtractAarTransform
Transforming core-1.12.0.aar (androidx.core:core:1.12.0) with AarTransform
Transforming customview-poolingcontainer-1.0.0.aar (androidx.customview:customview-poolingcontainer:1.0.0) with ExtractAarTransform
Transforming customview-poolingcontainer-1.0.0.aar (androidx.customview:customview-poolingcontainer:1.0.0) with AarTransform
Transforming lifecycle-process-2.7.0.aar (androidx.lifecycle:lifecycle-process:2.7.0) with ExtractAarTransform
Transforming lifecycle-process-2.7.0.aar (androidx.lifecycle:lifecycle-process:2.7.0) with AarTransform
Transforming lifecycle-runtime-ktx-2.7.0.aar (androidx.lifecycle:lifecycle-runtime-ktx:2.7.0) with ExtractAarTransform
Transforming lifecycle-runtime-ktx-2.7.0.aar (androidx.lifecycle:lifecycle-runtime-ktx:2.7.0) with AarTransform
Caching disabled for AarTransform: C:\Users\Tushal\.gradle\caches\transforms-3\c971668bc13ffb90295d936eac4bd951\transformed\customview-poolingcontainer-1.0.0 because:
  Build cache is disabled
Caching disabled for AarTransform: C:\Users\Tushal\.gradle\caches\transforms-3\285f085280118d755ce82ea703c4f012\transformed\lifecycle-process-2.7.0 because:
  Build cache is disabled
Transforming savedstate-ktx-1.2.1.aar (androidx.savedstate:savedstate-ktx:1.2.1) with ExtractAarTransform
Skipping AarTransform: C:\Users\Tushal\.gradle\caches\transforms-3\285f085280118d755ce82ea703c4f012\transformed\lifecycle-process-2.7.0 as it is up-to-date.
Transforming savedstate-ktx-1.2.1.aar (androidx.savedstate:savedstate-ktx:1.2.1) with AarTransform
Caching disabled for AarTransform: C:\Users\Tushal\.gradle\caches\transforms-3\16334cf9ae6f67e16792e7590a141c87\transformed\lifecycle-runtime-ktx-2.7.0 because:
  Build cache is disabled
Skipping AarTransform: C:\Users\Tushal\.gradle\caches\transforms-3\c971668bc13ffb90295d936eac4bd951\transformed\customview-poolingcontainer-1.0.0 as it is up-to-date.
Skipping AarTransform: C:\Users\Tushal\.gradle\caches\transforms-3\16334cf9ae6f67e16792e7590a141c87\transformed\lifecycle-runtime-ktx-2.7.0 as it is up-to-date.
Transforming savedstate-1.2.1.aar (androidx.savedstate:savedstate:1.2.1) with ExtractAarTransform
Caching disabled for AarTransform: C:\Users\Tushal\.gradle\caches\transforms-3\392db174018290aedff9183ad18d0929\transformed\savedstate-ktx-1.2.1 because:
  Build cache is disabled
Transforming savedstate-1.2.1.aar (androidx.savedstate:savedstate:1.2.1) with AarTransform
Skipping AarTransform: C:\Users\Tushal\.gradle\caches\transforms-3\392db174018290aedff9183ad18d0929\transformed\savedstate-ktx-1.2.1 as it is up-to-date.
Transforming lifecycle-livedata-core-2.7.0.aar (androidx.lifecycle:lifecycle-livedata-core:2.7.0) with ExtractAarTransform
Caching disabled for AarTransform: C:\Users\Tushal\.gradle\caches\transforms-3\4df352a0ff98d010ff87c87a188bfa25\transformed\savedstate-1.2.1 because:
  Build cache is disabled
Transforming lifecycle-livedata-core-2.7.0.aar (androidx.lifecycle:lifecycle-livedata-core:2.7.0) with AarTransform
Skipping AarTransform: C:\Users\Tushal\.gradle\caches\transforms-3\4df352a0ff98d010ff87c87a188bfa25\transformed\savedstate-1.2.1 as it is up-to-date.
Transforming lifecycle-livedata-core-ktx-2.7.0.aar (androidx.lifecycle:lifecycle-livedata-core-ktx:2.7.0) with ExtractAarTransform
Transforming lifecycle-livedata-core-ktx-2.7.0.aar (androidx.lifecycle:lifecycle-livedata-core-ktx:2.7.0) with AarTransform
Caching disabled for AarTransform: C:\Users\Tushal\.gradle\caches\transforms-3\677b5a79186bd8504b833b54b60ee3c9\transformed\lifecycle-livedata-core-2.7.0 because:
  Build cache is disabled
Transforming lifecycle-livedata-2.7.0.aar (androidx.lifecycle:lifecycle-livedata:2.7.0) with ExtractAarTransform
Skipping AarTransform: C:\Users\Tushal\.gradle\caches\transforms-3\677b5a79186bd8504b833b54b60ee3c9\transformed\lifecycle-livedata-core-2.7.0 as it is up-to-date.
Transforming lifecycle-livedata-2.7.0.aar (androidx.lifecycle:lifecycle-livedata:2.7.0) with AarTransform
Caching disabled for AarTransform: C:\Users\Tushal\.gradle\caches\transforms-3\559af55a7bd8a35aa959e6d3da59f562\transformed\lifecycle-livedata-core-ktx-2.7.0 because:
  Build cache is disabled
Transforming lifecycle-livedata-2.7.0.aar (androidx.lifecycle:lifecycle-livedata:2.7.0) with ExtractAarTransform
Skipping AarTransform: C:\Users\Tushal\.gradle\caches\transforms-3\559af55a7bd8a35aa959e6d3da59f562\transformed\lifecycle-livedata-core-ktx-2.7.0 as it is up-to-date.
Transforming lifecycle-livedata-2.7.0.aar (androidx.lifecycle:lifecycle-livedata:2.7.0) with AarTransform
Caching disabled for AarTransform: C:\Users\Tushal\.gradle\caches\transforms-3\3dc0ddc8b1cc7d28c3b48bca5ad7c63a\transformed\lifecycle-livedata-2.7.0 because:
  Build cache is disabled
Transforming lifecycle-runtime-2.7.0.aar (androidx.lifecycle:lifecycle-runtime:2.7.0) with ExtractAarTransform
Transforming lifecycle-runtime-2.7.0.aar (androidx.lifecycle:lifecycle-runtime:2.7.0) with AarTransform
Skipping AarTransform: C:\Users\Tushal\.gradle\caches\transforms-3\3dc0ddc8b1cc7d28c3b48bca5ad7c63a\transformed\lifecycle-livedata-2.7.0 as it is up-to-date.
Transforming lifecycle-viewmodel-2.7.0.aar (androidx.lifecycle:lifecycle-viewmodel:2.7.0) with ExtractAarTransform
Transforming lifecycle-viewmodel-2.7.0.aar (androidx.lifecycle:lifecycle-viewmodel:2.7.0) with AarTransform
Caching disabled for AarTransform: C:\Users\Tushal\.gradle\caches\transforms-3\c35613f5ee0955877fb1dbb83fac5020\transformed\lifecycle-runtime-2.7.0 because:
  Build cache is disabled
Transforming lifecycle-viewmodel-2.7.0.aar (androidx.lifecycle:lifecycle-viewmodel:2.7.0) with ExtractAarTransform
Skipping AarTransform: C:\Users\Tushal\.gradle\caches\transforms-3\c35613f5ee0955877fb1dbb83fac5020\transformed\lifecycle-runtime-2.7.0 as it is up-to-date.
Transforming lifecycle-viewmodel-2.7.0.aar (androidx.lifecycle:lifecycle-viewmodel:2.7.0) with AarTransform
Transforming lifecycle-viewmodel-ktx-2.7.0.aar (androidx.lifecycle:lifecycle-viewmodel-ktx:2.7.0) with ExtractAarTransform
Transforming lifecycle-viewmodel-ktx-2.7.0.aar (androidx.lifecycle:lifecycle-viewmodel-ktx:2.7.0) with AarTransform
Caching disabled for AarTransform: C:\Users\Tushal\.gradle\caches\transforms-3\6bab4852d63525fc8c095ec62187c7d2\transformed\lifecycle-viewmodel-2.7.0 because:
  Build cache is disabled
Transforming lifecycle-livedata-ktx-2.7.0.aar (androidx.lifecycle:lifecycle-livedata-ktx:2.7.0) with ExtractAarTransform
Skipping AarTransform: C:\Users\Tushal\.gradle\caches\transforms-3\6bab4852d63525fc8c095ec62187c7d2\transformed\lifecycle-viewmodel-2.7.0 as it is up-to-date.
Transforming lifecycle-livedata-ktx-2.7.0.aar (androidx.lifecycle:lifecycle-livedata-ktx:2.7.0) with AarTransform
Caching disabled for AarTransform: C:\Users\Tushal\.gradle\caches\transforms-3\12495d349f42f60593d1d8e7a86e38c5\transformed\lifecycle-viewmodel-ktx-2.7.0 because:
  Build cache is disabled
Transforming lifecycle-viewmodel-savedstate-2.7.0.aar (androidx.lifecycle:lifecycle-viewmodel-savedstate:2.7.0) with ExtractAarTransform
Skipping AarTransform: C:\Users\Tushal\.gradle\caches\transforms-3\12495d349f42f60593d1d8e7a86e38c5\transformed\lifecycle-viewmodel-ktx-2.7.0 as it is up-to-date.
Transforming lifecycle-viewmodel-savedstate-2.7.0.aar (androidx.lifecycle:lifecycle-viewmodel-savedstate:2.7.0) with AarTransform
Caching disabled for AarTransform: C:\Users\Tushal\.gradle\caches\transforms-3\1f44855ee8a9143ee7ef0c1481e3f0d9\transformed\lifecycle-livedata-ktx-2.7.0 because:
  Build cache is disabled
Transforming core-ktx-1.12.0.aar (androidx.core:core-ktx:1.12.0) with ExtractAarTransform
Skipping AarTransform: C:\Users\Tushal\.gradle\caches\transforms-3\1f44855ee8a9143ee7ef0c1481e3f0d9\transformed\lifecycle-livedata-ktx-2.7.0 as it is up-to-date.
Transforming core-ktx-1.12.0.aar (androidx.core:core-ktx:1.12.0) with AarTransform
Caching disabled for AarTransform: C:\Users\Tushal\.gradle\caches\transforms-3\456d36f24c2cdbdedacb020de67fc621\transformed\lifecycle-viewmodel-savedstate-2.7.0 because:
  Build cache is disabled
Transforming room-runtime-2.6.1.aar (androidx.room:room-runtime:2.6.1) with ExtractAarTransform
Skipping AarTransform: C:\Users\Tushal\.gradle\caches\transforms-3\456d36f24c2cdbdedacb020de67fc621\transformed\lifecycle-viewmodel-savedstate-2.7.0 as it is up-to-date.
Transforming room-runtime-2.6.1.aar (androidx.room:room-runtime:2.6.1) with AarTransform
Caching disabled for AarTransform: C:\Users\Tushal\.gradle\caches\transforms-3\4a0525888b51531b2d8c676d5df937d6\transformed\core-ktx-1.12.0 because:
  Build cache is disabled
Transforming room-ktx-2.6.1.aar (androidx.room:room-ktx:2.6.1) with ExtractAarTransform
Skipping AarTransform: C:\Users\Tushal\.gradle\caches\transforms-3\4a0525888b51531b2d8c676d5df937d6\transformed\core-ktx-1.12.0 as it is up-to-date.
Caching disabled for AarTransform: C:\Users\Tushal\.gradle\caches\transforms-3\888877568181c0f6eb4ce892d57068b3\transformed\room-runtime-2.6.1 because:
  Build cache is disabled
Transforming room-ktx-2.6.1.aar (androidx.room:room-ktx:2.6.1) with AarTransform
Skipping AarTransform: C:\Users\Tushal\.gradle\caches\transforms-3\888877568181c0f6eb4ce892d57068b3\transformed\room-runtime-2.6.1 as it is up-to-date.
Transforming sqlite-framework-2.4.0.aar (androidx.sqlite:sqlite-framework:2.4.0) with ExtractAarTransform
Transforming sqlite-framework-2.4.0.aar (androidx.sqlite:sqlite-framework:2.4.0) with AarTransform
Caching disabled for AarTransform: C:\Users\Tushal\.gradle\caches\transforms-3\370719b425780f26af1080c819ab5589\transformed\room-ktx-2.6.1 because:
  Build cache is disabled
Skipping AarTransform: C:\Users\Tushal\.gradle\caches\transforms-3\370719b425780f26af1080c819ab5589\transformed\room-ktx-2.6.1 as it is up-to-date.
Transforming sqlite-2.4.0.aar (androidx.sqlite:sqlite:2.4.0) with ExtractAarTransform
Caching disabled for AarTransform: C:\Users\Tushal\.gradle\caches\transforms-3\b7004b0b345b7039ad3076d4f11b014f\transformed\sqlite-framework-2.4.0 because:
  Build cache is disabled
Transforming sqlite-2.4.0.aar (androidx.sqlite:sqlite:2.4.0) with AarTransform
Skipping AarTransform: C:\Users\Tushal\.gradle\caches\transforms-3\b7004b0b345b7039ad3076d4f11b014f\transformed\sqlite-framework-2.4.0 as it is up-to-date.
Transforming annotation-experimental-1.3.1.aar (androidx.annotation:annotation-experimental:1.3.1) with ExtractAarTransform
Transforming annotation-experimental-1.3.1.aar (androidx.annotation:annotation-experimental:1.3.1) with AarTransform
Transforming cardview-1.0.0.aar (androidx.cardview:cardview:1.0.0) with ExtractAarTransform
Caching disabled for AarTransform: C:\Users\Tushal\.gradle\caches\transforms-3\fc8be31588cad0a66c61f32c5640f596\transformed\sqlite-2.4.0 because:
  Build cache is disabled
Transforming cardview-1.0.0.aar (androidx.cardview:cardview:1.0.0) with AarTransform
Skipping AarTransform: C:\Users\Tushal\.gradle\caches\transforms-3\fc8be31588cad0a66c61f32c5640f596\transformed\sqlite-2.4.0 as it is up-to-date.
Transforming security-crypto-1.1.0-alpha06.aar (androidx.security:security-crypto:1.1.0-alpha06) with ExtractAarTransform
Caching disabled for AarTransform: C:\Users\Tushal\.gradle\caches\transforms-3\81978c211bff88f5381685aa43447203\transformed\annotation-experimental-1.3.1 because:
  Build cache is disabled
Transforming security-crypto-1.1.0-alpha06.aar (androidx.security:security-crypto:1.1.0-alpha06) with AarTransform
Caching disabled for AarTransform: C:\Users\Tushal\.gradle\caches\transforms-3\947307f88e48bf9427ba4ec6a34d2b50\transformed\cardview-1.0.0 because:
  Build cache is disabled
Skipping AarTransform: C:\Users\Tushal\.gradle\caches\transforms-3\81978c211bff88f5381685aa43447203\transformed\annotation-experimental-1.3.1 as it is up-to-date.
Skipping AarTransform: C:\Users\Tushal\.gradle\caches\transforms-3\947307f88e48bf9427ba4ec6a34d2b50\transformed\cardview-1.0.0 as it is up-to-date.
Caching disabled for AarTransform: C:\Users\Tushal\.gradle\caches\transforms-3\f816468c226029777744c01983376002\transformed\security-crypto-1.1.0-alpha06 because:
  Build cache is disabled
Transforming cursoradapter-1.0.0.aar (androidx.cursoradapter:cursoradapter:1.0.0) with ExtractAarTransform
Skipping AarTransform: C:\Users\Tushal\.gradle\caches\transforms-3\f816468c226029777744c01983376002\transformed\security-crypto-1.1.0-alpha06 as it is up-to-date.
Transforming cursoradapter-1.0.0.aar (androidx.cursoradapter:cursoradapter:1.0.0) with AarTransform
Transforming interpolator-1.0.0.aar (androidx.interpolator:interpolator:1.0.0) with ExtractAarTransform
Transforming interpolator-1.0.0.aar (androidx.interpolator:interpolator:1.0.0) with AarTransform
Transforming interpolator-1.0.0.aar (androidx.interpolator:interpolator:1.0.0) with ExtractAarTransform
Transforming interpolator-1.0.0.aar (androidx.interpolator:interpolator:1.0.0) with AarTransform
Caching disabled for AarTransform: C:\Users\Tushal\.gradle\caches\transforms-3\feccdbabe94b1a4a420e85fa751f7c7d\transformed\cursoradapter-1.0.0 because:
  Build cache is disabled
Caching disabled for AarTransform: C:\Users\Tushal\.gradle\caches\transforms-3\b4713265b2f5b88c29f2131d51b92139\transformed\interpolator-1.0.0 because:
  Build cache is disabled
Transforming interpolator-1.0.0.aar (androidx.interpolator:interpolator:1.0.0) with ExtractAarTransform
Skipping AarTransform: C:\Users\Tushal\.gradle\caches\transforms-3\b4713265b2f5b88c29f2131d51b92139\transformed\interpolator-1.0.0 as it is up-to-date.
Transforming interpolator-1.0.0.aar (androidx.interpolator:interpolator:1.0.0) with AarTransform
Skipping AarTransform: C:\Users\Tushal\.gradle\caches\transforms-3\feccdbabe94b1a4a420e85fa751f7c7d\transformed\cursoradapter-1.0.0 as it is up-to-date.
Transforming core-runtime-2.2.0.aar (androidx.arch.core:core-runtime:2.2.0) with ExtractAarTransform
Transforming core-runtime-2.2.0.aar (androidx.arch.core:core-runtime:2.2.0) with AarTransform
Transforming exifinterface-1.3.6.aar (androidx.exifinterface:exifinterface:1.3.6) with ExtractAarTransform
Transforming exifinterface-1.3.6.aar (androidx.exifinterface:exifinterface:1.3.6) with AarTransform
Transforming gifdecoder-4.16.0.aar (com.github.bumptech.glide:gifdecoder:4.16.0) with ExtractAarTransform
Transforming gifdecoder-4.16.0.aar (com.github.bumptech.glide:gifdecoder:4.16.0) with AarTransform
Transforming profileinstaller-1.3.1.aar (androidx.profileinstaller:profileinstaller:1.3.1) with ExtractAarTransform
Caching disabled for AarTransform: C:\Users\Tushal\.gradle\caches\transforms-3\1f92b18ff42b04762aab378ca1917193\transformed\core-runtime-2.2.0 because:
  Build cache is disabled
Caching disabled for AarTransform: C:\Users\Tushal\.gradle\caches\transforms-3\9dca4bc3d53f04f796ee539a0be1842d\transformed\exifinterface-1.3.6 because:
  Build cache is disabled
Transforming profileinstaller-1.3.1.aar (androidx.profileinstaller:profileinstaller:1.3.1) with AarTransform
Skipping AarTransform: C:\Users\Tushal\.gradle\caches\transforms-3\9dca4bc3d53f04f796ee539a0be1842d\transformed\exifinterface-1.3.6 as it is up-to-date.
Transforming startup-runtime-1.1.1.aar (androidx.startup:startup-runtime:1.1.1) with ExtractAarTransform
Skipping AarTransform: C:\Users\Tushal\.gradle\caches\transforms-3\1f92b18ff42b04762aab378ca1917193\transformed\core-runtime-2.2.0 as it is up-to-date.
Caching disabled for AarTransform: C:\Users\Tushal\.gradle\caches\transforms-3\6b25d9b82ed183efd04348a1932698e9\transformed\gifdecoder-4.16.0 because:
  Build cache is disabled
Transforming startup-runtime-1.1.1.aar (androidx.startup:startup-runtime:1.1.1) with AarTransform
Caching disabled for AarTransform: C:\Users\Tushal\.gradle\caches\transforms-3\add9d43d9169ede12cf03341f0f55eff\transformed\profileinstaller-1.3.1 because:
  Build cache is disabled
Skipping AarTransform: C:\Users\Tushal\.gradle\caches\transforms-3\6b25d9b82ed183efd04348a1932698e9\transformed\gifdecoder-4.16.0 as it is up-to-date.
Skipping AarTransform: C:\Users\Tushal\.gradle\caches\transforms-3\add9d43d9169ede12cf03341f0f55eff\transformed\profileinstaller-1.3.1 as it is up-to-date.
Transforming tracing-1.0.0.aar (androidx.tracing:tracing:1.0.0) with ExtractAarTransform
Caching disabled for AarTransform: C:\Users\Tushal\.gradle\caches\transforms-3\feab105b5520079f049fbf877f15d1c9\transformed\startup-runtime-1.1.1 because:
  Build cache is disabled
Transforming tracing-1.0.0.aar (androidx.tracing:tracing:1.0.0) with AarTransform
Skipping AarTransform: C:\Users\Tushal\.gradle\caches\transforms-3\feab105b5520079f049fbf877f15d1c9\transformed\startup-runtime-1.1.1 as it is up-to-date.
Transforming versionedparcelable-1.1.1.aar (androidx.versionedparcelable:versionedparcelable:1.1.1) with ExtractAarTransform
Transforming versionedparcelable-1.1.1.aar (androidx.versionedparcelable:versionedparcelable:1.1.1) with AarTransform
Caching disabled for AarTransform: C:\Users\Tushal\.gradle\caches\transforms-3\b89dbbd2c07c77ed01414e4e82e13513\transformed\tracing-1.0.0 because:
  Build cache is disabled
Skipping AarTransform: C:\Users\Tushal\.gradle\caches\transforms-3\b89dbbd2c07c77ed01414e4e82e13513\transformed\tracing-1.0.0 as it is up-to-date.
Transforming documentfile-1.0.0.aar (androidx.documentfile:documentfile:1.0.0) with ExtractAarTransform
Transforming documentfile-1.0.0.aar (androidx.documentfile:documentfile:1.0.0) with AarTransform
Transforming localbroadcastmanager-1.0.0.aar (androidx.localbroadcastmanager:localbroadcastmanager:1.0.0) with ExtractAarTransform
Transforming localbroadcastmanager-1.0.0.aar (androidx.localbroadcastmanager:localbroadcastmanager:1.0.0) with AarTransform
Caching disabled for AarTransform: C:\Users\Tushal\.gradle\caches\transforms-3\525a47ace2319598ac413e200a5d0bc8\transformed\versionedparcelable-1.1.1 because:
  Build cache is disabled
Transforming print-1.0.0.aar (androidx.print:print:1.0.0) with ExtractAarTransform
Skipping AarTransform: C:\Users\Tushal\.gradle\caches\transforms-3\525a47ace2319598ac413e200a5d0bc8\transformed\versionedparcelable-1.1.1 as it is up-to-date.
Transforming print-1.0.0.aar (androidx.print:print:1.0.0) with AarTransform
Caching disabled for AarTransform: C:\Users\Tushal\.gradle\caches\transforms-3\4605d80e7c376801fc7312c266e4256f\transformed\documentfile-1.0.0 because:
  Build cache is disabled
Caching disabled for AarTransform: C:\Users\Tushal\.gradle\caches\transforms-3\119ccbc886a35f03ef88c1b2aa469021\transformed\localbroadcastmanager-1.0.0 because:
  Build cache is disabled
Caching disabled for AarTransform: C:\Users\Tushal\.gradle\caches\transforms-3\ea51fda6ac45a05011c00104e91c0579\transformed\print-1.0.0 because:
  Build cache is disabled
Skipping AarTransform: C:\Users\Tushal\.gradle\caches\transforms-3\119ccbc886a35f03ef88c1b2aa469021\transformed\localbroadcastmanager-1.0.0 as it is up-to-date.
Skipping AarTransform: C:\Users\Tushal\.gradle\caches\transforms-3\ea51fda6ac45a05011c00104e91c0579\transformed\print-1.0.0 as it is up-to-date.
Transforming multidex-2.0.1.aar (androidx.multidex:multidex:2.0.1) with ExtractAarTransform
Skipping AarTransform: C:\Users\Tushal\.gradle\caches\transforms-3\4605d80e7c376801fc7312c266e4256f\transformed\documentfile-1.0.0 as it is up-to-date.
Transforming multidex-2.0.1.aar (androidx.multidex:multidex:2.0.1) with AarTransform
Caching disabled for AarTransform: C:\Users\Tushal\.gradle\caches\transforms-3\8b6a5ea78f7918a06084e5aa589e5e1d\transformed\multidex-2.0.1 because:
  Build cache is disabled
Skipping AarTransform: C:\Users\Tushal\.gradle\caches\transforms-3\8b6a5ea78f7918a06084e5aa589e5e1d\transformed\multidex-2.0.1 as it is up-to-date.
Caching disabled for task ':app:processDebugMainManifest' because:
  Build cache is disabled
Task ':app:processDebugMainManifest' is not up-to-date because:
  Output property 'mergeBlameFile' file C:\Users\Tushal\Desktop\APP\Vexor\app\build\intermediates\manifest_merge_blame_file\debug\manifest-merger-blame-debug-report.txt has been removed.
  Output property 'mergedManifest' file C:\Users\Tushal\Desktop\APP\Vexor\app\build\intermediates\merged_manifest\debug\AndroidManifest.xml has been removed.
  Output property 'reportFile' file C:\Users\Tushal\Desktop\APP\Vexor\app\build\outputs\logs\manifest-merger-debug-report.txt has been removed.
Loading library manifest C:\Users\Tushal\.gradle\caches\transforms-3\ee7372a378ee3382ad11d1d4ea99a2b0\transformed\viewbinding-8.2.0\AndroidManifest.xml
Loading library manifest C:\Users\Tushal\.gradle\caches\transforms-3\e308b6e6d17158c8079fa92ee7b91963\transformed\material-1.11.0\AndroidManifest.xml
Loading library manifest C:\Users\Tushal\.gradle\caches\transforms-3\ff126ee9cca3fc604c8510753ac09caf\transformed\constraintlayout-2.1.4\AndroidManifest.xml
Loading library manifest C:\Users\Tushal\.gradle\caches\transforms-3\57d34647962dfce3c8e4f7677bf8cd17\transformed\biometric-1.1.0\AndroidManifest.xml
Loading library manifest C:\Users\Tushal\.gradle\caches\transforms-3\dc740cdfa4b72028e37eea76661c42ef\transformed\coil-2.5.0\AndroidManifest.xml
Loading library manifest C:\Users\Tushal\.gradle\caches\transforms-3\a7e257e5db315937cb7a3d69b1f90fb7\transformed\coil-video-2.5.0\AndroidManifest.xml
Loading library manifest C:\Users\Tushal\.gradle\caches\transforms-3\c880f30648f48c0e398759a215b47ce2\transformed\coil-base-2.5.0\AndroidManifest.xml
Loading library manifest C:\Users\Tushal\.gradle\caches\transforms-3\44cf57b6d98c7e6b7e5b8a03a98cf622\transformed\appcompat-resources-1.6.1\AndroidManifest.xml
Loading library manifest C:\Users\Tushal\.gradle\caches\transforms-3\468ef8c1224fa11f9c4341db52a06e93\transformed\appcompat-1.6.1\AndroidManifest.xml
Loading library manifest C:\Users\Tushal\.gradle\caches\transforms-3\dc9ba8c66bf67f1ab539a00e8b9c9c9a\transformed\glide-4.16.0\AndroidManifest.xml
Loading library manifest C:\Users\Tushal\.gradle\caches\transforms-3\e75b5071789f5baf57b3f20bc1a48613\transformed\media3-exoplayer-1.2.0\AndroidManifest.xml
Loading library manifest C:\Users\Tushal\.gradle\caches\transforms-3\92737f2c4321642a8ea14201c9b5f136\transformed\media3-extractor-1.2.0\AndroidManifest.xml
Loading library manifest C:\Users\Tushal\.gradle\caches\transforms-3\df523f5ebd5a1e5d83dd3f3f151f5076\transformed\media3-container-1.2.0\AndroidManifest.xml
Loading library manifest C:\Users\Tushal\.gradle\caches\transforms-3\b398c59ea54a69e3de1ab2129ac14a19\transformed\media3-datasource-1.2.0\AndroidManifest.xml
Loading library manifest C:\Users\Tushal\.gradle\caches\transforms-3\1d6c6aaf665475b03b3e7a199de97ee4\transformed\media3-decoder-1.2.0\AndroidManifest.xml
Loading library manifest C:\Users\Tushal\.gradle\caches\transforms-3\3f4f00451a43ebd95417c5d4a0aac350\transformed\media3-database-1.2.0\AndroidManifest.xml
Loading library manifest C:\Users\Tushal\.gradle\caches\transforms-3\1f4d79196179c097dcf5135e5e548a60\transformed\media3-common-1.2.0\AndroidManifest.xml
Loading library manifest C:\Users\Tushal\.gradle\caches\transforms-3\a6a8c7b41a65c72c07aff083dbf25ba0\transformed\media3-ui-1.2.0\AndroidManifest.xml
Loading library manifest C:\Users\Tushal\.gradle\caches\transforms-3\86ae1b24a46958f5365ec5ef3d2d1c34\transformed\recyclerview-1.3.2\AndroidManifest.xml
Loading library manifest C:\Users\Tushal\.gradle\caches\transforms-3\7894b91b38b404f70940d07cabe5899f\transformed\viewpager2-1.1.0-beta02\AndroidManifest.xml
Loading library manifest C:\Users\Tushal\.gradle\caches\transforms-3\492822d6f5cf6540ee1405596cc42ade\transformed\fragment-1.3.6\AndroidManifest.xml
Loading library manifest C:\Users\Tushal\.gradle\caches\transforms-3\f9410f15e9fb2f39f9c91101f6a20106\transformed\activity-1.8.2\AndroidManifest.xml
Loading library manifest C:\Users\Tushal\.gradle\caches\transforms-3\0ca366a1d236200f2eea054185b5f0d8\transformed\activity-ktx-1.8.2\AndroidManifest.xml
Loading library manifest C:\Users\Tushal\.gradle\caches\transforms-3\339f76cdc3d96b2a50cab9a23a560bcb\transformed\swiperefreshlayout-1.1.0\AndroidManifest.xml
Loading library manifest C:\Users\Tushal\.gradle\caches\transforms-3\270e300d271c2ab3efa31872dd2e5301\transformed\camera-lifecycle-1.3.1\AndroidManifest.xml
Loading library manifest C:\Users\Tushal\.gradle\caches\transforms-3\fb070df8d5725024895184ad87598e4e\transformed\camera-camera2-1.3.1\AndroidManifest.xml
Loading library manifest C:\Users\Tushal\.gradle\caches\transforms-3\b525739896ca14c1bc27882fe8208c8a\transformed\camera-core-1.3.1\AndroidManifest.xml
Loading library manifest C:\Users\Tushal\.gradle\caches\transforms-3\dc64f4c79e165697ebdff10b6cc6e9d4\transformed\emoji2-views-helper-1.2.0\AndroidManifest.xml
Loading library manifest C:\Users\Tushal\.gradle\caches\transforms-3\c6681b4e418b9f33bb2163defe599d48\transformed\emoji2-1.2.0\AndroidManifest.xml
Loading library manifest C:\Users\Tushal\.gradle\caches\transforms-3\8311f284aead11fa49e25fe7039fe589\transformed\drawerlayout-1.1.1\AndroidManifest.xml
Loading library manifest C:\Users\Tushal\.gradle\caches\transforms-3\a4e6ecf66af1c4b4199be43380cac145\transformed\coordinatorlayout-1.1.0\AndroidManifest.xml
Loading library manifest C:\Users\Tushal\.gradle\caches\transforms-3\ad4399c080ebc131028831b3f7710164\transformed\dynamicanimation-1.0.0\AndroidManifest.xml
Loading library manifest C:\Users\Tushal\.gradle\caches\transforms-3\77ad483ac93f96cb4b844c8d431b41c6\transformed\transition-1.2.0\AndroidManifest.xml
Loading library manifest C:\Users\Tushal\.gradle\caches\transforms-3\3ffad289452d90132b25cfa39b80d81f\transformed\vectordrawable-animated-1.1.0\AndroidManifest.xml
Loading library manifest C:\Users\Tushal\.gradle\caches\transforms-3\0c7ee7980467685fc899e8881f198f09\transformed\vectordrawable-1.1.0\AndroidManifest.xml
Loading library manifest C:\Users\Tushal\.gradle\caches\transforms-3\adf12948b03f92c8da384a18759e3a29\transformed\media-1.6.0\AndroidManifest.xml
Loading library manifest C:\Users\Tushal\.gradle\caches\transforms-3\1b730982aa055e587f1c4dd43ee6713f\transformed\viewpager-1.0.0\AndroidManifest.xml
Loading library manifest C:\Users\Tushal\.gradle\caches\transforms-3\c02ac995872b81c83e1917567743c810\transformed\legacy-support-core-utils-1.0.0\AndroidManifest.xml
Loading library manifest C:\Users\Tushal\.gradle\caches\transforms-3\8b65fb41d7244f8684b31581aedcf434\transformed\loader-1.0.0\AndroidManifest.xml
Loading library manifest C:\Users\Tushal\.gradle\caches\transforms-3\c6744541110b4f89ce76a11e549acfe0\transformed\customview-1.1.0\AndroidManifest.xml
Loading library manifest C:\Users\Tushal\.gradle\caches\transforms-3\0689a9fd0de0e6fef5d369e599568f09\transformed\core-1.12.0\AndroidManifest.xml
Loading library manifest C:\Users\Tushal\.gradle\caches\transforms-3\c971668bc13ffb90295d936eac4bd951\transformed\customview-poolingcontainer-1.0.0\AndroidManifest.xml
Loading library manifest C:\Users\Tushal\.gradle\caches\transforms-3\285f085280118d755ce82ea703c4f012\transformed\lifecycle-process-2.7.0\AndroidManifest.xml
Loading library manifest C:\Users\Tushal\.gradle\caches\transforms-3\16334cf9ae6f67e16792e7590a141c87\transformed\lifecycle-runtime-ktx-2.7.0\AndroidManifest.xml
Loading library manifest C:\Users\Tushal\.gradle\caches\transforms-3\392db174018290aedff9183ad18d0929\transformed\savedstate-ktx-1.2.1\AndroidManifest.xml
Loading library manifest C:\Users\Tushal\.gradle\caches\transforms-3\4df352a0ff98d010ff87c87a188bfa25\transformed\savedstate-1.2.1\AndroidManifest.xml
Loading library manifest C:\Users\Tushal\.gradle\caches\transforms-3\677b5a79186bd8504b833b54b60ee3c9\transformed\lifecycle-livedata-core-2.7.0\AndroidManifest.xml
Loading library manifest C:\Users\Tushal\.gradle\caches\transforms-3\559af55a7bd8a35aa959e6d3da59f562\transformed\lifecycle-livedata-core-ktx-2.7.0\AndroidManifest.xml
Loading library manifest C:\Users\Tushal\.gradle\caches\transforms-3\3dc0ddc8b1cc7d28c3b48bca5ad7c63a\transformed\lifecycle-livedata-2.7.0\AndroidManifest.xml
Loading library manifest C:\Users\Tushal\.gradle\caches\transforms-3\c35613f5ee0955877fb1dbb83fac5020\transformed\lifecycle-runtime-2.7.0\AndroidManifest.xml
Loading library manifest C:\Users\Tushal\.gradle\caches\transforms-3\6bab4852d63525fc8c095ec62187c7d2\transformed\lifecycle-viewmodel-2.7.0\AndroidManifest.xml
Loading library manifest C:\Users\Tushal\.gradle\caches\transforms-3\12495d349f42f60593d1d8e7a86e38c5\transformed\lifecycle-viewmodel-ktx-2.7.0\AndroidManifest.xml
Loading library manifest C:\Users\Tushal\.gradle\caches\transforms-3\1f44855ee8a9143ee7ef0c1481e3f0d9\transformed\lifecycle-livedata-ktx-2.7.0\AndroidManifest.xml
Loading library manifest C:\Users\Tushal\.gradle\caches\transforms-3\456d36f24c2cdbdedacb020de67fc621\transformed\lifecycle-viewmodel-savedstate-2.7.0\AndroidManifest.xml
Loading library manifest C:\Users\Tushal\.gradle\caches\transforms-3\4a0525888b51531b2d8c676d5df937d6\transformed\core-ktx-1.12.0\AndroidManifest.xml
Loading library manifest C:\Users\Tushal\.gradle\caches\transforms-3\888877568181c0f6eb4ce892d57068b3\transformed\room-runtime-2.6.1\AndroidManifest.xml
Loading library manifest C:\Users\Tushal\.gradle\caches\transforms-3\370719b425780f26af1080c819ab5589\transformed\room-ktx-2.6.1\AndroidManifest.xml
Loading library manifest C:\Users\Tushal\.gradle\caches\transforms-3\b7004b0b345b7039ad3076d4f11b014f\transformed\sqlite-framework-2.4.0\AndroidManifest.xml
Loading library manifest C:\Users\Tushal\.gradle\caches\transforms-3\fc8be31588cad0a66c61f32c5640f596\transformed\sqlite-2.4.0\AndroidManifest.xml
Loading library manifest C:\Users\Tushal\.gradle\caches\transforms-3\81978c211bff88f5381685aa43447203\transformed\annotation-experimental-1.3.1\AndroidManifest.xml
Loading library manifest C:\Users\Tushal\.gradle\caches\transforms-3\947307f88e48bf9427ba4ec6a34d2b50\transformed\cardview-1.0.0\AndroidManifest.xml
Loading library manifest C:\Users\Tushal\.gradle\caches\transforms-3\f816468c226029777744c01983376002\transformed\security-crypto-1.1.0-alpha06\AndroidManifest.xml
Loading library manifest C:\Users\Tushal\.gradle\caches\transforms-3\feccdbabe94b1a4a420e85fa751f7c7d\transformed\cursoradapter-1.0.0\AndroidManifest.xml
Loading library manifest C:\Users\Tushal\.gradle\caches\transforms-3\b4713265b2f5b88c29f2131d51b92139\transformed\interpolator-1.0.0\AndroidManifest.xml
Loading library manifest C:\Users\Tushal\.gradle\caches\transforms-3\1f92b18ff42b04762aab378ca1917193\transformed\core-runtime-2.2.0\AndroidManifest.xml
Loading library manifest C:\Users\Tushal\.gradle\caches\transforms-3\9dca4bc3d53f04f796ee539a0be1842d\transformed\exifinterface-1.3.6\AndroidManifest.xml
Loading library manifest C:\Users\Tushal\.gradle\caches\transforms-3\6b25d9b82ed183efd04348a1932698e9\transformed\gifdecoder-4.16.0\AndroidManifest.xml
Loading library manifest C:\Users\Tushal\.gradle\caches\transforms-3\add9d43d9169ede12cf03341f0f55eff\transformed\profileinstaller-1.3.1\AndroidManifest.xml
Loading library manifest C:\Users\Tushal\.gradle\caches\transforms-3\feab105b5520079f049fbf877f15d1c9\transformed\startup-runtime-1.1.1\AndroidManifest.xml
Loading library manifest C:\Users\Tushal\.gradle\caches\transforms-3\b89dbbd2c07c77ed01414e4e82e13513\transformed\tracing-1.0.0\AndroidManifest.xml
Loading library manifest C:\Users\Tushal\.gradle\caches\transforms-3\525a47ace2319598ac413e200a5d0bc8\transformed\versionedparcelable-1.1.1\AndroidManifest.xml
Loading library manifest C:\Users\Tushal\.gradle\caches\transforms-3\4605d80e7c376801fc7312c266e4256f\transformed\documentfile-1.0.0\AndroidManifest.xml
Loading library manifest C:\Users\Tushal\.gradle\caches\transforms-3\119ccbc886a35f03ef88c1b2aa469021\transformed\localbroadcastmanager-1.0.0\AndroidManifest.xml
Loading library manifest C:\Users\Tushal\.gradle\caches\transforms-3\ea51fda6ac45a05011c00104e91c0579\transformed\print-1.0.0\AndroidManifest.xml
Loading library manifest C:\Users\Tushal\.gradle\caches\transforms-3\8b6a5ea78f7918a06084e5aa589e5e1d\transformed\multidex-2.0.1\AndroidManifest.xml
Merging main manifest C:\Users\Tushal\Desktop\APP\Vexor\app\src\main\AndroidManifest.xml

Merging library manifest C:\Users\Tushal\.gradle\caches\transforms-3\ee7372a378ee3382ad11d1d4ea99a2b0\transformed\viewbinding-8.2.0\AndroidManifest.xml
Merging manifest with lower [androidx.databinding:viewbinding:8.2.0] AndroidManifest.xml:2:1-7:12
uses-sdk defined in both files...
Merging uses-sdk with lower [androidx.databinding:viewbinding:8.2.0] AndroidManifest.xml:5:5-44
Merging library manifest C:\Users\Tushal\.gradle\caches\transforms-3\e308b6e6d17158c8079fa92ee7b91963\transformed\material-1.11.0\AndroidManifest.xml
Merging manifest with lower [com.google.android.material:material:1.11.0] AndroidManifest.xml:17:1-24:12
uses-sdk defined in both files...
Merging uses-sdk with lower [com.google.android.material:material:1.11.0] AndroidManifest.xml:20:5-44
application defined in both files...
Merging application with lower [com.google.android.material:material:1.11.0] AndroidManifest.xml:22:5-20
Merging library manifest C:\Users\Tushal\.gradle\caches\transforms-3\ff126ee9cca3fc604c8510753ac09caf\transformed\constraintlayout-2.1.4\AndroidManifest.xml
Merging manifest with lower [androidx.constraintlayout:constraintlayout:2.1.4] AndroidManifest.xml:2:1-11:12
uses-sdk defined in both files...
Merging uses-sdk with lower [androidx.constraintlayout:constraintlayout:2.1.4] AndroidManifest.xml:5:5-7:41
application defined in both files...
Merging application with lower [androidx.constraintlayout:constraintlayout:2.1.4] AndroidManifest.xml:9:5-20
Merging library manifest C:\Users\Tushal\.gradle\caches\transforms-3\57d34647962dfce3c8e4f7677bf8cd17\transformed\biometric-1.1.0\AndroidManifest.xml
Merging manifest with lower [androidx.biometric:biometric:1.1.0] AndroidManifest.xml:17:1-29:12
uses-sdk defined in both files...
Merging uses-sdk with lower [androidx.biometric:biometric:1.1.0] AndroidManifest.xml:20:5-22:41
uses-permission#android.permission.USE_BIOMETRIC defined in both files...
Merging uses-permission#android.permission.USE_BIOMETRIC with lower [androidx.biometric:biometric:1.1.0] AndroidManifest.xml:24:5-72
uses-permission#android.permission.USE_FINGERPRINT defined in both files...
Merging uses-permission#android.permission.USE_FINGERPRINT with lower [androidx.biometric:biometric:1.1.0] AndroidManifest.xml:27:5-74
Merging library manifest C:\Users\Tushal\.gradle\caches\transforms-3\dc740cdfa4b72028e37eea76661c42ef\transformed\coil-2.5.0\AndroidManifest.xml
Merging manifest with lower [io.coil-kt:coil:2.5.0] AndroidManifest.xml:2:1-7:12
uses-sdk defined in both files...
Merging uses-sdk with lower [io.coil-kt:coil:2.5.0] AndroidManifest.xml:5:5-44
Merging library manifest C:\Users\Tushal\.gradle\caches\transforms-3\a7e257e5db315937cb7a3d69b1f90fb7\transformed\coil-video-2.5.0\AndroidManifest.xml
Merging manifest with lower [io.coil-kt:coil-video:2.5.0] AndroidManifest.xml:2:1-7:12
uses-sdk defined in both files...
Merging uses-sdk with lower [io.coil-kt:coil-video:2.5.0] AndroidManifest.xml:5:5-44
Merging library manifest C:\Users\Tushal\.gradle\caches\transforms-3\c880f30648f48c0e398759a215b47ce2\transformed\coil-base-2.5.0\AndroidManifest.xml
Merging manifest with lower [io.coil-kt:coil-base:2.5.0] AndroidManifest.xml:2:1-7:12
uses-sdk defined in both files...
Merging uses-sdk with lower [io.coil-kt:coil-base:2.5.0] AndroidManifest.xml:5:5-44
Merging library manifest C:\Users\Tushal\.gradle\caches\transforms-3\44cf57b6d98c7e6b7e5b8a03a98cf622\transformed\appcompat-resources-1.6.1\AndroidManifest.xml
Merging manifest with lower [androidx.appcompat:appcompat-resources:1.6.1] AndroidManifest.xml:17:1-22:12
uses-sdk defined in both files...
Merging uses-sdk with lower [androidx.appcompat:appcompat-resources:1.6.1] AndroidManifest.xml:20:5-44
Merging library manifest C:\Users\Tushal\.gradle\caches\transforms-3\468ef8c1224fa11f9c4341db52a06e93\transformed\appcompat-1.6.1\AndroidManifest.xml
Merging manifest with lower [androidx.appcompat:appcompat:1.6.1] AndroidManifest.xml:17:1-22:12
uses-sdk defined in both files...
Merging uses-sdk with lower [androidx.appcompat:appcompat:1.6.1] AndroidManifest.xml:20:5-44
Merging library manifest C:\Users\Tushal\.gradle\caches\transforms-3\dc9ba8c66bf67f1ab539a00e8b9c9c9a\transformed\glide-4.16.0\AndroidManifest.xml
Merging manifest with lower [com.github.bumptech.glide:glide:4.16.0] AndroidManifest.xml:2:1-9:12
uses-sdk defined in both files...
Merging uses-sdk with lower [com.github.bumptech.glide:glide:4.16.0] AndroidManifest.xml:5:5-7:41
Merging library manifest C:\Users\Tushal\.gradle\caches\transforms-3\e75b5071789f5baf57b3f20bc1a48613\transformed\media3-exoplayer-1.2.0\AndroidManifest.xml
Merging manifest with lower [androidx.media3:media3-exoplayer:1.2.0] AndroidManifest.xml:17:1-24:12
uses-sdk defined in both files...
Merging uses-sdk with lower [androidx.media3:media3-exoplayer:1.2.0] AndroidManifest.xml:20:5-44
Adopted [uses-permission: null]
Merging library manifest C:\Users\Tushal\.gradle\caches\transforms-3\92737f2c4321642a8ea14201c9b5f136\transformed\media3-extractor-1.2.0\AndroidManifest.xml
Merging manifest with lower [androidx.media3:media3-extractor:1.2.0] AndroidManifest.xml:17:1-22:12
uses-sdk defined in both files...
Merging uses-sdk with lower [androidx.media3:media3-extractor:1.2.0] AndroidManifest.xml:20:5-44
Merging library manifest C:\Users\Tushal\.gradle\caches\transforms-3\df523f5ebd5a1e5d83dd3f3f151f5076\transformed\media3-container-1.2.0\AndroidManifest.xml
Merging manifest with lower [androidx.media3:media3-container:1.2.0] AndroidManifest.xml:17:1-22:12
uses-sdk defined in both files...
Merging uses-sdk with lower [androidx.media3:media3-container:1.2.0] AndroidManifest.xml:20:5-44
Merging library manifest C:\Users\Tushal\.gradle\caches\transforms-3\b398c59ea54a69e3de1ab2129ac14a19\transformed\media3-datasource-1.2.0\AndroidManifest.xml
Merging manifest with lower [androidx.media3:media3-datasource:1.2.0] AndroidManifest.xml:17:1-22:12
uses-sdk defined in both files...
Merging uses-sdk with lower [androidx.media3:media3-datasource:1.2.0] AndroidManifest.xml:20:5-44
Merging library manifest C:\Users\Tushal\.gradle\caches\transforms-3\1d6c6aaf665475b03b3e7a199de97ee4\transformed\media3-decoder-1.2.0\AndroidManifest.xml
Merging manifest with lower [androidx.media3:media3-decoder:1.2.0] AndroidManifest.xml:17:1-22:12
uses-sdk defined in both files...
Merging uses-sdk with lower [androidx.media3:media3-decoder:1.2.0] AndroidManifest.xml:20:5-44
Merging library manifest C:\Users\Tushal\.gradle\caches\transforms-3\3f4f00451a43ebd95417c5d4a0aac350\transformed\media3-database-1.2.0\AndroidManifest.xml
Merging manifest with lower [androidx.media3:media3-database:1.2.0] AndroidManifest.xml:17:1-22:12
uses-sdk defined in both files...
Merging uses-sdk with lower [androidx.media3:media3-database:1.2.0] AndroidManifest.xml:20:5-44
Merging library manifest C:\Users\Tushal\.gradle\caches\transforms-3\1f4d79196179c097dcf5135e5e548a60\transformed\media3-common-1.2.0\AndroidManifest.xml
Merging manifest with lower [androidx.media3:media3-common:1.2.0] AndroidManifest.xml:17:1-24:12
uses-sdk defined in both files...
Merging uses-sdk with lower [androidx.media3:media3-common:1.2.0] AndroidManifest.xml:20:5-44
uses-permission#android.permission.ACCESS_NETWORK_STATE defined in both files...
Merging uses-permission#android.permission.ACCESS_NETWORK_STATE with lower [androidx.media3:media3-common:1.2.0] AndroidManifest.xml:22:5-79
Merging library manifest C:\Users\Tushal\.gradle\caches\transforms-3\a6a8c7b41a65c72c07aff083dbf25ba0\transformed\media3-ui-1.2.0\AndroidManifest.xml
Merging manifest with lower [androidx.media3:media3-ui:1.2.0] AndroidManifest.xml:17:1-22:12
uses-sdk defined in both files...
Merging uses-sdk with lower [androidx.media3:media3-ui:1.2.0] AndroidManifest.xml:20:5-44
Merging library manifest C:\Users\Tushal\.gradle\caches\transforms-3\86ae1b24a46958f5365ec5ef3d2d1c34\transformed\recyclerview-1.3.2\AndroidManifest.xml
Merging manifest with lower [androidx.recyclerview:recyclerview:1.3.2] AndroidManifest.xml:17:1-22:12
uses-sdk defined in both files...
Merging uses-sdk with lower [androidx.recyclerview:recyclerview:1.3.2] AndroidManifest.xml:20:5-44
Merging library manifest C:\Users\Tushal\.gradle\caches\transforms-3\7894b91b38b404f70940d07cabe5899f\transformed\viewpager2-1.1.0-beta02\AndroidManifest.xml
Merging manifest with lower [androidx.viewpager2:viewpager2:1.1.0-beta02] AndroidManifest.xml:2:1-7:12
uses-sdk defined in both files...
Merging uses-sdk with lower [androidx.viewpager2:viewpager2:1.1.0-beta02] AndroidManifest.xml:5:5-44
Merging library manifest C:\Users\Tushal\.gradle\caches\transforms-3\492822d6f5cf6540ee1405596cc42ade\transformed\fragment-1.3.6\AndroidManifest.xml
Merging manifest with lower [androidx.fragment:fragment:1.3.6] AndroidManifest.xml:17:1-24:12
uses-sdk defined in both files...
Merging uses-sdk with lower [androidx.fragment:fragment:1.3.6] AndroidManifest.xml:20:5-22:41
Merging library manifest C:\Users\Tushal\.gradle\caches\transforms-3\f9410f15e9fb2f39f9c91101f6a20106\transformed\activity-1.8.2\AndroidManifest.xml
Merging manifest with lower [androidx.activity:activity:1.8.2] AndroidManifest.xml:17:1-22:12
uses-sdk defined in both files...
Merging uses-sdk with lower [androidx.activity:activity:1.8.2] AndroidManifest.xml:20:5-44
Merging library manifest C:\Users\Tushal\.gradle\caches\transforms-3\0ca366a1d236200f2eea054185b5f0d8\transformed\activity-ktx-1.8.2\AndroidManifest.xml
Merging manifest with lower [androidx.activity:activity-ktx:1.8.2] AndroidManifest.xml:2:1-7:12
uses-sdk defined in both files...
Merging uses-sdk with lower [androidx.activity:activity-ktx:1.8.2] AndroidManifest.xml:5:5-44
Merging library manifest C:\Users\Tushal\.gradle\caches\transforms-3\339f76cdc3d96b2a50cab9a23a560bcb\transformed\swiperefreshlayout-1.1.0\AndroidManifest.xml
Merging manifest with lower [androidx.swiperefreshlayout:swiperefreshlayout:1.1.0] AndroidManifest.xml:17:1-24:12
uses-sdk defined in both files...
Merging uses-sdk with lower [androidx.swiperefreshlayout:swiperefreshlayout:1.1.0] AndroidManifest.xml:20:5-22:41
Merging library manifest C:\Users\Tushal\.gradle\caches\transforms-3\270e300d271c2ab3efa31872dd2e5301\transformed\camera-lifecycle-1.3.1\AndroidManifest.xml
Merging manifest with lower [androidx.camera:camera-lifecycle:1.3.1] AndroidManifest.xml:2:1-7:12
uses-sdk defined in both files...
Merging uses-sdk with lower [androidx.camera:camera-lifecycle:1.3.1] AndroidManifest.xml:5:5-44
Merging library manifest C:\Users\Tushal\.gradle\caches\transforms-3\fb070df8d5725024895184ad87598e4e\transformed\camera-camera2-1.3.1\AndroidManifest.xml
Merging manifest with lower [androidx.camera:camera-camera2:1.3.1] AndroidManifest.xml:17:1-36:12
uses-sdk defined in both files...
Merging uses-sdk with lower [androidx.camera:camera-camera2:1.3.1] AndroidManifest.xml:21:5-44
application defined in both files...
Merging application with lower [androidx.camera:camera-camera2:1.3.1] AndroidManifest.xml:23:5-34:19
Adopted [service: null]
Merging library manifest C:\Users\Tushal\.gradle\caches\transforms-3\b525739896ca14c1bc27882fe8208c8a\transformed\camera-core-1.3.1\AndroidManifest.xml
Merging manifest with lower [androidx.camera:camera-core:1.3.1] AndroidManifest.xml:17:1-36:12
uses-sdk defined in both files...
Merging uses-sdk with lower [androidx.camera:camera-core:1.3.1] AndroidManifest.xml:21:5-44
application defined in both files...
Merging application with lower [androidx.camera:camera-core:1.3.1] AndroidManifest.xml:23:5-34:19
service#androidx.camera.core.impl.MetadataHolderService defined in both files...
Merging service#androidx.camera.core.impl.MetadataHolderService with lower [androidx.camera:camera-core:1.3.1] AndroidManifest.xml:29:9-33:78
Merging library manifest C:\Users\Tushal\.gradle\caches\transforms-3\dc64f4c79e165697ebdff10b6cc6e9d4\transformed\emoji2-views-helper-1.2.0\AndroidManifest.xml
Merging manifest with lower [androidx.emoji2:emoji2-views-helper:1.2.0] AndroidManifest.xml:2:1-7:12
uses-sdk defined in both files...
Merging uses-sdk with lower [androidx.emoji2:emoji2-views-helper:1.2.0] AndroidManifest.xml:5:5-44
Merging library manifest C:\Users\Tushal\.gradle\caches\transforms-3\c6681b4e418b9f33bb2163defe599d48\transformed\emoji2-1.2.0\AndroidManifest.xml
Merging manifest with lower [androidx.emoji2:emoji2:1.2.0] AndroidManifest.xml:17:1-35:12
uses-sdk defined in both files...
Merging uses-sdk with lower [androidx.emoji2:emoji2:1.2.0] AndroidManifest.xml:21:5-44
application defined in both files...
Merging application with lower [androidx.emoji2:emoji2:1.2.0] AndroidManifest.xml:23:5-33:19
Adopted [provider: null]
Merging library manifest C:\Users\Tushal\.gradle\caches\transforms-3\8311f284aead11fa49e25fe7039fe589\transformed\drawerlayout-1.1.1\AndroidManifest.xml
Merging manifest with lower [androidx.drawerlayout:drawerlayout:1.1.1] AndroidManifest.xml:17:1-24:12
uses-sdk defined in both files...
Merging uses-sdk with lower [androidx.drawerlayout:drawerlayout:1.1.1] AndroidManifest.xml:20:5-22:41
Merging library manifest C:\Users\Tushal\.gradle\caches\transforms-3\a4e6ecf66af1c4b4199be43380cac145\transformed\coordinatorlayout-1.1.0\AndroidManifest.xml
Merging manifest with lower [androidx.coordinatorlayout:coordinatorlayout:1.1.0] AndroidManifest.xml:17:1-24:12
uses-sdk defined in both files...
Merging uses-sdk with lower [androidx.coordinatorlayout:coordinatorlayout:1.1.0] AndroidManifest.xml:20:5-22:41
Merging library manifest C:\Users\Tushal\.gradle\caches\transforms-3\ad4399c080ebc131028831b3f7710164\transformed\dynamicanimation-1.0.0\AndroidManifest.xml
Merging manifest with lower [androidx.dynamicanimation:dynamicanimation:1.0.0] AndroidManifest.xml:17:1-22:12
uses-sdk defined in both files...
Merging uses-sdk with lower [androidx.dynamicanimation:dynamicanimation:1.0.0] AndroidManifest.xml:20:5-44
Merging library manifest C:\Users\Tushal\.gradle\caches\transforms-3\77ad483ac93f96cb4b844c8d431b41c6\transformed\transition-1.2.0\AndroidManifest.xml
Merging manifest with lower [androidx.transition:transition:1.2.0] AndroidManifest.xml:17:1-24:12
uses-sdk defined in both files...
Merging uses-sdk with lower [androidx.transition:transition:1.2.0] AndroidManifest.xml:20:5-22:41
Merging library manifest C:\Users\Tushal\.gradle\caches\transforms-3\3ffad289452d90132b25cfa39b80d81f\transformed\vectordrawable-animated-1.1.0\AndroidManifest.xml
Merging manifest with lower [androidx.vectordrawable:vectordrawable-animated:1.1.0] AndroidManifest.xml:17:1-24:12
uses-sdk defined in both files...
Merging uses-sdk with lower [androidx.vectordrawable:vectordrawable-animated:1.1.0] AndroidManifest.xml:20:5-22:41
Merging library manifest C:\Users\Tushal\.gradle\caches\transforms-3\0c7ee7980467685fc899e8881f198f09\transformed\vectordrawable-1.1.0\AndroidManifest.xml
Merging manifest with lower [androidx.vectordrawable:vectordrawable:1.1.0] AndroidManifest.xml:17:1-24:12
uses-sdk defined in both files...
Merging uses-sdk with lower [androidx.vectordrawable:vectordrawable:1.1.0] AndroidManifest.xml:20:5-22:41
Merging library manifest C:\Users\Tushal\.gradle\caches\transforms-3\adf12948b03f92c8da384a18759e3a29\transformed\media-1.6.0\AndroidManifest.xml
Merging manifest with lower [androidx.media:media:1.6.0] AndroidManifest.xml:17:1-24:12
uses-sdk defined in both files...
Merging uses-sdk with lower [androidx.media:media:1.6.0] AndroidManifest.xml:20:5-22:41
Merging library manifest C:\Users\Tushal\.gradle\caches\transforms-3\1b730982aa055e587f1c4dd43ee6713f\transformed\viewpager-1.0.0\AndroidManifest.xml
Merging manifest with lower [androidx.viewpager:viewpager:1.0.0] AndroidManifest.xml:17:1-22:12
uses-sdk defined in both files...
Merging uses-sdk with lower [androidx.viewpager:viewpager:1.0.0] AndroidManifest.xml:20:5-44
Merging library manifest C:\Users\Tushal\.gradle\caches\transforms-3\c02ac995872b81c83e1917567743c810\transformed\legacy-support-core-utils-1.0.0\AndroidManifest.xml
Merging manifest with lower [androidx.legacy:legacy-support-core-utils:1.0.0] AndroidManifest.xml:17:1-22:12
uses-sdk defined in both files...
Merging uses-sdk with lower [androidx.legacy:legacy-support-core-utils:1.0.0] AndroidManifest.xml:20:5-44
Merging library manifest C:\Users\Tushal\.gradle\caches\transforms-3\8b65fb41d7244f8684b31581aedcf434\transformed\loader-1.0.0\AndroidManifest.xml
Merging manifest with lower [androidx.loader:loader:1.0.0] AndroidManifest.xml:17:1-22:12
uses-sdk defined in both files...
Merging uses-sdk with lower [androidx.loader:loader:1.0.0] AndroidManifest.xml:20:5-44
Merging library manifest C:\Users\Tushal\.gradle\caches\transforms-3\c6744541110b4f89ce76a11e549acfe0\transformed\customview-1.1.0\AndroidManifest.xml
Merging manifest with lower [androidx.customview:customview:1.1.0] AndroidManifest.xml:17:1-24:12
uses-sdk defined in both files...
Merging uses-sdk with lower [androidx.customview:customview:1.1.0] AndroidManifest.xml:20:5-22:41
Merging library manifest C:\Users\Tushal\.gradle\caches\transforms-3\0689a9fd0de0e6fef5d369e599568f09\transformed\core-1.12.0\AndroidManifest.xml
Merging manifest with lower [androidx.core:core:1.12.0] AndroidManifest.xml:17:1-30:12
uses-sdk defined in both files...
Merging uses-sdk with lower [androidx.core:core:1.12.0] AndroidManifest.xml:20:5-44
Adopted [permission: null]
Adopted [uses-permission: null]
application defined in both files...
Merging application with lower [androidx.core:core:1.12.0] AndroidManifest.xml:28:5-89
Merging library manifest C:\Users\Tushal\.gradle\caches\transforms-3\c971668bc13ffb90295d936eac4bd951\transformed\customview-poolingcontainer-1.0.0\AndroidManifest.xml
Merging manifest with lower [androidx.customview:customview-poolingcontainer:1.0.0] AndroidManifest.xml:17:1-23:12
uses-sdk defined in both files...
Merging uses-sdk with lower [androidx.customview:customview-poolingcontainer:1.0.0] AndroidManifest.xml:20:5-21:38
Merging library manifest C:\Users\Tushal\.gradle\caches\transforms-3\285f085280118d755ce82ea703c4f012\transformed\lifecycle-process-2.7.0\AndroidManifest.xml
Merging manifest with lower [androidx.lifecycle:lifecycle-process:2.7.0] AndroidManifest.xml:17:1-35:12
uses-sdk defined in both files...
Merging uses-sdk with lower [androidx.lifecycle:lifecycle-process:2.7.0] AndroidManifest.xml:21:5-44
application defined in both files...
Merging application with lower [androidx.lifecycle:lifecycle-process:2.7.0] AndroidManifest.xml:23:5-33:19
provider#androidx.startup.InitializationProvider defined in both files...
Merging provider#androidx.startup.InitializationProvider with lower [androidx.lifecycle:lifecycle-process:2.7.0] AndroidManifest.xml:24:9-32:20
Adopted [meta-data: null]
Merging library manifest C:\Users\Tushal\.gradle\caches\transforms-3\16334cf9ae6f67e16792e7590a141c87\transformed\lifecycle-runtime-ktx-2.7.0\AndroidManifest.xml
Merging manifest with lower [androidx.lifecycle:lifecycle-runtime-ktx:2.7.0] AndroidManifest.xml:17:1-22:12
uses-sdk defined in both files...
Merging uses-sdk with lower [androidx.lifecycle:lifecycle-runtime-ktx:2.7.0] AndroidManifest.xml:20:5-44
Merging library manifest C:\Users\Tushal\.gradle\caches\transforms-3\392db174018290aedff9183ad18d0929\transformed\savedstate-ktx-1.2.1\AndroidManifest.xml
Merging manifest with lower [androidx.savedstate:savedstate-ktx:1.2.1] AndroidManifest.xml:17:1-22:12
uses-sdk defined in both files...
Merging uses-sdk with lower [androidx.savedstate:savedstate-ktx:1.2.1] AndroidManifest.xml:20:5-44
Merging library manifest C:\Users\Tushal\.gradle\caches\transforms-3\4df352a0ff98d010ff87c87a188bfa25\transformed\savedstate-1.2.1\AndroidManifest.xml
Merging manifest with lower [androidx.savedstate:savedstate:1.2.1] AndroidManifest.xml:17:1-22:12
uses-sdk defined in both files...
Merging uses-sdk with lower [androidx.savedstate:savedstate:1.2.1] AndroidManifest.xml:20:5-44
Merging library manifest C:\Users\Tushal\.gradle\caches\transforms-3\677b5a79186bd8504b833b54b60ee3c9\transformed\lifecycle-livedata-core-2.7.0\AndroidManifest.xml
Merging manifest with lower [androidx.lifecycle:lifecycle-livedata-core:2.7.0] AndroidManifest.xml:17:1-22:12
uses-sdk defined in both files...
Merging uses-sdk with lower [androidx.lifecycle:lifecycle-livedata-core:2.7.0] AndroidManifest.xml:20:5-44
Merging library manifest C:\Users\Tushal\.gradle\caches\transforms-3\559af55a7bd8a35aa959e6d3da59f562\transformed\lifecycle-livedata-core-ktx-2.7.0\AndroidManifest.xml
Merging manifest with lower [androidx.lifecycle:lifecycle-livedata-core-ktx:2.7.0] AndroidManifest.xml:2:1-7:12
uses-sdk defined in both files...
Merging uses-sdk with lower [androidx.lifecycle:lifecycle-livedata-core-ktx:2.7.0] AndroidManifest.xml:5:5-44
Merging library manifest C:\Users\Tushal\.gradle\caches\transforms-3\3dc0ddc8b1cc7d28c3b48bca5ad7c63a\transformed\lifecycle-livedata-2.7.0\AndroidManifest.xml
Merging manifest with lower [androidx.lifecycle:lifecycle-livedata:2.7.0] AndroidManifest.xml:17:1-22:12
uses-sdk defined in both files...
Merging uses-sdk with lower [androidx.lifecycle:lifecycle-livedata:2.7.0] AndroidManifest.xml:20:5-44
Merging library manifest C:\Users\Tushal\.gradle\caches\transforms-3\c35613f5ee0955877fb1dbb83fac5020\transformed\lifecycle-runtime-2.7.0\AndroidManifest.xml
Merging manifest with lower [androidx.lifecycle:lifecycle-runtime:2.7.0] AndroidManifest.xml:2:1-7:12
uses-sdk defined in both files...
Merging uses-sdk with lower [androidx.lifecycle:lifecycle-runtime:2.7.0] AndroidManifest.xml:5:5-44
Merging library manifest C:\Users\Tushal\.gradle\caches\transforms-3\6bab4852d63525fc8c095ec62187c7d2\transformed\lifecycle-viewmodel-2.7.0\AndroidManifest.xml
Merging manifest with lower [androidx.lifecycle:lifecycle-viewmodel:2.7.0] AndroidManifest.xml:17:1-22:12
uses-sdk defined in both files...
Merging uses-sdk with lower [androidx.lifecycle:lifecycle-viewmodel:2.7.0] AndroidManifest.xml:20:5-44
Merging library manifest C:\Users\Tushal\.gradle\caches\transforms-3\12495d349f42f60593d1d8e7a86e38c5\transformed\lifecycle-viewmodel-ktx-2.7.0\AndroidManifest.xml
Merging manifest with lower [androidx.lifecycle:lifecycle-viewmodel-ktx:2.7.0] AndroidManifest.xml:2:1-7:12
uses-sdk defined in both files...
Merging uses-sdk with lower [androidx.lifecycle:lifecycle-viewmodel-ktx:2.7.0] AndroidManifest.xml:5:5-44
Merging library manifest C:\Users\Tushal\.gradle\caches\transforms-3\1f44855ee8a9143ee7ef0c1481e3f0d9\transformed\lifecycle-livedata-ktx-2.7.0\AndroidManifest.xml
Merging manifest with lower [androidx.lifecycle:lifecycle-livedata-ktx:2.7.0] AndroidManifest.xml:2:1-7:12
uses-sdk defined in both files...
Merging uses-sdk with lower [androidx.lifecycle:lifecycle-livedata-ktx:2.7.0] AndroidManifest.xml:5:5-44
Merging library manifest C:\Users\Tushal\.gradle\caches\transforms-3\456d36f24c2cdbdedacb020de67fc621\transformed\lifecycle-viewmodel-savedstate-2.7.0\AndroidManifest.xml
Merging manifest with lower [androidx.lifecycle:lifecycle-viewmodel-savedstate:2.7.0] AndroidManifest.xml:17:1-22:12
uses-sdk defined in both files...
Merging uses-sdk with lower [androidx.lifecycle:lifecycle-viewmodel-savedstate:2.7.0] AndroidManifest.xml:20:5-44
Merging library manifest C:\Users\Tushal\.gradle\caches\transforms-3\4a0525888b51531b2d8c676d5df937d6\transformed\core-ktx-1.12.0\AndroidManifest.xml
Merging manifest with lower [androidx.core:core-ktx:1.12.0] AndroidManifest.xml:2:1-7:12
uses-sdk defined in both files...
Merging uses-sdk with lower [androidx.core:core-ktx:1.12.0] AndroidManifest.xml:5:5-44
Merging library manifest C:\Users\Tushal\.gradle\caches\transforms-3\888877568181c0f6eb4ce892d57068b3\transformed\room-runtime-2.6.1\AndroidManifest.xml
Merging manifest with lower [androidx.room:room-runtime:2.6.1] AndroidManifest.xml:17:1-31:12
uses-sdk defined in both files...
Merging uses-sdk with lower [androidx.room:room-runtime:2.6.1] AndroidManifest.xml:21:5-44
application defined in both files...
Merging application with lower [androidx.room:room-runtime:2.6.1] AndroidManifest.xml:23:5-29:19
Adopted [service: null]
Merging library manifest C:\Users\Tushal\.gradle\caches\transforms-3\370719b425780f26af1080c819ab5589\transformed\room-ktx-2.6.1\AndroidManifest.xml
Merging manifest with lower [androidx.room:room-ktx:2.6.1] AndroidManifest.xml:17:1-22:12
uses-sdk defined in both files...
Merging uses-sdk with lower [androidx.room:room-ktx:2.6.1] AndroidManifest.xml:20:5-44
Merging library manifest C:\Users\Tushal\.gradle\caches\transforms-3\b7004b0b345b7039ad3076d4f11b014f\transformed\sqlite-framework-2.4.0\AndroidManifest.xml
Merging manifest with lower [androidx.sqlite:sqlite-framework:2.4.0] AndroidManifest.xml:17:1-22:12
uses-sdk defined in both files...
Merging uses-sdk with lower [androidx.sqlite:sqlite-framework:2.4.0] AndroidManifest.xml:20:5-44
Merging library manifest C:\Users\Tushal\.gradle\caches\transforms-3\fc8be31588cad0a66c61f32c5640f596\transformed\sqlite-2.4.0\AndroidManifest.xml
Merging manifest with lower [androidx.sqlite:sqlite:2.4.0] AndroidManifest.xml:17:1-22:12
uses-sdk defined in both files...
Merging uses-sdk with lower [androidx.sqlite:sqlite:2.4.0] AndroidManifest.xml:20:5-44
Merging library manifest C:\Users\Tushal\.gradle\caches\transforms-3\81978c211bff88f5381685aa43447203\transformed\annotation-experimental-1.3.1\AndroidManifest.xml
Merging manifest with lower [androidx.annotation:annotation-experimental:1.3.1] AndroidManifest.xml:17:1-22:12
uses-sdk defined in both files...
Merging uses-sdk with lower [androidx.annotation:annotation-experimental:1.3.1] AndroidManifest.xml:20:5-44
Merging library manifest C:\Users\Tushal\.gradle\caches\transforms-3\947307f88e48bf9427ba4ec6a34d2b50\transformed\cardview-1.0.0\AndroidManifest.xml
Merging manifest with lower [androidx.cardview:cardview:1.0.0] AndroidManifest.xml:17:1-22:12
uses-sdk defined in both files...
Merging uses-sdk with lower [androidx.cardview:cardview:1.0.0] AndroidManifest.xml:20:5-44
Merging library manifest C:\Users\Tushal\.gradle\caches\transforms-3\f816468c226029777744c01983376002\transformed\security-crypto-1.1.0-alpha06\AndroidManifest.xml
Merging manifest with lower [androidx.security:security-crypto:1.1.0-alpha06] AndroidManifest.xml:17:1-22:12
uses-sdk defined in both files...
Merging uses-sdk with lower [androidx.security:security-crypto:1.1.0-alpha06] AndroidManifest.xml:20:5-44
Merging library manifest C:\Users\Tushal\.gradle\caches\transforms-3\feccdbabe94b1a4a420e85fa751f7c7d\transformed\cursoradapter-1.0.0\AndroidManifest.xml
Merging manifest with lower [androidx.cursoradapter:cursoradapter:1.0.0] AndroidManifest.xml:17:1-22:12
uses-sdk defined in both files...
Merging uses-sdk with lower [androidx.cursoradapter:cursoradapter:1.0.0] AndroidManifest.xml:20:5-44
Merging library manifest C:\Users\Tushal\.gradle\caches\transforms-3\b4713265b2f5b88c29f2131d51b92139\transformed\interpolator-1.0.0\AndroidManifest.xml
Merging manifest with lower [androidx.interpolator:interpolator:1.0.0] AndroidManifest.xml:17:1-22:12
uses-sdk defined in both files...
Merging uses-sdk with lower [androidx.interpolator:interpolator:1.0.0] AndroidManifest.xml:20:5-44
Merging library manifest C:\Users\Tushal\.gradle\caches\transforms-3\1f92b18ff42b04762aab378ca1917193\transformed\core-runtime-2.2.0\AndroidManifest.xml
Merging manifest with lower [androidx.arch.core:core-runtime:2.2.0] AndroidManifest.xml:17:1-22:12
uses-sdk defined in both files...
Merging uses-sdk with lower [androidx.arch.core:core-runtime:2.2.0] AndroidManifest.xml:20:5-44
Merging library manifest C:\Users\Tushal\.gradle\caches\transforms-3\9dca4bc3d53f04f796ee539a0be1842d\transformed\exifinterface-1.3.6\AndroidManifest.xml
Merging manifest with lower [androidx.exifinterface:exifinterface:1.3.6] AndroidManifest.xml:17:1-24:12
uses-sdk defined in both files...
Merging uses-sdk with lower [androidx.exifinterface:exifinterface:1.3.6] AndroidManifest.xml:20:5-22:41
Merging library manifest C:\Users\Tushal\.gradle\caches\transforms-3\6b25d9b82ed183efd04348a1932698e9\transformed\gifdecoder-4.16.0\AndroidManifest.xml
Merging manifest with lower [com.github.bumptech.glide:gifdecoder:4.16.0] AndroidManifest.xml:2:1-9:12
uses-sdk defined in both files...
Merging uses-sdk with lower [com.github.bumptech.glide:gifdecoder:4.16.0] AndroidManifest.xml:5:5-7:41
Merging library manifest C:\Users\Tushal\.gradle\caches\transforms-3\add9d43d9169ede12cf03341f0f55eff\transformed\profileinstaller-1.3.1\AndroidManifest.xml
Merging manifest with lower [androidx.profileinstaller:profileinstaller:1.3.1] AndroidManifest.xml:17:1-55:12
uses-sdk defined in both files...
Merging uses-sdk with lower [androidx.profileinstaller:profileinstaller:1.3.1] AndroidManifest.xml:21:5-44
application defined in both files...
Merging application with lower [androidx.profileinstaller:profileinstaller:1.3.1] AndroidManifest.xml:23:5-53:19
provider#androidx.startup.InitializationProvider defined in both files...
Merging provider#androidx.startup.InitializationProvider with lower [androidx.profileinstaller:profileinstaller:1.3.1] AndroidManifest.xml:24:9-32:20
Adopted [meta-data: null]
Adopted [receiver: null]
Merging library manifest C:\Users\Tushal\.gradle\caches\transforms-3\feab105b5520079f049fbf877f15d1c9\transformed\startup-runtime-1.1.1\AndroidManifest.xml
Merging manifest with lower [androidx.startup:startup-runtime:1.1.1] AndroidManifest.xml:17:1-33:12
uses-sdk defined in both files...
Merging uses-sdk with lower [androidx.startup:startup-runtime:1.1.1] AndroidManifest.xml:21:5-23:41
application defined in both files...
Merging application with lower [androidx.startup:startup-runtime:1.1.1] AndroidManifest.xml:25:5-31:19
provider#androidx.startup.InitializationProvider defined in both files...
Merging provider#androidx.startup.InitializationProvider with lower [androidx.startup:startup-runtime:1.1.1] AndroidManifest.xml:26:9-30:34
Merging library manifest C:\Users\Tushal\.gradle\caches\transforms-3\b89dbbd2c07c77ed01414e4e82e13513\transformed\tracing-1.0.0\AndroidManifest.xml
Merging manifest with lower [androidx.tracing:tracing:1.0.0] AndroidManifest.xml:17:1-24:12
uses-sdk defined in both files...
Merging uses-sdk with lower [androidx.tracing:tracing:1.0.0] AndroidManifest.xml:20:5-22:41
Merging library manifest C:\Users\Tushal\.gradle\caches\transforms-3\525a47ace2319598ac413e200a5d0bc8\transformed\versionedparcelable-1.1.1\AndroidManifest.xml
Merging manifest with lower [androidx.versionedparcelable:versionedparcelable:1.1.1] AndroidManifest.xml:17:1-27:12
uses-sdk defined in both files...
Merging uses-sdk with lower [androidx.versionedparcelable:versionedparcelable:1.1.1] AndroidManifest.xml:20:5-22:41
application defined in both files...
Merging application with lower [androidx.versionedparcelable:versionedparcelable:1.1.1] AndroidManifest.xml:24:5-25:19
Merging library manifest C:\Users\Tushal\.gradle\caches\transforms-3\4605d80e7c376801fc7312c266e4256f\transformed\documentfile-1.0.0\AndroidManifest.xml
Merging manifest with lower [androidx.documentfile:documentfile:1.0.0] AndroidManifest.xml:17:1-22:12
uses-sdk defined in both files...
Merging uses-sdk with lower [androidx.documentfile:documentfile:1.0.0] AndroidManifest.xml:20:5-44
Merging library manifest C:\Users\Tushal\.gradle\caches\transforms-3\119ccbc886a35f03ef88c1b2aa469021\transformed\localbroadcastmanager-1.0.0\AndroidManifest.xml
Merging manifest with lower [androidx.localbroadcastmanager:localbroadcastmanager:1.0.0] AndroidManifest.xml:17:1-22:12
uses-sdk defined in both files...
Merging uses-sdk with lower [androidx.localbroadcastmanager:localbroadcastmanager:1.0.0] AndroidManifest.xml:20:5-44
Merging library manifest C:\Users\Tushal\.gradle\caches\transforms-3\ea51fda6ac45a05011c00104e91c0579\transformed\print-1.0.0\AndroidManifest.xml
Merging manifest with lower [androidx.print:print:1.0.0] AndroidManifest.xml:17:1-22:12
uses-sdk defined in both files...
Merging uses-sdk with lower [androidx.print:print:1.0.0] AndroidManifest.xml:20:5-44
Merging library manifest C:\Users\Tushal\.gradle\caches\transforms-3\8b6a5ea78f7918a06084e5aa589e5e1d\transformed\multidex-2.0.1\AndroidManifest.xml
Merging manifest with lower [androidx.multidex:multidex:2.0.1] AndroidManifest.xml:17:1-22:12
uses-sdk defined in both files...
Merging uses-sdk with lower [androidx.multidex:multidex:2.0.1] AndroidManifest.xml:20:5-43
Merging result: SUCCESS
1<?xml version="1.0" encoding="utf-8"?>
2<manifest xmlns:android="http://schemas.android.com/apk/res/android"
3    package="com.vexor.vault"
4    android:versionCode="220"
5    android:versionName="2.2.0" >
6
7    <uses-sdk
8        android:minSdkVersion="26"
9        android:targetSdkVersion="34" />
10
11    <!-- Storage Permissions -->
12    <uses-permission
12-->C:\Users\Tushal\Desktop\APP\Vexor\app\src\main\AndroidManifest.xml:6:5-107
13        android:name="android.permission.READ_EXTERNAL_STORAGE"
13-->C:\Users\Tushal\Desktop\APP\Vexor\app\src\main\AndroidManifest.xml:6:22-77
14        android:maxSdkVersion="32" />
14-->C:\Users\Tushal\Desktop\APP\Vexor\app\src\main\AndroidManifest.xml:6:78-104
15    <uses-permission
15-->C:\Users\Tushal\Desktop\APP\Vexor\app\src\main\AndroidManifest.xml:7:5-108
16        android:name="android.permission.WRITE_EXTERNAL_STORAGE"
16-->C:\Users\Tushal\Desktop\APP\Vexor\app\src\main\AndroidManifest.xml:7:22-78
17        android:maxSdkVersion="29" />
17-->C:\Users\Tushal\Desktop\APP\Vexor\app\src\main\AndroidManifest.xml:7:79-105
18    <uses-permission android:name="android.permission.READ_MEDIA_IMAGES" />
18-->C:\Users\Tushal\Desktop\APP\Vexor\app\src\main\AndroidManifest.xml:8:5-76
18-->C:\Users\Tushal\Desktop\APP\Vexor\app\src\main\AndroidManifest.xml:8:22-73
19    <uses-permission android:name="android.permission.READ_MEDIA_VIDEO" />
19-->C:\Users\Tushal\Desktop\APP\Vexor\app\src\main\AndroidManifest.xml:9:5-75
19-->C:\Users\Tushal\Desktop\APP\Vexor\app\src\main\AndroidManifest.xml:9:22-72
20    <uses-permission android:name="android.permission.READ_MEDIA_AUDIO" />
20-->C:\Users\Tushal\Desktop\APP\Vexor\app\src\main\AndroidManifest.xml:10:5-75
20-->C:\Users\Tushal\Desktop\APP\Vexor\app\src\main\AndroidManifest.xml:10:22-72
21    <uses-permission android:name="android.permission.MANAGE_EXTERNAL_STORAGE" />
21-->C:\Users\Tushal\Desktop\APP\Vexor\app\src\main\AndroidManifest.xml:11:5-111
21-->C:\Users\Tushal\Desktop\APP\Vexor\app\src\main\AndroidManifest.xml:11:22-79
22
23    <!-- Camera for intruder detection -->
24    <uses-permission android:name="android.permission.CAMERA" />
24-->C:\Users\Tushal\Desktop\APP\Vexor\app\src\main\AndroidManifest.xml:14:5-65
24-->C:\Users\Tushal\Desktop\APP\Vexor\app\src\main\AndroidManifest.xml:14:22-62
25
26    <uses-feature
26-->C:\Users\Tushal\Desktop\APP\Vexor\app\src\main\AndroidManifest.xml:15:5-85
27        android:name="android.hardware.camera"
27-->C:\Users\Tushal\Desktop\APP\Vexor\app\src\main\AndroidManifest.xml:15:19-57
28        android:required="false" />
28-->C:\Users\Tushal\Desktop\APP\Vexor\app\src\main\AndroidManifest.xml:15:58-82
29    <uses-feature
29-->C:\Users\Tushal\Desktop\APP\Vexor\app\src\main\AndroidManifest.xml:16:5-95
30        android:name="android.hardware.camera.autofocus"
30-->C:\Users\Tushal\Desktop\APP\Vexor\app\src\main\AndroidManifest.xml:16:19-67
31        android:required="false" />
31-->C:\Users\Tushal\Desktop\APP\Vexor\app\src\main\AndroidManifest.xml:16:68-92
32
33    <!-- Biometric -->
34    <uses-permission android:name="android.permission.USE_BIOMETRIC" />
34-->C:\Users\Tushal\Desktop\APP\Vexor\app\src\main\AndroidManifest.xml:19:5-72
34-->C:\Users\Tushal\Desktop\APP\Vexor\app\src\main\AndroidManifest.xml:19:22-69
35    <uses-permission android:name="android.permission.USE_FINGERPRINT" />
35-->C:\Users\Tushal\Desktop\APP\Vexor\app\src\main\AndroidManifest.xml:20:5-74
35-->C:\Users\Tushal\Desktop\APP\Vexor\app\src\main\AndroidManifest.xml:20:22-71
36
37    <!-- Vibration -->
38    <uses-permission android:name="android.permission.VIBRATE" />
38-->C:\Users\Tushal\Desktop\APP\Vexor\app\src\main\AndroidManifest.xml:23:5-66
38-->C:\Users\Tushal\Desktop\APP\Vexor\app\src\main\AndroidManifest.xml:23:22-63
39    <uses-permission android:name="android.permission.ACCESS_NETWORK_STATE" />
39-->[androidx.media3:media3-exoplayer:1.2.0] C:\Users\Tushal\.gradle\caches\transforms-3\e75b5071789f5baf57b3f20bc1a48613\transformed\media3-exoplayer-1.2.0\AndroidManifest.xml:22:5-79
39-->[androidx.media3:media3-exoplayer:1.2.0] C:\Users\Tushal\.gradle\caches\transforms-3\e75b5071789f5baf57b3f20bc1a48613\transformed\media3-exoplayer-1.2.0\AndroidManifest.xml:22:22-76
40
41    <permission
41-->[androidx.core:core:1.12.0] C:\Users\Tushal\.gradle\caches\transforms-3\0689a9fd0de0e6fef5d369e599568f09\transformed\core-1.12.0\AndroidManifest.xml:22:5-24:47
42        android:name="com.vexor.vault.DYNAMIC_RECEIVER_NOT_EXPORTED_PERMISSION"
42-->[androidx.core:core:1.12.0] C:\Users\Tushal\.gradle\caches\transforms-3\0689a9fd0de0e6fef5d369e599568f09\transformed\core-1.12.0\AndroidManifest.xml:23:9-81
43        android:protectionLevel="signature" />
43-->[androidx.core:core:1.12.0] C:\Users\Tushal\.gradle\caches\transforms-3\0689a9fd0de0e6fef5d369e599568f09\transformed\core-1.12.0\AndroidManifest.xml:24:9-44
44
45    <uses-permission android:name="com.vexor.vault.DYNAMIC_RECEIVER_NOT_EXPORTED_PERMISSION" />
45-->[androidx.core:core:1.12.0] C:\Users\Tushal\.gradle\caches\transforms-3\0689a9fd0de0e6fef5d369e599568f09\transformed\core-1.12.0\AndroidManifest.xml:26:5-97
45-->[androidx.core:core:1.12.0] C:\Users\Tushal\.gradle\caches\transforms-3\0689a9fd0de0e6fef5d369e599568f09\transformed\core-1.12.0\AndroidManifest.xml:26:22-94
46
47    <application
47-->C:\Users\Tushal\Desktop\APP\Vexor\app\src\main\AndroidManifest.xml:25:5-196:19
48        android:allowBackup="false"
48-->C:\Users\Tushal\Desktop\APP\Vexor\app\src\main\AndroidManifest.xml:26:9-36
49        android:appComponentFactory="androidx.core.app.CoreComponentFactory"
49-->[androidx.core:core:1.12.0] C:\Users\Tushal\.gradle\caches\transforms-3\0689a9fd0de0e6fef5d369e599568f09\transformed\core-1.12.0\AndroidManifest.xml:28:18-86
50        android:debuggable="true"
51        android:extractNativeLibs="false"
52        android:icon="@mipmap/ic_launcher"
52-->C:\Users\Tushal\Desktop\APP\Vexor\app\src\main\AndroidManifest.xml:27:9-43
53        android:label="@string/app_name"
53-->C:\Users\Tushal\Desktop\APP\Vexor\app\src\main\AndroidManifest.xml:28:9-41
54        android:requestLegacyExternalStorage="true"
54-->C:\Users\Tushal\Desktop\APP\Vexor\app\src\main\AndroidManifest.xml:32:9-52
55        android:roundIcon="@mipmap/ic_launcher_round"
55-->C:\Users\Tushal\Desktop\APP\Vexor\app\src\main\AndroidManifest.xml:29:9-54
56        android:supportsRtl="true"
56-->C:\Users\Tushal\Desktop\APP\Vexor\app\src\main\AndroidManifest.xml:30:9-35
57        android:theme="@style/Theme.Vexor" >
57-->C:\Users\Tushal\Desktop\APP\Vexor\app\src\main\AndroidManifest.xml:31:9-43
58
59        <!-- Calculator Disguise (Launcher) -->
60        <activity
60-->C:\Users\Tushal\Desktop\APP\Vexor\app\src\main\AndroidManifest.xml:36:9-45:20
61            android:name="com.vexor.vault.ui.CalculatorActivity"
61-->C:\Users\Tushal\Desktop\APP\Vexor\app\src\main\AndroidManifest.xml:37:13-50
62            android:exported="true"
62-->C:\Users\Tushal\Desktop\APP\Vexor\app\src\main\AndroidManifest.xml:38:13-36
63            android:screenOrientation="portrait"
63-->C:\Users\Tushal\Desktop\APP\Vexor\app\src\main\AndroidManifest.xml:40:13-49
64            android:theme="@style/Theme.Vexor.Fullscreen" >
64-->C:\Users\Tushal\Desktop\APP\Vexor\app\src\main\AndroidManifest.xml:39:13-58
65            <intent-filter>
65-->C:\Users\Tushal\Desktop\APP\Vexor\app\src\main\AndroidManifest.xml:41:13-44:29
66                <action android:name="android.intent.action.MAIN" />
66-->C:\Users\Tushal\Desktop\APP\Vexor\app\src\main\AndroidManifest.xml:42:17-69
66-->C:\Users\Tushal\Desktop\APP\Vexor\app\src\main\AndroidManifest.xml:42:25-66
67
68                <category android:name="android.intent.category.LAUNCHER" />
68-->C:\Users\Tushal\Desktop\APP\Vexor\app\src\main\AndroidManifest.xml:43:17-77
68-->C:\Users\Tushal\Desktop\APP\Vexor\app\src\main\AndroidManifest.xml:43:27-74
69            </intent-filter>
70        </activity>
71
72        <!-- Splash Screen (Internal) -->
73        <activity
73-->C:\Users\Tushal\Desktop\APP\Vexor\app\src\main\AndroidManifest.xml:48:9-52:52
74            android:name="com.vexor.vault.ui.SplashActivity"
74-->C:\Users\Tushal\Desktop\APP\Vexor\app\src\main\AndroidManifest.xml:49:13-46
75            android:exported="false"
75-->C:\Users\Tushal\Desktop\APP\Vexor\app\src\main\AndroidManifest.xml:50:13-37
76            android:screenOrientation="portrait"
76-->C:\Users\Tushal\Desktop\APP\Vexor\app\src\main\AndroidManifest.xml:52:13-49
77            android:theme="@style/Theme.Vexor.Splash" />
77-->C:\Users\Tushal\Desktop\APP\Vexor\app\src\main\AndroidManifest.xml:51:13-54
78
79        <!-- Auth Screen Removed (Merged into Calculator) -->
80
81
82        <!-- Permissions Activity -->
83        <activity
83-->C:\Users\Tushal\Desktop\APP\Vexor\app\src\main\AndroidManifest.xml:57:9-60:52
84            android:name="com.vexor.vault.ui.PermissionsActivity"
84-->C:\Users\Tushal\Desktop\APP\Vexor\app\src\main\AndroidManifest.xml:58:13-51
85            android:exported="false"
85-->C:\Users\Tushal\Desktop\APP\Vexor\app\src\main\AndroidManifest.xml:59:13-37
86            android:screenOrientation="portrait" />
86-->C:\Users\Tushal\Desktop\APP\Vexor\app\src\main\AndroidManifest.xml:60:13-49
87
88        <!-- Setup Activity (first time) -->
89        <activity
89-->C:\Users\Tushal\Desktop\APP\Vexor\app\src\main\AndroidManifest.xml:63:9-66:52
90            android:name="com.vexor.vault.ui.SetupActivity"
90-->C:\Users\Tushal\Desktop\APP\Vexor\app\src\main\AndroidManifest.xml:64:13-45
91            android:exported="false"
91-->C:\Users\Tushal\Desktop\APP\Vexor\app\src\main\AndroidManifest.xml:65:13-37
92            android:screenOrientation="portrait" />
92-->C:\Users\Tushal\Desktop\APP\Vexor\app\src\main\AndroidManifest.xml:66:13-49
93
94        <!-- Main Vault Activity -->
95        <activity
95-->C:\Users\Tushal\Desktop\APP\Vexor\app\src\main\AndroidManifest.xml:69:9-73:55
96            android:name="com.vexor.vault.ui.MainActivity"
96-->C:\Users\Tushal\Desktop\APP\Vexor\app\src\main\AndroidManifest.xml:70:13-44
97            android:exported="false"
97-->C:\Users\Tushal\Desktop\APP\Vexor\app\src\main\AndroidManifest.xml:71:13-37
98            android:screenOrientation="portrait"
98-->C:\Users\Tushal\Desktop\APP\Vexor\app\src\main\AndroidManifest.xml:72:13-49
99            android:windowSoftInputMode="adjustPan" />
99-->C:\Users\Tushal\Desktop\APP\Vexor\app\src\main\AndroidManifest.xml:73:13-52
100
101        <!-- Photo Viewer -->
102        <activity
102-->C:\Users\Tushal\Desktop\APP\Vexor\app\src\main\AndroidManifest.xml:76:9-79:61
103            android:name="com.vexor.vault.ui.PhotoViewerActivity"
103-->C:\Users\Tushal\Desktop\APP\Vexor\app\src\main\AndroidManifest.xml:77:13-51
104            android:exported="false"
104-->C:\Users\Tushal\Desktop\APP\Vexor\app\src\main\AndroidManifest.xml:78:13-37
105            android:theme="@style/Theme.Vexor.Fullscreen" />
105-->C:\Users\Tushal\Desktop\APP\Vexor\app\src\main\AndroidManifest.xml:79:13-58
106
107        <!-- Video Player -->
108        <activity
108-->C:\Users\Tushal\Desktop\APP\Vexor\app\src\main\AndroidManifest.xml:82:9-85:61
109            android:name="com.vexor.vault.ui.VideoPlayerActivity"
109-->C:\Users\Tushal\Desktop\APP\Vexor\app\src\main\AndroidManifest.xml:83:13-51
110            android:exported="false"
110-->C:\Users\Tushal\Desktop\APP\Vexor\app\src\main\AndroidManifest.xml:84:13-37
111            android:theme="@style/Theme.Vexor.Fullscreen" />
111-->C:\Users\Tushal\Desktop\APP\Vexor\app\src\main\AndroidManifest.xml:85:13-58
112
113        <!-- Settings -->
114        <activity
114-->C:\Users\Tushal\Desktop\APP\Vexor\app\src\main\AndroidManifest.xml:88:9-90:40
115            android:name="com.vexor.vault.ui.SettingsActivity"
115-->C:\Users\Tushal\Desktop\APP\Vexor\app\src\main\AndroidManifest.xml:89:13-48
116            android:exported="false" />
116-->C:\Users\Tushal\Desktop\APP\Vexor\app\src\main\AndroidManifest.xml:90:13-37
117
118        <!-- Intruder Logs -->
119        <activity
119-->C:\Users\Tushal\Desktop\APP\Vexor\app\src\main\AndroidManifest.xml:93:9-95:40
120            android:name="com.vexor.vault.ui.IntruderLogActivity"
120-->C:\Users\Tushal\Desktop\APP\Vexor\app\src\main\AndroidManifest.xml:94:13-51
121            android:exported="false" />
121-->C:\Users\Tushal\Desktop\APP\Vexor\app\src\main\AndroidManifest.xml:95:13-37
122
123        <!-- Change PIN -->
124        <activity
124-->C:\Users\Tushal\Desktop\APP\Vexor\app\src\main\AndroidManifest.xml:98:9-101:52
125            android:name="com.vexor.vault.ui.ChangePinActivity"
125-->C:\Users\Tushal\Desktop\APP\Vexor\app\src\main\AndroidManifest.xml:99:13-49
126            android:exported="false"
126-->C:\Users\Tushal\Desktop\APP\Vexor\app\src\main\AndroidManifest.xml:100:13-37
127            android:screenOrientation="portrait" />
127-->C:\Users\Tushal\Desktop\APP\Vexor\app\src\main\AndroidManifest.xml:101:13-49
128
129        <!-- Setup Fake PIN -->
130        <activity
130-->C:\Users\Tushal\Desktop\APP\Vexor\app\src\main\AndroidManifest.xml:104:9-107:52
131            android:name="com.vexor.vault.ui.SetupFakePinActivity"
131-->C:\Users\Tushal\Desktop\APP\Vexor\app\src\main\AndroidManifest.xml:105:13-52
132            android:exported="false"
132-->C:\Users\Tushal\Desktop\APP\Vexor\app\src\main\AndroidManifest.xml:106:13-37
133            android:screenOrientation="portrait" />
133-->C:\Users\Tushal\Desktop\APP\Vexor\app\src\main\AndroidManifest.xml:107:13-49
134
135        <!-- File Provider for sharing -->
136        <provider
137            android:name="androidx.core.content.FileProvider"
137-->C:\Users\Tushal\Desktop\APP\Vexor\app\src\main\AndroidManifest.xml:111:13-62
138            android:authorities="com.vexor.vault.fileprovider"
138-->C:\Users\Tushal\Desktop\APP\Vexor\app\src\main\AndroidManifest.xml:112:13-64
139            android:exported="false"
139-->C:\Users\Tushal\Desktop\APP\Vexor\app\src\main\AndroidManifest.xml:113:13-37
140            android:grantUriPermissions="true" >
140-->C:\Users\Tushal\Desktop\APP\Vexor\app\src\main\AndroidManifest.xml:114:13-47
141            <meta-data
141-->C:\Users\Tushal\Desktop\APP\Vexor\app\src\main\AndroidManifest.xml:115:13-117:54
142                android:name="android.support.FILE_PROVIDER_PATHS"
142-->C:\Users\Tushal\Desktop\APP\Vexor\app\src\main\AndroidManifest.xml:116:17-67
143                android:resource="@xml/file_paths" />
143-->C:\Users\Tushal\Desktop\APP\Vexor\app\src\main\AndroidManifest.xml:117:17-51
144        </provider>
145
146        <!-- Share Receiver - Accept files from other apps -->
147        <activity
147-->C:\Users\Tushal\Desktop\APP\Vexor\app\src\main\AndroidManifest.xml:121:9-169:20
148            android:name="com.vexor.vault.ui.ShareReceiverActivity"
148-->C:\Users\Tushal\Desktop\APP\Vexor\app\src\main\AndroidManifest.xml:122:13-53
149            android:excludeFromRecents="true"
149-->C:\Users\Tushal\Desktop\APP\Vexor\app\src\main\AndroidManifest.xml:125:13-46
150            android:exported="true"
150-->C:\Users\Tushal\Desktop\APP\Vexor\app\src\main\AndroidManifest.xml:123:13-36
151            android:theme="@style/Theme.Vexor.Dialog" >
151-->C:\Users\Tushal\Desktop\APP\Vexor\app\src\main\AndroidManifest.xml:124:13-54
152
153            <!-- Receive single image -->
154            <intent-filter>
154-->C:\Users\Tushal\Desktop\APP\Vexor\app\src\main\AndroidManifest.xml:128:13-132:29
155                <action android:name="android.intent.action.SEND" />
155-->C:\Users\Tushal\Desktop\APP\Vexor\app\src\main\AndroidManifest.xml:129:17-69
155-->C:\Users\Tushal\Desktop\APP\Vexor\app\src\main\AndroidManifest.xml:129:25-66
156
157                <category android:name="android.intent.category.DEFAULT" />
157-->C:\Users\Tushal\Desktop\APP\Vexor\app\src\main\AndroidManifest.xml:130:17-76
157-->C:\Users\Tushal\Desktop\APP\Vexor\app\src\main\AndroidManifest.xml:130:27-73
158
159                <data android:mimeType="image/*" />
159-->C:\Users\Tushal\Desktop\APP\Vexor\app\src\main\AndroidManifest.xml:131:17-52
159-->C:\Users\Tushal\Desktop\APP\Vexor\app\src\main\AndroidManifest.xml:131:23-49
160            </intent-filter>
161
162            <!-- Receive multiple images -->
163            <intent-filter>
163-->C:\Users\Tushal\Desktop\APP\Vexor\app\src\main\AndroidManifest.xml:135:13-139:29
164                <action android:name="android.intent.action.SEND_MULTIPLE" />
164-->C:\Users\Tushal\Desktop\APP\Vexor\app\src\main\AndroidManifest.xml:136:17-78
164-->C:\Users\Tushal\Desktop\APP\Vexor\app\src\main\AndroidManifest.xml:136:25-75
165
166                <category android:name="android.intent.category.DEFAULT" />
166-->C:\Users\Tushal\Desktop\APP\Vexor\app\src\main\AndroidManifest.xml:130:17-76
166-->C:\Users\Tushal\Desktop\APP\Vexor\app\src\main\AndroidManifest.xml:130:27-73
167
168                <data android:mimeType="image/*" />
168-->C:\Users\Tushal\Desktop\APP\Vexor\app\src\main\AndroidManifest.xml:131:17-52
168-->C:\Users\Tushal\Desktop\APP\Vexor\app\src\main\AndroidManifest.xml:131:23-49
169            </intent-filter>
170
171            <!-- Receive single video -->
172            <intent-filter>
172-->C:\Users\Tushal\Desktop\APP\Vexor\app\src\main\AndroidManifest.xml:142:13-146:29
173                <action android:name="android.intent.action.SEND" />
173-->C:\Users\Tushal\Desktop\APP\Vexor\app\src\main\AndroidManifest.xml:129:17-69
173-->C:\Users\Tushal\Desktop\APP\Vexor\app\src\main\AndroidManifest.xml:129:25-66
174
175                <category android:name="android.intent.category.DEFAULT" />
175-->C:\Users\Tushal\Desktop\APP\Vexor\app\src\main\AndroidManifest.xml:130:17-76
175-->C:\Users\Tushal\Desktop\APP\Vexor\app\src\main\AndroidManifest.xml:130:27-73
176
177                <data android:mimeType="video/*" />
177-->C:\Users\Tushal\Desktop\APP\Vexor\app\src\main\AndroidManifest.xml:131:17-52
177-->C:\Users\Tushal\Desktop\APP\Vexor\app\src\main\AndroidManifest.xml:131:23-49
178            </intent-filter>
179
180            <!-- Receive multiple videos -->
181            <intent-filter>
181-->C:\Users\Tushal\Desktop\APP\Vexor\app\src\main\AndroidManifest.xml:149:13-153:29
182                <action android:name="android.intent.action.SEND_MULTIPLE" />
182-->C:\Users\Tushal\Desktop\APP\Vexor\app\src\main\AndroidManifest.xml:136:17-78
182-->C:\Users\Tushal\Desktop\APP\Vexor\app\src\main\AndroidManifest.xml:136:25-75
183
184                <category android:name="android.intent.category.DEFAULT" />
184-->C:\Users\Tushal\Desktop\APP\Vexor\app\src\main\AndroidManifest.xml:130:17-76
184-->C:\Users\Tushal\Desktop\APP\Vexor\app\src\main\AndroidManifest.xml:130:27-73
185
186                <data android:mimeType="video/*" />
186-->C:\Users\Tushal\Desktop\APP\Vexor\app\src\main\AndroidManifest.xml:131:17-52
186-->C:\Users\Tushal\Desktop\APP\Vexor\app\src\main\AndroidManifest.xml:131:23-49
187            </intent-filter>
188
189            <!-- Receive documents -->
190            <intent-filter>
190-->C:\Users\Tushal\Desktop\APP\Vexor\app\src\main\AndroidManifest.xml:156:13-160:29
191                <action android:name="android.intent.action.SEND" />
191-->C:\Users\Tushal\Desktop\APP\Vexor\app\src\main\AndroidManifest.xml:129:17-69
191-->C:\Users\Tushal\Desktop\APP\Vexor\app\src\main\AndroidManifest.xml:129:25-66
192
193                <category android:name="android.intent.category.DEFAULT" />
193-->C:\Users\Tushal\Desktop\APP\Vexor\app\src\main\AndroidManifest.xml:130:17-76
193-->C:\Users\Tushal\Desktop\APP\Vexor\app\src\main\AndroidManifest.xml:130:27-73
194
195                <data android:mimeType="application/*" />
195-->C:\Users\Tushal\Desktop\APP\Vexor\app\src\main\AndroidManifest.xml:131:17-52
195-->C:\Users\Tushal\Desktop\APP\Vexor\app\src\main\AndroidManifest.xml:131:23-49
196            </intent-filter>
197
198            <!-- Receive any file -->
199            <intent-filter>
199-->C:\Users\Tushal\Desktop\APP\Vexor\app\src\main\AndroidManifest.xml:163:13-167:29
200                <action android:name="android.intent.action.SEND" />
200-->C:\Users\Tushal\Desktop\APP\Vexor\app\src\main\AndroidManifest.xml:129:17-69
200-->C:\Users\Tushal\Desktop\APP\Vexor\app\src\main\AndroidManifest.xml:129:25-66
201
202                <category android:name="android.intent.category.DEFAULT" />
202-->C:\Users\Tushal\Desktop\APP\Vexor\app\src\main\AndroidManifest.xml:130:17-76
202-->C:\Users\Tushal\Desktop\APP\Vexor\app\src\main\AndroidManifest.xml:130:27-73
203
204                <data android:mimeType="*/*" />
204-->C:\Users\Tushal\Desktop\APP\Vexor\app\src\main\AndroidManifest.xml:131:17-52
204-->C:\Users\Tushal\Desktop\APP\Vexor\app\src\main\AndroidManifest.xml:131:23-49
205            </intent-filter>
206        </activity>
207
208        <!-- Secure Camera -->
209        <activity
209-->C:\Users\Tushal\Desktop\APP\Vexor\app\src\main\AndroidManifest.xml:172:9-176:52
210            android:name="com.vexor.vault.ui.CameraActivity"
210-->C:\Users\Tushal\Desktop\APP\Vexor\app\src\main\AndroidManifest.xml:173:13-46
211            android:exported="false"
211-->C:\Users\Tushal\Desktop\APP\Vexor\app\src\main\AndroidManifest.xml:174:13-37
212            android:screenOrientation="portrait"
212-->C:\Users\Tushal\Desktop\APP\Vexor\app\src\main\AndroidManifest.xml:176:13-49
213            android:theme="@style/Theme.Vexor.Fullscreen" />
213-->C:\Users\Tushal\Desktop\APP\Vexor\app\src\main\AndroidManifest.xml:175:13-58
214
215        <!-- Note Locker -->
216        <activity
216-->C:\Users\Tushal\Desktop\APP\Vexor\app\src\main\AndroidManifest.xml:179:9-182:52
217            android:name="com.vexor.vault.ui.NoteListActivity"
217-->C:\Users\Tushal\Desktop\APP\Vexor\app\src\main\AndroidManifest.xml:180:13-48
218            android:exported="false"
218-->C:\Users\Tushal\Desktop\APP\Vexor\app\src\main\AndroidManifest.xml:181:13-37
219            android:screenOrientation="portrait" />
219-->C:\Users\Tushal\Desktop\APP\Vexor\app\src\main\AndroidManifest.xml:182:13-49
220        <activity
220-->C:\Users\Tushal\Desktop\APP\Vexor\app\src\main\AndroidManifest.xml:184:9-188:58
221            android:name="com.vexor.vault.ui.NoteEditorActivity"
221-->C:\Users\Tushal\Desktop\APP\Vexor\app\src\main\AndroidManifest.xml:185:13-50
222            android:exported="false"
222-->C:\Users\Tushal\Desktop\APP\Vexor\app\src\main\AndroidManifest.xml:186:13-37
223            android:screenOrientation="portrait"
223-->C:\Users\Tushal\Desktop\APP\Vexor\app\src\main\AndroidManifest.xml:187:13-49
224            android:windowSoftInputMode="adjustResize" />
224-->C:\Users\Tushal\Desktop\APP\Vexor\app\src\main\AndroidManifest.xml:188:13-55
225
226        <!-- Manage Vaults -->
227        <activity
227-->C:\Users\Tushal\Desktop\APP\Vexor\app\src\main\AndroidManifest.xml:191:9-194:52
228            android:name="com.vexor.vault.ui.ManageVaultsActivity"
228-->C:\Users\Tushal\Desktop\APP\Vexor\app\src\main\AndroidManifest.xml:192:13-52
229            android:exported="false"
229-->C:\Users\Tushal\Desktop\APP\Vexor\app\src\main\AndroidManifest.xml:193:13-37
230            android:screenOrientation="portrait" />
230-->C:\Users\Tushal\Desktop\APP\Vexor\app\src\main\AndroidManifest.xml:194:13-49
231
232        <service
232-->[androidx.camera:camera-camera2:1.3.1] C:\Users\Tushal\.gradle\caches\transforms-3\fb070df8d5725024895184ad87598e4e\transformed\camera-camera2-1.3.1\AndroidManifest.xml:24:9-33:19
233            android:name="androidx.camera.core.impl.MetadataHolderService"
233-->[androidx.camera:camera-camera2:1.3.1] C:\Users\Tushal\.gradle\caches\transforms-3\fb070df8d5725024895184ad87598e4e\transformed\camera-camera2-1.3.1\AndroidManifest.xml:25:13-75
234            android:enabled="false"
234-->[androidx.camera:camera-camera2:1.3.1] C:\Users\Tushal\.gradle\caches\transforms-3\fb070df8d5725024895184ad87598e4e\transformed\camera-camera2-1.3.1\AndroidManifest.xml:26:13-36
235            android:exported="false" >
235-->[androidx.camera:camera-camera2:1.3.1] C:\Users\Tushal\.gradle\caches\transforms-3\fb070df8d5725024895184ad87598e4e\transformed\camera-camera2-1.3.1\AndroidManifest.xml:27:13-37
236            <meta-data
236-->[androidx.camera:camera-camera2:1.3.1] C:\Users\Tushal\.gradle\caches\transforms-3\fb070df8d5725024895184ad87598e4e\transformed\camera-camera2-1.3.1\AndroidManifest.xml:30:13-32:89
237                android:name="androidx.camera.core.impl.MetadataHolderService.DEFAULT_CONFIG_PROVIDER"
237-->[androidx.camera:camera-camera2:1.3.1] C:\Users\Tushal\.gradle\caches\transforms-3\fb070df8d5725024895184ad87598e4e\transformed\camera-camera2-1.3.1\AndroidManifest.xml:31:17-103
238                android:value="androidx.camera.camera2.Camera2Config$DefaultProvider" />
238-->[androidx.camera:camera-camera2:1.3.1] C:\Users\Tushal\.gradle\caches\transforms-3\fb070df8d5725024895184ad87598e4e\transformed\camera-camera2-1.3.1\AndroidManifest.xml:32:17-86
239        </service>
240
241        <provider
241-->[androidx.emoji2:emoji2:1.2.0] C:\Users\Tushal\.gradle\caches\transforms-3\c6681b4e418b9f33bb2163defe599d48\transformed\emoji2-1.2.0\AndroidManifest.xml:24:9-32:20
242            android:name="androidx.startup.InitializationProvider"
242-->[androidx.emoji2:emoji2:1.2.0] C:\Users\Tushal\.gradle\caches\transforms-3\c6681b4e418b9f33bb2163defe599d48\transformed\emoji2-1.2.0\AndroidManifest.xml:25:13-67
243            android:authorities="com.vexor.vault.androidx-startup"
243-->[androidx.emoji2:emoji2:1.2.0] C:\Users\Tushal\.gradle\caches\transforms-3\c6681b4e418b9f33bb2163defe599d48\transformed\emoji2-1.2.0\AndroidManifest.xml:26:13-68
244            android:exported="false" >
244-->[androidx.emoji2:emoji2:1.2.0] C:\Users\Tushal\.gradle\caches\transforms-3\c6681b4e418b9f33bb2163defe599d48\transformed\emoji2-1.2.0\AndroidManifest.xml:27:13-37
245            <meta-data
245-->[androidx.emoji2:emoji2:1.2.0] C:\Users\Tushal\.gradle\caches\transforms-3\c6681b4e418b9f33bb2163defe599d48\transformed\emoji2-1.2.0\AndroidManifest.xml:29:13-31:52
246                android:name="androidx.emoji2.text.EmojiCompatInitializer"
246-->[androidx.emoji2:emoji2:1.2.0] C:\Users\Tushal\.gradle\caches\transforms-3\c6681b4e418b9f33bb2163defe599d48\transformed\emoji2-1.2.0\AndroidManifest.xml:30:17-75
247                android:value="androidx.startup" />
247-->[androidx.emoji2:emoji2:1.2.0] C:\Users\Tushal\.gradle\caches\transforms-3\c6681b4e418b9f33bb2163defe599d48\transformed\emoji2-1.2.0\AndroidManifest.xml:31:17-49
248            <meta-data
248-->[androidx.lifecycle:lifecycle-process:2.7.0] C:\Users\Tushal\.gradle\caches\transforms-3\285f085280118d755ce82ea703c4f012\transformed\lifecycle-process-2.7.0\AndroidManifest.xml:29:13-31:52
249                android:name="androidx.lifecycle.ProcessLifecycleInitializer"
249-->[androidx.lifecycle:lifecycle-process:2.7.0] C:\Users\Tushal\.gradle\caches\transforms-3\285f085280118d755ce82ea703c4f012\transformed\lifecycle-process-2.7.0\AndroidManifest.xml:30:17-78
250                android:value="androidx.startup" />
250-->[androidx.lifecycle:lifecycle-process:2.7.0] C:\Users\Tushal\.gradle\caches\transforms-3\285f085280118d755ce82ea703c4f012\transformed\lifecycle-process-2.7.0\AndroidManifest.xml:31:17-49
251            <meta-data
251-->[androidx.profileinstaller:profileinstaller:1.3.1] C:\Users\Tushal\.gradle\caches\transforms-3\add9d43d9169ede12cf03341f0f55eff\transformed\profileinstaller-1.3.1\AndroidManifest.xml:29:13-31:52
252                android:name="androidx.profileinstaller.ProfileInstallerInitializer"
252-->[androidx.profileinstaller:profileinstaller:1.3.1] C:\Users\Tushal\.gradle\caches\transforms-3\add9d43d9169ede12cf03341f0f55eff\transformed\profileinstaller-1.3.1\AndroidManifest.xml:30:17-85
253                android:value="androidx.startup" />
253-->[androidx.profileinstaller:profileinstaller:1.3.1] C:\Users\Tushal\.gradle\caches\transforms-3\add9d43d9169ede12cf03341f0f55eff\transformed\profileinstaller-1.3.1\AndroidManifest.xml:31:17-49
254        </provider>
255
256        <service
256-->[androidx.room:room-runtime:2.6.1] C:\Users\Tushal\.gradle\caches\transforms-3\888877568181c0f6eb4ce892d57068b3\transformed\room-runtime-2.6.1\AndroidManifest.xml:24:9-28:63
257            android:name="androidx.room.MultiInstanceInvalidationService"
257-->[androidx.room:room-runtime:2.6.1] C:\Users\Tushal\.gradle\caches\transforms-3\888877568181c0f6eb4ce892d57068b3\transformed\room-runtime-2.6.1\AndroidManifest.xml:25:13-74
258            android:directBootAware="true"
258-->[androidx.room:room-runtime:2.6.1] C:\Users\Tushal\.gradle\caches\transforms-3\888877568181c0f6eb4ce892d57068b3\transformed\room-runtime-2.6.1\AndroidManifest.xml:26:13-43
259            android:exported="false" />
259-->[androidx.room:room-runtime:2.6.1] C:\Users\Tushal\.gradle\caches\transforms-3\888877568181c0f6eb4ce892d57068b3\transformed\room-runtime-2.6.1\AndroidManifest.xml:27:13-37
260
261        <receiver
261-->[androidx.profileinstaller:profileinstaller:1.3.1] C:\Users\Tushal\.gradle\caches\transforms-3\add9d43d9169ede12cf03341f0f55eff\transformed\profileinstaller-1.3.1\AndroidManifest.xml:34:9-52:20
262            android:name="androidx.profileinstaller.ProfileInstallReceiver"
262-->[androidx.profileinstaller:profileinstaller:1.3.1] C:\Users\Tushal\.gradle\caches\transforms-3\add9d43d9169ede12cf03341f0f55eff\transformed\profileinstaller-1.3.1\AndroidManifest.xml:35:13-76
263            android:directBootAware="false"
263-->[androidx.profileinstaller:profileinstaller:1.3.1] C:\Users\Tushal\.gradle\caches\transforms-3\add9d43d9169ede12cf03341f0f55eff\transformed\profileinstaller-1.3.1\AndroidManifest.xml:36:13-44
264            android:enabled="true"
264-->[androidx.profileinstaller:profileinstaller:1.3.1] C:\Users\Tushal\.gradle\caches\transforms-3\add9d43d9169ede12cf03341f0f55eff\transformed\profileinstaller-1.3.1\AndroidManifest.xml:37:13-35
265            android:exported="true"
265-->[androidx.profileinstaller:profileinstaller:1.3.1] C:\Users\Tushal\.gradle\caches\transforms-3\add9d43d9169ede12cf03341f0f55eff\transformed\profileinstaller-1.3.1\AndroidManifest.xml:38:13-36
266            android:permission="android.permission.DUMP" >
266-->[androidx.profileinstaller:profileinstaller:1.3.1] C:\Users\Tushal\.gradle\caches\transforms-3\add9d43d9169ede12cf03341f0f55eff\transformed\profileinstaller-1.3.1\AndroidManifest.xml:39:13-57
267            <intent-filter>
267-->[androidx.profileinstaller:profileinstaller:1.3.1] C:\Users\Tushal\.gradle\caches\transforms-3\add9d43d9169ede12cf03341f0f55eff\transformed\profileinstaller-1.3.1\AndroidManifest.xml:40:13-42:29
268                <action android:name="androidx.profileinstaller.action.INSTALL_PROFILE" />
268-->[androidx.profileinstaller:profileinstaller:1.3.1] C:\Users\Tushal\.gradle\caches\transforms-3\add9d43d9169ede12cf03341f0f55eff\transformed\profileinstaller-1.3.1\AndroidManifest.xml:41:17-91
268-->[androidx.profileinstaller:profileinstaller:1.3.1] C:\Users\Tushal\.gradle\caches\transforms-3\add9d43d9169ede12cf03341f0f55eff\transformed\profileinstaller-1.3.1\AndroidManifest.xml:41:25-88
269            </intent-filter>
270            <intent-filter>
270-->[androidx.profileinstaller:profileinstaller:1.3.1] C:\Users\Tushal\.gradle\caches\transforms-3\add9d43d9169ede12cf03341f0f55eff\transformed\profileinstaller-1.3.1\AndroidManifest.xml:43:13-45:29
271                <action android:name="androidx.profileinstaller.action.SKIP_FILE" />
271-->[androidx.profileinstaller:profileinstaller:1.3.1] C:\Users\Tushal\.gradle\caches\transforms-3\add9d43d9169ede12cf03341f0f55eff\transformed\profileinstaller-1.3.1\AndroidManifest.xml:44:17-85
271-->[androidx.profileinstaller:profileinstaller:1.3.1] C:\Users\Tushal\.gradle\caches\transforms-3\add9d43d9169ede12cf03341f0f55eff\transformed\profileinstaller-1.3.1\AndroidManifest.xml:44:25-82
272            </intent-filter>
273            <intent-filter>
273-->[androidx.profileinstaller:profileinstaller:1.3.1] C:\Users\Tushal\.gradle\caches\transforms-3\add9d43d9169ede12cf03341f0f55eff\transformed\profileinstaller-1.3.1\AndroidManifest.xml:46:13-48:29
274                <action android:name="androidx.profileinstaller.action.SAVE_PROFILE" />
274-->[androidx.profileinstaller:profileinstaller:1.3.1] C:\Users\Tushal\.gradle\caches\transforms-3\add9d43d9169ede12cf03341f0f55eff\transformed\profileinstaller-1.3.1\AndroidManifest.xml:47:17-88
274-->[androidx.profileinstaller:profileinstaller:1.3.1] C:\Users\Tushal\.gradle\caches\transforms-3\add9d43d9169ede12cf03341f0f55eff\transformed\profileinstaller-1.3.1\AndroidManifest.xml:47:25-85
275            </intent-filter>
276            <intent-filter>
276-->[androidx.profileinstaller:profileinstaller:1.3.1] C:\Users\Tushal\.gradle\caches\transforms-3\add9d43d9169ede12cf03341f0f55eff\transformed\profileinstaller-1.3.1\AndroidManifest.xml:49:13-51:29
277                <action android:name="androidx.profileinstaller.action.BENCHMARK_OPERATION" />
277-->[androidx.profileinstaller:profileinstaller:1.3.1] C:\Users\Tushal\.gradle\caches\transforms-3\add9d43d9169ede12cf03341f0f55eff\transformed\profileinstaller-1.3.1\AndroidManifest.xml:50:17-95
277-->[androidx.profileinstaller:profileinstaller:1.3.1] C:\Users\Tushal\.gradle\caches\transforms-3\add9d43d9169ede12cf03341f0f55eff\transformed\profileinstaller-1.3.1\AndroidManifest.xml:50:25-92
278            </intent-filter>
279        </receiver>
280    </application>
281
282</manifest>

Merged manifest saved to C:\Users\Tushal\Desktop\APP\Vexor\app\build\intermediates\merged_manifest\debug\AndroidManifest.xml
Resolve mutations for :app:processDebugManifest (Thread[Execution worker Thread 10,5,main]) started.
:app:processDebugManifest (Thread[Execution worker Thread 10,5,main]) started.

> Task :app:processDebugManifest
Caching disabled for task ':app:processDebugManifest' because:
  Build cache is disabled
Task ':app:processDebugManifest' is not up-to-date because:
  Output property 'multiApkManifestOutputDirectory' file C:\Users\Tushal\Desktop\APP\Vexor\app\build\intermediates\merged_manifests\debug has been removed.
  Output property 'multiApkManifestOutputDirectory' file C:\Users\Tushal\Desktop\APP\Vexor\app\build\intermediates\merged_manifests\debug\AndroidManifest.xml has been removed.
  Output property 'multiApkManifestOutputDirectory' file C:\Users\Tushal\Desktop\APP\Vexor\app\build\intermediates\merged_manifests\debug\output-metadata.json has been removed.
Resolve mutations for :app:processDebugManifestForPackage (Thread[Execution worker Thread 10,5,main]) started.
:app:processDebugManifestForPackage (Thread[Execution worker Thread 16,5,main]) started.
Resolve mutations for :app:javaPreCompileDebug (Thread[Execution worker Thread 10,5,main]) started.
:app:javaPreCompileDebug (Thread[Execution worker Thread 6,5,main]) started.
Resolve mutations for :app:mergeDebugShaders (Thread[Execution worker Thread 8,5,main]) started.
:app:mergeDebugShaders (Thread[included builds,5,main]) started.

> Task :app:mergeDebugShaders
Caching disabled for task ':app:mergeDebugShaders' because:
  Build cache is disabled
Task ':app:mergeDebugShaders' is not up-to-date because:
  Output property 'outputDir' file C:\Users\Tushal\Desktop\APP\Vexor\app\build\intermediates\merged_shaders\debug\out has been removed.
The input changes require a full rebuild for incremental task ':app:mergeDebugShaders'.
Resolve mutations for :app:compileDebugShaders (Thread[included builds,5,main]) started.
:app:compileDebugShaders (Thread[Execution worker Thread 13,5,main]) started.

> Task :app:compileDebugShaders NO-SOURCE
Skipping task ':app:compileDebugShaders' as it has no source files and no previous output files.
Resolve mutations for :app:generateDebugAssets (Thread[Execution worker Thread 13,5,main]) started.

> Task :app:javaPreCompileDebug
Caching disabled for task ':app:javaPreCompileDebug' because:
  Build cache is disabled
Task ':app:javaPreCompileDebug' is not up-to-date because:
  Output property 'annotationProcessorListFile' file C:\Users\Tushal\Desktop\APP\Vexor\app\build\intermediates\annotation_processor_list\debug\annotationProcessors.json has been removed.
:app:generateDebugAssets (Thread[Execution worker Thread 6,5,main]) started.

> Task :app:generateDebugAssets UP-TO-DATE
Skipping task ':app:generateDebugAssets' as it has no actions.
Resolve mutations for :app:mergeDebugAssets (Thread[Execution worker Thread 6,5,main]) started.
:app:mergeDebugAssets (Thread[Execution worker Thread 9,5,main]) started.

> Task :app:mergeDebugAssets
Transforming viewbinding-8.2.0.aar (androidx.databinding:viewbinding:8.2.0) with ExtractAarTransform
Transforming viewbinding-8.2.0.aar (androidx.databinding:viewbinding:8.2.0) with AarTransform
Transforming material-1.11.0.aar (com.google.android.material:material:1.11.0) with ExtractAarTransform
Transforming material-1.11.0.aar (com.google.android.material:material:1.11.0) with AarTransform
Transforming constraintlayout-2.1.4.aar (androidx.constraintlayout:constraintlayout:2.1.4) with ExtractAarTransform
Transforming constraintlayout-2.1.4.aar (androidx.constraintlayout:constraintlayout:2.1.4) with AarTransform
Transforming biometric-1.1.0.aar (androidx.biometric:biometric:1.1.0) with ExtractAarTransform
Caching disabled for AarTransform: C:\Users\Tushal\.gradle\caches\transforms-3\ee7372a378ee3382ad11d1d4ea99a2b0\transformed\viewbinding-8.2.0 because:
  Build cache is disabled
Skipping AarTransform: C:\Users\Tushal\.gradle\caches\transforms-3\ee7372a378ee3382ad11d1d4ea99a2b0\transformed\viewbinding-8.2.0 as it is up-to-date.
Caching disabled for AarTransform: C:\Users\Tushal\.gradle\caches\transforms-3\e308b6e6d17158c8079fa92ee7b91963\transformed\material-1.11.0 because:
  Build cache is disabled
Transforming biometric-1.1.0.aar (androidx.biometric:biometric:1.1.0) with AarTransform
Caching disabled for AarTransform: C:\Users\Tushal\.gradle\caches\transforms-3\ff126ee9cca3fc604c8510753ac09caf\transformed\constraintlayout-2.1.4 because:
  Build cache is disabled
Skipping AarTransform: C:\Users\Tushal\.gradle\caches\transforms-3\ff126ee9cca3fc604c8510753ac09caf\transformed\constraintlayout-2.1.4 as it is up-to-date.
Skipping AarTransform: C:\Users\Tushal\.gradle\caches\transforms-3\e308b6e6d17158c8079fa92ee7b91963\transformed\material-1.11.0 as it is up-to-date.
Transforming coil-2.5.0.aar (io.coil-kt:coil:2.5.0) with ExtractAarTransform
Transforming coil-2.5.0.aar (io.coil-kt:coil:2.5.0) with AarTransform
Transforming coil-video-2.5.0.aar (io.coil-kt:coil-video:2.5.0) with ExtractAarTransform
Transforming coil-video-2.5.0.aar (io.coil-kt:coil-video:2.5.0) with AarTransform
Transforming coil-base-2.5.0.aar (io.coil-kt:coil-base:2.5.0) with ExtractAarTransform
Transforming coil-base-2.5.0.aar (io.coil-kt:coil-base:2.5.0) with AarTransform
Transforming appcompat-resources-1.6.1.aar (androidx.appcompat:appcompat-resources:1.6.1) with ExtractAarTransform
Transforming appcompat-resources-1.6.1.aar (androidx.appcompat:appcompat-resources:1.6.1) with AarTransform
Caching disabled for AarTransform: C:\Users\Tushal\.gradle\caches\transforms-3\57d34647962dfce3c8e4f7677bf8cd17\transformed\biometric-1.1.0 because:
  Build cache is disabled
Transforming appcompat-1.6.1.aar (androidx.appcompat:appcompat:1.6.1) with ExtractAarTransform
Caching disabled for AarTransform: C:\Users\Tushal\.gradle\caches\transforms-3\c880f30648f48c0e398759a215b47ce2\transformed\coil-base-2.5.0 because:
  Build cache is disabled
Skipping AarTransform: C:\Users\Tushal\.gradle\caches\transforms-3\57d34647962dfce3c8e4f7677bf8cd17\transformed\biometric-1.1.0 as it is up-to-date.
Skipping AarTransform: C:\Users\Tushal\.gradle\caches\transforms-3\c880f30648f48c0e398759a215b47ce2\transformed\coil-base-2.5.0 as it is up-to-date.
Caching disabled for AarTransform: C:\Users\Tushal\.gradle\caches\transforms-3\44cf57b6d98c7e6b7e5b8a03a98cf622\transformed\appcompat-resources-1.6.1 because:
  Build cache is disabled
Skipping AarTransform: C:\Users\Tushal\.gradle\caches\transforms-3\44cf57b6d98c7e6b7e5b8a03a98cf622\transformed\appcompat-resources-1.6.1 as it is up-to-date.
Caching disabled for AarTransform: C:\Users\Tushal\.gradle\caches\transforms-3\dc740cdfa4b72028e37eea76661c42ef\transformed\coil-2.5.0 because:
  Build cache is disabled
Caching disabled for AarTransform: C:\Users\Tushal\.gradle\caches\transforms-3\a7e257e5db315937cb7a3d69b1f90fb7\transformed\coil-video-2.5.0 because:
  Build cache is disabled
Skipping AarTransform: C:\Users\Tushal\.gradle\caches\transforms-3\dc740cdfa4b72028e37eea76661c42ef\transformed\coil-2.5.0 as it is up-to-date.
Transforming appcompat-1.6.1.aar (androidx.appcompat:appcompat:1.6.1) with AarTransform
Skipping AarTransform: C:\Users\Tushal\.gradle\caches\transforms-3\a7e257e5db315937cb7a3d69b1f90fb7\transformed\coil-video-2.5.0 as it is up-to-date.
Transforming glide-4.16.0.aar (com.github.bumptech.glide:glide:4.16.0) with ExtractAarTransform
Transforming glide-4.16.0.aar (com.github.bumptech.glide:glide:4.16.0) with AarTransform
Caching disabled for AarTransform: C:\Users\Tushal\.gradle\caches\transforms-3\468ef8c1224fa11f9c4341db52a06e93\transformed\appcompat-1.6.1 because:
  Build cache is disabled
Skipping AarTransform: C:\Users\Tushal\.gradle\caches\transforms-3\468ef8c1224fa11f9c4341db52a06e93\transformed\appcompat-1.6.1 as it is up-to-date.
Transforming media3-exoplayer-1.2.0.aar (androidx.media3:media3-exoplayer:1.2.0) with ExtractAarTransform
Transforming media3-exoplayer-1.2.0.aar (androidx.media3:media3-exoplayer:1.2.0) with AarTransform
Caching disabled for AarTransform: C:\Users\Tushal\.gradle\caches\transforms-3\dc9ba8c66bf67f1ab539a00e8b9c9c9a\transformed\glide-4.16.0 because:
  Build cache is disabled
Transforming media3-extractor-1.2.0.aar (androidx.media3:media3-extractor:1.2.0) with ExtractAarTransform
Skipping AarTransform: C:\Users\Tushal\.gradle\caches\transforms-3\dc9ba8c66bf67f1ab539a00e8b9c9c9a\transformed\glide-4.16.0 as it is up-to-date.
Transforming media3-extractor-1.2.0.aar (androidx.media3:media3-extractor:1.2.0) with AarTransform
Caching disabled for AarTransform: C:\Users\Tushal\.gradle\caches\transforms-3\e75b5071789f5baf57b3f20bc1a48613\transformed\media3-exoplayer-1.2.0 because:
  Build cache is disabled
Transforming media3-container-1.2.0.aar (androidx.media3:media3-container:1.2.0) with ExtractAarTransform
Skipping AarTransform: C:\Users\Tushal\.gradle\caches\transforms-3\e75b5071789f5baf57b3f20bc1a48613\transformed\media3-exoplayer-1.2.0 as it is up-to-date.
Transforming media3-container-1.2.0.aar (androidx.media3:media3-container:1.2.0) with AarTransform
Caching disabled for AarTransform: C:\Users\Tushal\.gradle\caches\transforms-3\92737f2c4321642a8ea14201c9b5f136\transformed\media3-extractor-1.2.0 because:
  Build cache is disabled
Skipping AarTransform: C:\Users\Tushal\.gradle\caches\transforms-3\92737f2c4321642a8ea14201c9b5f136\transformed\media3-extractor-1.2.0 as it is up-to-date.
Transforming media3-datasource-1.2.0.aar (androidx.media3:media3-datasource:1.2.0) with ExtractAarTransform
Transforming media3-datasource-1.2.0.aar (androidx.media3:media3-datasource:1.2.0) with AarTransform
Caching disabled for AarTransform: C:\Users\Tushal\.gradle\caches\transforms-3\df523f5ebd5a1e5d83dd3f3f151f5076\transformed\media3-container-1.2.0 because:
  Build cache is disabled
Skipping AarTransform: C:\Users\Tushal\.gradle\caches\transforms-3\df523f5ebd5a1e5d83dd3f3f151f5076\transformed\media3-container-1.2.0 as it is up-to-date.
Transforming media3-decoder-1.2.0.aar (androidx.media3:media3-decoder:1.2.0) with ExtractAarTransform
Caching disabled for AarTransform: C:\Users\Tushal\.gradle\caches\transforms-3\b398c59ea54a69e3de1ab2129ac14a19\transformed\media3-datasource-1.2.0 because:
  Build cache is disabled
Transforming media3-decoder-1.2.0.aar (androidx.media3:media3-decoder:1.2.0) with AarTransform
Skipping AarTransform: C:\Users\Tushal\.gradle\caches\transforms-3\b398c59ea54a69e3de1ab2129ac14a19\transformed\media3-datasource-1.2.0 as it is up-to-date.
Transforming media3-database-1.2.0.aar (androidx.media3:media3-database:1.2.0) with ExtractAarTransform
Transforming media3-database-1.2.0.aar (androidx.media3:media3-database:1.2.0) with AarTransform
Caching disabled for AarTransform: C:\Users\Tushal\.gradle\caches\transforms-3\1d6c6aaf665475b03b3e7a199de97ee4\transformed\media3-decoder-1.2.0 because:
  Build cache is disabled
Skipping AarTransform: C:\Users\Tushal\.gradle\caches\transforms-3\1d6c6aaf665475b03b3e7a199de97ee4\transformed\media3-decoder-1.2.0 as it is up-to-date.
Transforming media3-common-1.2.0.aar (androidx.media3:media3-common:1.2.0) with ExtractAarTransform
Transforming media3-common-1.2.0.aar (androidx.media3:media3-common:1.2.0) with AarTransform
Caching disabled for AarTransform: C:\Users\Tushal\.gradle\caches\transforms-3\3f4f00451a43ebd95417c5d4a0aac350\transformed\media3-database-1.2.0 because:
  Build cache is disabled
Skipping AarTransform: C:\Users\Tushal\.gradle\caches\transforms-3\3f4f00451a43ebd95417c5d4a0aac350\transformed\media3-database-1.2.0 as it is up-to-date.
Transforming media3-ui-1.2.0.aar (androidx.media3:media3-ui:1.2.0) with ExtractAarTransform
Transforming media3-ui-1.2.0.aar (androidx.media3:media3-ui:1.2.0) with AarTransform
Caching disabled for AarTransform: C:\Users\Tushal\.gradle\caches\transforms-3\1f4d79196179c097dcf5135e5e548a60\transformed\media3-common-1.2.0 because:
  Build cache is disabled
Skipping AarTransform: C:\Users\Tushal\.gradle\caches\transforms-3\1f4d79196179c097dcf5135e5e548a60\transformed\media3-common-1.2.0 as it is up-to-date.
Transforming recyclerview-1.3.2.aar (androidx.recyclerview:recyclerview:1.3.2) with ExtractAarTransform
Transforming recyclerview-1.3.2.aar (androidx.recyclerview:recyclerview:1.3.2) with AarTransform
Caching disabled for AarTransform: C:\Users\Tushal\.gradle\caches\transforms-3\a6a8c7b41a65c72c07aff083dbf25ba0\transformed\media3-ui-1.2.0 because:
  Build cache is disabled
Skipping AarTransform: C:\Users\Tushal\.gradle\caches\transforms-3\a6a8c7b41a65c72c07aff083dbf25ba0\transformed\media3-ui-1.2.0 as it is up-to-date.
Transforming viewpager2-1.1.0-beta02.aar (androidx.viewpager2:viewpager2:1.1.0-beta02) with ExtractAarTransform
Caching disabled for AarTransform: C:\Users\Tushal\.gradle\caches\transforms-3\86ae1b24a46958f5365ec5ef3d2d1c34\transformed\recyclerview-1.3.2 because:
  Build cache is disabled
Transforming viewpager2-1.1.0-beta02.aar (androidx.viewpager2:viewpager2:1.1.0-beta02) with AarTransform
Skipping AarTransform: C:\Users\Tushal\.gradle\caches\transforms-3\86ae1b24a46958f5365ec5ef3d2d1c34\transformed\recyclerview-1.3.2 as it is up-to-date.
Transforming fragment-1.3.6.aar (androidx.fragment:fragment:1.3.6) with ExtractAarTransform
Transforming fragment-1.3.6.aar (androidx.fragment:fragment:1.3.6) with AarTransform
Transforming activity-1.8.2.aar (androidx.activity:activity:1.8.2) with ExtractAarTransform
Caching disabled for AarTransform: C:\Users\Tushal\.gradle\caches\transforms-3\7894b91b38b404f70940d07cabe5899f\transformed\viewpager2-1.1.0-beta02 because:
  Build cache is disabled
Caching disabled for AarTransform: C:\Users\Tushal\.gradle\caches\transforms-3\492822d6f5cf6540ee1405596cc42ade\transformed\fragment-1.3.6 because:
  Build cache is disabled
Transforming activity-1.8.2.aar (androidx.activity:activity:1.8.2) with AarTransform
Skipping AarTransform: C:\Users\Tushal\.gradle\caches\transforms-3\492822d6f5cf6540ee1405596cc42ade\transformed\fragment-1.3.6 as it is up-to-date.
Transforming activity-ktx-1.8.2.aar (androidx.activity:activity-ktx:1.8.2) with ExtractAarTransform
Skipping AarTransform: C:\Users\Tushal\.gradle\caches\transforms-3\7894b91b38b404f70940d07cabe5899f\transformed\viewpager2-1.1.0-beta02 as it is up-to-date.
Transforming activity-ktx-1.8.2.aar (androidx.activity:activity-ktx:1.8.2) with AarTransform
Caching disabled for AarTransform: C:\Users\Tushal\.gradle\caches\transforms-3\f9410f15e9fb2f39f9c91101f6a20106\transformed\activity-1.8.2 because:
  Build cache is disabled
Transforming swiperefreshlayout-1.1.0.aar (androidx.swiperefreshlayout:swiperefreshlayout:1.1.0) with ExtractAarTransform
Transforming swiperefreshlayout-1.1.0.aar (androidx.swiperefreshlayout:swiperefreshlayout:1.1.0) with AarTransform
Caching disabled for AarTransform: C:\Users\Tushal\.gradle\caches\transforms-3\0ca366a1d236200f2eea054185b5f0d8\transformed\activity-ktx-1.8.2 because:
  Build cache is disabled
Skipping AarTransform: C:\Users\Tushal\.gradle\caches\transforms-3\f9410f15e9fb2f39f9c91101f6a20106\transformed\activity-1.8.2 as it is up-to-date.
Skipping AarTransform: C:\Users\Tushal\.gradle\caches\transforms-3\0ca366a1d236200f2eea054185b5f0d8\transformed\activity-ktx-1.8.2 as it is up-to-date.
Transforming camera-lifecycle-1.3.1.aar (androidx.camera:camera-lifecycle:1.3.1) with ExtractAarTransform
Transforming camera-lifecycle-1.3.1.aar (androidx.camera:camera-lifecycle:1.3.1) with AarTransform
Caching disabled for AarTransform: C:\Users\Tushal\.gradle\caches\transforms-3\339f76cdc3d96b2a50cab9a23a560bcb\transformed\swiperefreshlayout-1.1.0 because:
  Build cache is disabled
Transforming camera-camera2-1.3.1.aar (androidx.camera:camera-camera2:1.3.1) with ExtractAarTransform
Skipping AarTransform: C:\Users\Tushal\.gradle\caches\transforms-3\339f76cdc3d96b2a50cab9a23a560bcb\transformed\swiperefreshlayout-1.1.0 as it is up-to-date.
Transforming camera-camera2-1.3.1.aar (androidx.camera:camera-camera2:1.3.1) with AarTransform
Caching disabled for AarTransform: C:\Users\Tushal\.gradle\caches\transforms-3\270e300d271c2ab3efa31872dd2e5301\transformed\camera-lifecycle-1.3.1 because:
  Build cache is disabled
Transforming camera-core-1.3.1.aar (androidx.camera:camera-core:1.3.1) with ExtractAarTransform
Skipping AarTransform: C:\Users\Tushal\.gradle\caches\transforms-3\270e300d271c2ab3efa31872dd2e5301\transformed\camera-lifecycle-1.3.1 as it is up-to-date.
Transforming camera-core-1.3.1.aar (androidx.camera:camera-core:1.3.1) with AarTransform
Transforming emoji2-views-helper-1.2.0.aar (androidx.emoji2:emoji2-views-helper:1.2.0) with ExtractAarTransform
Caching disabled for AarTransform: C:\Users\Tushal\.gradle\caches\transforms-3\fb070df8d5725024895184ad87598e4e\transformed\camera-camera2-1.3.1 because:
  Build cache is disabled
Caching disabled for AarTransform: C:\Users\Tushal\.gradle\caches\transforms-3\b525739896ca14c1bc27882fe8208c8a\transformed\camera-core-1.3.1 because:
  Build cache is disabled
Transforming emoji2-views-helper-1.2.0.aar (androidx.emoji2:emoji2-views-helper:1.2.0) with AarTransform
Skipping AarTransform: C:\Users\Tushal\.gradle\caches\transforms-3\b525739896ca14c1bc27882fe8208c8a\transformed\camera-core-1.3.1 as it is up-to-date.
Transforming emoji2-1.2.0.aar (androidx.emoji2:emoji2:1.2.0) with ExtractAarTransform
Transforming emoji2-1.2.0.aar (androidx.emoji2:emoji2:1.2.0) with AarTransform
Transforming drawerlayout-1.1.1.aar (androidx.drawerlayout:drawerlayout:1.1.1) with ExtractAarTransform
Skipping AarTransform: C:\Users\Tushal\.gradle\caches\transforms-3\fb070df8d5725024895184ad87598e4e\transformed\camera-camera2-1.3.1 as it is up-to-date.
Caching disabled for AarTransform: C:\Users\Tushal\.gradle\caches\transforms-3\dc64f4c79e165697ebdff10b6cc6e9d4\transformed\emoji2-views-helper-1.2.0 because:
  Build cache is disabled
Transforming drawerlayout-1.1.1.aar (androidx.drawerlayout:drawerlayout:1.1.1) with AarTransform
Skipping AarTransform: C:\Users\Tushal\.gradle\caches\transforms-3\dc64f4c79e165697ebdff10b6cc6e9d4\transformed\emoji2-views-helper-1.2.0 as it is up-to-date.
Transforming coordinatorlayout-1.1.0.aar (androidx.coordinatorlayout:coordinatorlayout:1.1.0) with ExtractAarTransform
Transforming coordinatorlayout-1.1.0.aar (androidx.coordinatorlayout:coordinatorlayout:1.1.0) with AarTransform
Caching disabled for AarTransform: C:\Users\Tushal\.gradle\caches\transforms-3\c6681b4e418b9f33bb2163defe599d48\transformed\emoji2-1.2.0 because:
  Build cache is disabled
Skipping AarTransform: C:\Users\Tushal\.gradle\caches\transforms-3\c6681b4e418b9f33bb2163defe599d48\transformed\emoji2-1.2.0 as it is up-to-date.
Caching disabled for AarTransform: C:\Users\Tushal\.gradle\caches\transforms-3\a4e6ecf66af1c4b4199be43380cac145\transformed\coordinatorlayout-1.1.0 because:
  Build cache is disabled
Transforming dynamicanimation-1.0.0.aar (androidx.dynamicanimation:dynamicanimation:1.0.0) with ExtractAarTransform
Caching disabled for AarTransform: C:\Users\Tushal\.gradle\caches\transforms-3\8311f284aead11fa49e25fe7039fe589\transformed\drawerlayout-1.1.1 because:
  Build cache is disabled
Skipping AarTransform: C:\Users\Tushal\.gradle\caches\transforms-3\8311f284aead11fa49e25fe7039fe589\transformed\drawerlayout-1.1.1 as it is up-to-date.
Transforming dynamicanimation-1.0.0.aar (androidx.dynamicanimation:dynamicanimation:1.0.0) with AarTransform
Skipping AarTransform: C:\Users\Tushal\.gradle\caches\transforms-3\a4e6ecf66af1c4b4199be43380cac145\transformed\coordinatorlayout-1.1.0 as it is up-to-date.
Transforming transition-1.2.0.aar (androidx.transition:transition:1.2.0) with ExtractAarTransform
Transforming transition-1.2.0.aar (androidx.transition:transition:1.2.0) with AarTransform
Transforming vectordrawable-animated-1.1.0.aar (androidx.vectordrawable:vectordrawable-animated:1.1.0) with ExtractAarTransform
Transforming vectordrawable-animated-1.1.0.aar (androidx.vectordrawable:vectordrawable-animated:1.1.0) with AarTransform
Caching disabled for AarTransform: C:\Users\Tushal\.gradle\caches\transforms-3\ad4399c080ebc131028831b3f7710164\transformed\dynamicanimation-1.0.0 because:
  Build cache is disabled
Transforming vectordrawable-1.1.0.aar (androidx.vectordrawable:vectordrawable:1.1.0) with ExtractAarTransform
Transforming vectordrawable-1.1.0.aar (androidx.vectordrawable:vectordrawable:1.1.0) with AarTransform
Skipping AarTransform: C:\Users\Tushal\.gradle\caches\transforms-3\ad4399c080ebc131028831b3f7710164\transformed\dynamicanimation-1.0.0 as it is up-to-date.
Transforming vectordrawable-1.1.0.aar (androidx.vectordrawable:vectordrawable:1.1.0) with ExtractAarTransform
Transforming vectordrawable-1.1.0.aar (androidx.vectordrawable:vectordrawable:1.1.0) with AarTransform
Caching disabled for AarTransform: C:\Users\Tushal\.gradle\caches\transforms-3\77ad483ac93f96cb4b844c8d431b41c6\transformed\transition-1.2.0 because:
  Build cache is disabled
Transforming media-1.6.0.aar (androidx.media:media:1.6.0) with ExtractAarTransform
Caching disabled for AarTransform: C:\Users\Tushal\.gradle\caches\transforms-3\3ffad289452d90132b25cfa39b80d81f\transformed\vectordrawable-animated-1.1.0 because:
  Build cache is disabled
Transforming media-1.6.0.aar (androidx.media:media:1.6.0) with AarTransform
Skipping AarTransform: C:\Users\Tushal\.gradle\caches\transforms-3\77ad483ac93f96cb4b844c8d431b41c6\transformed\transition-1.2.0 as it is up-to-date.
Caching disabled for AarTransform: C:\Users\Tushal\.gradle\caches\transforms-3\0c7ee7980467685fc899e8881f198f09\transformed\vectordrawable-1.1.0 because:
  Build cache is disabled
Transforming viewpager-1.0.0.aar (androidx.viewpager:viewpager:1.0.0) with ExtractAarTransform
Skipping AarTransform: C:\Users\Tushal\.gradle\caches\transforms-3\3ffad289452d90132b25cfa39b80d81f\transformed\vectordrawable-animated-1.1.0 as it is up-to-date.
Transforming viewpager-1.0.0.aar (androidx.viewpager:viewpager:1.0.0) with AarTransform
Skipping AarTransform: C:\Users\Tushal\.gradle\caches\transforms-3\0c7ee7980467685fc899e8881f198f09\transformed\vectordrawable-1.1.0 as it is up-to-date.
Transforming legacy-support-core-utils-1.0.0.aar (androidx.legacy:legacy-support-core-utils:1.0.0) with ExtractAarTransform
Caching disabled for AarTransform: C:\Users\Tushal\.gradle\caches\transforms-3\1b730982aa055e587f1c4dd43ee6713f\transformed\viewpager-1.0.0 because:
  Build cache is disabled
Caching disabled for AarTransform: C:\Users\Tushal\.gradle\caches\transforms-3\adf12948b03f92c8da384a18759e3a29\transformed\media-1.6.0 because:
  Build cache is disabled
Skipping AarTransform: C:\Users\Tushal\.gradle\caches\transforms-3\1b730982aa055e587f1c4dd43ee6713f\transformed\viewpager-1.0.0 as it is up-to-date.
Transforming legacy-support-core-utils-1.0.0.aar (androidx.legacy:legacy-support-core-utils:1.0.0) with AarTransform
Skipping AarTransform: C:\Users\Tushal\.gradle\caches\transforms-3\adf12948b03f92c8da384a18759e3a29\transformed\media-1.6.0 as it is up-to-date.
Transforming loader-1.0.0.aar (androidx.loader:loader:1.0.0) with ExtractAarTransform
Transforming loader-1.0.0.aar (androidx.loader:loader:1.0.0) with AarTransform
Transforming loader-1.0.0.aar (androidx.loader:loader:1.0.0) with ExtractAarTransform
Transforming loader-1.0.0.aar (androidx.loader:loader:1.0.0) with AarTransform
Caching disabled for AarTransform: C:\Users\Tushal\.gradle\caches\transforms-3\c02ac995872b81c83e1917567743c810\transformed\legacy-support-core-utils-1.0.0 because:
  Build cache is disabled
Transforming customview-1.1.0.aar (androidx.customview:customview:1.1.0) with ExtractAarTransform
Skipping AarTransform: C:\Users\Tushal\.gradle\caches\transforms-3\c02ac995872b81c83e1917567743c810\transformed\legacy-support-core-utils-1.0.0 as it is up-to-date.
Transforming customview-1.1.0.aar (androidx.customview:customview:1.1.0) with AarTransform
Caching disabled for AarTransform: C:\Users\Tushal\.gradle\caches\transforms-3\8b65fb41d7244f8684b31581aedcf434\transformed\loader-1.0.0 because:
  Build cache is disabled
Skipping AarTransform: C:\Users\Tushal\.gradle\caches\transforms-3\8b65fb41d7244f8684b31581aedcf434\transformed\loader-1.0.0 as it is up-to-date.
Transforming customview-1.1.0.aar (androidx.customview:customview:1.1.0) with ExtractAarTransform
Transforming customview-1.1.0.aar (androidx.customview:customview:1.1.0) with AarTransform
Caching disabled for AarTransform: C:\Users\Tushal\.gradle\caches\transforms-3\c6744541110b4f89ce76a11e549acfe0\transformed\customview-1.1.0 because:
  Build cache is disabled
Transforming customview-1.1.0.aar (androidx.customview:customview:1.1.0) with ExtractAarTransform
Skipping AarTransform: C:\Users\Tushal\.gradle\caches\transforms-3\c6744541110b4f89ce76a11e549acfe0\transformed\customview-1.1.0 as it is up-to-date.
Transforming customview-1.1.0.aar (androidx.customview:customview:1.1.0) with AarTransform
Transforming customview-1.1.0.aar (androidx.customview:customview:1.1.0) with ExtractAarTransform
Transforming customview-1.1.0.aar (androidx.customview:customview:1.1.0) with AarTransform
Transforming core-1.12.0.aar (androidx.core:core:1.12.0) with ExtractAarTransform
Transforming core-1.12.0.aar (androidx.core:core:1.12.0) with AarTransform
Transforming core-1.12.0.aar (androidx.core:core:1.12.0) with ExtractAarTransform
Caching disabled for AarTransform: C:\Users\Tushal\.gradle\caches\transforms-3\0689a9fd0de0e6fef5d369e599568f09\transformed\core-1.12.0 because:
  Build cache is disabled
Transforming core-1.12.0.aar (androidx.core:core:1.12.0) with AarTransform
Skipping AarTransform: C:\Users\Tushal\.gradle\caches\transforms-3\0689a9fd0de0e6fef5d369e599568f09\transformed\core-1.12.0 as it is up-to-date.
Transforming core-1.12.0.aar (androidx.core:core:1.12.0) with ExtractAarTransform
Transforming core-1.12.0.aar (androidx.core:core:1.12.0) with AarTransform
Transforming core-1.12.0.aar (androidx.core:core:1.12.0) with ExtractAarTransform
Transforming core-1.12.0.aar (androidx.core:core:1.12.0) with AarTransform
Transforming core-1.12.0.aar (androidx.core:core:1.12.0) with ExtractAarTransform
Transforming core-1.12.0.aar (androidx.core:core:1.12.0) with AarTransform
Transforming customview-poolingcontainer-1.0.0.aar (androidx.customview:customview-poolingcontainer:1.0.0) with ExtractAarTransform
Transforming customview-poolingcontainer-1.0.0.aar (androidx.customview:customview-poolingcontainer:1.0.0) with AarTransform
Transforming lifecycle-process-2.7.0.aar (androidx.lifecycle:lifecycle-process:2.7.0) with ExtractAarTransform
Transforming lifecycle-process-2.7.0.aar (androidx.lifecycle:lifecycle-process:2.7.0) with AarTransform
Transforming lifecycle-runtime-ktx-2.7.0.aar (androidx.lifecycle:lifecycle-runtime-ktx:2.7.0) with ExtractAarTransform
Transforming lifecycle-runtime-ktx-2.7.0.aar (androidx.lifecycle:lifecycle-runtime-ktx:2.7.0) with AarTransform
Transforming savedstate-ktx-1.2.1.aar (androidx.savedstate:savedstate-ktx:1.2.1) with ExtractAarTransform
Transforming savedstate-ktx-1.2.1.aar (androidx.savedstate:savedstate-ktx:1.2.1) with AarTransform
Caching disabled for AarTransform: C:\Users\Tushal\.gradle\caches\transforms-3\c971668bc13ffb90295d936eac4bd951\transformed\customview-poolingcontainer-1.0.0 because:
  Build cache is disabled
Transforming savedstate-1.2.1.aar (androidx.savedstate:savedstate:1.2.1) with ExtractAarTransform
Skipping AarTransform: C:\Users\Tushal\.gradle\caches\transforms-3\c971668bc13ffb90295d936eac4bd951\transformed\customview-poolingcontainer-1.0.0 as it is up-to-date.
Transforming savedstate-1.2.1.aar (androidx.savedstate:savedstate:1.2.1) with AarTransform
Transforming lifecycle-livedata-core-2.7.0.aar (androidx.lifecycle:lifecycle-livedata-core:2.7.0) with ExtractAarTransform
Caching disabled for AarTransform: C:\Users\Tushal\.gradle\caches\transforms-3\285f085280118d755ce82ea703c4f012\transformed\lifecycle-process-2.7.0 because:
  Build cache is disabled
Transforming lifecycle-livedata-core-2.7.0.aar (androidx.lifecycle:lifecycle-livedata-core:2.7.0) with AarTransform
Caching disabled for AarTransform: C:\Users\Tushal\.gradle\caches\transforms-3\392db174018290aedff9183ad18d0929\transformed\savedstate-ktx-1.2.1 because:
  Build cache is disabled
Caching disabled for AarTransform: C:\Users\Tushal\.gradle\caches\transforms-3\16334cf9ae6f67e16792e7590a141c87\transformed\lifecycle-runtime-ktx-2.7.0 because:
  Build cache is disabled
Skipping AarTransform: C:\Users\Tushal\.gradle\caches\transforms-3\392db174018290aedff9183ad18d0929\transformed\savedstate-ktx-1.2.1 as it is up-to-date.
Caching disabled for AarTransform: C:\Users\Tushal\.gradle\caches\transforms-3\677b5a79186bd8504b833b54b60ee3c9\transformed\lifecycle-livedata-core-2.7.0 because:
  Build cache is disabled
Transforming lifecycle-livedata-core-ktx-2.7.0.aar (androidx.lifecycle:lifecycle-livedata-core-ktx:2.7.0) with ExtractAarTransform
Skipping AarTransform: C:\Users\Tushal\.gradle\caches\transforms-3\285f085280118d755ce82ea703c4f012\transformed\lifecycle-process-2.7.0 as it is up-to-date.
Transforming lifecycle-livedata-core-ktx-2.7.0.aar (androidx.lifecycle:lifecycle-livedata-core-ktx:2.7.0) with AarTransform
Skipping AarTransform: C:\Users\Tushal\.gradle\caches\transforms-3\677b5a79186bd8504b833b54b60ee3c9\transformed\lifecycle-livedata-core-2.7.0 as it is up-to-date.
Transforming lifecycle-livedata-2.7.0.aar (androidx.lifecycle:lifecycle-livedata:2.7.0) with ExtractAarTransform
Skipping AarTransform: C:\Users\Tushal\.gradle\caches\transforms-3\16334cf9ae6f67e16792e7590a141c87\transformed\lifecycle-runtime-ktx-2.7.0 as it is up-to-date.
Caching disabled for AarTransform: C:\Users\Tushal\.gradle\caches\transforms-3\4df352a0ff98d010ff87c87a188bfa25\transformed\savedstate-1.2.1 because:
  Build cache is disabled
Transforming lifecycle-livedata-2.7.0.aar (androidx.lifecycle:lifecycle-livedata:2.7.0) with AarTransform
Skipping AarTransform: C:\Users\Tushal\.gradle\caches\transforms-3\4df352a0ff98d010ff87c87a188bfa25\transformed\savedstate-1.2.1 as it is up-to-date.
Caching disabled for AarTransform: C:\Users\Tushal\.gradle\caches\transforms-3\559af55a7bd8a35aa959e6d3da59f562\transformed\lifecycle-livedata-core-ktx-2.7.0 because:
  Build cache is disabled
Transforming lifecycle-livedata-2.7.0.aar (androidx.lifecycle:lifecycle-livedata:2.7.0) with ExtractAarTransform
Skipping AarTransform: C:\Users\Tushal\.gradle\caches\transforms-3\559af55a7bd8a35aa959e6d3da59f562\transformed\lifecycle-livedata-core-ktx-2.7.0 as it is up-to-date.
Caching disabled for AarTransform: C:\Users\Tushal\.gradle\caches\transforms-3\3dc0ddc8b1cc7d28c3b48bca5ad7c63a\transformed\lifecycle-livedata-2.7.0 because:
  Build cache is disabled
Transforming lifecycle-livedata-2.7.0.aar (androidx.lifecycle:lifecycle-livedata:2.7.0) with AarTransform
Skipping AarTransform: C:\Users\Tushal\.gradle\caches\transforms-3\3dc0ddc8b1cc7d28c3b48bca5ad7c63a\transformed\lifecycle-livedata-2.7.0 as it is up-to-date.
Transforming lifecycle-runtime-2.7.0.aar (androidx.lifecycle:lifecycle-runtime:2.7.0) with ExtractAarTransform
Transforming lifecycle-runtime-2.7.0.aar (androidx.lifecycle:lifecycle-runtime:2.7.0) with AarTransform
Transforming lifecycle-viewmodel-2.7.0.aar (androidx.lifecycle:lifecycle-viewmodel:2.7.0) with ExtractAarTransform
Transforming lifecycle-viewmodel-2.7.0.aar (androidx.lifecycle:lifecycle-viewmodel:2.7.0) with AarTransform
Transforming lifecycle-viewmodel-2.7.0.aar (androidx.lifecycle:lifecycle-viewmodel:2.7.0) with ExtractAarTransform
Transforming lifecycle-viewmodel-2.7.0.aar (androidx.lifecycle:lifecycle-viewmodel:2.7.0) with AarTransform
Transforming lifecycle-viewmodel-ktx-2.7.0.aar (androidx.lifecycle:lifecycle-viewmodel-ktx:2.7.0) with ExtractAarTransform
Transforming lifecycle-viewmodel-ktx-2.7.0.aar (androidx.lifecycle:lifecycle-viewmodel-ktx:2.7.0) with AarTransform
Caching disabled for AarTransform: C:\Users\Tushal\.gradle\caches\transforms-3\6bab4852d63525fc8c095ec62187c7d2\transformed\lifecycle-viewmodel-2.7.0 because:
  Build cache is disabled
Caching disabled for AarTransform: C:\Users\Tushal\.gradle\caches\transforms-3\c35613f5ee0955877fb1dbb83fac5020\transformed\lifecycle-runtime-2.7.0 because:
  Build cache is disabled
Transforming lifecycle-livedata-ktx-2.7.0.aar (androidx.lifecycle:lifecycle-livedata-ktx:2.7.0) with ExtractAarTransform
Caching disabled for AarTransform: C:\Users\Tushal\.gradle\caches\transforms-3\12495d349f42f60593d1d8e7a86e38c5\transformed\lifecycle-viewmodel-ktx-2.7.0 because:
  Build cache is disabled
Skipping AarTransform: C:\Users\Tushal\.gradle\caches\transforms-3\c35613f5ee0955877fb1dbb83fac5020\transformed\lifecycle-runtime-2.7.0 as it is up-to-date.
Skipping AarTransform: C:\Users\Tushal\.gradle\caches\transforms-3\12495d349f42f60593d1d8e7a86e38c5\transformed\lifecycle-viewmodel-ktx-2.7.0 as it is up-to-date.
Skipping AarTransform: C:\Users\Tushal\.gradle\caches\transforms-3\6bab4852d63525fc8c095ec62187c7d2\transformed\lifecycle-viewmodel-2.7.0 as it is up-to-date.
Transforming lifecycle-livedata-ktx-2.7.0.aar (androidx.lifecycle:lifecycle-livedata-ktx:2.7.0) with AarTransform
Transforming lifecycle-viewmodel-savedstate-2.7.0.aar (androidx.lifecycle:lifecycle-viewmodel-savedstate:2.7.0) with ExtractAarTransform
Transforming lifecycle-viewmodel-savedstate-2.7.0.aar (androidx.lifecycle:lifecycle-viewmodel-savedstate:2.7.0) with AarTransform
Transforming core-ktx-1.12.0.aar (androidx.core:core-ktx:1.12.0) with ExtractAarTransform
Transforming core-ktx-1.12.0.aar (androidx.core:core-ktx:1.12.0) with AarTransform
Caching disabled for AarTransform: C:\Users\Tushal\.gradle\caches\transforms-3\1f44855ee8a9143ee7ef0c1481e3f0d9\transformed\lifecycle-livedata-ktx-2.7.0 because:
  Build cache is disabled
Caching disabled for AarTransform: C:\Users\Tushal\.gradle\caches\transforms-3\456d36f24c2cdbdedacb020de67fc621\transformed\lifecycle-viewmodel-savedstate-2.7.0 because:
  Build cache is disabled
Transforming room-runtime-2.6.1.aar (androidx.room:room-runtime:2.6.1) with ExtractAarTransform
Skipping AarTransform: C:\Users\Tushal\.gradle\caches\transforms-3\456d36f24c2cdbdedacb020de67fc621\transformed\lifecycle-viewmodel-savedstate-2.7.0 as it is up-to-date.
Transforming room-runtime-2.6.1.aar (androidx.room:room-runtime:2.6.1) with AarTransform
Caching disabled for AarTransform: C:\Users\Tushal\.gradle\caches\transforms-3\4a0525888b51531b2d8c676d5df937d6\transformed\core-ktx-1.12.0 because:
  Build cache is disabled
Skipping AarTransform: C:\Users\Tushal\.gradle\caches\transforms-3\1f44855ee8a9143ee7ef0c1481e3f0d9\transformed\lifecycle-livedata-ktx-2.7.0 as it is up-to-date.
Transforming room-ktx-2.6.1.aar (androidx.room:room-ktx:2.6.1) with ExtractAarTransform
Skipping AarTransform: C:\Users\Tushal\.gradle\caches\transforms-3\4a0525888b51531b2d8c676d5df937d6\transformed\core-ktx-1.12.0 as it is up-to-date.
Transforming room-ktx-2.6.1.aar (androidx.room:room-ktx:2.6.1) with AarTransform
Caching disabled for AarTransform: C:\Users\Tushal\.gradle\caches\transforms-3\888877568181c0f6eb4ce892d57068b3\transformed\room-runtime-2.6.1 because:
  Build cache is disabled
Transforming sqlite-framework-2.4.0.aar (androidx.sqlite:sqlite-framework:2.4.0) with ExtractAarTransform
Skipping AarTransform: C:\Users\Tushal\.gradle\caches\transforms-3\888877568181c0f6eb4ce892d57068b3\transformed\room-runtime-2.6.1 as it is up-to-date.
Transforming sqlite-framework-2.4.0.aar (androidx.sqlite:sqlite-framework:2.4.0) with AarTransform
Caching disabled for AarTransform: C:\Users\Tushal\.gradle\caches\transforms-3\370719b425780f26af1080c819ab5589\transformed\room-ktx-2.6.1 because:
  Build cache is disabled
Transforming sqlite-2.4.0.aar (androidx.sqlite:sqlite:2.4.0) with ExtractAarTransform
Skipping AarTransform: C:\Users\Tushal\.gradle\caches\transforms-3\370719b425780f26af1080c819ab5589\transformed\room-ktx-2.6.1 as it is up-to-date.
Transforming sqlite-2.4.0.aar (androidx.sqlite:sqlite:2.4.0) with AarTransform
Caching disabled for AarTransform: C:\Users\Tushal\.gradle\caches\transforms-3\b7004b0b345b7039ad3076d4f11b014f\transformed\sqlite-framework-2.4.0 because:
  Build cache is disabled
Transforming annotation-experimental-1.3.1.aar (androidx.annotation:annotation-experimental:1.3.1) with ExtractAarTransform
Skipping AarTransform: C:\Users\Tushal\.gradle\caches\transforms-3\b7004b0b345b7039ad3076d4f11b014f\transformed\sqlite-framework-2.4.0 as it is up-to-date.
Transforming annotation-experimental-1.3.1.aar (androidx.annotation:annotation-experimental:1.3.1) with AarTransform
Transforming cardview-1.0.0.aar (androidx.cardview:cardview:1.0.0) with ExtractAarTransform
Transforming cardview-1.0.0.aar (androidx.cardview:cardview:1.0.0) with AarTransform
Caching disabled for AarTransform: C:\Users\Tushal\.gradle\caches\transforms-3\81978c211bff88f5381685aa43447203\transformed\annotation-experimental-1.3.1 because:
  Build cache is disabled
Caching disabled for AarTransform: C:\Users\Tushal\.gradle\caches\transforms-3\fc8be31588cad0a66c61f32c5640f596\transformed\sqlite-2.4.0 because:
  Build cache is disabled
Skipping AarTransform: C:\Users\Tushal\.gradle\caches\transforms-3\81978c211bff88f5381685aa43447203\transformed\annotation-experimental-1.3.1 as it is up-to-date.
Skipping AarTransform: C:\Users\Tushal\.gradle\caches\transforms-3\fc8be31588cad0a66c61f32c5640f596\transformed\sqlite-2.4.0 as it is up-to-date.
Transforming security-crypto-1.1.0-alpha06.aar (androidx.security:security-crypto:1.1.0-alpha06) with ExtractAarTransform
Caching disabled for AarTransform: C:\Users\Tushal\.gradle\caches\transforms-3\947307f88e48bf9427ba4ec6a34d2b50\transformed\cardview-1.0.0 because:
  Build cache is disabled
Transforming security-crypto-1.1.0-alpha06.aar (androidx.security:security-crypto:1.1.0-alpha06) with AarTransform
Skipping AarTransform: C:\Users\Tushal\.gradle\caches\transforms-3\947307f88e48bf9427ba4ec6a34d2b50\transformed\cardview-1.0.0 as it is up-to-date.
Transforming cursoradapter-1.0.0.aar (androidx.cursoradapter:cursoradapter:1.0.0) with ExtractAarTransform
Transforming cursoradapter-1.0.0.aar (androidx.cursoradapter:cursoradapter:1.0.0) with AarTransform
Transforming interpolator-1.0.0.aar (androidx.interpolator:interpolator:1.0.0) with ExtractAarTransform
Caching disabled for AarTransform: C:\Users\Tushal\.gradle\caches\transforms-3\f816468c226029777744c01983376002\transformed\security-crypto-1.1.0-alpha06 because:
  Build cache is disabled
Caching disabled for AarTransform: C:\Users\Tushal\.gradle\caches\transforms-3\feccdbabe94b1a4a420e85fa751f7c7d\transformed\cursoradapter-1.0.0 because:
  Build cache is disabled
Transforming interpolator-1.0.0.aar (androidx.interpolator:interpolator:1.0.0) with AarTransform
Skipping AarTransform: C:\Users\Tushal\.gradle\caches\transforms-3\feccdbabe94b1a4a420e85fa751f7c7d\transformed\cursoradapter-1.0.0 as it is up-to-date.
Skipping AarTransform: C:\Users\Tushal\.gradle\caches\transforms-3\f816468c226029777744c01983376002\transformed\security-crypto-1.1.0-alpha06 as it is up-to-date.
Transforming interpolator-1.0.0.aar (androidx.interpolator:interpolator:1.0.0) with ExtractAarTransform
Transforming interpolator-1.0.0.aar (androidx.interpolator:interpolator:1.0.0) with AarTransform
Transforming interpolator-1.0.0.aar (androidx.interpolator:interpolator:1.0.0) with ExtractAarTransform
Transforming interpolator-1.0.0.aar (androidx.interpolator:interpolator:1.0.0) with AarTransform
Caching disabled for AarTransform: C:\Users\Tushal\.gradle\caches\transforms-3\b4713265b2f5b88c29f2131d51b92139\transformed\interpolator-1.0.0 because:
  Build cache is disabled
Transforming core-runtime-2.2.0.aar (androidx.arch.core:core-runtime:2.2.0) with ExtractAarTransform
Skipping AarTransform: C:\Users\Tushal\.gradle\caches\transforms-3\b4713265b2f5b88c29f2131d51b92139\transformed\interpolator-1.0.0 as it is up-to-date.
Transforming core-runtime-2.2.0.aar (androidx.arch.core:core-runtime:2.2.0) with AarTransform
Transforming exifinterface-1.3.6.aar (androidx.exifinterface:exifinterface:1.3.6) with ExtractAarTransform
Transforming exifinterface-1.3.6.aar (androidx.exifinterface:exifinterface:1.3.6) with AarTransform
Transforming gifdecoder-4.16.0.aar (com.github.bumptech.glide:gifdecoder:4.16.0) with ExtractAarTransform
Transforming gifdecoder-4.16.0.aar (com.github.bumptech.glide:gifdecoder:4.16.0) with AarTransform
Transforming profileinstaller-1.3.1.aar (androidx.profileinstaller:profileinstaller:1.3.1) with ExtractAarTransform
Transforming profileinstaller-1.3.1.aar (androidx.profileinstaller:profileinstaller:1.3.1) with AarTransform
Caching disabled for AarTransform: C:\Users\Tushal\.gradle\caches\transforms-3\9dca4bc3d53f04f796ee539a0be1842d\transformed\exifinterface-1.3.6 because:
  Build cache is disabled
Caching disabled for AarTransform: C:\Users\Tushal\.gradle\caches\transforms-3\1f92b18ff42b04762aab378ca1917193\transformed\core-runtime-2.2.0 because:
  Build cache is disabled
Skipping AarTransform: C:\Users\Tushal\.gradle\caches\transforms-3\9dca4bc3d53f04f796ee539a0be1842d\transformed\exifinterface-1.3.6 as it is up-to-date.
Caching disabled for AarTransform: C:\Users\Tushal\.gradle\caches\transforms-3\6b25d9b82ed183efd04348a1932698e9\transformed\gifdecoder-4.16.0 because:
  Build cache is disabled
Transforming startup-runtime-1.1.1.aar (androidx.startup:startup-runtime:1.1.1) with ExtractAarTransform
Skipping AarTransform: C:\Users\Tushal\.gradle\caches\transforms-3\6b25d9b82ed183efd04348a1932698e9\transformed\gifdecoder-4.16.0 as it is up-to-date.
Skipping AarTransform: C:\Users\Tushal\.gradle\caches\transforms-3\1f92b18ff42b04762aab378ca1917193\transformed\core-runtime-2.2.0 as it is up-to-date.
Caching disabled for AarTransform: C:\Users\Tushal\.gradle\caches\transforms-3\add9d43d9169ede12cf03341f0f55eff\transformed\profileinstaller-1.3.1 because:
  Build cache is disabled
Transforming startup-runtime-1.1.1.aar (androidx.startup:startup-runtime:1.1.1) with AarTransform
Skipping AarTransform: C:\Users\Tushal\.gradle\caches\transforms-3\add9d43d9169ede12cf03341f0f55eff\transformed\profileinstaller-1.3.1 as it is up-to-date.
Transforming tracing-1.0.0.aar (androidx.tracing:tracing:1.0.0) with ExtractAarTransform
Transforming tracing-1.0.0.aar (androidx.tracing:tracing:1.0.0) with AarTransform
Transforming versionedparcelable-1.1.1.aar (androidx.versionedparcelable:versionedparcelable:1.1.1) with ExtractAarTransform
Transforming versionedparcelable-1.1.1.aar (androidx.versionedparcelable:versionedparcelable:1.1.1) with AarTransform
Transforming documentfile-1.0.0.aar (androidx.documentfile:documentfile:1.0.0) with ExtractAarTransform
Transforming documentfile-1.0.0.aar (androidx.documentfile:documentfile:1.0.0) with AarTransform
Transforming localbroadcastmanager-1.0.0.aar (androidx.localbroadcastmanager:localbroadcastmanager:1.0.0) with ExtractAarTransform
Caching disabled for AarTransform: C:\Users\Tushal\.gradle\caches\transforms-3\b89dbbd2c07c77ed01414e4e82e13513\transformed\tracing-1.0.0 because:
  Build cache is disabled
Caching disabled for AarTransform: C:\Users\Tushal\.gradle\caches\transforms-3\feab105b5520079f049fbf877f15d1c9\transformed\startup-runtime-1.1.1 because:
  Build cache is disabled
Skipping AarTransform: C:\Users\Tushal\.gradle\caches\transforms-3\b89dbbd2c07c77ed01414e4e82e13513\transformed\tracing-1.0.0 as it is up-to-date.
Transforming localbroadcastmanager-1.0.0.aar (androidx.localbroadcastmanager:localbroadcastmanager:1.0.0) with AarTransform
Skipping AarTransform: C:\Users\Tushal\.gradle\caches\transforms-3\feab105b5520079f049fbf877f15d1c9\transformed\startup-runtime-1.1.1 as it is up-to-date.
Transforming print-1.0.0.aar (androidx.print:print:1.0.0) with ExtractAarTransform
Caching disabled for AarTransform: C:\Users\Tushal\.gradle\caches\transforms-3\525a47ace2319598ac413e200a5d0bc8\transformed\versionedparcelable-1.1.1 because:
  Build cache is disabled
Transforming print-1.0.0.aar (androidx.print:print:1.0.0) with AarTransform
Skipping AarTransform: C:\Users\Tushal\.gradle\caches\transforms-3\525a47ace2319598ac413e200a5d0bc8\transformed\versionedparcelable-1.1.1 as it is up-to-date.
Caching disabled for AarTransform: C:\Users\Tushal\.gradle\caches\transforms-3\4605d80e7c376801fc7312c266e4256f\transformed\documentfile-1.0.0 because:
  Build cache is disabled
Caching disabled for AarTransform: C:\Users\Tushal\.gradle\caches\transforms-3\119ccbc886a35f03ef88c1b2aa469021\transformed\localbroadcastmanager-1.0.0 because:
  Build cache is disabled
Transforming multidex-2.0.1.aar (androidx.multidex:multidex:2.0.1) with ExtractAarTransform
Skipping AarTransform: C:\Users\Tushal\.gradle\caches\transforms-3\119ccbc886a35f03ef88c1b2aa469021\transformed\localbroadcastmanager-1.0.0 as it is up-to-date.
Caching disabled for AarTransform: C:\Users\Tushal\.gradle\caches\transforms-3\ea51fda6ac45a05011c00104e91c0579\transformed\print-1.0.0 because:
  Build cache is disabled
Skipping AarTransform: C:\Users\Tushal\.gradle\caches\transforms-3\4605d80e7c376801fc7312c266e4256f\transformed\documentfile-1.0.0 as it is up-to-date.
Skipping AarTransform: C:\Users\Tushal\.gradle\caches\transforms-3\ea51fda6ac45a05011c00104e91c0579\transformed\print-1.0.0 as it is up-to-date.
Transforming multidex-2.0.1.aar (androidx.multidex:multidex:2.0.1) with AarTransform
Caching disabled for AarTransform: C:\Users\Tushal\.gradle\caches\transforms-3\8b6a5ea78f7918a06084e5aa589e5e1d\transformed\multidex-2.0.1 because:
  Build cache is disabled
Skipping AarTransform: C:\Users\Tushal\.gradle\caches\transforms-3\8b6a5ea78f7918a06084e5aa589e5e1d\transformed\multidex-2.0.1 as it is up-to-date.
Caching disabled for task ':app:mergeDebugAssets' because:
  Build cache is disabled
Task ':app:mergeDebugAssets' is not up-to-date because:
  Output property 'outputDir' file C:\Users\Tushal\Desktop\APP\Vexor\app\build\intermediates\assets\debug has been removed.
The input changes require a full rebuild for incremental task ':app:mergeDebugAssets'.
Resolve mutations for :app:compressDebugAssets (Thread[Execution worker Thread 9,5,main]) started.
:app:compressDebugAssets (Thread[Execution worker Thread 9,5,main]) started.

> Task :app:compressDebugAssets
Caching disabled for task ':app:compressDebugAssets' because:
  Build cache is disabled
Task ':app:compressDebugAssets' is not up-to-date because:
  Output property 'outputDir' file C:\Users\Tushal\Desktop\APP\Vexor\app\build\intermediates\compressed_assets\debug\out has been removed.
The input changes require a full rebuild for incremental task ':app:compressDebugAssets'.
Resolve mutations for :app:desugarDebugFileDependencies (Thread[Execution worker Thread 9,5,main]) started.
:app:desugarDebugFileDependencies (Thread[Execution worker Thread 9,5,main]) started.

> Task :app:desugarDebugFileDependencies
Caching disabled for task ':app:desugarDebugFileDependencies' because:
  Build cache is disabled
Task ':app:desugarDebugFileDependencies' is not up-to-date because:
  Output property 'outputDirectory' file C:\Users\Tushal\Desktop\APP\Vexor\app\build\intermediates\external_file_lib_dex_archives\debug has been removed.
  Output property 'outputGlobalSynthetics' file C:\Users\Tushal\Desktop\APP\Vexor\app\build\intermediates\global_synthetics_file_lib\debug has been removed.
Resolve mutations for :app:checkDebugDuplicateClasses (Thread[Execution worker Thread 9,5,main]) started.
:app:checkDebugDuplicateClasses (Thread[Execution worker Thread 9,5,main]) started.
Resolve mutations for :app:mergeDebugJniLibFolders (Thread[Execution worker Thread 13,5,main]) started.
:app:mergeDebugJniLibFolders (Thread[Execution worker Thread 13,5,main]) started.

> Task :app:mergeDebugJniLibFolders
Caching disabled for task ':app:mergeDebugJniLibFolders' because:
  Build cache is disabled
Task ':app:mergeDebugJniLibFolders' is not up-to-date because:
  Output property 'outputDir' file C:\Users\Tushal\Desktop\APP\Vexor\app\build\intermediates\merged_jni_libs\debug\out has been removed.
The input changes require a full rebuild for incremental task ':app:mergeDebugJniLibFolders'.
Resolve mutations for :app:mergeDebugNativeLibs (Thread[Execution worker Thread 13,5,main]) started.
:app:mergeDebugNativeLibs (Thread[Execution worker Thread 13,5,main]) started.

> Task :app:checkDebugDuplicateClasses
Transforming viewbinding-8.2.0.aar (androidx.databinding:viewbinding:8.2.0) with AarToClassTransform
Transforming material-1.11.0.aar (com.google.android.material:material:1.11.0) with AarToClassTransform
Transforming constraintlayout-2.1.4.aar (androidx.constraintlayout:constraintlayout:2.1.4) with AarToClassTransform
Transforming biometric-1.1.0.aar (androidx.biometric:biometric:1.1.0) with AarToClassTransform
Caching disabled for AarToClassTransform: C:\Users\Tushal\.gradle\caches\modules-2\files-2.1\androidx.databinding\viewbinding\8.2.0\82f5fd3bd4ee912e5fee216e201769288a2a9dae\viewbinding-8.2.0.aar because:
  Build cache is disabled
Caching disabled for AarToClassTransform: C:\Users\Tushal\.gradle\caches\modules-2\files-2.1\com.google.android.material\material\1.11.0\e46abb2e27abed3ad274ba96b169a4c61fbb11fd\material-1.11.0.aar because:
  Build cache is disabled
Transforming coil-2.5.0.aar (io.coil-kt:coil:2.5.0) with AarToClassTransform
Skipping AarToClassTransform: C:\Users\Tushal\.gradle\caches\modules-2\files-2.1\com.google.android.material\material\1.11.0\e46abb2e27abed3ad274ba96b169a4c61fbb11fd\material-1.11.0.aar as it is up-to-date.
Skipping AarToClassTransform: C:\Users\Tushal\.gradle\caches\modules-2\files-2.1\androidx.databinding\viewbinding\8.2.0\82f5fd3bd4ee912e5fee216e201769288a2a9dae\viewbinding-8.2.0.aar as it is up-to-date.
Caching disabled for AarToClassTransform: C:\Users\Tushal\.gradle\caches\modules-2\files-2.1\androidx.constraintlayout\constraintlayout\2.1.4\b7ad5eca28aa9e7c4ea1a7e256c7ee4401a031f\constraintlayout-2.1.4.aar because:
  Build cache is disabled
Skipping AarToClassTransform: C:\Users\Tushal\.gradle\caches\modules-2\files-2.1\androidx.constraintlayout\constraintlayout\2.1.4\b7ad5eca28aa9e7c4ea1a7e256c7ee4401a031f\constraintlayout-2.1.4.aar as it is up-to-date.
Transforming coil-video-2.5.0.aar (io.coil-kt:coil-video:2.5.0) with AarToClassTransform
Caching disabled for AarToClassTransform: C:\Users\Tushal\.gradle\caches\modules-2\files-2.1\androidx.biometric\biometric\1.1.0\3d4d3a881cc8cbeee5bf9dd6a4e8326f0e4b44cd\biometric-1.1.0.aar because:
  Build cache is disabled
Transforming material-1.11.0.aar (com.google.android.material:material:1.11.0) with EnumerateClassesTransform
Skipping AarToClassTransform: C:\Users\Tushal\.gradle\caches\modules-2\files-2.1\androidx.biometric\biometric\1.1.0\3d4d3a881cc8cbeee5bf9dd6a4e8326f0e4b44cd\biometric-1.1.0.aar as it is up-to-date.
Transforming viewbinding-8.2.0.aar (androidx.databinding:viewbinding:8.2.0) with EnumerateClassesTransform
Caching disabled for EnumerateClassesTransform: C:\Users\Tushal\.gradle\caches\transforms-3\df9232eb940a2d8bf4ac70bef15fabc9\transformed\material-1.11.0-runtime.jar because:
  Build cache is disabled
Transforming coil-base-2.5.0.aar (io.coil-kt:coil-base:2.5.0) with AarToClassTransform
Skipping EnumerateClassesTransform: C:\Users\Tushal\.gradle\caches\transforms-3\df9232eb940a2d8bf4ac70bef15fabc9\transformed\material-1.11.0-runtime.jar as it is up-to-date.
Transforming constraintlayout-2.1.4.aar (androidx.constraintlayout:constraintlayout:2.1.4) with EnumerateClassesTransform
Transforming biometric-1.1.0.aar (androidx.biometric:biometric:1.1.0) with EnumerateClassesTransform
Caching disabled for EnumerateClassesTransform: C:\Users\Tushal\.gradle\caches\transforms-3\e992729d49eb181f1ecc788f3d22399b\transformed\viewbinding-8.2.0-runtime.jar because:
  Build cache is disabled
Caching disabled for AarToClassTransform: C:\Users\Tushal\.gradle\caches\modules-2\files-2.1\io.coil-kt\coil\2.5.0\b8715dafc4143e853f897187f163dd32f1c8ab89\coil-2.5.0.aar because:
  Build cache is disabled
Caching disabled for EnumerateClassesTransform: C:\Users\Tushal\.gradle\caches\transforms-3\4f339ed354922985173ffed7f8f5d212\transformed\biometric-1.1.0-runtime.jar because:
  Build cache is disabled
Skipping EnumerateClassesTransform: C:\Users\Tushal\.gradle\caches\transforms-3\4f339ed354922985173ffed7f8f5d212\transformed\biometric-1.1.0-runtime.jar as it is up-to-date.
Caching disabled for EnumerateClassesTransform: C:\Users\Tushal\.gradle\caches\transforms-3\6ff8b23b1fc6a484675dbaaec95a31f7\transformed\constraintlayout-2.1.4-runtime.jar because:
  Build cache is disabled
Skipping EnumerateClassesTransform: C:\Users\Tushal\.gradle\caches\transforms-3\6ff8b23b1fc6a484675dbaaec95a31f7\transformed\constraintlayout-2.1.4-runtime.jar as it is up-to-date.
Caching disabled for AarToClassTransform: C:\Users\Tushal\.gradle\caches\modules-2\files-2.1\io.coil-kt\coil-video\2.5.0\b019287ffa195f81da8344b679f3475c917800be\coil-video-2.5.0.aar because:
  Build cache is disabled
Caching disabled for AarToClassTransform: C:\Users\Tushal\.gradle\caches\modules-2\files-2.1\io.coil-kt\coil-base\2.5.0\2781eb09c2cf68c2c0722b76a5b22f70ff1f909c\coil-base-2.5.0.aar because:
  Build cache is disabled
Transforming appcompat-resources-1.6.1.aar (androidx.appcompat:appcompat-resources:1.6.1) with AarToClassTransform
Skipping AarToClassTransform: C:\Users\Tushal\.gradle\caches\modules-2\files-2.1\io.coil-kt\coil\2.5.0\b8715dafc4143e853f897187f163dd32f1c8ab89\coil-2.5.0.aar as it is up-to-date.
Skipping EnumerateClassesTransform: C:\Users\Tushal\.gradle\caches\transforms-3\e992729d49eb181f1ecc788f3d22399b\transformed\viewbinding-8.2.0-runtime.jar as it is up-to-date.
Skipping AarToClassTransform: C:\Users\Tushal\.gradle\caches\modules-2\files-2.1\io.coil-kt\coil-base\2.5.0\2781eb09c2cf68c2c0722b76a5b22f70ff1f909c\coil-base-2.5.0.aar as it is up-to-date.
Skipping AarToClassTransform: C:\Users\Tushal\.gradle\caches\modules-2\files-2.1\io.coil-kt\coil-video\2.5.0\b019287ffa195f81da8344b679f3475c917800be\coil-video-2.5.0.aar as it is up-to-date.
Transforming appcompat-1.6.1.aar (androidx.appcompat:appcompat:1.6.1) with AarToClassTransform
Transforming coil-2.5.0.aar (io.coil-kt:coil:2.5.0) with EnumerateClassesTransform
Caching disabled for AarToClassTransform: C:\Users\Tushal\.gradle\caches\modules-2\files-2.1\androidx.appcompat\appcompat-resources\1.6.1\3fe43025e50b556f319b1ff82a730d5a376a31e\appcompat-resources-1.6.1.aar because:
  Build cache is disabled
Skipping AarToClassTransform: C:\Users\Tushal\.gradle\caches\modules-2\files-2.1\androidx.appcompat\appcompat-resources\1.6.1\3fe43025e50b556f319b1ff82a730d5a376a31e\appcompat-resources-1.6.1.aar as it is up-to-date.
Caching disabled for EnumerateClassesTransform: C:\Users\Tushal\.gradle\caches\transforms-3\caf34d3321d64c3e5223dbd9523c0577\transformed\coil-2.5.0-runtime.jar because:
  Build cache is disabled
Transforming glide-4.16.0.aar (com.github.bumptech.glide:glide:4.16.0) with AarToClassTransform
Caching disabled for AarToClassTransform: C:\Users\Tushal\.gradle\caches\modules-2\files-2.1\androidx.appcompat\appcompat\1.6.1\6c7577004b7ebbee5ed87d512b578dd20e3c8c31\appcompat-1.6.1.aar because:
  Build cache is disabled
Skipping EnumerateClassesTransform: C:\Users\Tushal\.gradle\caches\transforms-3\caf34d3321d64c3e5223dbd9523c0577\transformed\coil-2.5.0-runtime.jar as it is up-to-date.
Transforming coil-base-2.5.0.aar (io.coil-kt:coil-base:2.5.0) with EnumerateClassesTransform
Transforming appcompat-resources-1.6.1.aar (androidx.appcompat:appcompat-resources:1.6.1) with EnumerateClassesTransform
Skipping AarToClassTransform: C:\Users\Tushal\.gradle\caches\modules-2\files-2.1\androidx.appcompat\appcompat\1.6.1\6c7577004b7ebbee5ed87d512b578dd20e3c8c31\appcompat-1.6.1.aar as it is up-to-date.
Caching disabled for EnumerateClassesTransform: C:\Users\Tushal\.gradle\caches\transforms-3\10ecac82563a6ddf33b211681228a910\transformed\appcompat-resources-1.6.1-runtime.jar because:
  Build cache is disabled
Caching disabled for EnumerateClassesTransform: C:\Users\Tushal\.gradle\caches\transforms-3\c1da0da009bac0194d3827d6dc130b0a\transformed\coil-base-2.5.0-runtime.jar because:
  Build cache is disabled
Skipping EnumerateClassesTransform: C:\Users\Tushal\.gradle\caches\transforms-3\c1da0da009bac0194d3827d6dc130b0a\transformed\coil-base-2.5.0-runtime.jar as it is up-to-date.
Transforming coil-video-2.5.0.aar (io.coil-kt:coil-video:2.5.0) with EnumerateClassesTransform
Skipping EnumerateClassesTransform: C:\Users\Tushal\.gradle\caches\transforms-3\10ecac82563a6ddf33b211681228a910\transformed\appcompat-resources-1.6.1-runtime.jar as it is up-to-date.
Caching disabled for AarToClassTransform: C:\Users\Tushal\.gradle\caches\modules-2\files-2.1\com.github.bumptech.glide\glide\4.16.0\b9613dcb811d4b2844d7344f2aa580544140b68e\glide-4.16.0.aar because:
  Build cache is disabled
Caching disabled for EnumerateClassesTransform: C:\Users\Tushal\.gradle\caches\transforms-3\17fbd3856bf609a650d0d5ad1eb5504b\transformed\coil-video-2.5.0-runtime.jar because:
  Build cache is disabled
Transforming media3-exoplayer-1.2.0.aar (androidx.media3:media3-exoplayer:1.2.0) with AarToClassTransform
Skipping EnumerateClassesTransform: C:\Users\Tushal\.gradle\caches\transforms-3\17fbd3856bf609a650d0d5ad1eb5504b\transformed\coil-video-2.5.0-runtime.jar as it is up-to-date.
Skipping AarToClassTransform: C:\Users\Tushal\.gradle\caches\modules-2\files-2.1\com.github.bumptech.glide\glide\4.16.0\b9613dcb811d4b2844d7344f2aa580544140b68e\glide-4.16.0.aar as it is up-to-date.
Transforming appcompat-1.6.1.aar (androidx.appcompat:appcompat:1.6.1) with EnumerateClassesTransform
Caching disabled for EnumerateClassesTransform: C:\Users\Tushal\.gradle\caches\transforms-3\ef861b9b0050e4f810bf756e7ac927e0\transformed\appcompat-1.6.1-runtime.jar because:
  Build cache is disabled
Transforming media3-extractor-1.2.0.aar (androidx.media3:media3-extractor:1.2.0) with AarToClassTransform
Skipping EnumerateClassesTransform: C:\Users\Tushal\.gradle\caches\transforms-3\ef861b9b0050e4f810bf756e7ac927e0\transformed\appcompat-1.6.1-runtime.jar as it is up-to-date.
Transforming glide-4.16.0.aar (com.github.bumptech.glide:glide:4.16.0) with EnumerateClassesTransform
Caching disabled for AarToClassTransform: C:\Users\Tushal\.gradle\caches\modules-2\files-2.1\androidx.media3\media3-exoplayer\1.2.0\f994184952f36f0c91eb0ec6ed6c9283d6858076\media3-exoplayer-1.2.0.aar because:
  Build cache is disabled
Caching disabled for EnumerateClassesTransform: C:\Users\Tushal\.gradle\caches\transforms-3\08715816fde834462a82d448285b6f94\transformed\glide-4.16.0-runtime.jar because:
  Build cache is disabled
Skipping AarToClassTransform: C:\Users\Tushal\.gradle\caches\modules-2\files-2.1\androidx.media3\media3-exoplayer\1.2.0\f994184952f36f0c91eb0ec6ed6c9283d6858076\media3-exoplayer-1.2.0.aar as it is up-to-date.
Transforming media3-container-1.2.0.aar (androidx.media3:media3-container:1.2.0) with AarToClassTransform
Skipping EnumerateClassesTransform: C:\Users\Tushal\.gradle\caches\transforms-3\08715816fde834462a82d448285b6f94\transformed\glide-4.16.0-runtime.jar as it is up-to-date.
Caching disabled for AarToClassTransform: C:\Users\Tushal\.gradle\caches\modules-2\files-2.1\androidx.media3\media3-extractor\1.2.0\50a4178d574f49fd0e29d81423a00f75fed91030\media3-extractor-1.2.0.aar because:
  Build cache is disabled
Skipping AarToClassTransform: C:\Users\Tushal\.gradle\caches\modules-2\files-2.1\androidx.media3\media3-extractor\1.2.0\50a4178d574f49fd0e29d81423a00f75fed91030\media3-extractor-1.2.0.aar as it is up-to-date.
Transforming media3-datasource-1.2.0.aar (androidx.media3:media3-datasource:1.2.0) with AarToClassTransform
Transforming media3-exoplayer-1.2.0.aar (androidx.media3:media3-exoplayer:1.2.0) with EnumerateClassesTransform
Caching disabled for AarToClassTransform: C:\Users\Tushal\.gradle\caches\modules-2\files-2.1\androidx.media3\media3-container\1.2.0\52a49b0f160f5b2d20db8dd0b7bad72fd4c1922a\media3-container-1.2.0.aar because:
  Build cache is disabled
Skipping AarToClassTransform: C:\Users\Tushal\.gradle\caches\modules-2\files-2.1\androidx.media3\media3-container\1.2.0\52a49b0f160f5b2d20db8dd0b7bad72fd4c1922a\media3-container-1.2.0.aar as it is up-to-date.
Transforming media3-extractor-1.2.0.aar (androidx.media3:media3-extractor:1.2.0) with EnumerateClassesTransform
Transforming media3-decoder-1.2.0.aar (androidx.media3:media3-decoder:1.2.0) with AarToClassTransform
Caching disabled for EnumerateClassesTransform: C:\Users\Tushal\.gradle\caches\transforms-3\bfae9a71c0bc7d60855a986c8a6c8f14\transformed\media3-exoplayer-1.2.0-runtime.jar because:
  Build cache is disabled
Caching disabled for AarToClassTransform: C:\Users\Tushal\.gradle\caches\modules-2\files-2.1\androidx.media3\media3-datasource\1.2.0\119f35d7f0a31a5f265adc33be37929fa13ff06e\media3-datasource-1.2.0.aar because:
  Build cache is disabled
Skipping EnumerateClassesTransform: C:\Users\Tushal\.gradle\caches\transforms-3\bfae9a71c0bc7d60855a986c8a6c8f14\transformed\media3-exoplayer-1.2.0-runtime.jar as it is up-to-date.
Skipping AarToClassTransform: C:\Users\Tushal\.gradle\caches\modules-2\files-2.1\androidx.media3\media3-datasource\1.2.0\119f35d7f0a31a5f265adc33be37929fa13ff06e\media3-datasource-1.2.0.aar as it is up-to-date.
Caching disabled for AarToClassTransform: C:\Users\Tushal\.gradle\caches\modules-2\files-2.1\androidx.media3\media3-decoder\1.2.0\59649321331cd3f17435faa2773ed58b5dc8d5d6\media3-decoder-1.2.0.aar because:
  Build cache is disabled
Transforming media3-database-1.2.0.aar (androidx.media3:media3-database:1.2.0) with AarToClassTransform
Transforming media3-container-1.2.0.aar (androidx.media3:media3-container:1.2.0) with EnumerateClassesTransform
Caching disabled for EnumerateClassesTransform: C:\Users\Tushal\.gradle\caches\transforms-3\82e8bfc02f60bb01e6b9e3fbd872a064\transformed\media3-extractor-1.2.0-runtime.jar because:
  Build cache is disabled
Skipping AarToClassTransform: C:\Users\Tushal\.gradle\caches\modules-2\files-2.1\androidx.media3\media3-decoder\1.2.0\59649321331cd3f17435faa2773ed58b5dc8d5d6\media3-decoder-1.2.0.aar as it is up-to-date.
Skipping EnumerateClassesTransform: C:\Users\Tushal\.gradle\caches\transforms-3\82e8bfc02f60bb01e6b9e3fbd872a064\transformed\media3-extractor-1.2.0-runtime.jar as it is up-to-date.
Transforming media3-common-1.2.0.aar (androidx.media3:media3-common:1.2.0) with AarToClassTransform
Caching disabled for EnumerateClassesTransform: C:\Users\Tushal\.gradle\caches\transforms-3\a98fd1c1131928dd8fa62ef91c4f74cd\transformed\media3-container-1.2.0-runtime.jar because:
  Build cache is disabled
Transforming media3-decoder-1.2.0.aar (androidx.media3:media3-decoder:1.2.0) with EnumerateClassesTransform
Caching disabled for AarToClassTransform: C:\Users\Tushal\.gradle\caches\modules-2\files-2.1\androidx.media3\media3-database\1.2.0\307d1230219619c312a3d2cadd013786f4d59a64\media3-database-1.2.0.aar because:
  Build cache is disabled
Transforming media3-datasource-1.2.0.aar (androidx.media3:media3-datasource:1.2.0) with EnumerateClassesTransform
Skipping EnumerateClassesTransform: C:\Users\Tushal\.gradle\caches\transforms-3\a98fd1c1131928dd8fa62ef91c4f74cd\transformed\media3-container-1.2.0-runtime.jar as it is up-to-date.
Transforming media3-ui-1.2.0.aar (androidx.media3:media3-ui:1.2.0) with AarToClassTransform
Skipping AarToClassTransform: C:\Users\Tushal\.gradle\caches\modules-2\files-2.1\androidx.media3\media3-database\1.2.0\307d1230219619c312a3d2cadd013786f4d59a64\media3-database-1.2.0.aar as it is up-to-date.
Caching disabled for AarToClassTransform: C:\Users\Tushal\.gradle\caches\modules-2\files-2.1\androidx.media3\media3-common\1.2.0\6db2af9ff808f5ef4db3edea7bc39ac80ccbc497\media3-common-1.2.0.aar because:
  Build cache is disabled
Caching disabled for EnumerateClassesTransform: C:\Users\Tushal\.gradle\caches\transforms-3\dcdedcdb21c6115d195401489e93c008\transformed\media3-decoder-1.2.0-runtime.jar because:
  Build cache is disabled
Skipping AarToClassTransform: C:\Users\Tushal\.gradle\caches\modules-2\files-2.1\androidx.media3\media3-common\1.2.0\6db2af9ff808f5ef4db3edea7bc39ac80ccbc497\media3-common-1.2.0.aar as it is up-to-date.
Skipping EnumerateClassesTransform: C:\Users\Tushal\.gradle\caches\transforms-3\dcdedcdb21c6115d195401489e93c008\transformed\media3-decoder-1.2.0-runtime.jar as it is up-to-date.
Transforming recyclerview-1.3.2.aar (androidx.recyclerview:recyclerview:1.3.2) with AarToClassTransform
Caching disabled for EnumerateClassesTransform: C:\Users\Tushal\.gradle\caches\transforms-3\ac5fb06e46516be6df73e3b9f9fe0c18\transformed\media3-datasource-1.2.0-runtime.jar because:
  Build cache is disabled
Transforming media3-database-1.2.0.aar (androidx.media3:media3-database:1.2.0) with EnumerateClassesTransform
Caching disabled for AarToClassTransform: C:\Users\Tushal\.gradle\caches\modules-2\files-2.1\androidx.media3\media3-ui\1.2.0\65a0bff9352c8805515d6bcbee6d24e19a6c3d06\media3-ui-1.2.0.aar because:
  Build cache is disabled
Skipping EnumerateClassesTransform: C:\Users\Tushal\.gradle\caches\transforms-3\ac5fb06e46516be6df73e3b9f9fe0c18\transformed\media3-datasource-1.2.0-runtime.jar as it is up-to-date.
Skipping AarToClassTransform: C:\Users\Tushal\.gradle\caches\modules-2\files-2.1\androidx.media3\media3-ui\1.2.0\65a0bff9352c8805515d6bcbee6d24e19a6c3d06\media3-ui-1.2.0.aar as it is up-to-date.
Transforming viewpager2-1.1.0-beta02.aar (androidx.viewpager2:viewpager2:1.1.0-beta02) with AarToClassTransform
Transforming media3-common-1.2.0.aar (androidx.media3:media3-common:1.2.0) with EnumerateClassesTransform
Transforming fragment-1.3.6.aar (androidx.fragment:fragment:1.3.6) with AarToClassTransform
Caching disabled for EnumerateClassesTransform: C:\Users\Tushal\.gradle\caches\transforms-3\e031b9d727739c6d8d7a1ad28d80bd2b\transformed\media3-database-1.2.0-runtime.jar because:
  Build cache is disabled
Transforming activity-1.8.2.aar (androidx.activity:activity:1.8.2) with AarToClassTransform
Skipping EnumerateClassesTransform: C:\Users\Tushal\.gradle\caches\transforms-3\e031b9d727739c6d8d7a1ad28d80bd2b\transformed\media3-database-1.2.0-runtime.jar as it is up-to-date.
Transforming activity-ktx-1.8.2.aar (androidx.activity:activity-ktx:1.8.2) with AarToClassTransform
Caching disabled for AarToClassTransform: C:\Users\Tushal\.gradle\caches\modules-2\files-2.1\androidx.viewpager2\viewpager2\1.1.0-beta02\8382bf0f6d375711dfb5ae019e77960c22f8f893\viewpager2-1.1.0-beta02.aar because:
  Build cache is disabled
Transforming media3-ui-1.2.0.aar (androidx.media3:media3-ui:1.2.0) with EnumerateClassesTransform
Skipping AarToClassTransform: C:\Users\Tushal\.gradle\caches\modules-2\files-2.1\androidx.viewpager2\viewpager2\1.1.0-beta02\8382bf0f6d375711dfb5ae019e77960c22f8f893\viewpager2-1.1.0-beta02.aar as it is up-to-date.
Caching disabled for AarToClassTransform: C:\Users\Tushal\.gradle\caches\modules-2\files-2.1\androidx.recyclerview\recyclerview\1.3.2\e1d76099dbbd88ee0ee7c39cfa96ed0ea01bc8ad\recyclerview-1.3.2.aar because:
  Build cache is disabled
Caching disabled for AarToClassTransform: C:\Users\Tushal\.gradle\caches\modules-2\files-2.1\androidx.activity\activity-ktx\1.8.2\735d4efd33db4ef032d985415be3e39edbaa65c4\activity-ktx-1.8.2.aar because:
  Build cache is disabled
Caching disabled for AarToClassTransform: C:\Users\Tushal\.gradle\caches\modules-2\files-2.1\androidx.fragment\fragment\1.3.6\6391fc504e7c0f24051ac8b9da3f0ba4d1241dff\fragment-1.3.6.aar because:
  Build cache is disabled
Caching disabled for AarToClassTransform: C:\Users\Tushal\.gradle\caches\modules-2\files-2.1\androidx.activity\activity\1.8.2\bce54c84024b17c34f9d4cdeaf1ce39d3e750c9e\activity-1.8.2.aar because:
  Build cache is disabled
Transforming swiperefreshlayout-1.1.0.aar (androidx.swiperefreshlayout:swiperefreshlayout:1.1.0) with AarToClassTransform
Caching disabled for EnumerateClassesTransform: C:\Users\Tushal\.gradle\caches\transforms-3\6a6b9c1397ee80704d38544e4b8b21f3\transformed\media3-common-1.2.0-runtime.jar because:
  Build cache is disabled
Transforming camera-lifecycle-1.3.1.aar (androidx.camera:camera-lifecycle:1.3.1) with AarToClassTransform
Skipping AarToClassTransform: C:\Users\Tushal\.gradle\caches\modules-2\files-2.1\androidx.activity\activity\1.8.2\bce54c84024b17c34f9d4cdeaf1ce39d3e750c9e\activity-1.8.2.aar as it is up-to-date.
Transforming camera-camera2-1.3.1.aar (androidx.camera:camera-camera2:1.3.1) with AarToClassTransform
Transforming camera-core-1.3.1.aar (androidx.camera:camera-core:1.3.1) with AarToClassTransform
Transforming emoji2-views-helper-1.2.0.aar (androidx.emoji2:emoji2-views-helper:1.2.0) with AarToClassTransform
Transforming emoji2-1.2.0.aar (androidx.emoji2:emoji2:1.2.0) with AarToClassTransform
Caching disabled for AarToClassTransform: C:\Users\Tushal\.gradle\caches\modules-2\files-2.1\androidx.camera\camera-lifecycle\1.3.1\f092bb2053146082c3caac18b630196dc2ff0265\camera-lifecycle-1.3.1.aar because:
  Build cache is disabled
Skipping AarToClassTransform: C:\Users\Tushal\.gradle\caches\modules-2\files-2.1\androidx.camera\camera-lifecycle\1.3.1\f092bb2053146082c3caac18b630196dc2ff0265\camera-lifecycle-1.3.1.aar as it is up-to-date.
Caching disabled for AarToClassTransform: C:\Users\Tushal\.gradle\caches\modules-2\files-2.1\androidx.camera\camera-core\1.3.1\e05a22e92953b6225c416e21589d29b2808568f0\camera-core-1.3.1.aar because:
  Build cache is disabled
Skipping AarToClassTransform: C:\Users\Tushal\.gradle\caches\modules-2\files-2.1\androidx.fragment\fragment\1.3.6\6391fc504e7c0f24051ac8b9da3f0ba4d1241dff\fragment-1.3.6.aar as it is up-to-date.
Transforming viewpager2-1.1.0-beta02.aar (androidx.viewpager2:viewpager2:1.1.0-beta02) with EnumerateClassesTransform
Skipping AarToClassTransform: C:\Users\Tushal\.gradle\caches\modules-2\files-2.1\androidx.activity\activity-ktx\1.8.2\735d4efd33db4ef032d985415be3e39edbaa65c4\activity-ktx-1.8.2.aar as it is up-to-date.
Caching disabled for EnumerateClassesTransform: C:\Users\Tushal\.gradle\caches\transforms-3\3092b31b676b98a088284b0cf77c756c\transformed\viewpager2-1.1.0-beta02-runtime.jar because:
  Build cache is disabled
Skipping AarToClassTransform: C:\Users\Tushal\.gradle\caches\modules-2\files-2.1\androidx.recyclerview\recyclerview\1.3.2\e1d76099dbbd88ee0ee7c39cfa96ed0ea01bc8ad\recyclerview-1.3.2.aar as it is up-to-date.
Transforming camera-lifecycle-1.3.1.aar (androidx.camera:camera-lifecycle:1.3.1) with EnumerateClassesTransform
Caching disabled for EnumerateClassesTransform: C:\Users\Tushal\.gradle\caches\transforms-3\cf5485d2afb53ff747aed3cf5e26c881\transformed\media3-ui-1.2.0-runtime.jar because:
  Build cache is disabled
Transforming fragment-1.3.6.aar (androidx.fragment:fragment:1.3.6) with EnumerateClassesTransform
Caching disabled for EnumerateClassesTransform: C:\Users\Tushal\.gradle\caches\transforms-3\ec3d88240c253053cf3ca215fcbab7f8\transformed\camera-lifecycle-1.3.1-runtime.jar because:
  Build cache is disabled
Transforming activity-ktx-1.8.2.aar (androidx.activity:activity-ktx:1.8.2) with EnumerateClassesTransform
Skipping EnumerateClassesTransform: C:\Users\Tushal\.gradle\caches\transforms-3\ec3d88240c253053cf3ca215fcbab7f8\transformed\camera-lifecycle-1.3.1-runtime.jar as it is up-to-date.
Caching disabled for EnumerateClassesTransform: C:\Users\Tushal\.gradle\caches\transforms-3\467652c5b78d67900338ac5ab4cf3689\transformed\fragment-1.3.6-runtime.jar because:
  Build cache is disabled
Skipping EnumerateClassesTransform: C:\Users\Tushal\.gradle\caches\transforms-3\3092b31b676b98a088284b0cf77c756c\transformed\viewpager2-1.1.0-beta02-runtime.jar as it is up-to-date.
Caching disabled for AarToClassTransform: C:\Users\Tushal\.gradle\caches\modules-2\files-2.1\androidx.emoji2\emoji2\1.2.0\2c95c9aa87788e4d9ce692ecfc961db004e57480\emoji2-1.2.0.aar because:
  Build cache is disabled
Caching disabled for AarToClassTransform: C:\Users\Tushal\.gradle\caches\modules-2\files-2.1\androidx.emoji2\emoji2-views-helper\1.2.0\4a22802fc9e88ad232522f04a35d1fdc3e5b4df0\emoji2-views-helper-1.2.0.aar because:
  Build cache is disabled
Skipping AarToClassTransform: C:\Users\Tushal\.gradle\caches\modules-2\files-2.1\androidx.camera\camera-core\1.3.1\e05a22e92953b6225c416e21589d29b2808568f0\camera-core-1.3.1.aar as it is up-to-date.
Transforming activity-1.8.2.aar (androidx.activity:activity:1.8.2) with EnumerateClassesTransform
Transforming drawerlayout-1.1.1.aar (androidx.drawerlayout:drawerlayout:1.1.1) with AarToClassTransform
Caching disabled for AarToClassTransform: C:\Users\Tushal\.gradle\caches\modules-2\files-2.1\androidx.camera\camera-camera2\1.3.1\5cf5355efeaadc3adc729fb0dea232f7e3db683c\camera-camera2-1.3.1.aar because:
  Build cache is disabled
Caching disabled for AarToClassTransform: C:\Users\Tushal\.gradle\caches\modules-2\files-2.1\androidx.swiperefreshlayout\swiperefreshlayout\1.1.0\2aeac64056fe6cc0420afad0b699a7f9257b8ebe\swiperefreshlayout-1.1.0.aar because:
  Build cache is disabled
Caching disabled for AarToClassTransform: C:\Users\Tushal\.gradle\caches\modules-2\files-2.1\androidx.drawerlayout\drawerlayout\1.1.1\1b2b049e1e88589510ddd4d93f2699b46ecd73dd\drawerlayout-1.1.1.aar because:
  Build cache is disabled
Skipping AarToClassTransform: C:\Users\Tushal\.gradle\caches\modules-2\files-2.1\androidx.swiperefreshlayout\swiperefreshlayout\1.1.0\2aeac64056fe6cc0420afad0b699a7f9257b8ebe\swiperefreshlayout-1.1.0.aar as it is up-to-date.
Skipping AarToClassTransform: C:\Users\Tushal\.gradle\caches\modules-2\files-2.1\androidx.drawerlayout\drawerlayout\1.1.1\1b2b049e1e88589510ddd4d93f2699b46ecd73dd\drawerlayout-1.1.1.aar as it is up-to-date.
Skipping EnumerateClassesTransform: C:\Users\Tushal\.gradle\caches\transforms-3\6a6b9c1397ee80704d38544e4b8b21f3\transformed\media3-common-1.2.0-runtime.jar as it is up-to-date.
Transforming camera-core-1.3.1.aar (androidx.camera:camera-core:1.3.1) with EnumerateClassesTransform
Transforming coordinatorlayout-1.1.0.aar (androidx.coordinatorlayout:coordinatorlayout:1.1.0) with AarToClassTransform
Transforming dynamicanimation-1.0.0.aar (androidx.dynamicanimation:dynamicanimation:1.0.0) with AarToClassTransform
Skipping AarToClassTransform: C:\Users\Tushal\.gradle\caches\modules-2\files-2.1\androidx.camera\camera-camera2\1.3.1\5cf5355efeaadc3adc729fb0dea232f7e3db683c\camera-camera2-1.3.1.aar as it is up-to-date.
Transforming drawerlayout-1.1.1.aar (androidx.drawerlayout:drawerlayout:1.1.1) with EnumerateClassesTransform
Caching disabled for AarToClassTransform: C:\Users\Tushal\.gradle\caches\modules-2\files-2.1\androidx.coordinatorlayout\coordinatorlayout\1.1.0\8eeb7baf75b9595d017642a460df5af3bb9fa4e1\coordinatorlayout-1.1.0.aar because:
  Build cache is disabled
Caching disabled for AarToClassTransform: C:\Users\Tushal\.gradle\caches\modules-2\files-2.1\androidx.dynamicanimation\dynamicanimation\1.0.0\e980497a58fb319d471f3bb78d066b926a08ba8e\dynamicanimation-1.0.0.aar because:
  Build cache is disabled
Skipping AarToClassTransform: C:\Users\Tushal\.gradle\caches\modules-2\files-2.1\androidx.coordinatorlayout\coordinatorlayout\1.1.0\8eeb7baf75b9595d017642a460df5af3bb9fa4e1\coordinatorlayout-1.1.0.aar as it is up-to-date.
Skipping AarToClassTransform: C:\Users\Tushal\.gradle\caches\modules-2\files-2.1\androidx.dynamicanimation\dynamicanimation\1.0.0\e980497a58fb319d471f3bb78d066b926a08ba8e\dynamicanimation-1.0.0.aar as it is up-to-date.
Caching disabled for EnumerateClassesTransform: C:\Users\Tushal\.gradle\caches\transforms-3\095d840ba4e5308444eb6d957f7b1eac\transformed\activity-1.8.2-runtime.jar because:
  Build cache is disabled
Skipping AarToClassTransform: C:\Users\Tushal\.gradle\caches\modules-2\files-2.1\androidx.emoji2\emoji2-views-helper\1.2.0\4a22802fc9e88ad232522f04a35d1fdc3e5b4df0\emoji2-views-helper-1.2.0.aar as it is up-to-date.
Skipping AarToClassTransform: C:\Users\Tushal\.gradle\caches\modules-2\files-2.1\androidx.emoji2\emoji2\1.2.0\2c95c9aa87788e4d9ce692ecfc961db004e57480\emoji2-1.2.0.aar as it is up-to-date.
Transforming recyclerview-1.3.2.aar (androidx.recyclerview:recyclerview:1.3.2) with EnumerateClassesTransform
Skipping EnumerateClassesTransform: C:\Users\Tushal\.gradle\caches\transforms-3\467652c5b78d67900338ac5ab4cf3689\transformed\fragment-1.3.6-runtime.jar as it is up-to-date.
Caching disabled for EnumerateClassesTransform: C:\Users\Tushal\.gradle\caches\transforms-3\94e87c4316d17014729e39288ca2638e\transformed\activity-ktx-1.8.2-runtime.jar because:
  Build cache is disabled
Skipping EnumerateClassesTransform: C:\Users\Tushal\.gradle\caches\transforms-3\cf5485d2afb53ff747aed3cf5e26c881\transformed\media3-ui-1.2.0-runtime.jar as it is up-to-date.
Caching disabled for EnumerateClassesTransform: C:\Users\Tushal\.gradle\caches\transforms-3\3d6fb516dd895b0c93b26907c05828af\transformed\recyclerview-1.3.2-runtime.jar because:
  Build cache is disabled
Transforming camera-camera2-1.3.1.aar (androidx.camera:camera-camera2:1.3.1) with EnumerateClassesTransform
Skipping EnumerateClassesTransform: C:\Users\Tushal\.gradle\caches\transforms-3\095d840ba4e5308444eb6d957f7b1eac\transformed\activity-1.8.2-runtime.jar as it is up-to-date.
Caching disabled for EnumerateClassesTransform: C:\Users\Tushal\.gradle\caches\transforms-3\b7c4de95747e730601998f5ae81e265a\transformed\drawerlayout-1.1.1-runtime.jar because:
  Build cache is disabled
Caching disabled for EnumerateClassesTransform: C:\Users\Tushal\.gradle\caches\transforms-3\d2680fa5f406ed7f6d8890f6a8ea0b1d\transformed\camera-camera2-1.3.1-runtime.jar because:
  Build cache is disabled
Transforming swiperefreshlayout-1.1.0.aar (androidx.swiperefreshlayout:swiperefreshlayout:1.1.0) with EnumerateClassesTransform
Transforming coordinatorlayout-1.1.0.aar (androidx.coordinatorlayout:coordinatorlayout:1.1.0) with EnumerateClassesTransform
Transforming transition-1.2.0.aar (androidx.transition:transition:1.2.0) with AarToClassTransform
Transforming emoji2-1.2.0.aar (androidx.emoji2:emoji2:1.2.0) with EnumerateClassesTransform
Caching disabled for EnumerateClassesTransform: C:\Users\Tushal\.gradle\caches\transforms-3\59317a51bdf06130eaccc29842ec5f3e\transformed\coordinatorlayout-1.1.0-runtime.jar because:
  Build cache is disabled
Skipping EnumerateClassesTransform: C:\Users\Tushal\.gradle\caches\transforms-3\59317a51bdf06130eaccc29842ec5f3e\transformed\coordinatorlayout-1.1.0-runtime.jar as it is up-to-date.
Transforming emoji2-views-helper-1.2.0.aar (androidx.emoji2:emoji2-views-helper:1.2.0) with EnumerateClassesTransform
Caching disabled for EnumerateClassesTransform: C:\Users\Tushal\.gradle\caches\transforms-3\1214f0de247937429f4af38661796ca3\transformed\camera-core-1.3.1-runtime.jar because:
  Build cache is disabled
Skipping EnumerateClassesTransform: C:\Users\Tushal\.gradle\caches\transforms-3\1214f0de247937429f4af38661796ca3\transformed\camera-core-1.3.1-runtime.jar as it is up-to-date.
Caching disabled for AarToClassTransform: C:\Users\Tushal\.gradle\caches\modules-2\files-2.1\androidx.transition\transition\1.2.0\28003577e8b32f5417bfe899bbdc7a333dc81c9f\transition-1.2.0.aar because:
  Build cache is disabled
Caching disabled for EnumerateClassesTransform: C:\Users\Tushal\.gradle\caches\transforms-3\7e3c1e7e71f77f25769f411348202466\transformed\emoji2-1.2.0-runtime.jar because:
  Build cache is disabled
Transforming vectordrawable-animated-1.1.0.aar (androidx.vectordrawable:vectordrawable-animated:1.1.0) with AarToClassTransform
Caching disabled for EnumerateClassesTransform: C:\Users\Tushal\.gradle\caches\transforms-3\9497ac2476f80e1fcedf1b4ce17cfbd0\transformed\swiperefreshlayout-1.1.0-runtime.jar because:
  Build cache is disabled
Transforming dynamicanimation-1.0.0.aar (androidx.dynamicanimation:dynamicanimation:1.0.0) with EnumerateClassesTransform
Skipping EnumerateClassesTransform: C:\Users\Tushal\.gradle\caches\transforms-3\d2680fa5f406ed7f6d8890f6a8ea0b1d\transformed\camera-camera2-1.3.1-runtime.jar as it is up-to-date.
Skipping EnumerateClassesTransform: C:\Users\Tushal\.gradle\caches\transforms-3\b7c4de95747e730601998f5ae81e265a\transformed\drawerlayout-1.1.1-runtime.jar as it is up-to-date.
Caching disabled for AarToClassTransform: C:\Users\Tushal\.gradle\caches\modules-2\files-2.1\androidx.vectordrawable\vectordrawable-animated\1.1.0\fcda1161354501471c30a4e077af6b5c4d4eddc6\vectordrawable-animated-1.1.0.aar because:
  Build cache is disabled
Skipping EnumerateClassesTransform: C:\Users\Tushal\.gradle\caches\transforms-3\3d6fb516dd895b0c93b26907c05828af\transformed\recyclerview-1.3.2-runtime.jar as it is up-to-date.
Skipping EnumerateClassesTransform: C:\Users\Tushal\.gradle\caches\transforms-3\94e87c4316d17014729e39288ca2638e\transformed\activity-ktx-1.8.2-runtime.jar as it is up-to-date.
Skipping AarToClassTransform: C:\Users\Tushal\.gradle\caches\modules-2\files-2.1\androidx.vectordrawable\vectordrawable-animated\1.1.0\fcda1161354501471c30a4e077af6b5c4d4eddc6\vectordrawable-animated-1.1.0.aar as it is up-to-date.
Caching disabled for EnumerateClassesTransform: C:\Users\Tushal\.gradle\caches\transforms-3\bafe277c0bea2d594a8c38725d4d7f79\transformed\dynamicanimation-1.0.0-runtime.jar because:
  Build cache is disabled
Skipping EnumerateClassesTransform: C:\Users\Tushal\.gradle\caches\transforms-3\bafe277c0bea2d594a8c38725d4d7f79\transformed\dynamicanimation-1.0.0-runtime.jar as it is up-to-date.
Skipping EnumerateClassesTransform: C:\Users\Tushal\.gradle\caches\transforms-3\9497ac2476f80e1fcedf1b4ce17cfbd0\transformed\swiperefreshlayout-1.1.0-runtime.jar as it is up-to-date.
Transforming vectordrawable-1.1.0.aar (androidx.vectordrawable:vectordrawable:1.1.0) with AarToClassTransform
Skipping EnumerateClassesTransform: C:\Users\Tushal\.gradle\caches\transforms-3\7e3c1e7e71f77f25769f411348202466\transformed\emoji2-1.2.0-runtime.jar as it is up-to-date.
Transforming vectordrawable-1.1.0.aar (androidx.vectordrawable:vectordrawable:1.1.0) with AarToClassTransform
Transforming media-1.6.0.aar (androidx.media:media:1.6.0) with AarToClassTransform
Skipping AarToClassTransform: C:\Users\Tushal\.gradle\caches\modules-2\files-2.1\androidx.transition\transition\1.2.0\28003577e8b32f5417bfe899bbdc7a333dc81c9f\transition-1.2.0.aar as it is up-to-date.
Caching disabled for AarToClassTransform: C:\Users\Tushal\.gradle\caches\modules-2\files-2.1\androidx.vectordrawable\vectordrawable\1.1.0\eac7a364fff534035a2a6cb17770a1288315f69f\vectordrawable-1.1.0.aar because:
  Build cache is disabled
Caching disabled for EnumerateClassesTransform: C:\Users\Tushal\.gradle\caches\transforms-3\6ef0c03c4c9fd99fee6ec4f5952aea33\transformed\emoji2-views-helper-1.2.0-runtime.jar because:
  Build cache is disabled
Skipping AarToClassTransform: C:\Users\Tushal\.gradle\caches\modules-2\files-2.1\androidx.vectordrawable\vectordrawable\1.1.0\eac7a364fff534035a2a6cb17770a1288315f69f\vectordrawable-1.1.0.aar as it is up-to-date.
Skipping EnumerateClassesTransform: C:\Users\Tushal\.gradle\caches\transforms-3\6ef0c03c4c9fd99fee6ec4f5952aea33\transformed\emoji2-views-helper-1.2.0-runtime.jar as it is up-to-date.
Caching disabled for AarToClassTransform: C:\Users\Tushal\.gradle\caches\modules-2\files-2.1\androidx.media\media\1.6.0\db8f393321275a13f52eb5ff28f96931f238865e\media-1.6.0.aar because:
  Build cache is disabled
Transforming viewpager-1.0.0.aar (androidx.viewpager:viewpager:1.0.0) with AarToClassTransform
Skipping AarToClassTransform: C:\Users\Tushal\.gradle\caches\modules-2\files-2.1\androidx.media\media\1.6.0\db8f393321275a13f52eb5ff28f96931f238865e\media-1.6.0.aar as it is up-to-date.
Transforming vectordrawable-animated-1.1.0.aar (androidx.vectordrawable:vectordrawable-animated:1.1.0) with EnumerateClassesTransform
Transforming legacy-support-core-utils-1.0.0.aar (androidx.legacy:legacy-support-core-utils:1.0.0) with AarToClassTransform
Transforming vectordrawable-1.1.0.aar (androidx.vectordrawable:vectordrawable:1.1.0) with EnumerateClassesTransform
Transforming loader-1.0.0.aar (androidx.loader:loader:1.0.0) with AarToClassTransform
Caching disabled for AarToClassTransform: C:\Users\Tushal\.gradle\caches\modules-2\files-2.1\androidx.viewpager\viewpager\1.0.0\1f90e13820f96c2fb868f9674079a551678d68b2\viewpager-1.0.0.aar because:
  Build cache is disabled
Caching disabled for EnumerateClassesTransform: C:\Users\Tushal\.gradle\caches\transforms-3\ab68ec9e5f1da3f5951464cc23c6158e\transformed\vectordrawable-animated-1.1.0-runtime.jar because:
  Build cache is disabled
Transforming transition-1.2.0.aar (androidx.transition:transition:1.2.0) with EnumerateClassesTransform
Skipping EnumerateClassesTransform: C:\Users\Tushal\.gradle\caches\transforms-3\ab68ec9e5f1da3f5951464cc23c6158e\transformed\vectordrawable-animated-1.1.0-runtime.jar as it is up-to-date.
Caching disabled for AarToClassTransform: C:\Users\Tushal\.gradle\caches\modules-2\files-2.1\androidx.loader\loader\1.0.0\8af8b6cec0da85c207d03e15840e0722cbc71e70\loader-1.0.0.aar because:
  Build cache is disabled
Caching disabled for AarToClassTransform: C:\Users\Tushal\.gradle\caches\modules-2\files-2.1\androidx.legacy\legacy-support-core-utils\1.0.0\9b9570042115da8629519090dfeb71df75da59fc\legacy-support-core-utils-1.0.0.aar because:
  Build cache is disabled
Caching disabled for EnumerateClassesTransform: C:\Users\Tushal\.gradle\caches\transforms-3\8e8d66b9e28bee910b97575093341014\transformed\transition-1.2.0-runtime.jar because:
  Build cache is disabled
Skipping AarToClassTransform: C:\Users\Tushal\.gradle\caches\modules-2\files-2.1\androidx.viewpager\viewpager\1.0.0\1f90e13820f96c2fb868f9674079a551678d68b2\viewpager-1.0.0.aar as it is up-to-date.
Caching disabled for EnumerateClassesTransform: C:\Users\Tushal\.gradle\caches\transforms-3\38eba2bf663e14eb1ec378465ecde5dc\transformed\vectordrawable-1.1.0-runtime.jar because:
  Build cache is disabled
Transforming loader-1.0.0.aar (androidx.loader:loader:1.0.0) with AarToClassTransform
Transforming vectordrawable-1.1.0.aar (androidx.vectordrawable:vectordrawable:1.1.0) with EnumerateClassesTransform
Transforming customview-1.1.0.aar (androidx.customview:customview:1.1.0) with AarToClassTransform
Skipping EnumerateClassesTransform: C:\Users\Tushal\.gradle\caches\transforms-3\38eba2bf663e14eb1ec378465ecde5dc\transformed\vectordrawable-1.1.0-runtime.jar as it is up-to-date.
Skipping EnumerateClassesTransform: C:\Users\Tushal\.gradle\caches\transforms-3\8e8d66b9e28bee910b97575093341014\transformed\transition-1.2.0-runtime.jar as it is up-to-date.
Transforming viewpager-1.0.0.aar (androidx.viewpager:viewpager:1.0.0) with EnumerateClassesTransform
Skipping AarToClassTransform: C:\Users\Tushal\.gradle\caches\modules-2\files-2.1\androidx.legacy\legacy-support-core-utils\1.0.0\9b9570042115da8629519090dfeb71df75da59fc\legacy-support-core-utils-1.0.0.aar as it is up-to-date.
Caching disabled for AarToClassTransform: C:\Users\Tushal\.gradle\caches\modules-2\files-2.1\androidx.customview\customview\1.1.0\a030aaf64c5419a89f7d91a33755c4629a43471\customview-1.1.0.aar because:
  Build cache is disabled
Skipping AarToClassTransform: C:\Users\Tushal\.gradle\caches\modules-2\files-2.1\androidx.loader\loader\1.0.0\8af8b6cec0da85c207d03e15840e0722cbc71e70\loader-1.0.0.aar as it is up-to-date.
Skipping AarToClassTransform: C:\Users\Tushal\.gradle\caches\modules-2\files-2.1\androidx.customview\customview\1.1.0\a030aaf64c5419a89f7d91a33755c4629a43471\customview-1.1.0.aar as it is up-to-date.
Transforming media-1.6.0.aar (androidx.media:media:1.6.0) with EnumerateClassesTransform
Caching disabled for EnumerateClassesTransform: C:\Users\Tushal\.gradle\caches\transforms-3\371da8b12b79bbaa5f5985a58613d258\transformed\viewpager-1.0.0-runtime.jar because:
  Build cache is disabled
Transforming customview-1.1.0.aar (androidx.customview:customview:1.1.0) with AarToClassTransform
Skipping EnumerateClassesTransform: C:\Users\Tushal\.gradle\caches\transforms-3\371da8b12b79bbaa5f5985a58613d258\transformed\viewpager-1.0.0-runtime.jar as it is up-to-date.
Transforming customview-1.1.0.aar (androidx.customview:customview:1.1.0) with AarToClassTransform
Transforming customview-1.1.0.aar (androidx.customview:customview:1.1.0) with AarToClassTransform
Transforming loader-1.0.0.aar (androidx.loader:loader:1.0.0) with EnumerateClassesTransform
Transforming legacy-support-core-utils-1.0.0.aar (androidx.legacy:legacy-support-core-utils:1.0.0) with EnumerateClassesTransform
Caching disabled for EnumerateClassesTransform: C:\Users\Tushal\.gradle\caches\transforms-3\cab4e1e9528514aae7cef88e1a0a22b1\transformed\loader-1.0.0-runtime.jar because:
  Build cache is disabled
Caching disabled for EnumerateClassesTransform: C:\Users\Tushal\.gradle\caches\transforms-3\92b253d57f25a400b80b00c6b6df8665\transformed\media-1.6.0-runtime.jar because:
  Build cache is disabled
Skipping EnumerateClassesTransform: C:\Users\Tushal\.gradle\caches\transforms-3\cab4e1e9528514aae7cef88e1a0a22b1\transformed\loader-1.0.0-runtime.jar as it is up-to-date.
Caching disabled for EnumerateClassesTransform: C:\Users\Tushal\.gradle\caches\transforms-3\798bbf9c5310d49eb6f063b18831f8f4\transformed\legacy-support-core-utils-1.0.0-runtime.jar because:
  Build cache is disabled
Transforming customview-1.1.0.aar (androidx.customview:customview:1.1.0) with EnumerateClassesTransform
Skipping EnumerateClassesTransform: C:\Users\Tushal\.gradle\caches\transforms-3\798bbf9c5310d49eb6f063b18831f8f4\transformed\legacy-support-core-utils-1.0.0-runtime.jar as it is up-to-date.
Transforming core-1.12.0.aar (androidx.core:core:1.12.0) with AarToClassTransform
Transforming loader-1.0.0.aar (androidx.loader:loader:1.0.0) with EnumerateClassesTransform
Transforming core-1.12.0.aar (androidx.core:core:1.12.0) with AarToClassTransform
Transforming customview-1.1.0.aar (androidx.customview:customview:1.1.0) with EnumerateClassesTransform
Transforming customview-1.1.0.aar (androidx.customview:customview:1.1.0) with EnumerateClassesTransform
Skipping EnumerateClassesTransform: C:\Users\Tushal\.gradle\caches\transforms-3\92b253d57f25a400b80b00c6b6df8665\transformed\media-1.6.0-runtime.jar as it is up-to-date.
Caching disabled for AarToClassTransform: C:\Users\Tushal\.gradle\caches\modules-2\files-2.1\androidx.core\core\1.12.0\5aa3088ed93ba8ebaea2b8a83befdfa829339e7a\core-1.12.0.aar because:
  Build cache is disabled
Transforming core-1.12.0.aar (androidx.core:core:1.12.0) with AarToClassTransform
Caching disabled for EnumerateClassesTransform: C:\Users\Tushal\.gradle\caches\transforms-3\95a5fbfbf22ff4cea211bf866a72df5a\transformed\customview-1.1.0-runtime.jar because:
  Build cache is disabled
Transforming core-1.12.0.aar (androidx.core:core:1.12.0) with AarToClassTransform
Skipping AarToClassTransform: C:\Users\Tushal\.gradle\caches\modules-2\files-2.1\androidx.core\core\1.12.0\5aa3088ed93ba8ebaea2b8a83befdfa829339e7a\core-1.12.0.aar as it is up-to-date.
Transforming core-1.12.0.aar (androidx.core:core:1.12.0) with AarToClassTransform
Skipping EnumerateClassesTransform: C:\Users\Tushal\.gradle\caches\transforms-3\95a5fbfbf22ff4cea211bf866a72df5a\transformed\customview-1.1.0-runtime.jar as it is up-to-date.
Transforming core-1.12.0.aar (androidx.core:core:1.12.0) with AarToClassTransform
Transforming core-1.12.0.aar (androidx.core:core:1.12.0) with EnumerateClassesTransform
Transforming core-1.12.0.aar (androidx.core:core:1.12.0) with EnumerateClassesTransform
Transforming core-1.12.0.aar (androidx.core:core:1.12.0) with EnumerateClassesTransform
Transforming core-1.12.0.aar (androidx.core:core:1.12.0) with EnumerateClassesTransform
Transforming core-1.12.0.aar (androidx.core:core:1.12.0) with EnumerateClassesTransform
Transforming core-1.12.0.aar (androidx.core:core:1.12.0) with EnumerateClassesTransform
Caching disabled for EnumerateClassesTransform: C:\Users\Tushal\.gradle\caches\transforms-3\40e31a439d31e76d5a1b884217e679a6\transformed\core-1.12.0-runtime.jar because:
  Build cache is disabled
Transforming core-1.12.0.aar (androidx.core:core:1.12.0) with AarToClassTransform
Skipping EnumerateClassesTransform: C:\Users\Tushal\.gradle\caches\transforms-3\40e31a439d31e76d5a1b884217e679a6\transformed\core-1.12.0-runtime.jar as it is up-to-date.
Transforming core-1.12.0.aar (androidx.core:core:1.12.0) with EnumerateClassesTransform
Transforming core-1.12.0.aar (androidx.core:core:1.12.0) with AarToClassTransform
Transforming core-1.12.0.aar (androidx.core:core:1.12.0) with EnumerateClassesTransform
Transforming core-1.12.0.aar (androidx.core:core:1.12.0) with AarToClassTransform
Transforming core-1.12.0.aar (androidx.core:core:1.12.0) with EnumerateClassesTransform
Transforming core-1.12.0.aar (androidx.core:core:1.12.0) with AarToClassTransform
Transforming core-1.12.0.aar (androidx.core:core:1.12.0) with EnumerateClassesTransform
Transforming core-1.12.0.aar (androidx.core:core:1.12.0) with AarToClassTransform
Transforming core-1.12.0.aar (androidx.core:core:1.12.0) with EnumerateClassesTransform
Transforming customview-poolingcontainer-1.0.0.aar (androidx.customview:customview-poolingcontainer:1.0.0) with AarToClassTransform
Transforming lifecycle-process-2.7.0.aar (androidx.lifecycle:lifecycle-process:2.7.0) with AarToClassTransform
Transforming lifecycle-runtime-ktx-2.7.0.aar (androidx.lifecycle:lifecycle-runtime-ktx:2.7.0) with AarToClassTransform
Transforming savedstate-ktx-1.2.1.aar (androidx.savedstate:savedstate-ktx:1.2.1) with AarToClassTransform
Transforming savedstate-1.2.1.aar (androidx.savedstate:savedstate:1.2.1) with AarToClassTransform
Caching disabled for AarToClassTransform: C:\Users\Tushal\.gradle\caches\modules-2\files-2.1\androidx.customview\customview-poolingcontainer\1.0.0\579fc832cf0e5be08d8d9571850b50d22d9de3c\customview-poolingcontainer-1.0.0.aar because:
  Build cache is disabled
Caching disabled for AarToClassTransform: C:\Users\Tushal\.gradle\caches\modules-2\files-2.1\androidx.lifecycle\lifecycle-process\2.7.0\10fc9ecc045a9931724c43e710c55680a772d96a\lifecycle-process-2.7.0.aar because:
  Build cache is disabled
Skipping AarToClassTransform: C:\Users\Tushal\.gradle\caches\modules-2\files-2.1\androidx.customview\customview-poolingcontainer\1.0.0\579fc832cf0e5be08d8d9571850b50d22d9de3c\customview-poolingcontainer-1.0.0.aar as it is up-to-date.
Caching disabled for AarToClassTransform: C:\Users\Tushal\.gradle\caches\modules-2\files-2.1\androidx.lifecycle\lifecycle-runtime-ktx\2.7.0\99b5608d5971ae4cb95dea85cd0a2bdb1519b89d\lifecycle-runtime-ktx-2.7.0.aar because:
  Build cache is disabled
Skipping AarToClassTransform: C:\Users\Tushal\.gradle\caches\modules-2\files-2.1\androidx.lifecycle\lifecycle-process\2.7.0\10fc9ecc045a9931724c43e710c55680a772d96a\lifecycle-process-2.7.0.aar as it is up-to-date.
Skipping AarToClassTransform: C:\Users\Tushal\.gradle\caches\modules-2\files-2.1\androidx.lifecycle\lifecycle-runtime-ktx\2.7.0\99b5608d5971ae4cb95dea85cd0a2bdb1519b89d\lifecycle-runtime-ktx-2.7.0.aar as it is up-to-date.
Caching disabled for AarToClassTransform: C:\Users\Tushal\.gradle\caches\modules-2\files-2.1\androidx.savedstate\savedstate\1.2.1\e364fc9dec32aa569d855f85864e50250318a093\savedstate-1.2.1.aar because:
  Build cache is disabled
Transforming lifecycle-livedata-core-2.7.0.aar (androidx.lifecycle:lifecycle-livedata-core:2.7.0) with AarToClassTransform
Skipping AarToClassTransform: C:\Users\Tushal\.gradle\caches\modules-2\files-2.1\androidx.savedstate\savedstate\1.2.1\e364fc9dec32aa569d855f85864e50250318a093\savedstate-1.2.1.aar as it is up-to-date.
Caching disabled for AarToClassTransform: C:\Users\Tushal\.gradle\caches\modules-2\files-2.1\androidx.savedstate\savedstate-ktx\1.2.1\b86d338d91b1c26193a42b1d87be9bb02123fa16\savedstate-ktx-1.2.1.aar because:
  Build cache is disabled
Transforming lifecycle-livedata-core-ktx-2.7.0.aar (androidx.lifecycle:lifecycle-livedata-core-ktx:2.7.0) with AarToClassTransform
Caching disabled for AarToClassTransform: C:\Users\Tushal\.gradle\caches\modules-2\files-2.1\androidx.lifecycle\lifecycle-livedata-core\2.7.0\d95c9c0b74a6b9882c416c688f6cf201dc416bed\lifecycle-livedata-core-2.7.0.aar because:
  Build cache is disabled
Transforming lifecycle-livedata-2.7.0.aar (androidx.lifecycle:lifecycle-livedata:2.7.0) with AarToClassTransform
Skipping AarToClassTransform: C:\Users\Tushal\.gradle\caches\modules-2\files-2.1\androidx.lifecycle\lifecycle-livedata-core\2.7.0\d95c9c0b74a6b9882c416c688f6cf201dc416bed\lifecycle-livedata-core-2.7.0.aar as it is up-to-date.
Transforming lifecycle-livedata-2.7.0.aar (androidx.lifecycle:lifecycle-livedata:2.7.0) with AarToClassTransform
Transforming lifecycle-common-2.7.0.jar (androidx.lifecycle:lifecycle-common:2.7.0) with IdentityTransform
Transforming lifecycle-runtime-2.7.0.aar (androidx.lifecycle:lifecycle-runtime:2.7.0) with AarToClassTransform
Transforming savedstate-1.2.1.aar (androidx.savedstate:savedstate:1.2.1) with EnumerateClassesTransform
Transforming lifecycle-viewmodel-2.7.0.aar (androidx.lifecycle:lifecycle-viewmodel:2.7.0) with AarToClassTransform
Caching disabled for IdentityTransform: C:\Users\Tushal\.gradle\caches\modules-2\files-2.1\androidx.lifecycle\lifecycle-common\2.7.0\85334205d65cca70ed0109c3acbd29e22a2d9cb1\lifecycle-common-2.7.0.jar because:
  Build cache is disabled
Transforming lifecycle-process-2.7.0.aar (androidx.lifecycle:lifecycle-process:2.7.0) with EnumerateClassesTransform
Skipping IdentityTransform: C:\Users\Tushal\.gradle\caches\modules-2\files-2.1\androidx.lifecycle\lifecycle-common\2.7.0\85334205d65cca70ed0109c3acbd29e22a2d9cb1\lifecycle-common-2.7.0.jar as it is up-to-date.
Transforming customview-poolingcontainer-1.0.0.aar (androidx.customview:customview-poolingcontainer:1.0.0) with EnumerateClassesTransform
Transforming lifecycle-runtime-ktx-2.7.0.aar (androidx.lifecycle:lifecycle-runtime-ktx:2.7.0) with EnumerateClassesTransform
Caching disabled for EnumerateClassesTransform: C:\Users\Tushal\.gradle\caches\transforms-3\d1a02ac1cd8e55b83544384d2a3f0f65\transformed\lifecycle-process-2.7.0-runtime.jar because:
  Build cache is disabled
Caching disabled for EnumerateClassesTransform: C:\Users\Tushal\.gradle\caches\transforms-3\2f8507c03b1eab8cdfbd402b297dccee\transformed\customview-poolingcontainer-1.0.0-runtime.jar because:
  Build cache is disabled
Caching disabled for EnumerateClassesTransform: C:\Users\Tushal\.gradle\caches\transforms-3\0b40f6a8390eddb68e8477bea0020052\transformed\lifecycle-runtime-ktx-2.7.0-runtime.jar because:
  Build cache is disabled
Skipping AarToClassTransform: C:\Users\Tushal\.gradle\caches\modules-2\files-2.1\androidx.savedstate\savedstate-ktx\1.2.1\b86d338d91b1c26193a42b1d87be9bb02123fa16\savedstate-ktx-1.2.1.aar as it is up-to-date.
Transforming lifecycle-common-2.7.0.jar (androidx.lifecycle:lifecycle-common:2.7.0) with EnumerateClassesTransform
Skipping EnumerateClassesTransform: C:\Users\Tushal\.gradle\caches\transforms-3\0b40f6a8390eddb68e8477bea0020052\transformed\lifecycle-runtime-ktx-2.7.0-runtime.jar as it is up-to-date.
Skipping EnumerateClassesTransform: C:\Users\Tushal\.gradle\caches\transforms-3\2f8507c03b1eab8cdfbd402b297dccee\transformed\customview-poolingcontainer-1.0.0-runtime.jar as it is up-to-date.
Skipping EnumerateClassesTransform: C:\Users\Tushal\.gradle\caches\transforms-3\d1a02ac1cd8e55b83544384d2a3f0f65\transformed\lifecycle-process-2.7.0-runtime.jar as it is up-to-date.
Caching disabled for EnumerateClassesTransform: C:\Users\Tushal\.gradle\caches\transforms-3\691c397d9378ba0cd7a157c9346ec9ac\transformed\savedstate-1.2.1-runtime.jar because:
  Build cache is disabled
Transforming lifecycle-livedata-core-2.7.0.aar (androidx.lifecycle:lifecycle-livedata-core:2.7.0) with EnumerateClassesTransform
Skipping EnumerateClassesTransform: C:\Users\Tushal\.gradle\caches\transforms-3\691c397d9378ba0cd7a157c9346ec9ac\transformed\savedstate-1.2.1-runtime.jar as it is up-to-date.
Caching disabled for AarToClassTransform: C:\Users\Tushal\.gradle\caches\modules-2\files-2.1\androidx.lifecycle\lifecycle-viewmodel\2.7.0\ea64fb2e504d200f2b7f03c76f51edd7e9ef62a9\lifecycle-viewmodel-2.7.0.aar because:
  Build cache is disabled
Caching disabled for AarToClassTransform: C:\Users\Tushal\.gradle\caches\modules-2\files-2.1\androidx.lifecycle\lifecycle-runtime\2.7.0\e46d7c73ab6cb3e288f51a0ad96bf372e90ceb31\lifecycle-runtime-2.7.0.aar because:
  Build cache is disabled
Transforming lifecycle-viewmodel-2.7.0.aar (androidx.lifecycle:lifecycle-viewmodel:2.7.0) with AarToClassTransform
Skipping AarToClassTransform: C:\Users\Tushal\.gradle\caches\modules-2\files-2.1\androidx.lifecycle\lifecycle-runtime\2.7.0\e46d7c73ab6cb3e288f51a0ad96bf372e90ceb31\lifecycle-runtime-2.7.0.aar as it is up-to-date.
Caching disabled for AarToClassTransform: C:\Users\Tushal\.gradle\caches\modules-2\files-2.1\androidx.lifecycle\lifecycle-livedata\2.7.0\42ad14e1ee00719636e31a36e8cd50d7ce5c45c6\lifecycle-livedata-2.7.0.aar because:
  Build cache is disabled
Caching disabled for AarToClassTransform: C:\Users\Tushal\.gradle\caches\modules-2\files-2.1\androidx.lifecycle\lifecycle-livedata-core-ktx\2.7.0\746c75e5d0a819d11e255ad137083a51c746e953\lifecycle-livedata-core-ktx-2.7.0.aar because:
  Build cache is disabled
Transforming lifecycle-viewmodel-ktx-2.7.0.aar (androidx.lifecycle:lifecycle-viewmodel-ktx:2.7.0) with AarToClassTransform
Skipping AarToClassTransform: C:\Users\Tushal\.gradle\caches\modules-2\files-2.1\androidx.lifecycle\lifecycle-livedata-core-ktx\2.7.0\746c75e5d0a819d11e255ad137083a51c746e953\lifecycle-livedata-core-ktx-2.7.0.aar as it is up-to-date.
Transforming lifecycle-livedata-ktx-2.7.0.aar (androidx.lifecycle:lifecycle-livedata-ktx:2.7.0) with AarToClassTransform
Skipping AarToClassTransform: C:\Users\Tushal\.gradle\caches\modules-2\files-2.1\androidx.lifecycle\lifecycle-viewmodel\2.7.0\ea64fb2e504d200f2b7f03c76f51edd7e9ef62a9\lifecycle-viewmodel-2.7.0.aar as it is up-to-date.
Caching disabled for EnumerateClassesTransform: C:\Users\Tushal\.gradle\caches\transforms-3\d95baa42a8f6715b399c47fe9e438def\transformed\lifecycle-livedata-core-2.7.0-runtime.jar because:
  Build cache is disabled
Caching disabled for AarToClassTransform: C:\Users\Tushal\.gradle\caches\modules-2\files-2.1\androidx.lifecycle\lifecycle-livedata-ktx\2.7.0\3ab225fb0a0a61c561c619e57b58dfb3fd45800e\lifecycle-livedata-ktx-2.7.0.aar because:
  Build cache is disabled
Transforming savedstate-ktx-1.2.1.aar (androidx.savedstate:savedstate-ktx:1.2.1) with EnumerateClassesTransform
Skipping AarToClassTransform: C:\Users\Tushal\.gradle\caches\modules-2\files-2.1\androidx.lifecycle\lifecycle-livedata-ktx\2.7.0\3ab225fb0a0a61c561c619e57b58dfb3fd45800e\lifecycle-livedata-ktx-2.7.0.aar as it is up-to-date.
Caching disabled for EnumerateClassesTransform: C:\Users\Tushal\.gradle\caches\modules-2\files-2.1\androidx.lifecycle\lifecycle-common\2.7.0\85334205d65cca70ed0109c3acbd29e22a2d9cb1\lifecycle-common-2.7.0.jar because:
  Build cache is disabled
Transforming lifecycle-runtime-2.7.0.aar (androidx.lifecycle:lifecycle-runtime:2.7.0) with EnumerateClassesTransform
Transforming lifecycle-viewmodel-2.7.0.aar (androidx.lifecycle:lifecycle-viewmodel:2.7.0) with EnumerateClassesTransform
Caching disabled for AarToClassTransform: C:\Users\Tushal\.gradle\caches\modules-2\files-2.1\androidx.lifecycle\lifecycle-viewmodel-ktx\2.7.0\421575b66dd75fa2a1bd425f9ab335461dd10721\lifecycle-viewmodel-ktx-2.7.0.aar because:
  Build cache is disabled
Skipping EnumerateClassesTransform: C:\Users\Tushal\.gradle\caches\transforms-3\d95baa42a8f6715b399c47fe9e438def\transformed\lifecycle-livedata-core-2.7.0-runtime.jar as it is up-to-date.
Transforming lifecycle-viewmodel-savedstate-2.7.0.aar (androidx.lifecycle:lifecycle-viewmodel-savedstate:2.7.0) with AarToClassTransform
Skipping AarToClassTransform: C:\Users\Tushal\.gradle\caches\modules-2\files-2.1\androidx.lifecycle\lifecycle-livedata\2.7.0\42ad14e1ee00719636e31a36e8cd50d7ce5c45c6\lifecycle-livedata-2.7.0.aar as it is up-to-date.
Transforming core-ktx-1.12.0.aar (androidx.core:core-ktx:1.12.0) with AarToClassTransform
Caching disabled for EnumerateClassesTransform: C:\Users\Tushal\.gradle\caches\transforms-3\2261a057d2eb1cd83d2d47c180af9bb9\transformed\lifecycle-runtime-2.7.0-runtime.jar because:
  Build cache is disabled
Transforming room-common-2.6.1.jar (androidx.room:room-common:2.6.1) with IdentityTransform
Skipping EnumerateClassesTransform: C:\Users\Tushal\.gradle\caches\transforms-3\2261a057d2eb1cd83d2d47c180af9bb9\transformed\lifecycle-runtime-2.7.0-runtime.jar as it is up-to-date.
Skipping AarToClassTransform: C:\Users\Tushal\.gradle\caches\modules-2\files-2.1\androidx.lifecycle\lifecycle-viewmodel-ktx\2.7.0\421575b66dd75fa2a1bd425f9ab335461dd10721\lifecycle-viewmodel-ktx-2.7.0.aar as it is up-to-date.
Caching disabled for EnumerateClassesTransform: C:\Users\Tushal\.gradle\caches\transforms-3\8d24b41cf61a788f97138e5d440c98c1\transformed\lifecycle-viewmodel-2.7.0-runtime.jar because:
  Build cache is disabled
Caching disabled for AarToClassTransform: C:\Users\Tushal\.gradle\caches\modules-2\files-2.1\androidx.core\core-ktx\1.12.0\1b80a40d6f34eb52c8de87c186feb57aa2a43ada\core-ktx-1.12.0.aar because:
  Build cache is disabled
Caching disabled for IdentityTransform: C:\Users\Tushal\.gradle\caches\modules-2\files-2.1\androidx.room\room-common\2.6.1\ff1b9580850a9b7eef56554e356628d225785265\room-common-2.6.1.jar because:
  Build cache is disabled
Transforming lifecycle-viewmodel-2.7.0.aar (androidx.lifecycle:lifecycle-viewmodel:2.7.0) with EnumerateClassesTransform
Skipping IdentityTransform: C:\Users\Tushal\.gradle\caches\modules-2\files-2.1\androidx.room\room-common\2.6.1\ff1b9580850a9b7eef56554e356628d225785265\room-common-2.6.1.jar as it is up-to-date.
Skipping EnumerateClassesTransform: C:\Users\Tushal\.gradle\caches\modules-2\files-2.1\androidx.lifecycle\lifecycle-common\2.7.0\85334205d65cca70ed0109c3acbd29e22a2d9cb1\lifecycle-common-2.7.0.jar as it is up-to-date.
Transforming lifecycle-livedata-2.7.0.aar (androidx.lifecycle:lifecycle-livedata:2.7.0) with EnumerateClassesTransform
Caching disabled for EnumerateClassesTransform: C:\Users\Tushal\.gradle\caches\transforms-3\130ef70984ad0d64f61fe2bbf2f3d749\transformed\savedstate-ktx-1.2.1-runtime.jar because:
  Build cache is disabled
Transforming lifecycle-livedata-core-ktx-2.7.0.aar (androidx.lifecycle:lifecycle-livedata-core-ktx:2.7.0) with EnumerateClassesTransform
Caching disabled for EnumerateClassesTransform: C:\Users\Tushal\.gradle\caches\transforms-3\e2a1d4df54d9b98099bcf34c58295e38\transformed\lifecycle-livedata-2.7.0-runtime.jar because:
  Build cache is disabled
Skipping EnumerateClassesTransform: C:\Users\Tushal\.gradle\caches\transforms-3\130ef70984ad0d64f61fe2bbf2f3d749\transformed\savedstate-ktx-1.2.1-runtime.jar as it is up-to-date.
Transforming lifecycle-viewmodel-ktx-2.7.0.aar (androidx.lifecycle:lifecycle-viewmodel-ktx:2.7.0) with EnumerateClassesTransform
Transforming lifecycle-livedata-2.7.0.aar (androidx.lifecycle:lifecycle-livedata:2.7.0) with EnumerateClassesTransform
Skipping AarToClassTransform: C:\Users\Tushal\.gradle\caches\modules-2\files-2.1\androidx.core\core-ktx\1.12.0\1b80a40d6f34eb52c8de87c186feb57aa2a43ada\core-ktx-1.12.0.aar as it is up-to-date.
Transforming room-runtime-2.6.1.aar (androidx.room:room-runtime:2.6.1) with AarToClassTransform
Skipping EnumerateClassesTransform: C:\Users\Tushal\.gradle\caches\transforms-3\8d24b41cf61a788f97138e5d440c98c1\transformed\lifecycle-viewmodel-2.7.0-runtime.jar as it is up-to-date.
Caching disabled for AarToClassTransform: C:\Users\Tushal\.gradle\caches\modules-2\files-2.1\androidx.lifecycle\lifecycle-viewmodel-savedstate\2.7.0\1fa14bde5efb3a96fa4fb8ced995f7fdfe99dfd\lifecycle-viewmodel-savedstate-2.7.0.aar because:
  Build cache is disabled
Transforming lifecycle-livedata-ktx-2.7.0.aar (androidx.lifecycle:lifecycle-livedata-ktx:2.7.0) with EnumerateClassesTransform
Skipping AarToClassTransform: C:\Users\Tushal\.gradle\caches\modules-2\files-2.1\androidx.lifecycle\lifecycle-viewmodel-savedstate\2.7.0\1fa14bde5efb3a96fa4fb8ced995f7fdfe99dfd\lifecycle-viewmodel-savedstate-2.7.0.aar as it is up-to-date.
Transforming room-ktx-2.6.1.aar (androidx.room:room-ktx:2.6.1) with AarToClassTransform
Caching disabled for EnumerateClassesTransform: C:\Users\Tushal\.gradle\caches\transforms-3\50999740dea3a8e70b14c160e25a9ab5\transformed\lifecycle-livedata-ktx-2.7.0-runtime.jar because:
  Build cache is disabled
Transforming room-common-2.6.1.jar (androidx.room:room-common:2.6.1) with EnumerateClassesTransform
Transforming core-ktx-1.12.0.aar (androidx.core:core-ktx:1.12.0) with EnumerateClassesTransform
Caching disabled for EnumerateClassesTransform: C:\Users\Tushal\.gradle\caches\transforms-3\596941785991f393046564777bd8c779\transformed\lifecycle-livedata-core-ktx-2.7.0-runtime.jar because:
  Build cache is disabled
Skipping EnumerateClassesTransform: C:\Users\Tushal\.gradle\caches\transforms-3\e2a1d4df54d9b98099bcf34c58295e38\transformed\lifecycle-livedata-2.7.0-runtime.jar as it is up-to-date.
Skipping EnumerateClassesTransform: C:\Users\Tushal\.gradle\caches\transforms-3\596941785991f393046564777bd8c779\transformed\lifecycle-livedata-core-ktx-2.7.0-runtime.jar as it is up-to-date.
Caching disabled for EnumerateClassesTransform: C:\Users\Tushal\.gradle\caches\transforms-3\c408edc2151e5f1c20d6f260d881f0ea\transformed\lifecycle-viewmodel-ktx-2.7.0-runtime.jar because:
  Build cache is disabled
Caching disabled for AarToClassTransform: C:\Users\Tushal\.gradle\caches\modules-2\files-2.1\androidx.room\room-ktx\2.6.1\1f353808ec8a8b2d0a554d2a3f43f0829982df60\room-ktx-2.6.1.aar because:
  Build cache is disabled
Skipping AarToClassTransform: C:\Users\Tushal\.gradle\caches\modules-2\files-2.1\androidx.room\room-ktx\2.6.1\1f353808ec8a8b2d0a554d2a3f43f0829982df60\room-ktx-2.6.1.aar as it is up-to-date.
Caching disabled for EnumerateClassesTransform: C:\Users\Tushal\.gradle\caches\modules-2\files-2.1\androidx.room\room-common\2.6.1\ff1b9580850a9b7eef56554e356628d225785265\room-common-2.6.1.jar because:
  Build cache is disabled
Skipping EnumerateClassesTransform: C:\Users\Tushal\.gradle\caches\transforms-3\50999740dea3a8e70b14c160e25a9ab5\transformed\lifecycle-livedata-ktx-2.7.0-runtime.jar as it is up-to-date.
Transforming sqlite-framework-2.4.0.aar (androidx.sqlite:sqlite-framework:2.4.0) with AarToClassTransform
Caching disabled for AarToClassTransform: C:\Users\Tushal\.gradle\caches\modules-2\files-2.1\androidx.room\room-runtime\2.6.1\3ebcd7683411c298dd8aeee635f452c96eaf319\room-runtime-2.6.1.aar because:
  Build cache is disabled
Transforming sqlite-2.4.0.aar (androidx.sqlite:sqlite:2.4.0) with AarToClassTransform
Transforming room-ktx-2.6.1.aar (androidx.room:room-ktx:2.6.1) with EnumerateClassesTransform
Skipping EnumerateClassesTransform: C:\Users\Tushal\.gradle\caches\modules-2\files-2.1\androidx.room\room-common\2.6.1\ff1b9580850a9b7eef56554e356628d225785265\room-common-2.6.1.jar as it is up-to-date.
Caching disabled for EnumerateClassesTransform: C:\Users\Tushal\.gradle\caches\transforms-3\5cda8f558ad5f2116b701ffd1150a5b9\transformed\core-ktx-1.12.0-runtime.jar because:
  Build cache is disabled
Skipping EnumerateClassesTransform: C:\Users\Tushal\.gradle\caches\transforms-3\c408edc2151e5f1c20d6f260d881f0ea\transformed\lifecycle-viewmodel-ktx-2.7.0-runtime.jar as it is up-to-date.
Transforming lifecycle-viewmodel-savedstate-2.7.0.aar (androidx.lifecycle:lifecycle-viewmodel-savedstate:2.7.0) with EnumerateClassesTransform
Caching disabled for AarToClassTransform: C:\Users\Tushal\.gradle\caches\modules-2\files-2.1\androidx.sqlite\sqlite\2.4.0\cc553e5621c8ad4e233059a724100afa9e2fd1f4\sqlite-2.4.0.aar because:
  Build cache is disabled
Skipping AarToClassTransform: C:\Users\Tushal\.gradle\caches\modules-2\files-2.1\androidx.room\room-runtime\2.6.1\3ebcd7683411c298dd8aeee635f452c96eaf319\room-runtime-2.6.1.aar as it is up-to-date.
Caching disabled for EnumerateClassesTransform: C:\Users\Tushal\.gradle\caches\transforms-3\9de37f9cae45789580a40a04273d2782\transformed\lifecycle-viewmodel-savedstate-2.7.0-runtime.jar because:
  Build cache is disabled
Caching disabled for EnumerateClassesTransform: C:\Users\Tushal\.gradle\caches\transforms-3\12cead41460ffda6a6f1609a54eec42a\transformed\room-ktx-2.6.1-runtime.jar because:
  Build cache is disabled
Skipping EnumerateClassesTransform: C:\Users\Tushal\.gradle\caches\transforms-3\5cda8f558ad5f2116b701ffd1150a5b9\transformed\core-ktx-1.12.0-runtime.jar as it is up-to-date.
Skipping EnumerateClassesTransform: C:\Users\Tushal\.gradle\caches\transforms-3\12cead41460ffda6a6f1609a54eec42a\transformed\room-ktx-2.6.1-runtime.jar as it is up-to-date.
Transforming kotlinx-coroutines-android-1.7.3.jar (org.jetbrains.kotlinx:kotlinx-coroutines-android:1.7.3) with IdentityTransform
Transforming kotlin-stdlib-jdk7-1.9.10.jar (org.jetbrains.kotlin:kotlin-stdlib-jdk7:1.9.10) with IdentityTransform
Transforming okhttp-4.12.0.jar (com.squareup.okhttp3:okhttp:4.12.0) with IdentityTransform
Caching disabled for AarToClassTransform: C:\Users\Tushal\.gradle\caches\modules-2\files-2.1\androidx.sqlite\sqlite-framework\2.4.0\532d56a4f312d78767534ff1cc2f8084baec6c26\sqlite-framework-2.4.0.aar because:
  Build cache is disabled
Transforming annotation-experimental-1.3.1.aar (androidx.annotation:annotation-experimental:1.3.1) with AarToClassTransform
Caching disabled for IdentityTransform: C:\Users\Tushal\.gradle\caches\modules-2\files-2.1\org.jetbrains.kotlinx\kotlinx-coroutines-android\1.7.3\38d9cad3a0b03a10453b56577984bdeb48edeed5\kotlinx-coroutines-android-1.7.3.jar because:
  Build cache is disabled
Caching disabled for IdentityTransform: C:\Users\Tushal\.gradle\caches\modules-2\files-2.1\com.squareup.okhttp3\okhttp\4.12.0\2f4525d4a200e97e1b87449c2cd9bd2e25b7e8cd\okhttp-4.12.0.jar because:
  Build cache is disabled
Transforming okio-jvm-3.6.0.jar (com.squareup.okio:okio-jvm:3.6.0) with IdentityTransform
Caching disabled for IdentityTransform: C:\Users\Tushal\.gradle\caches\modules-2\files-2.1\org.jetbrains.kotlin\kotlin-stdlib-jdk7\1.9.10\bc5bfc2690338defd5195b05c57562f2194eeb10\kotlin-stdlib-jdk7-1.9.10.jar because:
  Build cache is disabled
Transforming kotlinx-coroutines-core-jvm-1.7.3.jar (org.jetbrains.kotlinx:kotlinx-coroutines-core-jvm:1.7.3) with IdentityTransform
Skipping IdentityTransform: C:\Users\Tushal\.gradle\caches\modules-2\files-2.1\org.jetbrains.kotlin\kotlin-stdlib-jdk7\1.9.10\bc5bfc2690338defd5195b05c57562f2194eeb10\kotlin-stdlib-jdk7-1.9.10.jar as it is up-to-date.
Transforming room-runtime-2.6.1.aar (androidx.room:room-runtime:2.6.1) with EnumerateClassesTransform
Skipping EnumerateClassesTransform: C:\Users\Tushal\.gradle\caches\transforms-3\9de37f9cae45789580a40a04273d2782\transformed\lifecycle-viewmodel-savedstate-2.7.0-runtime.jar as it is up-to-date.
Caching disabled for IdentityTransform: C:\Users\Tushal\.gradle\caches\modules-2\files-2.1\com.squareup.okio\okio-jvm\3.6.0\5600569133b7bdefe1daf9ec7f4abeb6d13e1786\okio-jvm-3.6.0.jar because:
  Build cache is disabled
Skipping AarToClassTransform: C:\Users\Tushal\.gradle\caches\modules-2\files-2.1\androidx.sqlite\sqlite\2.4.0\cc553e5621c8ad4e233059a724100afa9e2fd1f4\sqlite-2.4.0.aar as it is up-to-date.
Skipping IdentityTransform: C:\Users\Tushal\.gradle\caches\modules-2\files-2.1\com.squareup.okio\okio-jvm\3.6.0\5600569133b7bdefe1daf9ec7f4abeb6d13e1786\okio-jvm-3.6.0.jar as it is up-to-date.
Caching disabled for IdentityTransform: C:\Users\Tushal\.gradle\caches\modules-2\files-2.1\org.jetbrains.kotlinx\kotlinx-coroutines-core-jvm\1.7.3\2b09627576f0989a436a00a4a54b55fa5026fb86\kotlinx-coroutines-core-jvm-1.7.3.jar because:
  Build cache is disabled
Caching disabled for AarToClassTransform: C:\Users\Tushal\.gradle\caches\modules-2\files-2.1\androidx.annotation\annotation-experimental\1.3.1\96a98340221569e1c2deb3da92de5ca6e3389a65\annotation-experimental-1.3.1.aar because:
  Build cache is disabled
Skipping IdentityTransform: C:\Users\Tushal\.gradle\caches\modules-2\files-2.1\com.squareup.okhttp3\okhttp\4.12.0\2f4525d4a200e97e1b87449c2cd9bd2e25b7e8cd\okhttp-4.12.0.jar as it is up-to-date.
Skipping IdentityTransform: C:\Users\Tushal\.gradle\caches\modules-2\files-2.1\org.jetbrains.kotlinx\kotlinx-coroutines-android\1.7.3\38d9cad3a0b03a10453b56577984bdeb48edeed5\kotlinx-coroutines-android-1.7.3.jar as it is up-to-date.
Skipping AarToClassTransform: C:\Users\Tushal\.gradle\caches\modules-2\files-2.1\androidx.sqlite\sqlite-framework\2.4.0\532d56a4f312d78767534ff1cc2f8084baec6c26\sqlite-framework-2.4.0.aar as it is up-to-date.
Transforming cardview-1.0.0.aar (androidx.cardview:cardview:1.0.0) with AarToClassTransform
Transforming kotlin-stdlib-jdk8-1.9.10.jar (org.jetbrains.kotlin:kotlin-stdlib-jdk8:1.9.10) with IdentityTransform
Transforming security-crypto-1.1.0-alpha06.aar (androidx.security:security-crypto:1.1.0-alpha06) with AarToClassTransform
Transforming cursoradapter-1.0.0.aar (androidx.cursoradapter:cursoradapter:1.0.0) with AarToClassTransform
Caching disabled for IdentityTransform: C:\Users\Tushal\.gradle\caches\modules-2\files-2.1\org.jetbrains.kotlin\kotlin-stdlib-jdk8\1.9.10\c7510d64a83411a649c76f2778304ddf71d7437b\kotlin-stdlib-jdk8-1.9.10.jar because:
  Build cache is disabled
Transforming okio-jvm-3.6.0.jar (com.squareup.okio:okio-jvm:3.6.0) with EnumerateClassesTransform
Transforming sqlite-2.4.0.aar (androidx.sqlite:sqlite:2.4.0) with EnumerateClassesTransform
Skipping AarToClassTransform: C:\Users\Tushal\.gradle\caches\modules-2\files-2.1\androidx.annotation\annotation-experimental\1.3.1\96a98340221569e1c2deb3da92de5ca6e3389a65\annotation-experimental-1.3.1.aar as it is up-to-date.
Caching disabled for AarToClassTransform: C:\Users\Tushal\.gradle\caches\modules-2\files-2.1\androidx.cursoradapter\cursoradapter\1.0.0\74014983a86b83cbce534dec4e7aa9312f5f5d82\cursoradapter-1.0.0.aar because:
  Build cache is disabled
Transforming resourceinspection-annotation-1.0.1.jar (androidx.resourceinspection:resourceinspection-annotation:1.0.1) with IdentityTransform
Skipping AarToClassTransform: C:\Users\Tushal\.gradle\caches\modules-2\files-2.1\androidx.cursoradapter\cursoradapter\1.0.0\74014983a86b83cbce534dec4e7aa9312f5f5d82\cursoradapter-1.0.0.aar as it is up-to-date.
Caching disabled for AarToClassTransform: C:\Users\Tushal\.gradle\caches\modules-2\files-2.1\androidx.security\security-crypto\1.1.0-alpha06\d23f6c36fbbeea99668bf077e14184bb2d4fc7d1\security-crypto-1.1.0-alpha06.aar because:
  Build cache is disabled
Skipping IdentityTransform: C:\Users\Tushal\.gradle\caches\modules-2\files-2.1\org.jetbrains.kotlinx\kotlinx-coroutines-core-jvm\1.7.3\2b09627576f0989a436a00a4a54b55fa5026fb86\kotlinx-coroutines-core-jvm-1.7.3.jar as it is up-to-date.
Skipping AarToClassTransform: C:\Users\Tushal\.gradle\caches\modules-2\files-2.1\androidx.security\security-crypto\1.1.0-alpha06\d23f6c36fbbeea99668bf077e14184bb2d4fc7d1\security-crypto-1.1.0-alpha06.aar as it is up-to-date.
Transforming kotlin-stdlib-jdk7-1.9.10.jar (org.jetbrains.kotlin:kotlin-stdlib-jdk7:1.9.10) with EnumerateClassesTransform
Caching disabled for EnumerateClassesTransform: C:\Users\Tushal\.gradle\caches\transforms-3\c7e1bb3b50d5348411e23f773a7ea9ad\transformed\room-runtime-2.6.1-runtime.jar because:
  Build cache is disabled
Caching disabled for EnumerateClassesTransform: C:\Users\Tushal\.gradle\caches\modules-2\files-2.1\org.jetbrains.kotlin\kotlin-stdlib-jdk7\1.9.10\bc5bfc2690338defd5195b05c57562f2194eeb10\kotlin-stdlib-jdk7-1.9.10.jar because:
  Build cache is disabled
Skipping EnumerateClassesTransform: C:\Users\Tushal\.gradle\caches\transforms-3\c7e1bb3b50d5348411e23f773a7ea9ad\transformed\room-runtime-2.6.1-runtime.jar as it is up-to-date.
Skipping EnumerateClassesTransform: C:\Users\Tushal\.gradle\caches\modules-2\files-2.1\org.jetbrains.kotlin\kotlin-stdlib-jdk7\1.9.10\bc5bfc2690338defd5195b05c57562f2194eeb10\kotlin-stdlib-jdk7-1.9.10.jar as it is up-to-date.
Transforming cursoradapter-1.0.0.aar (androidx.cursoradapter:cursoradapter:1.0.0) with EnumerateClassesTransform
Transforming security-crypto-1.1.0-alpha06.aar (androidx.security:security-crypto:1.1.0-alpha06) with EnumerateClassesTransform
Transforming annotation-experimental-1.3.1.aar (androidx.annotation:annotation-experimental:1.3.1) with EnumerateClassesTransform
Caching disabled for IdentityTransform: C:\Users\Tushal\.gradle\caches\modules-2\files-2.1\androidx.resourceinspection\resourceinspection-annotation\1.0.1\8c21f8ff5d96d5d52c948707f7e4d6ca6773feef\resourceinspection-annotation-1.0.1.jar because:
  Build cache is disabled
Caching disabled for EnumerateClassesTransform: C:\Users\Tushal\.gradle\caches\modules-2\files-2.1\com.squareup.okio\okio-jvm\3.6.0\5600569133b7bdefe1daf9ec7f4abeb6d13e1786\okio-jvm-3.6.0.jar because:
  Build cache is disabled
Skipping IdentityTransform: C:\Users\Tushal\.gradle\caches\modules-2\files-2.1\androidx.resourceinspection\resourceinspection-annotation\1.0.1\8c21f8ff5d96d5d52c948707f7e4d6ca6773feef\resourceinspection-annotation-1.0.1.jar as it is up-to-date.
Transforming sqlite-framework-2.4.0.aar (androidx.sqlite:sqlite-framework:2.4.0) with EnumerateClassesTransform
Caching disabled for EnumerateClassesTransform: C:\Users\Tushal\.gradle\caches\transforms-3\3c1ef4502e98e3dc17934de5eb9fa774\transformed\sqlite-2.4.0-runtime.jar because:
  Build cache is disabled
Skipping IdentityTransform: C:\Users\Tushal\.gradle\caches\modules-2\files-2.1\org.jetbrains.kotlin\kotlin-stdlib-jdk8\1.9.10\c7510d64a83411a649c76f2778304ddf71d7437b\kotlin-stdlib-jdk8-1.9.10.jar as it is up-to-date.
Transforming interpolator-1.0.0.aar (androidx.interpolator:interpolator:1.0.0) with AarToClassTransform
Caching disabled for EnumerateClassesTransform: C:\Users\Tushal\.gradle\caches\transforms-3\2ad89834384b8ae0058a3bafc4e8b706\transformed\sqlite-framework-2.4.0-runtime.jar because:
  Build cache is disabled
Transforming resourceinspection-annotation-1.0.1.jar (androidx.resourceinspection:resourceinspection-annotation:1.0.1) with EnumerateClassesTransform
Transforming kotlinx-coroutines-android-1.7.3.jar (org.jetbrains.kotlinx:kotlinx-coroutines-android:1.7.3) with EnumerateClassesTransform
Caching disabled for AarToClassTransform: C:\Users\Tushal\.gradle\caches\modules-2\files-2.1\androidx.cardview\cardview\1.0.0\158dbc2e2bc502815821191b04446b8f663c1874\cardview-1.0.0.aar because:
  Build cache is disabled
Transforming okhttp-4.12.0.jar (com.squareup.okhttp3:okhttp:4.12.0) with EnumerateClassesTransform
Skipping AarToClassTransform: C:\Users\Tushal\.gradle\caches\modules-2\files-2.1\androidx.cardview\cardview\1.0.0\158dbc2e2bc502815821191b04446b8f663c1874\cardview-1.0.0.aar as it is up-to-date.
Caching disabled for EnumerateClassesTransform: C:\Users\Tushal\.gradle\caches\modules-2\files-2.1\org.jetbrains.kotlinx\kotlinx-coroutines-android\1.7.3\38d9cad3a0b03a10453b56577984bdeb48edeed5\kotlinx-coroutines-android-1.7.3.jar because:
  Build cache is disabled
Caching disabled for AarToClassTransform: C:\Users\Tushal\.gradle\caches\modules-2\files-2.1\androidx.interpolator\interpolator\1.0.0\8a01fa254a23b9388571eb6334b03707c7d122d7\interpolator-1.0.0.aar because:
  Build cache is disabled
Caching disabled for EnumerateClassesTransform: C:\Users\Tushal\.gradle\caches\modules-2\files-2.1\com.squareup.okhttp3\okhttp\4.12.0\2f4525d4a200e97e1b87449c2cd9bd2e25b7e8cd\okhttp-4.12.0.jar because:
  Build cache is disabled
Caching disabled for EnumerateClassesTransform: C:\Users\Tushal\.gradle\caches\modules-2\files-2.1\androidx.resourceinspection\resourceinspection-annotation\1.0.1\8c21f8ff5d96d5d52c948707f7e4d6ca6773feef\resourceinspection-annotation-1.0.1.jar because:
  Build cache is disabled
Skipping EnumerateClassesTransform: C:\Users\Tushal\.gradle\caches\transforms-3\2ad89834384b8ae0058a3bafc4e8b706\transformed\sqlite-framework-2.4.0-runtime.jar as it is up-to-date.
Skipping EnumerateClassesTransform: C:\Users\Tushal\.gradle\caches\modules-2\files-2.1\androidx.resourceinspection\resourceinspection-annotation\1.0.1\8c21f8ff5d96d5d52c948707f7e4d6ca6773feef\resourceinspection-annotation-1.0.1.jar as it is up-to-date.
Transforming interpolator-1.0.0.aar (androidx.interpolator:interpolator:1.0.0) with AarToClassTransform
Skipping EnumerateClassesTransform: C:\Users\Tushal\.gradle\caches\transforms-3\3c1ef4502e98e3dc17934de5eb9fa774\transformed\sqlite-2.4.0-runtime.jar as it is up-to-date.
Transforming cardview-1.0.0.aar (androidx.cardview:cardview:1.0.0) with EnumerateClassesTransform
Caching disabled for EnumerateClassesTransform: C:\Users\Tushal\.gradle\caches\transforms-3\0ba70c9c4320783024b6129973c66f80\transformed\security-crypto-1.1.0-alpha06-runtime.jar because:
  Build cache is disabled
Skipping EnumerateClassesTransform: C:\Users\Tushal\.gradle\caches\modules-2\files-2.1\com.squareup.okio\okio-jvm\3.6.0\5600569133b7bdefe1daf9ec7f4abeb6d13e1786\okio-jvm-3.6.0.jar as it is up-to-date.
Caching disabled for EnumerateClassesTransform: C:\Users\Tushal\.gradle\caches\transforms-3\5fa9a3d97d5c3259c68cdcf89a3cad45\transformed\annotation-experimental-1.3.1-runtime.jar because:
  Build cache is disabled
Skipping EnumerateClassesTransform: C:\Users\Tushal\.gradle\caches\transforms-3\5fa9a3d97d5c3259c68cdcf89a3cad45\transformed\annotation-experimental-1.3.1-runtime.jar as it is up-to-date.
Caching disabled for EnumerateClassesTransform: C:\Users\Tushal\.gradle\caches\transforms-3\498365d055adac2d278d118816e420e3\transformed\cardview-1.0.0-runtime.jar because:
  Build cache is disabled
Caching disabled for EnumerateClassesTransform: C:\Users\Tushal\.gradle\caches\transforms-3\a631071df226762273b16e18a68e8ac3\transformed\cursoradapter-1.0.0-runtime.jar because:
  Build cache is disabled
Skipping EnumerateClassesTransform: C:\Users\Tushal\.gradle\caches\transforms-3\a631071df226762273b16e18a68e8ac3\transformed\cursoradapter-1.0.0-runtime.jar as it is up-to-date.
Transforming kotlinx-coroutines-core-jvm-1.7.3.jar (org.jetbrains.kotlinx:kotlinx-coroutines-core-jvm:1.7.3) with EnumerateClassesTransform
Skipping EnumerateClassesTransform: C:\Users\Tushal\.gradle\caches\transforms-3\0ba70c9c4320783024b6129973c66f80\transformed\security-crypto-1.1.0-alpha06-runtime.jar as it is up-to-date.
Transforming interpolator-1.0.0.aar (androidx.interpolator:interpolator:1.0.0) with AarToClassTransform
Caching disabled for EnumerateClassesTransform: C:\Users\Tushal\.gradle\caches\modules-2\files-2.1\org.jetbrains.kotlinx\kotlinx-coroutines-core-jvm\1.7.3\2b09627576f0989a436a00a4a54b55fa5026fb86\kotlinx-coroutines-core-jvm-1.7.3.jar because:
  Build cache is disabled
Skipping EnumerateClassesTransform: C:\Users\Tushal\.gradle\caches\modules-2\files-2.1\org.jetbrains.kotlinx\kotlinx-coroutines-core-jvm\1.7.3\2b09627576f0989a436a00a4a54b55fa5026fb86\kotlinx-coroutines-core-jvm-1.7.3.jar as it is up-to-date.
Skipping EnumerateClassesTransform: C:\Users\Tushal\.gradle\caches\modules-2\files-2.1\com.squareup.okhttp3\okhttp\4.12.0\2f4525d4a200e97e1b87449c2cd9bd2e25b7e8cd\okhttp-4.12.0.jar as it is up-to-date.
Skipping AarToClassTransform: C:\Users\Tushal\.gradle\caches\modules-2\files-2.1\androidx.interpolator\interpolator\1.0.0\8a01fa254a23b9388571eb6334b03707c7d122d7\interpolator-1.0.0.aar as it is up-to-date.
Skipping EnumerateClassesTransform: C:\Users\Tushal\.gradle\caches\transforms-3\498365d055adac2d278d118816e420e3\transformed\cardview-1.0.0-runtime.jar as it is up-to-date.
Skipping EnumerateClassesTransform: C:\Users\Tushal\.gradle\caches\modules-2\files-2.1\org.jetbrains.kotlinx\kotlinx-coroutines-android\1.7.3\38d9cad3a0b03a10453b56577984bdeb48edeed5\kotlinx-coroutines-android-1.7.3.jar as it is up-to-date.
Transforming interpolator-1.0.0.aar (androidx.interpolator:interpolator:1.0.0) with EnumerateClassesTransform
Transforming interpolator-1.0.0.aar (androidx.interpolator:interpolator:1.0.0) with EnumerateClassesTransform
Transforming interpolator-1.0.0.aar (androidx.interpolator:interpolator:1.0.0) with EnumerateClassesTransform
Caching disabled for EnumerateClassesTransform: C:\Users\Tushal\.gradle\caches\transforms-3\7ba4fb0b52c3f963bbaafe781af04450\transformed\interpolator-1.0.0-runtime.jar because:
  Build cache is disabled
Skipping EnumerateClassesTransform: C:\Users\Tushal\.gradle\caches\transforms-3\7ba4fb0b52c3f963bbaafe781af04450\transformed\interpolator-1.0.0-runtime.jar as it is up-to-date.
Transforming kotlin-stdlib-jdk8-1.9.10.jar (org.jetbrains.kotlin:kotlin-stdlib-jdk8:1.9.10) with EnumerateClassesTransform
Transforming core-runtime-2.2.0.aar (androidx.arch.core:core-runtime:2.2.0) with AarToClassTransform
Transforming exifinterface-1.3.6.aar (androidx.exifinterface:exifinterface:1.3.6) with AarToClassTransform
Transforming gifdecoder-4.16.0.aar (com.github.bumptech.glide:gifdecoder:4.16.0) with AarToClassTransform
Caching disabled for EnumerateClassesTransform: C:\Users\Tushal\.gradle\caches\modules-2\files-2.1\org.jetbrains.kotlin\kotlin-stdlib-jdk8\1.9.10\c7510d64a83411a649c76f2778304ddf71d7437b\kotlin-stdlib-jdk8-1.9.10.jar because:
  Build cache is disabled
Caching disabled for AarToClassTransform: C:\Users\Tushal\.gradle\caches\modules-2\files-2.1\androidx.arch.core\core-runtime\2.2.0\39705982680d78556b679ef9d5400d4f17509b0b\core-runtime-2.2.0.aar because:
  Build cache is disabled
Skipping EnumerateClassesTransform: C:\Users\Tushal\.gradle\caches\modules-2\files-2.1\org.jetbrains.kotlin\kotlin-stdlib-jdk8\1.9.10\c7510d64a83411a649c76f2778304ddf71d7437b\kotlin-stdlib-jdk8-1.9.10.jar as it is up-to-date.
Caching disabled for AarToClassTransform: C:\Users\Tushal\.gradle\caches\modules-2\files-2.1\com.github.bumptech.glide\gifdecoder\4.16.0\2e432e2933ee72a217ba3721e58ef414d2b2d3e8\gifdecoder-4.16.0.aar because:
  Build cache is disabled
Transforming profileinstaller-1.3.1.aar (androidx.profileinstaller:profileinstaller:1.3.1) with AarToClassTransform
Skipping AarToClassTransform: C:\Users\Tushal\.gradle\caches\modules-2\files-2.1\com.github.bumptech.glide\gifdecoder\4.16.0\2e432e2933ee72a217ba3721e58ef414d2b2d3e8\gifdecoder-4.16.0.aar as it is up-to-date.
Skipping AarToClassTransform: C:\Users\Tushal\.gradle\caches\modules-2\files-2.1\androidx.arch.core\core-runtime\2.2.0\39705982680d78556b679ef9d5400d4f17509b0b\core-runtime-2.2.0.aar as it is up-to-date.
Caching disabled for AarToClassTransform: C:\Users\Tushal\.gradle\caches\modules-2\files-2.1\androidx.exifinterface\exifinterface\1.3.6\66c4f85fbe44c6556b05ecd28ea1af00cff3655e\exifinterface-1.3.6.aar because:
  Build cache is disabled
Transforming startup-runtime-1.1.1.aar (androidx.startup:startup-runtime:1.1.1) with AarToClassTransform
Skipping AarToClassTransform: C:\Users\Tushal\.gradle\caches\modules-2\files-2.1\androidx.exifinterface\exifinterface\1.3.6\66c4f85fbe44c6556b05ecd28ea1af00cff3655e\exifinterface-1.3.6.aar as it is up-to-date.
Transforming tracing-1.0.0.aar (androidx.tracing:tracing:1.0.0) with AarToClassTransform
Caching disabled for AarToClassTransform: C:\Users\Tushal\.gradle\caches\modules-2\files-2.1\androidx.profileinstaller\profileinstaller\1.3.1\c0bac819b4f88a648011542273373d1e5093e3a7\profileinstaller-1.3.1.aar because:
  Build cache is disabled
Transforming versionedparcelable-1.1.1.aar (androidx.versionedparcelable:versionedparcelable:1.1.1) with AarToClassTransform
Skipping AarToClassTransform: C:\Users\Tushal\.gradle\caches\modules-2\files-2.1\androidx.profileinstaller\profileinstaller\1.3.1\c0bac819b4f88a648011542273373d1e5093e3a7\profileinstaller-1.3.1.aar as it is up-to-date.
Caching disabled for AarToClassTransform: C:\Users\Tushal\.gradle\caches\modules-2\files-2.1\androidx.startup\startup-runtime\1.1.1\9d4ba67056aff98b69eadc1477c19a1e67cb9470\startup-runtime-1.1.1.aar because:
  Build cache is disabled
Transforming gifdecoder-4.16.0.aar (com.github.bumptech.glide:gifdecoder:4.16.0) with EnumerateClassesTransform
Transforming core-common-2.2.0.jar (androidx.arch.core:core-common:2.2.0) with IdentityTransform
Caching disabled for AarToClassTransform: C:\Users\Tushal\.gradle\caches\modules-2\files-2.1\androidx.versionedparcelable\versionedparcelable\1.1.1\18e18071e7715679e0593c570217edeb5ca48b9e\versionedparcelable-1.1.1.aar because:
  Build cache is disabled
Skipping AarToClassTransform: C:\Users\Tushal\.gradle\caches\modules-2\files-2.1\androidx.versionedparcelable\versionedparcelable\1.1.1\18e18071e7715679e0593c570217edeb5ca48b9e\versionedparcelable-1.1.1.aar as it is up-to-date.
Transforming core-runtime-2.2.0.aar (androidx.arch.core:core-runtime:2.2.0) with EnumerateClassesTransform
Caching disabled for EnumerateClassesTransform: C:\Users\Tushal\.gradle\caches\transforms-3\ed2307686641d7434675cc849a816321\transformed\gifdecoder-4.16.0-runtime.jar because:
  Build cache is disabled
Transforming exifinterface-1.3.6.aar (androidx.exifinterface:exifinterface:1.3.6) with EnumerateClassesTransform
Transforming documentfile-1.0.0.aar (androidx.documentfile:documentfile:1.0.0) with AarToClassTransform
Caching disabled for AarToClassTransform: C:\Users\Tushal\.gradle\caches\modules-2\files-2.1\androidx.tracing\tracing\1.0.0\69cef34711dffbc517e7a0a419ec4a98f84f496a\tracing-1.0.0.aar because:
  Build cache is disabled
Transforming localbroadcastmanager-1.0.0.aar (androidx.localbroadcastmanager:localbroadcastmanager:1.0.0) with AarToClassTransform
Caching disabled for EnumerateClassesTransform: C:\Users\Tushal\.gradle\caches\transforms-3\584ce0bbe13b61b7083afb548a76041a\transformed\exifinterface-1.3.6-runtime.jar because:
  Build cache is disabled
Skipping EnumerateClassesTransform: C:\Users\Tushal\.gradle\caches\transforms-3\ed2307686641d7434675cc849a816321\transformed\gifdecoder-4.16.0-runtime.jar as it is up-to-date.
Transforming versionedparcelable-1.1.1.aar (androidx.versionedparcelable:versionedparcelable:1.1.1) with EnumerateClassesTransform
Caching disabled for EnumerateClassesTransform: C:\Users\Tushal\.gradle\caches\transforms-3\01882f1fa78e47fea92b3c16a2427c3f\transformed\core-runtime-2.2.0-runtime.jar because:
  Build cache is disabled
Transforming profileinstaller-1.3.1.aar (androidx.profileinstaller:profileinstaller:1.3.1) with EnumerateClassesTransform
Caching disabled for IdentityTransform: C:\Users\Tushal\.gradle\caches\modules-2\files-2.1\androidx.arch.core\core-common\2.2.0\5e1b8b81dfd5f52c56a8d53b18ca759c19a301f3\core-common-2.2.0.jar because:
  Build cache is disabled
Caching disabled for EnumerateClassesTransform: C:\Users\Tushal\.gradle\caches\transforms-3\198fd2d8bee6b770c83dc65020e55412\transformed\profileinstaller-1.3.1-runtime.jar because:
  Build cache is disabled
Skipping AarToClassTransform: C:\Users\Tushal\.gradle\caches\modules-2\files-2.1\androidx.startup\startup-runtime\1.1.1\9d4ba67056aff98b69eadc1477c19a1e67cb9470\startup-runtime-1.1.1.aar as it is up-to-date.
Skipping EnumerateClassesTransform: C:\Users\Tushal\.gradle\caches\transforms-3\198fd2d8bee6b770c83dc65020e55412\transformed\profileinstaller-1.3.1-runtime.jar as it is up-to-date.
Skipping IdentityTransform: C:\Users\Tushal\.gradle\caches\modules-2\files-2.1\androidx.arch.core\core-common\2.2.0\5e1b8b81dfd5f52c56a8d53b18ca759c19a301f3\core-common-2.2.0.jar as it is up-to-date.
Caching disabled for EnumerateClassesTransform: C:\Users\Tushal\.gradle\caches\transforms-3\106a42e0df8d2faa3b4a0a51fe9f7420\transformed\versionedparcelable-1.1.1-runtime.jar because:
  Build cache is disabled
Skipping EnumerateClassesTransform: C:\Users\Tushal\.gradle\caches\transforms-3\01882f1fa78e47fea92b3c16a2427c3f\transformed\core-runtime-2.2.0-runtime.jar as it is up-to-date.
Skipping EnumerateClassesTransform: C:\Users\Tushal\.gradle\caches\transforms-3\106a42e0df8d2faa3b4a0a51fe9f7420\transformed\versionedparcelable-1.1.1-runtime.jar as it is up-to-date.
Transforming startup-runtime-1.1.1.aar (androidx.startup:startup-runtime:1.1.1) with EnumerateClassesTransform
Caching disabled for AarToClassTransform: C:\Users\Tushal\.gradle\caches\modules-2\files-2.1\androidx.localbroadcastmanager\localbroadcastmanager\1.0.0\2734f31c8321e83ce6b60570d14777fc33cc2ece\localbroadcastmanager-1.0.0.aar because:
  Build cache is disabled
Caching disabled for EnumerateClassesTransform: C:\Users\Tushal\.gradle\caches\transforms-3\e2c2574e128a2825b27e14215e1817f2\transformed\startup-runtime-1.1.1-runtime.jar because:
  Build cache is disabled
Skipping AarToClassTransform: C:\Users\Tushal\.gradle\caches\modules-2\files-2.1\androidx.localbroadcastmanager\localbroadcastmanager\1.0.0\2734f31c8321e83ce6b60570d14777fc33cc2ece\localbroadcastmanager-1.0.0.aar as it is up-to-date.
Caching disabled for AarToClassTransform: C:\Users\Tushal\.gradle\caches\modules-2\files-2.1\androidx.documentfile\documentfile\1.0.0\66104345c90cd8c2fd5ad2d3aad692b280e10c32\documentfile-1.0.0.aar because:
  Build cache is disabled
Skipping EnumerateClassesTransform: C:\Users\Tushal\.gradle\caches\transforms-3\584ce0bbe13b61b7083afb548a76041a\transformed\exifinterface-1.3.6-runtime.jar as it is up-to-date.
Transforming print-1.0.0.aar (androidx.print:print:1.0.0) with AarToClassTransform
Skipping AarToClassTransform: C:\Users\Tushal\.gradle\caches\modules-2\files-2.1\androidx.tracing\tracing\1.0.0\69cef34711dffbc517e7a0a419ec4a98f84f496a\tracing-1.0.0.aar as it is up-to-date.
Transforming multidex-2.0.1.aar (androidx.multidex:multidex:2.0.1) with AarToClassTransform
Skipping AarToClassTransform: C:\Users\Tushal\.gradle\caches\modules-2\files-2.1\androidx.documentfile\documentfile\1.0.0\66104345c90cd8c2fd5ad2d3aad692b280e10c32\documentfile-1.0.0.aar as it is up-to-date.
Transforming localbroadcastmanager-1.0.0.aar (androidx.localbroadcastmanager:localbroadcastmanager:1.0.0) with EnumerateClassesTransform
Transforming core-common-2.2.0.jar (androidx.arch.core:core-common:2.2.0) with EnumerateClassesTransform
Caching disabled for EnumerateClassesTransform: C:\Users\Tushal\.gradle\caches\transforms-3\e400abf728c2066a460edb7413978c49\transformed\localbroadcastmanager-1.0.0-runtime.jar because:
  Build cache is disabled
Skipping EnumerateClassesTransform: C:\Users\Tushal\.gradle\caches\transforms-3\e2c2574e128a2825b27e14215e1817f2\transformed\startup-runtime-1.1.1-runtime.jar as it is up-to-date.
Caching disabled for AarToClassTransform: C:\Users\Tushal\.gradle\caches\modules-2\files-2.1\androidx.multidex\multidex\2.0.1\c5c10c06f82ec4b4fcccc5ee4ea64ecc48254f33\multidex-2.0.1.aar because:
  Build cache is disabled
Transforming collection-jvm-1.3.0.jar (androidx.collection:collection-jvm:1.3.0) with IdentityTransform
Skipping AarToClassTransform: C:\Users\Tushal\.gradle\caches\modules-2\files-2.1\androidx.multidex\multidex\2.0.1\c5c10c06f82ec4b4fcccc5ee4ea64ecc48254f33\multidex-2.0.1.aar as it is up-to-date.
Skipping EnumerateClassesTransform: C:\Users\Tushal\.gradle\caches\transforms-3\e400abf728c2066a460edb7413978c49\transformed\localbroadcastmanager-1.0.0-runtime.jar as it is up-to-date.
Transforming tracing-1.0.0.aar (androidx.tracing:tracing:1.0.0) with EnumerateClassesTransform
Transforming auto-value-annotations-1.6.3.jar (com.google.auto.value:auto-value-annotations:1.6.3) with IdentityTransform
Transforming multidex-2.0.1.aar (androidx.multidex:multidex:2.0.1) with EnumerateClassesTransform
Transforming listenablefuture-9999.0-empty-to-avoid-conflict-with-guava.jar (com.google.guava:listenablefuture:9999.0-empty-to-avoid-conflict-with-guava) with IdentityTransform
Transforming concurrent-futures-1.1.0.jar (androidx.concurrent:concurrent-futures:1.1.0) with IdentityTransform
Caching disabled for EnumerateClassesTransform: C:\Users\Tushal\.gradle\caches\modules-2\files-2.1\androidx.arch.core\core-common\2.2.0\5e1b8b81dfd5f52c56a8d53b18ca759c19a301f3\core-common-2.2.0.jar because:
  Build cache is disabled
Caching disabled for IdentityTransform: C:\Users\Tushal\.gradle\caches\modules-2\files-2.1\androidx.collection\collection-jvm\1.3.0\33d8b28dca2450e8656cfa23316eb656fb6f1299\collection-jvm-1.3.0.jar because:
  Build cache is disabled
Caching disabled for IdentityTransform: C:\Users\Tushal\.gradle\caches\modules-2\files-2.1\com.google.auto.value\auto-value-annotations\1.6.3\b88c1bb7f149f6d2cc03898359283e57b08f39cc\auto-value-annotations-1.6.3.jar because:
  Build cache is disabled
Caching disabled for AarToClassTransform: C:\Users\Tushal\.gradle\caches\modules-2\files-2.1\androidx.print\print\1.0.0\7722094652c48ebe27acc94d74a55e759e4635ff\print-1.0.0.aar because:
  Build cache is disabled
Transforming failureaccess-1.0.1.jar (com.google.guava:failureaccess:1.0.1) with IdentityTransform
Caching disabled for EnumerateClassesTransform: C:\Users\Tushal\.gradle\caches\transforms-3\8d21ea94d3697e0f4774a15733821265\transformed\tracing-1.0.0-runtime.jar because:
  Build cache is disabled
Transforming guava-31.1-android.jar (com.google.guava:guava:31.1-android) with IdentityTransform
Skipping EnumerateClassesTransform: C:\Users\Tushal\.gradle\caches\transforms-3\8d21ea94d3697e0f4774a15733821265\transformed\tracing-1.0.0-runtime.jar as it is up-to-date.
Transforming documentfile-1.0.0.aar (androidx.documentfile:documentfile:1.0.0) with EnumerateClassesTransform
Transforming annotation-jvm-1.7.0.jar (androidx.annotation:annotation-jvm:1.7.0) with IdentityTransform
Caching disabled for IdentityTransform: C:\Users\Tushal\.gradle\caches\modules-2\files-2.1\com.google.guava\guava\31.1-android\9222c47cc3ae890f07f7c961bbb3cb69050fe4aa\guava-31.1-android.jar because:
  Build cache is disabled
Skipping AarToClassTransform: C:\Users\Tushal\.gradle\caches\modules-2\files-2.1\androidx.print\print\1.0.0\7722094652c48ebe27acc94d74a55e759e4635ff\print-1.0.0.aar as it is up-to-date.
Skipping IdentityTransform: C:\Users\Tushal\.gradle\caches\modules-2\files-2.1\com.google.auto.value\auto-value-annotations\1.6.3\b88c1bb7f149f6d2cc03898359283e57b08f39cc\auto-value-annotations-1.6.3.jar as it is up-to-date.
Caching disabled for IdentityTransform: C:\Users\Tushal\.gradle\caches\modules-2\files-2.1\androidx.concurrent\concurrent-futures\1.1.0\50b7fb98350d5f42a4e49704b03278542293ba48\concurrent-futures-1.1.0.jar because:
  Build cache is disabled
Transforming exp4j-0.4.8.jar (net.objecthunter:exp4j:0.4.8) with IdentityTransform
Skipping IdentityTransform: C:\Users\Tushal\.gradle\caches\modules-2\files-2.1\androidx.concurrent\concurrent-futures\1.1.0\50b7fb98350d5f42a4e49704b03278542293ba48\concurrent-futures-1.1.0.jar as it is up-to-date.
Transforming annotations-4.16.0.jar (com.github.bumptech.glide:annotations:4.16.0) with IdentityTransform
Transforming print-1.0.0.aar (androidx.print:print:1.0.0) with EnumerateClassesTransform
Caching disabled for IdentityTransform: C:\Users\Tushal\.gradle\caches\modules-2\files-2.1\net.objecthunter\exp4j\0.4.8\cf1cfc0f958077d86ac7452c7e36d944689b2ec4\exp4j-0.4.8.jar because:
  Build cache is disabled
Caching disabled for IdentityTransform: C:\Users\Tushal\.gradle\caches\modules-2\files-2.1\com.github.bumptech.glide\annotations\4.16.0\90730f6498299d207aa0878124ab7585969808f0\annotations-4.16.0.jar because:
  Build cache is disabled
Skipping IdentityTransform: C:\Users\Tushal\.gradle\caches\modules-2\files-2.1\net.objecthunter\exp4j\0.4.8\cf1cfc0f958077d86ac7452c7e36d944689b2ec4\exp4j-0.4.8.jar as it is up-to-date.
Caching disabled for EnumerateClassesTransform: C:\Users\Tushal\.gradle\caches\transforms-3\4072087cd584fd76fb8e13402b7bdf59\transformed\print-1.0.0-runtime.jar because:
  Build cache is disabled
Skipping IdentityTransform: C:\Users\Tushal\.gradle\caches\modules-2\files-2.1\androidx.collection\collection-jvm\1.3.0\33d8b28dca2450e8656cfa23316eb656fb6f1299\collection-jvm-1.3.0.jar as it is up-to-date.
Transforming concurrent-futures-1.1.0.jar (androidx.concurrent:concurrent-futures:1.1.0) with EnumerateClassesTransform
Transforming auto-value-annotations-1.6.3.jar (com.google.auto.value:auto-value-annotations:1.6.3) with EnumerateClassesTransform
Transforming constraintlayout-core-1.0.4.jar (androidx.constraintlayout:constraintlayout-core:1.0.4) with IdentityTransform
Caching disabled for EnumerateClassesTransform: C:\Users\Tushal\.gradle\caches\modules-2\files-2.1\androidx.concurrent\concurrent-futures\1.1.0\50b7fb98350d5f42a4e49704b03278542293ba48\concurrent-futures-1.1.0.jar because:
  Build cache is disabled
Skipping EnumerateClassesTransform: C:\Users\Tushal\.gradle\caches\modules-2\files-2.1\androidx.arch.core\core-common\2.2.0\5e1b8b81dfd5f52c56a8d53b18ca759c19a301f3\core-common-2.2.0.jar as it is up-to-date.
Skipping EnumerateClassesTransform: C:\Users\Tushal\.gradle\caches\modules-2\files-2.1\androidx.concurrent\concurrent-futures\1.1.0\50b7fb98350d5f42a4e49704b03278542293ba48\concurrent-futures-1.1.0.jar as it is up-to-date.
Caching disabled for EnumerateClassesTransform: C:\Users\Tushal\.gradle\caches\transforms-3\21b0eb0141af758ef7d2518358330634\transformed\multidex-2.0.1-runtime.jar because:
  Build cache is disabled
Caching disabled for IdentityTransform: C:\Users\Tushal\.gradle\caches\modules-2\files-2.1\androidx.constraintlayout\constraintlayout-core\1.0.4\29cdbe03ded6b0980f63fa5da2579a430e911c40\constraintlayout-core-1.0.4.jar because:
  Build cache is disabled
Transforming error_prone_annotations-2.15.0.jar (com.google.errorprone:error_prone_annotations:2.15.0) with IdentityTransform
Skipping IdentityTransform: C:\Users\Tushal\.gradle\caches\modules-2\files-2.1\androidx.constraintlayout\constraintlayout-core\1.0.4\29cdbe03ded6b0980f63fa5da2579a430e911c40\constraintlayout-core-1.0.4.jar as it is up-to-date.
Transforming collection-jvm-1.3.0.jar (androidx.collection:collection-jvm:1.3.0) with EnumerateClassesTransform
Transforming kotlin-stdlib-1.9.21.jar (org.jetbrains.kotlin:kotlin-stdlib:1.9.21) with IdentityTransform
Caching disabled for EnumerateClassesTransform: C:\Users\Tushal\.gradle\caches\modules-2\files-2.1\com.google.auto.value\auto-value-annotations\1.6.3\b88c1bb7f149f6d2cc03898359283e57b08f39cc\auto-value-annotations-1.6.3.jar because:
  Build cache is disabled
Transforming disklrucache-4.16.0.jar (com.github.bumptech.glide:disklrucache:4.16.0) with IdentityTransform
Transforming constraintlayout-core-1.0.4.jar (androidx.constraintlayout:constraintlayout-core:1.0.4) with EnumerateClassesTransform
Transforming exp4j-0.4.8.jar (net.objecthunter:exp4j:0.4.8) with EnumerateClassesTransform
Skipping EnumerateClassesTransform: C:\Users\Tushal\.gradle\caches\transforms-3\4072087cd584fd76fb8e13402b7bdf59\transformed\print-1.0.0-runtime.jar as it is up-to-date.
Caching disabled for EnumerateClassesTransform: C:\Users\Tushal\.gradle\caches\modules-2\files-2.1\androidx.collection\collection-jvm\1.3.0\33d8b28dca2450e8656cfa23316eb656fb6f1299\collection-jvm-1.3.0.jar because:
  Build cache is disabled
Skipping IdentityTransform: C:\Users\Tushal\.gradle\caches\modules-2\files-2.1\com.github.bumptech.glide\annotations\4.16.0\90730f6498299d207aa0878124ab7585969808f0\annotations-4.16.0.jar as it is up-to-date.
Caching disabled for EnumerateClassesTransform: C:\Users\Tushal\.gradle\caches\modules-2\files-2.1\net.objecthunter\exp4j\0.4.8\cf1cfc0f958077d86ac7452c7e36d944689b2ec4\exp4j-0.4.8.jar because:
  Build cache is disabled
Transforming annotations-23.0.0.jar (org.jetbrains:annotations:23.0.0) with IdentityTransform
Caching disabled for IdentityTransform: C:\Users\Tushal\.gradle\caches\modules-2\files-2.1\com.google.guava\failureaccess\1.0.1\1dcf1de382a0bf95a3d8b0849546c88bac1292c9\failureaccess-1.0.1.jar because:
  Build cache is disabled
Caching disabled for IdentityTransform: C:\Users\Tushal\.gradle\caches\modules-2\files-2.1\androidx.annotation\annotation-jvm\1.7.0\920472d40adcdef5e18708976b3e314f9a636fcd\annotation-jvm-1.7.0.jar because:
  Build cache is disabled
Skipping IdentityTransform: C:\Users\Tushal\.gradle\caches\modules-2\files-2.1\com.google.guava\guava\31.1-android\9222c47cc3ae890f07f7c961bbb3cb69050fe4aa\guava-31.1-android.jar as it is up-to-date.
Caching disabled for EnumerateClassesTransform: C:\Users\Tushal\.gradle\caches\transforms-3\c5966fb959487af0953564013fdd32fc\transformed\documentfile-1.0.0-runtime.jar because:
  Build cache is disabled
Caching disabled for IdentityTransform: C:\Users\Tushal\.gradle\caches\modules-2\files-2.1\com.google.guava\listenablefuture\9999.0-empty-to-avoid-conflict-with-guava\b421526c5f297295adef1c886e5246c39d4ac629\listenablefuture-9999.0-empty-to-avoid-conflict-with-guava.jar because:
  Build cache is disabled
Skipping EnumerateClassesTransform: C:\Users\Tushal\.gradle\caches\transforms-3\c5966fb959487af0953564013fdd32fc\transformed\documentfile-1.0.0-runtime.jar as it is up-to-date.
Skipping IdentityTransform: C:\Users\Tushal\.gradle\caches\modules-2\files-2.1\androidx.annotation\annotation-jvm\1.7.0\920472d40adcdef5e18708976b3e314f9a636fcd\annotation-jvm-1.7.0.jar as it is up-to-date.
Skipping IdentityTransform: C:\Users\Tushal\.gradle\caches\modules-2\files-2.1\com.google.guava\failureaccess\1.0.1\1dcf1de382a0bf95a3d8b0849546c88bac1292c9\failureaccess-1.0.1.jar as it is up-to-date.
Caching disabled for IdentityTransform: C:\Users\Tushal\.gradle\caches\modules-2\files-2.1\org.jetbrains\annotations\23.0.0\8cc20c07506ec18e0834947b84a864bfc094484e\annotations-23.0.0.jar because:
  Build cache is disabled
Skipping EnumerateClassesTransform: C:\Users\Tushal\.gradle\caches\modules-2\files-2.1\net.objecthunter\exp4j\0.4.8\cf1cfc0f958077d86ac7452c7e36d944689b2ec4\exp4j-0.4.8.jar as it is up-to-date.
Transforming gson-2.10.1.jar (com.google.code.gson:gson:2.10.1) with IdentityTransform
Skipping EnumerateClassesTransform: C:\Users\Tushal\.gradle\caches\modules-2\files-2.1\androidx.collection\collection-jvm\1.3.0\33d8b28dca2450e8656cfa23316eb656fb6f1299\collection-jvm-1.3.0.jar as it is up-to-date.
Transforming failureaccess-1.0.1.jar (com.google.guava:failureaccess:1.0.1) with EnumerateClassesTransform
Transforming tink-android-1.8.0.jar (com.google.crypto.tink:tink-android:1.8.0) with IdentityTransform
Caching disabled for EnumerateClassesTransform: C:\Users\Tushal\.gradle\caches\modules-2\files-2.1\androidx.constraintlayout\constraintlayout-core\1.0.4\29cdbe03ded6b0980f63fa5da2579a430e911c40\constraintlayout-core-1.0.4.jar because:
  Build cache is disabled
Caching disabled for IdentityTransform: C:\Users\Tushal\.gradle\caches\modules-2\files-2.1\com.google.code.gson\gson\2.10.1\b3add478d4382b78ea20b1671390a858002feb6c\gson-2.10.1.jar because:
  Build cache is disabled
Skipping EnumerateClassesTransform: C:\Users\Tushal\.gradle\caches\modules-2\files-2.1\androidx.constraintlayout\constraintlayout-core\1.0.4\29cdbe03ded6b0980f63fa5da2579a430e911c40\constraintlayout-core-1.0.4.jar as it is up-to-date.
Skipping IdentityTransform: C:\Users\Tushal\.gradle\caches\modules-2\files-2.1\com.google.code.gson\gson\2.10.1\b3add478d4382b78ea20b1671390a858002feb6c\gson-2.10.1.jar as it is up-to-date.
Caching disabled for IdentityTransform: C:\Users\Tushal\.gradle\caches\modules-2\files-2.1\com.github.bumptech.glide\disklrucache\4.16.0\411aa175d50d10b37c7a1a04d21a4e7145249557\disklrucache-4.16.0.jar because:
  Build cache is disabled
Skipping EnumerateClassesTransform: C:\Users\Tushal\.gradle\caches\modules-2\files-2.1\com.google.auto.value\auto-value-annotations\1.6.3\b88c1bb7f149f6d2cc03898359283e57b08f39cc\auto-value-annotations-1.6.3.jar as it is up-to-date.
Skipping IdentityTransform: C:\Users\Tushal\.gradle\caches\modules-2\files-2.1\com.github.bumptech.glide\disklrucache\4.16.0\411aa175d50d10b37c7a1a04d21a4e7145249557\disklrucache-4.16.0.jar as it is up-to-date.
Caching disabled for EnumerateClassesTransform: C:\Users\Tushal\.gradle\caches\modules-2\files-2.1\com.google.guava\failureaccess\1.0.1\1dcf1de382a0bf95a3d8b0849546c88bac1292c9\failureaccess-1.0.1.jar because:
  Build cache is disabled
Caching disabled for IdentityTransform: C:\Users\Tushal\.gradle\caches\modules-2\files-2.1\org.jetbrains.kotlin\kotlin-stdlib\1.9.21\17ee3e873d439566c7d8354403b5f3d9744c4c9c\kotlin-stdlib-1.9.21.jar because:
  Build cache is disabled
Transforming gson-2.10.1.jar (com.google.code.gson:gson:2.10.1) with EnumerateClassesTransform
Skipping IdentityTransform: C:\Users\Tushal\.gradle\caches\modules-2\files-2.1\org.jetbrains.kotlin\kotlin-stdlib\1.9.21\17ee3e873d439566c7d8354403b5f3d9744c4c9c\kotlin-stdlib-1.9.21.jar as it is up-to-date.
Caching disabled for IdentityTransform: C:\Users\Tushal\.gradle\caches\modules-2\files-2.1\com.google.errorprone\error_prone_annotations\2.15.0\38c8485a652f808c8c149150da4e5c2b0bd17f9a\error_prone_annotations-2.15.0.jar because:
  Build cache is disabled
Skipping EnumerateClassesTransform: C:\Users\Tushal\.gradle\caches\transforms-3\21b0eb0141af758ef7d2518358330634\transformed\multidex-2.0.1-runtime.jar as it is up-to-date.
Skipping IdentityTransform: C:\Users\Tushal\.gradle\caches\modules-2\files-2.1\com.google.errorprone\error_prone_annotations\2.15.0\38c8485a652f808c8c149150da4e5c2b0bd17f9a\error_prone_annotations-2.15.0.jar as it is up-to-date.
Transforming disklrucache-4.16.0.jar (com.github.bumptech.glide:disklrucache:4.16.0) with EnumerateClassesTransform
Skipping EnumerateClassesTransform: C:\Users\Tushal\.gradle\caches\modules-2\files-2.1\com.google.guava\failureaccess\1.0.1\1dcf1de382a0bf95a3d8b0849546c88bac1292c9\failureaccess-1.0.1.jar as it is up-to-date.
Transforming annotation-jvm-1.7.0.jar (androidx.annotation:annotation-jvm:1.7.0) with EnumerateClassesTransform
Skipping IdentityTransform: C:\Users\Tushal\.gradle\caches\modules-2\files-2.1\org.jetbrains\annotations\23.0.0\8cc20c07506ec18e0834947b84a864bfc094484e\annotations-23.0.0.jar as it is up-to-date.
Transforming kotlin-stdlib-1.9.21.jar (org.jetbrains.kotlin:kotlin-stdlib:1.9.21) with EnumerateClassesTransform
Caching disabled for EnumerateClassesTransform: C:\Users\Tushal\.gradle\caches\modules-2\files-2.1\androidx.annotation\annotation-jvm\1.7.0\920472d40adcdef5e18708976b3e314f9a636fcd\annotation-jvm-1.7.0.jar because:
  Build cache is disabled
Transforming error_prone_annotations-2.15.0.jar (com.google.errorprone:error_prone_annotations:2.15.0) with EnumerateClassesTransform
Caching disabled for EnumerateClassesTransform: C:\Users\Tushal\.gradle\caches\modules-2\files-2.1\org.jetbrains.kotlin\kotlin-stdlib\1.9.21\17ee3e873d439566c7d8354403b5f3d9744c4c9c\kotlin-stdlib-1.9.21.jar because:
  Build cache is disabled
Transforming annotations-23.0.0.jar (org.jetbrains:annotations:23.0.0) with EnumerateClassesTransform
Skipping EnumerateClassesTransform: C:\Users\Tushal\.gradle\caches\modules-2\files-2.1\org.jetbrains.kotlin\kotlin-stdlib\1.9.21\17ee3e873d439566c7d8354403b5f3d9744c4c9c\kotlin-stdlib-1.9.21.jar as it is up-to-date.
Caching disabled for EnumerateClassesTransform: C:\Users\Tushal\.gradle\caches\modules-2\files-2.1\com.google.errorprone\error_prone_annotations\2.15.0\38c8485a652f808c8c149150da4e5c2b0bd17f9a\error_prone_annotations-2.15.0.jar because:
  Build cache is disabled
Caching disabled for EnumerateClassesTransform: C:\Users\Tushal\.gradle\caches\modules-2\files-2.1\com.google.code.gson\gson\2.10.1\b3add478d4382b78ea20b1671390a858002feb6c\gson-2.10.1.jar because:
  Build cache is disabled
Transforming guava-31.1-android.jar (com.google.guava:guava:31.1-android) with EnumerateClassesTransform
Transforming annotations-4.16.0.jar (com.github.bumptech.glide:annotations:4.16.0) with EnumerateClassesTransform
Skipping IdentityTransform: C:\Users\Tushal\.gradle\caches\modules-2\files-2.1\com.google.guava\listenablefuture\9999.0-empty-to-avoid-conflict-with-guava\b421526c5f297295adef1c886e5246c39d4ac629\listenablefuture-9999.0-empty-to-avoid-conflict-with-guava.jar as it is up-to-date.
Caching disabled for EnumerateClassesTransform: C:\Users\Tushal\.gradle\caches\modules-2\files-2.1\com.google.guava\guava\31.1-android\9222c47cc3ae890f07f7c961bbb3cb69050fe4aa\guava-31.1-android.jar because:
  Build cache is disabled
Skipping EnumerateClassesTransform: C:\Users\Tushal\.gradle\caches\modules-2\files-2.1\com.google.code.gson\gson\2.10.1\b3add478d4382b78ea20b1671390a858002feb6c\gson-2.10.1.jar as it is up-to-date.
Skipping EnumerateClassesTransform: C:\Users\Tushal\.gradle\caches\modules-2\files-2.1\com.google.errorprone\error_prone_annotations\2.15.0\38c8485a652f808c8c149150da4e5c2b0bd17f9a\error_prone_annotations-2.15.0.jar as it is up-to-date.
Caching disabled for EnumerateClassesTransform: C:\Users\Tushal\.gradle\caches\modules-2\files-2.1\com.github.bumptech.glide\disklrucache\4.16.0\411aa175d50d10b37c7a1a04d21a4e7145249557\disklrucache-4.16.0.jar because:
  Build cache is disabled
Caching disabled for EnumerateClassesTransform: C:\Users\Tushal\.gradle\caches\modules-2\files-2.1\org.jetbrains\annotations\23.0.0\8cc20c07506ec18e0834947b84a864bfc094484e\annotations-23.0.0.jar because:
  Build cache is disabled
Caching disabled for IdentityTransform: C:\Users\Tushal\.gradle\caches\modules-2\files-2.1\com.google.crypto.tink\tink-android\1.8.0\bda82b49568d444a3b54773ca5aa487816473295\tink-android-1.8.0.jar because:
  Build cache is disabled
Skipping EnumerateClassesTransform: C:\Users\Tushal\.gradle\caches\modules-2\files-2.1\androidx.annotation\annotation-jvm\1.7.0\920472d40adcdef5e18708976b3e314f9a636fcd\annotation-jvm-1.7.0.jar as it is up-to-date.
Transforming listenablefuture-9999.0-empty-to-avoid-conflict-with-guava.jar (com.google.guava:listenablefuture:9999.0-empty-to-avoid-conflict-with-guava) with EnumerateClassesTransform
Skipping IdentityTransform: C:\Users\Tushal\.gradle\caches\modules-2\files-2.1\com.google.crypto.tink\tink-android\1.8.0\bda82b49568d444a3b54773ca5aa487816473295\tink-android-1.8.0.jar as it is up-to-date.
Skipping EnumerateClassesTransform: C:\Users\Tushal\.gradle\caches\modules-2\files-2.1\org.jetbrains\annotations\23.0.0\8cc20c07506ec18e0834947b84a864bfc094484e\annotations-23.0.0.jar as it is up-to-date.
Skipping EnumerateClassesTransform: C:\Users\Tushal\.gradle\caches\modules-2\files-2.1\com.github.bumptech.glide\disklrucache\4.16.0\411aa175d50d10b37c7a1a04d21a4e7145249557\disklrucache-4.16.0.jar as it is up-to-date.
Skipping EnumerateClassesTransform: C:\Users\Tushal\.gradle\caches\modules-2\files-2.1\com.google.guava\guava\31.1-android\9222c47cc3ae890f07f7c961bbb3cb69050fe4aa\guava-31.1-android.jar as it is up-to-date.
Caching disabled for EnumerateClassesTransform: C:\Users\Tushal\.gradle\caches\modules-2\files-2.1\com.google.guava\listenablefuture\9999.0-empty-to-avoid-conflict-with-guava\b421526c5f297295adef1c886e5246c39d4ac629\listenablefuture-9999.0-empty-to-avoid-conflict-with-guava.jar because:
  Build cache is disabled
Skipping EnumerateClassesTransform: C:\Users\Tushal\.gradle\caches\modules-2\files-2.1\com.google.guava\listenablefuture\9999.0-empty-to-avoid-conflict-with-guava\b421526c5f297295adef1c886e5246c39d4ac629\listenablefuture-9999.0-empty-to-avoid-conflict-with-guava.jar as it is up-to-date.
Caching disabled for EnumerateClassesTransform: C:\Users\Tushal\.gradle\caches\modules-2\files-2.1\com.github.bumptech.glide\annotations\4.16.0\90730f6498299d207aa0878124ab7585969808f0\annotations-4.16.0.jar because:
  Build cache is disabled
Skipping EnumerateClassesTransform: C:\Users\Tushal\.gradle\caches\modules-2\files-2.1\com.github.bumptech.glide\annotations\4.16.0\90730f6498299d207aa0878124ab7585969808f0\annotations-4.16.0.jar as it is up-to-date.
Transforming tink-android-1.8.0.jar (com.google.crypto.tink:tink-android:1.8.0) with EnumerateClassesTransform
Caching disabled for EnumerateClassesTransform: C:\Users\Tushal\.gradle\caches\modules-2\files-2.1\com.google.crypto.tink\tink-android\1.8.0\bda82b49568d444a3b54773ca5aa487816473295\tink-android-1.8.0.jar because:
  Build cache is disabled
Skipping EnumerateClassesTransform: C:\Users\Tushal\.gradle\caches\modules-2\files-2.1\com.google.crypto.tink\tink-android\1.8.0\bda82b49568d444a3b54773ca5aa487816473295\tink-android-1.8.0.jar as it is up-to-date.
Caching disabled for task ':app:checkDebugDuplicateClasses' because:
  Build cache is disabled
Task ':app:checkDebugDuplicateClasses' is not up-to-date because:
  Output property 'dummyOutputDirectory' file C:\Users\Tushal\Desktop\APP\Vexor\app\build\intermediates\duplicate_classes_check\debug has been removed.
Resolve mutations for :app:mergeExtDexDebug (Thread[Execution worker Thread 9,5,main]) started.
:app:mergeExtDexDebug (Thread[Execution worker,5,main]) started.

> Task :app:mergeDebugNativeLibs
Transforming viewbinding-8.2.0.aar (androidx.databinding:viewbinding:8.2.0) with ExtractAarTransform
Transforming viewbinding-8.2.0.aar (androidx.databinding:viewbinding:8.2.0) with AarTransform
Transforming material-1.11.0.aar (com.google.android.material:material:1.11.0) with ExtractAarTransform
Transforming material-1.11.0.aar (com.google.android.material:material:1.11.0) with AarTransform
Transforming constraintlayout-2.1.4.aar (androidx.constraintlayout:constraintlayout:2.1.4) with ExtractAarTransform
Transforming constraintlayout-2.1.4.aar (androidx.constraintlayout:constraintlayout:2.1.4) with AarTransform
Transforming biometric-1.1.0.aar (androidx.biometric:biometric:1.1.0) with ExtractAarTransform
Transforming biometric-1.1.0.aar (androidx.biometric:biometric:1.1.0) with AarTransform
Transforming coil-2.5.0.aar (io.coil-kt:coil:2.5.0) with ExtractAarTransform
Transforming coil-2.5.0.aar (io.coil-kt:coil:2.5.0) with AarTransform
Caching disabled for AarTransform: C:\Users\Tushal\.gradle\caches\transforms-3\ee7372a378ee3382ad11d1d4ea99a2b0\transformed\viewbinding-8.2.0 because:
  Build cache is disabled
Caching disabled for AarTransform: C:\Users\Tushal\.gradle\caches\transforms-3\e308b6e6d17158c8079fa92ee7b91963\transformed\material-1.11.0 because:
  Build cache is disabled
Transforming coil-video-2.5.0.aar (io.coil-kt:coil-video:2.5.0) with ExtractAarTransform
Skipping AarTransform: C:\Users\Tushal\.gradle\caches\transforms-3\e308b6e6d17158c8079fa92ee7b91963\transformed\material-1.11.0 as it is up-to-date.
Caching disabled for AarTransform: C:\Users\Tushal\.gradle\caches\transforms-3\dc740cdfa4b72028e37eea76661c42ef\transformed\coil-2.5.0 because:
  Build cache is disabled
Caching disabled for AarTransform: C:\Users\Tushal\.gradle\caches\transforms-3\57d34647962dfce3c8e4f7677bf8cd17\transformed\biometric-1.1.0 because:
  Build cache is disabled
Caching disabled for AarTransform: C:\Users\Tushal\.gradle\caches\transforms-3\ff126ee9cca3fc604c8510753ac09caf\transformed\constraintlayout-2.1.4 because:
  Build cache is disabled
Skipping AarTransform: C:\Users\Tushal\.gradle\caches\transforms-3\ee7372a378ee3382ad11d1d4ea99a2b0\transformed\viewbinding-8.2.0 as it is up-to-date.
Skipping AarTransform: C:\Users\Tushal\.gradle\caches\transforms-3\ff126ee9cca3fc604c8510753ac09caf\transformed\constraintlayout-2.1.4 as it is up-to-date.
Skipping AarTransform: C:\Users\Tushal\.gradle\caches\transforms-3\57d34647962dfce3c8e4f7677bf8cd17\transformed\biometric-1.1.0 as it is up-to-date.
Skipping AarTransform: C:\Users\Tushal\.gradle\caches\transforms-3\dc740cdfa4b72028e37eea76661c42ef\transformed\coil-2.5.0 as it is up-to-date.
Transforming coil-video-2.5.0.aar (io.coil-kt:coil-video:2.5.0) with AarTransform
Transforming coil-base-2.5.0.aar (io.coil-kt:coil-base:2.5.0) with ExtractAarTransform
Transforming coil-base-2.5.0.aar (io.coil-kt:coil-base:2.5.0) with AarTransform
Transforming appcompat-resources-1.6.1.aar (androidx.appcompat:appcompat-resources:1.6.1) with ExtractAarTransform
Transforming appcompat-resources-1.6.1.aar (androidx.appcompat:appcompat-resources:1.6.1) with AarTransform
Transforming appcompat-1.6.1.aar (androidx.appcompat:appcompat:1.6.1) with ExtractAarTransform
Caching disabled for AarTransform: C:\Users\Tushal\.gradle\caches\transforms-3\a7e257e5db315937cb7a3d69b1f90fb7\transformed\coil-video-2.5.0 because:
  Build cache is disabled
Caching disabled for AarTransform: C:\Users\Tushal\.gradle\caches\transforms-3\c880f30648f48c0e398759a215b47ce2\transformed\coil-base-2.5.0 because:
  Build cache is disabled
Transforming appcompat-1.6.1.aar (androidx.appcompat:appcompat:1.6.1) with AarTransform
Skipping AarTransform: C:\Users\Tushal\.gradle\caches\transforms-3\c880f30648f48c0e398759a215b47ce2\transformed\coil-base-2.5.0 as it is up-to-date.
Caching disabled for AarTransform: C:\Users\Tushal\.gradle\caches\transforms-3\44cf57b6d98c7e6b7e5b8a03a98cf622\transformed\appcompat-resources-1.6.1 because:
  Build cache is disabled
Skipping AarTransform: C:\Users\Tushal\.gradle\caches\transforms-3\a7e257e5db315937cb7a3d69b1f90fb7\transformed\coil-video-2.5.0 as it is up-to-date.
Skipping AarTransform: C:\Users\Tushal\.gradle\caches\transforms-3\44cf57b6d98c7e6b7e5b8a03a98cf622\transformed\appcompat-resources-1.6.1 as it is up-to-date.
Transforming glide-4.16.0.aar (com.github.bumptech.glide:glide:4.16.0) with ExtractAarTransform
Caching disabled for AarTransform: C:\Users\Tushal\.gradle\caches\transforms-3\468ef8c1224fa11f9c4341db52a06e93\transformed\appcompat-1.6.1 because:
  Build cache is disabled
Transforming glide-4.16.0.aar (com.github.bumptech.glide:glide:4.16.0) with AarTransform
Skipping AarTransform: C:\Users\Tushal\.gradle\caches\transforms-3\468ef8c1224fa11f9c4341db52a06e93\transformed\appcompat-1.6.1 as it is up-to-date.
Transforming media3-exoplayer-1.2.0.aar (androidx.media3:media3-exoplayer:1.2.0) with ExtractAarTransform
Transforming media3-exoplayer-1.2.0.aar (androidx.media3:media3-exoplayer:1.2.0) with AarTransform
Transforming media3-extractor-1.2.0.aar (androidx.media3:media3-extractor:1.2.0) with ExtractAarTransform
Transforming media3-extractor-1.2.0.aar (androidx.media3:media3-extractor:1.2.0) with AarTransform
Caching disabled for AarTransform: C:\Users\Tushal\.gradle\caches\transforms-3\dc9ba8c66bf67f1ab539a00e8b9c9c9a\transformed\glide-4.16.0 because:
  Build cache is disabled
Transforming media3-container-1.2.0.aar (androidx.media3:media3-container:1.2.0) with ExtractAarTransform
Skipping AarTransform: C:\Users\Tushal\.gradle\caches\transforms-3\dc9ba8c66bf67f1ab539a00e8b9c9c9a\transformed\glide-4.16.0 as it is up-to-date.
Caching disabled for AarTransform: C:\Users\Tushal\.gradle\caches\transforms-3\e75b5071789f5baf57b3f20bc1a48613\transformed\media3-exoplayer-1.2.0 because:
  Build cache is disabled
Caching disabled for AarTransform: C:\Users\Tushal\.gradle\caches\transforms-3\92737f2c4321642a8ea14201c9b5f136\transformed\media3-extractor-1.2.0 because:
  Build cache is disabled
Skipping AarTransform: C:\Users\Tushal\.gradle\caches\transforms-3\e75b5071789f5baf57b3f20bc1a48613\transformed\media3-exoplayer-1.2.0 as it is up-to-date.
Skipping AarTransform: C:\Users\Tushal\.gradle\caches\transforms-3\92737f2c4321642a8ea14201c9b5f136\transformed\media3-extractor-1.2.0 as it is up-to-date.
Transforming media3-container-1.2.0.aar (androidx.media3:media3-container:1.2.0) with AarTransform
Transforming media3-datasource-1.2.0.aar (androidx.media3:media3-datasource:1.2.0) with ExtractAarTransform
Transforming media3-datasource-1.2.0.aar (androidx.media3:media3-datasource:1.2.0) with AarTransform
Transforming media3-decoder-1.2.0.aar (androidx.media3:media3-decoder:1.2.0) with ExtractAarTransform
Transforming media3-decoder-1.2.0.aar (androidx.media3:media3-decoder:1.2.0) with AarTransform
Caching disabled for AarTransform: C:\Users\Tushal\.gradle\caches\transforms-3\df523f5ebd5a1e5d83dd3f3f151f5076\transformed\media3-container-1.2.0 because:
  Build cache is disabled
Caching disabled for AarTransform: C:\Users\Tushal\.gradle\caches\transforms-3\b398c59ea54a69e3de1ab2129ac14a19\transformed\media3-datasource-1.2.0 because:
  Build cache is disabled
Transforming media3-database-1.2.0.aar (androidx.media3:media3-database:1.2.0) with ExtractAarTransform
Caching disabled for AarTransform: C:\Users\Tushal\.gradle\caches\transforms-3\1d6c6aaf665475b03b3e7a199de97ee4\transformed\media3-decoder-1.2.0 because:
  Build cache is disabled
Skipping AarTransform: C:\Users\Tushal\.gradle\caches\transforms-3\b398c59ea54a69e3de1ab2129ac14a19\transformed\media3-datasource-1.2.0 as it is up-to-date.
Skipping AarTransform: C:\Users\Tushal\.gradle\caches\transforms-3\df523f5ebd5a1e5d83dd3f3f151f5076\transformed\media3-container-1.2.0 as it is up-to-date.
Skipping AarTransform: C:\Users\Tushal\.gradle\caches\transforms-3\1d6c6aaf665475b03b3e7a199de97ee4\transformed\media3-decoder-1.2.0 as it is up-to-date.
Transforming media3-database-1.2.0.aar (androidx.media3:media3-database:1.2.0) with AarTransform
Transforming media3-common-1.2.0.aar (androidx.media3:media3-common:1.2.0) with ExtractAarTransform
Transforming media3-common-1.2.0.aar (androidx.media3:media3-common:1.2.0) with AarTransform
Caching disabled for AarTransform: C:\Users\Tushal\.gradle\caches\transforms-3\3f4f00451a43ebd95417c5d4a0aac350\transformed\media3-database-1.2.0 because:
  Build cache is disabled
Transforming media3-ui-1.2.0.aar (androidx.media3:media3-ui:1.2.0) with ExtractAarTransform
Skipping AarTransform: C:\Users\Tushal\.gradle\caches\transforms-3\3f4f00451a43ebd95417c5d4a0aac350\transformed\media3-database-1.2.0 as it is up-to-date.
Transforming media3-ui-1.2.0.aar (androidx.media3:media3-ui:1.2.0) with AarTransform
Caching disabled for AarTransform: C:\Users\Tushal\.gradle\caches\transforms-3\1f4d79196179c097dcf5135e5e548a60\transformed\media3-common-1.2.0 because:
  Build cache is disabled
Caching disabled for AarTransform: C:\Users\Tushal\.gradle\caches\transforms-3\a6a8c7b41a65c72c07aff083dbf25ba0\transformed\media3-ui-1.2.0 because:
  Build cache is disabled
Transforming recyclerview-1.3.2.aar (androidx.recyclerview:recyclerview:1.3.2) with ExtractAarTransform
Skipping AarTransform: C:\Users\Tushal\.gradle\caches\transforms-3\1f4d79196179c097dcf5135e5e548a60\transformed\media3-common-1.2.0 as it is up-to-date.
Skipping AarTransform: C:\Users\Tushal\.gradle\caches\transforms-3\a6a8c7b41a65c72c07aff083dbf25ba0\transformed\media3-ui-1.2.0 as it is up-to-date.
Transforming recyclerview-1.3.2.aar (androidx.recyclerview:recyclerview:1.3.2) with AarTransform
Transforming viewpager2-1.1.0-beta02.aar (androidx.viewpager2:viewpager2:1.1.0-beta02) with ExtractAarTransform
Transforming viewpager2-1.1.0-beta02.aar (androidx.viewpager2:viewpager2:1.1.0-beta02) with AarTransform
Transforming fragment-1.3.6.aar (androidx.fragment:fragment:1.3.6) with ExtractAarTransform
Transforming fragment-1.3.6.aar (androidx.fragment:fragment:1.3.6) with AarTransform
Transforming activity-1.8.2.aar (androidx.activity:activity:1.8.2) with ExtractAarTransform
Caching disabled for AarTransform: C:\Users\Tushal\.gradle\caches\transforms-3\86ae1b24a46958f5365ec5ef3d2d1c34\transformed\recyclerview-1.3.2 because:
  Build cache is disabled
Caching disabled for AarTransform: C:\Users\Tushal\.gradle\caches\transforms-3\7894b91b38b404f70940d07cabe5899f\transformed\viewpager2-1.1.0-beta02 because:
  Build cache is disabled
Caching disabled for AarTransform: C:\Users\Tushal\.gradle\caches\transforms-3\492822d6f5cf6540ee1405596cc42ade\transformed\fragment-1.3.6 because:
  Build cache is disabled
Skipping AarTransform: C:\Users\Tushal\.gradle\caches\transforms-3\7894b91b38b404f70940d07cabe5899f\transformed\viewpager2-1.1.0-beta02 as it is up-to-date.
Skipping AarTransform: C:\Users\Tushal\.gradle\caches\transforms-3\492822d6f5cf6540ee1405596cc42ade\transformed\fragment-1.3.6 as it is up-to-date.
Transforming activity-1.8.2.aar (androidx.activity:activity:1.8.2) with AarTransform
Skipping AarTransform: C:\Users\Tushal\.gradle\caches\transforms-3\86ae1b24a46958f5365ec5ef3d2d1c34\transformed\recyclerview-1.3.2 as it is up-to-date.
Transforming activity-ktx-1.8.2.aar (androidx.activity:activity-ktx:1.8.2) with ExtractAarTransform
Transforming activity-ktx-1.8.2.aar (androidx.activity:activity-ktx:1.8.2) with AarTransform
Transforming swiperefreshlayout-1.1.0.aar (androidx.swiperefreshlayout:swiperefreshlayout:1.1.0) with ExtractAarTransform
Transforming swiperefreshlayout-1.1.0.aar (androidx.swiperefreshlayout:swiperefreshlayout:1.1.0) with AarTransform
Caching disabled for AarTransform: C:\Users\Tushal\.gradle\caches\transforms-3\f9410f15e9fb2f39f9c91101f6a20106\transformed\activity-1.8.2 because:
  Build cache is disabled
Caching disabled for AarTransform: C:\Users\Tushal\.gradle\caches\transforms-3\0ca366a1d236200f2eea054185b5f0d8\transformed\activity-ktx-1.8.2 because:
  Build cache is disabled
Skipping AarTransform: C:\Users\Tushal\.gradle\caches\transforms-3\f9410f15e9fb2f39f9c91101f6a20106\transformed\activity-1.8.2 as it is up-to-date.
Skipping AarTransform: C:\Users\Tushal\.gradle\caches\transforms-3\0ca366a1d236200f2eea054185b5f0d8\transformed\activity-ktx-1.8.2 as it is up-to-date.
Caching disabled for AarTransform: C:\Users\Tushal\.gradle\caches\transforms-3\339f76cdc3d96b2a50cab9a23a560bcb\transformed\swiperefreshlayout-1.1.0 because:
  Build cache is disabled
Transforming camera-lifecycle-1.3.1.aar (androidx.camera:camera-lifecycle:1.3.1) with ExtractAarTransform
Skipping AarTransform: C:\Users\Tushal\.gradle\caches\transforms-3\339f76cdc3d96b2a50cab9a23a560bcb\transformed\swiperefreshlayout-1.1.0 as it is up-to-date.
Transforming camera-lifecycle-1.3.1.aar (androidx.camera:camera-lifecycle:1.3.1) with AarTransform
Transforming camera-camera2-1.3.1.aar (androidx.camera:camera-camera2:1.3.1) with ExtractAarTransform
Transforming camera-camera2-1.3.1.aar (androidx.camera:camera-camera2:1.3.1) with AarTransform
Transforming camera-core-1.3.1.aar (androidx.camera:camera-core:1.3.1) with ExtractAarTransform
Transforming camera-core-1.3.1.aar (androidx.camera:camera-core:1.3.1) with AarTransform
Caching disabled for AarTransform: C:\Users\Tushal\.gradle\caches\transforms-3\270e300d271c2ab3efa31872dd2e5301\transformed\camera-lifecycle-1.3.1 because:
  Build cache is disabled
Transforming emoji2-views-helper-1.2.0.aar (androidx.emoji2:emoji2-views-helper:1.2.0) with ExtractAarTransform
Skipping AarTransform: C:\Users\Tushal\.gradle\caches\transforms-3\270e300d271c2ab3efa31872dd2e5301\transformed\camera-lifecycle-1.3.1 as it is up-to-date.
Caching disabled for AarTransform: C:\Users\Tushal\.gradle\caches\transforms-3\b525739896ca14c1bc27882fe8208c8a\transformed\camera-core-1.3.1 because:
  Build cache is disabled
Caching disabled for AarTransform: C:\Users\Tushal\.gradle\caches\transforms-3\fb070df8d5725024895184ad87598e4e\transformed\camera-camera2-1.3.1 because:
  Build cache is disabled
Skipping AarTransform: C:\Users\Tushal\.gradle\caches\transforms-3\b525739896ca14c1bc27882fe8208c8a\transformed\camera-core-1.3.1 as it is up-to-date.
Skipping AarTransform: C:\Users\Tushal\.gradle\caches\transforms-3\fb070df8d5725024895184ad87598e4e\transformed\camera-camera2-1.3.1 as it is up-to-date.
Transforming emoji2-views-helper-1.2.0.aar (androidx.emoji2:emoji2-views-helper:1.2.0) with AarTransform
Transforming emoji2-1.2.0.aar (androidx.emoji2:emoji2:1.2.0) with ExtractAarTransform
Transforming emoji2-1.2.0.aar (androidx.emoji2:emoji2:1.2.0) with AarTransform
Transforming drawerlayout-1.1.1.aar (androidx.drawerlayout:drawerlayout:1.1.1) with ExtractAarTransform
Transforming drawerlayout-1.1.1.aar (androidx.drawerlayout:drawerlayout:1.1.1) with AarTransform
Caching disabled for AarTransform: C:\Users\Tushal\.gradle\caches\transforms-3\dc64f4c79e165697ebdff10b6cc6e9d4\transformed\emoji2-views-helper-1.2.0 because:
  Build cache is disabled
Transforming coordinatorlayout-1.1.0.aar (androidx.coordinatorlayout:coordinatorlayout:1.1.0) with ExtractAarTransform
Caching disabled for AarTransform: C:\Users\Tushal\.gradle\caches\transforms-3\c6681b4e418b9f33bb2163defe599d48\transformed\emoji2-1.2.0 because:
  Build cache is disabled
Skipping AarTransform: C:\Users\Tushal\.gradle\caches\transforms-3\dc64f4c79e165697ebdff10b6cc6e9d4\transformed\emoji2-views-helper-1.2.0 as it is up-to-date.
Skipping AarTransform: C:\Users\Tushal\.gradle\caches\transforms-3\c6681b4e418b9f33bb2163defe599d48\transformed\emoji2-1.2.0 as it is up-to-date.
Caching disabled for AarTransform: C:\Users\Tushal\.gradle\caches\transforms-3\8311f284aead11fa49e25fe7039fe589\transformed\drawerlayout-1.1.1 because:
  Build cache is disabled
Transforming coordinatorlayout-1.1.0.aar (androidx.coordinatorlayout:coordinatorlayout:1.1.0) with AarTransform
Skipping AarTransform: C:\Users\Tushal\.gradle\caches\transforms-3\8311f284aead11fa49e25fe7039fe589\transformed\drawerlayout-1.1.1 as it is up-to-date.
Transforming dynamicanimation-1.0.0.aar (androidx.dynamicanimation:dynamicanimation:1.0.0) with ExtractAarTransform
Transforming dynamicanimation-1.0.0.aar (androidx.dynamicanimation:dynamicanimation:1.0.0) with AarTransform
Transforming transition-1.2.0.aar (androidx.transition:transition:1.2.0) with ExtractAarTransform
Transforming transition-1.2.0.aar (androidx.transition:transition:1.2.0) with AarTransform
Caching disabled for AarTransform: C:\Users\Tushal\.gradle\caches\transforms-3\a4e6ecf66af1c4b4199be43380cac145\transformed\coordinatorlayout-1.1.0 because:
  Build cache is disabled
Caching disabled for AarTransform: C:\Users\Tushal\.gradle\caches\transforms-3\ad4399c080ebc131028831b3f7710164\transformed\dynamicanimation-1.0.0 because:
  Build cache is disabled
Transforming vectordrawable-animated-1.1.0.aar (androidx.vectordrawable:vectordrawable-animated:1.1.0) with ExtractAarTransform
Skipping AarTransform: C:\Users\Tushal\.gradle\caches\transforms-3\ad4399c080ebc131028831b3f7710164\transformed\dynamicanimation-1.0.0 as it is up-to-date.
Caching disabled for AarTransform: C:\Users\Tushal\.gradle\caches\transforms-3\77ad483ac93f96cb4b844c8d431b41c6\transformed\transition-1.2.0 because:
  Build cache is disabled
Skipping AarTransform: C:\Users\Tushal\.gradle\caches\transforms-3\a4e6ecf66af1c4b4199be43380cac145\transformed\coordinatorlayout-1.1.0 as it is up-to-date.
Skipping AarTransform: C:\Users\Tushal\.gradle\caches\transforms-3\77ad483ac93f96cb4b844c8d431b41c6\transformed\transition-1.2.0 as it is up-to-date.
Transforming vectordrawable-animated-1.1.0.aar (androidx.vectordrawable:vectordrawable-animated:1.1.0) with AarTransform
Transforming vectordrawable-1.1.0.aar (androidx.vectordrawable:vectordrawable:1.1.0) with ExtractAarTransform
Transforming vectordrawable-1.1.0.aar (androidx.vectordrawable:vectordrawable:1.1.0) with AarTransform
Transforming vectordrawable-1.1.0.aar (androidx.vectordrawable:vectordrawable:1.1.0) with ExtractAarTransform
Transforming vectordrawable-1.1.0.aar (androidx.vectordrawable:vectordrawable:1.1.0) with AarTransform
Caching disabled for AarTransform: C:\Users\Tushal\.gradle\caches\transforms-3\3ffad289452d90132b25cfa39b80d81f\transformed\vectordrawable-animated-1.1.0 because:
  Build cache is disabled
Caching disabled for AarTransform: C:\Users\Tushal\.gradle\caches\transforms-3\0c7ee7980467685fc899e8881f198f09\transformed\vectordrawable-1.1.0 because:
  Build cache is disabled
Transforming media-1.6.0.aar (androidx.media:media:1.6.0) with ExtractAarTransform
Skipping AarTransform: C:\Users\Tushal\.gradle\caches\transforms-3\0c7ee7980467685fc899e8881f198f09\transformed\vectordrawable-1.1.0 as it is up-to-date.
Skipping AarTransform: C:\Users\Tushal\.gradle\caches\transforms-3\3ffad289452d90132b25cfa39b80d81f\transformed\vectordrawable-animated-1.1.0 as it is up-to-date.
Transforming media-1.6.0.aar (androidx.media:media:1.6.0) with AarTransform
Transforming viewpager-1.0.0.aar (androidx.viewpager:viewpager:1.0.0) with ExtractAarTransform
Transforming viewpager-1.0.0.aar (androidx.viewpager:viewpager:1.0.0) with AarTransform
Transforming legacy-support-core-utils-1.0.0.aar (androidx.legacy:legacy-support-core-utils:1.0.0) with ExtractAarTransform
Transforming legacy-support-core-utils-1.0.0.aar (androidx.legacy:legacy-support-core-utils:1.0.0) with AarTransform
Caching disabled for AarTransform: C:\Users\Tushal\.gradle\caches\transforms-3\adf12948b03f92c8da384a18759e3a29\transformed\media-1.6.0 because:
  Build cache is disabled
Transforming loader-1.0.0.aar (androidx.loader:loader:1.0.0) with ExtractAarTransform
Skipping AarTransform: C:\Users\Tushal\.gradle\caches\transforms-3\adf12948b03f92c8da384a18759e3a29\transformed\media-1.6.0 as it is up-to-date.
Caching disabled for AarTransform: C:\Users\Tushal\.gradle\caches\transforms-3\c02ac995872b81c83e1917567743c810\transformed\legacy-support-core-utils-1.0.0 because:
  Build cache is disabled
Caching disabled for AarTransform: C:\Users\Tushal\.gradle\caches\transforms-3\1b730982aa055e587f1c4dd43ee6713f\transformed\viewpager-1.0.0 because:
  Build cache is disabled
Skipping AarTransform: C:\Users\Tushal\.gradle\caches\transforms-3\c02ac995872b81c83e1917567743c810\transformed\legacy-support-core-utils-1.0.0 as it is up-to-date.
Transforming loader-1.0.0.aar (androidx.loader:loader:1.0.0) with AarTransform
Skipping AarTransform: C:\Users\Tushal\.gradle\caches\transforms-3\1b730982aa055e587f1c4dd43ee6713f\transformed\viewpager-1.0.0 as it is up-to-date.
Transforming loader-1.0.0.aar (androidx.loader:loader:1.0.0) with ExtractAarTransform
Transforming loader-1.0.0.aar (androidx.loader:loader:1.0.0) with AarTransform
Transforming customview-1.1.0.aar (androidx.customview:customview:1.1.0) with ExtractAarTransform
Transforming customview-1.1.0.aar (androidx.customview:customview:1.1.0) with AarTransform
Caching disabled for AarTransform: C:\Users\Tushal\.gradle\caches\transforms-3\8b65fb41d7244f8684b31581aedcf434\transformed\loader-1.0.0 because:
  Build cache is disabled
Transforming customview-1.1.0.aar (androidx.customview:customview:1.1.0) with ExtractAarTransform
Caching disabled for AarTransform: C:\Users\Tushal\.gradle\caches\transforms-3\c6744541110b4f89ce76a11e549acfe0\transformed\customview-1.1.0 because:
  Build cache is disabled
Skipping AarTransform: C:\Users\Tushal\.gradle\caches\transforms-3\8b65fb41d7244f8684b31581aedcf434\transformed\loader-1.0.0 as it is up-to-date.
Skipping AarTransform: C:\Users\Tushal\.gradle\caches\transforms-3\c6744541110b4f89ce76a11e549acfe0\transformed\customview-1.1.0 as it is up-to-date.
Transforming customview-1.1.0.aar (androidx.customview:customview:1.1.0) with AarTransform
Transforming customview-1.1.0.aar (androidx.customview:customview:1.1.0) with ExtractAarTransform
Transforming customview-1.1.0.aar (androidx.customview:customview:1.1.0) with AarTransform
Transforming customview-1.1.0.aar (androidx.customview:customview:1.1.0) with ExtractAarTransform
Transforming customview-1.1.0.aar (androidx.customview:customview:1.1.0) with AarTransform
Transforming core-1.12.0.aar (androidx.core:core:1.12.0) with ExtractAarTransform
Transforming core-1.12.0.aar (androidx.core:core:1.12.0) with AarTransform
Transforming core-1.12.0.aar (androidx.core:core:1.12.0) with ExtractAarTransform
Transforming core-1.12.0.aar (androidx.core:core:1.12.0) with AarTransform
Transforming core-1.12.0.aar (androidx.core:core:1.12.0) with ExtractAarTransform
Transforming core-1.12.0.aar (androidx.core:core:1.12.0) with AarTransform
Transforming core-1.12.0.aar (androidx.core:core:1.12.0) with ExtractAarTransform
Caching disabled for AarTransform: C:\Users\Tushal\.gradle\caches\transforms-3\0689a9fd0de0e6fef5d369e599568f09\transformed\core-1.12.0 because:
  Build cache is disabled
Transforming core-1.12.0.aar (androidx.core:core:1.12.0) with AarTransform
Skipping AarTransform: C:\Users\Tushal\.gradle\caches\transforms-3\0689a9fd0de0e6fef5d369e599568f09\transformed\core-1.12.0 as it is up-to-date.
Transforming core-1.12.0.aar (androidx.core:core:1.12.0) with ExtractAarTransform
Transforming core-1.12.0.aar (androidx.core:core:1.12.0) with AarTransform
Transforming core-1.12.0.aar (androidx.core:core:1.12.0) with ExtractAarTransform
Transforming core-1.12.0.aar (androidx.core:core:1.12.0) with AarTransform
Transforming core-1.12.0.aar (androidx.core:core:1.12.0) with ExtractAarTransform
Transforming core-1.12.0.aar (androidx.core:core:1.12.0) with AarTransform
Transforming core-1.12.0.aar (androidx.core:core:1.12.0) with ExtractAarTransform
Transforming core-1.12.0.aar (androidx.core:core:1.12.0) with AarTransform
Transforming core-1.12.0.aar (androidx.core:core:1.12.0) with ExtractAarTransform
Transforming core-1.12.0.aar (androidx.core:core:1.12.0) with AarTransform
Transforming core-1.12.0.aar (androidx.core:core:1.12.0) with ExtractAarTransform
Transforming core-1.12.0.aar (androidx.core:core:1.12.0) with AarTransform
Transforming core-1.12.0.aar (androidx.core:core:1.12.0) with ExtractAarTransform
Transforming core-1.12.0.aar (androidx.core:core:1.12.0) with AarTransform
Transforming customview-poolingcontainer-1.0.0.aar (androidx.customview:customview-poolingcontainer:1.0.0) with ExtractAarTransform
Transforming customview-poolingcontainer-1.0.0.aar (androidx.customview:customview-poolingcontainer:1.0.0) with AarTransform
Transforming lifecycle-process-2.7.0.aar (androidx.lifecycle:lifecycle-process:2.7.0) with ExtractAarTransform
Transforming lifecycle-process-2.7.0.aar (androidx.lifecycle:lifecycle-process:2.7.0) with AarTransform
Transforming lifecycle-runtime-ktx-2.7.0.aar (androidx.lifecycle:lifecycle-runtime-ktx:2.7.0) with ExtractAarTransform
Transforming lifecycle-runtime-ktx-2.7.0.aar (androidx.lifecycle:lifecycle-runtime-ktx:2.7.0) with AarTransform
Transforming savedstate-ktx-1.2.1.aar (androidx.savedstate:savedstate-ktx:1.2.1) with ExtractAarTransform
Transforming savedstate-ktx-1.2.1.aar (androidx.savedstate:savedstate-ktx:1.2.1) with AarTransform
Caching disabled for AarTransform: C:\Users\Tushal\.gradle\caches\transforms-3\285f085280118d755ce82ea703c4f012\transformed\lifecycle-process-2.7.0 because:
  Build cache is disabled
Caching disabled for AarTransform: C:\Users\Tushal\.gradle\caches\transforms-3\c971668bc13ffb90295d936eac4bd951\transformed\customview-poolingcontainer-1.0.0 because:
  Build cache is disabled
Transforming savedstate-1.2.1.aar (androidx.savedstate:savedstate:1.2.1) with ExtractAarTransform
Skipping AarTransform: C:\Users\Tushal\.gradle\caches\transforms-3\c971668bc13ffb90295d936eac4bd951\transformed\customview-poolingcontainer-1.0.0 as it is up-to-date.
Transforming savedstate-1.2.1.aar (androidx.savedstate:savedstate:1.2.1) with AarTransform
Caching disabled for AarTransform: C:\Users\Tushal\.gradle\caches\transforms-3\392db174018290aedff9183ad18d0929\transformed\savedstate-ktx-1.2.1 because:
  Build cache is disabled
Caching disabled for AarTransform: C:\Users\Tushal\.gradle\caches\transforms-3\16334cf9ae6f67e16792e7590a141c87\transformed\lifecycle-runtime-ktx-2.7.0 because:
  Build cache is disabled
Skipping AarTransform: C:\Users\Tushal\.gradle\caches\transforms-3\285f085280118d755ce82ea703c4f012\transformed\lifecycle-process-2.7.0 as it is up-to-date.
Skipping AarTransform: C:\Users\Tushal\.gradle\caches\transforms-3\16334cf9ae6f67e16792e7590a141c87\transformed\lifecycle-runtime-ktx-2.7.0 as it is up-to-date.
Caching disabled for AarTransform: C:\Users\Tushal\.gradle\caches\transforms-3\4df352a0ff98d010ff87c87a188bfa25\transformed\savedstate-1.2.1 because:
  Build cache is disabled
Skipping AarTransform: C:\Users\Tushal\.gradle\caches\transforms-3\392db174018290aedff9183ad18d0929\transformed\savedstate-ktx-1.2.1 as it is up-to-date.
Skipping AarTransform: C:\Users\Tushal\.gradle\caches\transforms-3\4df352a0ff98d010ff87c87a188bfa25\transformed\savedstate-1.2.1 as it is up-to-date.
Transforming lifecycle-common-2.7.0.jar (androidx.lifecycle:lifecycle-common:2.7.0) with ExtractJniTransform
Transforming lifecycle-livedata-core-2.7.0.aar (androidx.lifecycle:lifecycle-livedata-core:2.7.0) with ExtractAarTransform
Transforming lifecycle-livedata-core-2.7.0.aar (androidx.lifecycle:lifecycle-livedata-core:2.7.0) with AarTransform
Transforming lifecycle-livedata-core-ktx-2.7.0.aar (androidx.lifecycle:lifecycle-livedata-core-ktx:2.7.0) with ExtractAarTransform
Transforming lifecycle-livedata-core-ktx-2.7.0.aar (androidx.lifecycle:lifecycle-livedata-core-ktx:2.7.0) with AarTransform
Caching disabled for ExtractJniTransform: C:\Users\Tushal\.gradle\caches\modules-2\files-2.1\androidx.lifecycle\lifecycle-common\2.7.0\85334205d65cca70ed0109c3acbd29e22a2d9cb1\lifecycle-common-2.7.0.jar because:
  Build cache is disabled
Caching disabled for AarTransform: C:\Users\Tushal\.gradle\caches\transforms-3\677b5a79186bd8504b833b54b60ee3c9\transformed\lifecycle-livedata-core-2.7.0 because:
  Build cache is disabled
Skipping ExtractJniTransform: C:\Users\Tushal\.gradle\caches\modules-2\files-2.1\androidx.lifecycle\lifecycle-common\2.7.0\85334205d65cca70ed0109c3acbd29e22a2d9cb1\lifecycle-common-2.7.0.jar as it is up-to-date.
Skipping AarTransform: C:\Users\Tushal\.gradle\caches\transforms-3\677b5a79186bd8504b833b54b60ee3c9\transformed\lifecycle-livedata-core-2.7.0 as it is up-to-date.
Caching disabled for AarTransform: C:\Users\Tushal\.gradle\caches\transforms-3\559af55a7bd8a35aa959e6d3da59f562\transformed\lifecycle-livedata-core-ktx-2.7.0 because:
  Build cache is disabled
Transforming lifecycle-livedata-2.7.0.aar (androidx.lifecycle:lifecycle-livedata:2.7.0) with ExtractAarTransform
Skipping AarTransform: C:\Users\Tushal\.gradle\caches\transforms-3\559af55a7bd8a35aa959e6d3da59f562\transformed\lifecycle-livedata-core-ktx-2.7.0 as it is up-to-date.
Transforming lifecycle-livedata-2.7.0.aar (androidx.lifecycle:lifecycle-livedata:2.7.0) with AarTransform
Transforming lifecycle-livedata-2.7.0.aar (androidx.lifecycle:lifecycle-livedata:2.7.0) with ExtractAarTransform
Transforming lifecycle-livedata-2.7.0.aar (androidx.lifecycle:lifecycle-livedata:2.7.0) with AarTransform
Transforming lifecycle-runtime-2.7.0.aar (androidx.lifecycle:lifecycle-runtime:2.7.0) with ExtractAarTransform
Transforming lifecycle-runtime-2.7.0.aar (androidx.lifecycle:lifecycle-runtime:2.7.0) with AarTransform
Transforming lifecycle-viewmodel-2.7.0.aar (androidx.lifecycle:lifecycle-viewmodel:2.7.0) with ExtractAarTransform
Transforming lifecycle-viewmodel-2.7.0.aar (androidx.lifecycle:lifecycle-viewmodel:2.7.0) with AarTransform
Transforming lifecycle-viewmodel-2.7.0.aar (androidx.lifecycle:lifecycle-viewmodel:2.7.0) with ExtractAarTransform
Transforming lifecycle-viewmodel-2.7.0.aar (androidx.lifecycle:lifecycle-viewmodel:2.7.0) with AarTransform
Caching disabled for AarTransform: C:\Users\Tushal\.gradle\caches\transforms-3\c35613f5ee0955877fb1dbb83fac5020\transformed\lifecycle-runtime-2.7.0 because:
  Build cache is disabled
Caching disabled for AarTransform: C:\Users\Tushal\.gradle\caches\transforms-3\3dc0ddc8b1cc7d28c3b48bca5ad7c63a\transformed\lifecycle-livedata-2.7.0 because:
  Build cache is disabled
Skipping AarTransform: C:\Users\Tushal\.gradle\caches\transforms-3\c35613f5ee0955877fb1dbb83fac5020\transformed\lifecycle-runtime-2.7.0 as it is up-to-date.
Skipping AarTransform: C:\Users\Tushal\.gradle\caches\transforms-3\3dc0ddc8b1cc7d28c3b48bca5ad7c63a\transformed\lifecycle-livedata-2.7.0 as it is up-to-date.
Caching disabled for AarTransform: C:\Users\Tushal\.gradle\caches\transforms-3\6bab4852d63525fc8c095ec62187c7d2\transformed\lifecycle-viewmodel-2.7.0 because:
  Build cache is disabled
Transforming lifecycle-viewmodel-ktx-2.7.0.aar (androidx.lifecycle:lifecycle-viewmodel-ktx:2.7.0) with ExtractAarTransform
Skipping AarTransform: C:\Users\Tushal\.gradle\caches\transforms-3\6bab4852d63525fc8c095ec62187c7d2\transformed\lifecycle-viewmodel-2.7.0 as it is up-to-date.
Transforming lifecycle-viewmodel-ktx-2.7.0.aar (androidx.lifecycle:lifecycle-viewmodel-ktx:2.7.0) with AarTransform
Transforming lifecycle-livedata-ktx-2.7.0.aar (androidx.lifecycle:lifecycle-livedata-ktx:2.7.0) with ExtractAarTransform
Transforming lifecycle-livedata-ktx-2.7.0.aar (androidx.lifecycle:lifecycle-livedata-ktx:2.7.0) with AarTransform
Transforming lifecycle-viewmodel-savedstate-2.7.0.aar (androidx.lifecycle:lifecycle-viewmodel-savedstate:2.7.0) with ExtractAarTransform
Transforming lifecycle-viewmodel-savedstate-2.7.0.aar (androidx.lifecycle:lifecycle-viewmodel-savedstate:2.7.0) with AarTransform
Caching disabled for AarTransform: C:\Users\Tushal\.gradle\caches\transforms-3\12495d349f42f60593d1d8e7a86e38c5\transformed\lifecycle-viewmodel-ktx-2.7.0 because:
  Build cache is disabled
Caching disabled for AarTransform: C:\Users\Tushal\.gradle\caches\transforms-3\1f44855ee8a9143ee7ef0c1481e3f0d9\transformed\lifecycle-livedata-ktx-2.7.0 because:
  Build cache is disabled
Skipping AarTransform: C:\Users\Tushal\.gradle\caches\transforms-3\12495d349f42f60593d1d8e7a86e38c5\transformed\lifecycle-viewmodel-ktx-2.7.0 as it is up-to-date.
Skipping AarTransform: C:\Users\Tushal\.gradle\caches\transforms-3\1f44855ee8a9143ee7ef0c1481e3f0d9\transformed\lifecycle-livedata-ktx-2.7.0 as it is up-to-date.
Transforming core-ktx-1.12.0.aar (androidx.core:core-ktx:1.12.0) with ExtractAarTransform
Caching disabled for AarTransform: C:\Users\Tushal\.gradle\caches\transforms-3\456d36f24c2cdbdedacb020de67fc621\transformed\lifecycle-viewmodel-savedstate-2.7.0 because:
  Build cache is disabled
Transforming core-ktx-1.12.0.aar (androidx.core:core-ktx:1.12.0) with AarTransform
Skipping AarTransform: C:\Users\Tushal\.gradle\caches\transforms-3\456d36f24c2cdbdedacb020de67fc621\transformed\lifecycle-viewmodel-savedstate-2.7.0 as it is up-to-date.
Transforming room-common-2.6.1.jar (androidx.room:room-common:2.6.1) with ExtractJniTransform
Transforming room-runtime-2.6.1.aar (androidx.room:room-runtime:2.6.1) with ExtractAarTransform
Transforming room-runtime-2.6.1.aar (androidx.room:room-runtime:2.6.1) with AarTransform
Transforming room-ktx-2.6.1.aar (androidx.room:room-ktx:2.6.1) with ExtractAarTransform
Transforming room-ktx-2.6.1.aar (androidx.room:room-ktx:2.6.1) with AarTransform
Transforming sqlite-framework-2.4.0.aar (androidx.sqlite:sqlite-framework:2.4.0) with ExtractAarTransform
Caching disabled for AarTransform: C:\Users\Tushal\.gradle\caches\transforms-3\4a0525888b51531b2d8c676d5df937d6\transformed\core-ktx-1.12.0 because:
  Build cache is disabled
Caching disabled for AarTransform: C:\Users\Tushal\.gradle\caches\transforms-3\888877568181c0f6eb4ce892d57068b3\transformed\room-runtime-2.6.1 because:
  Build cache is disabled
Caching disabled for AarTransform: C:\Users\Tushal\.gradle\caches\transforms-3\370719b425780f26af1080c819ab5589\transformed\room-ktx-2.6.1 because:
  Build cache is disabled
Skipping AarTransform: C:\Users\Tushal\.gradle\caches\transforms-3\888877568181c0f6eb4ce892d57068b3\transformed\room-runtime-2.6.1 as it is up-to-date.
Caching disabled for ExtractJniTransform: C:\Users\Tushal\.gradle\caches\modules-2\files-2.1\androidx.room\room-common\2.6.1\ff1b9580850a9b7eef56554e356628d225785265\room-common-2.6.1.jar because:
  Build cache is disabled
Transforming sqlite-framework-2.4.0.aar (androidx.sqlite:sqlite-framework:2.4.0) with AarTransform
Skipping ExtractJniTransform: C:\Users\Tushal\.gradle\caches\modules-2\files-2.1\androidx.room\room-common\2.6.1\ff1b9580850a9b7eef56554e356628d225785265\room-common-2.6.1.jar as it is up-to-date.
Transforming sqlite-2.4.0.aar (androidx.sqlite:sqlite:2.4.0) with ExtractAarTransform
Skipping AarTransform: C:\Users\Tushal\.gradle\caches\transforms-3\370719b425780f26af1080c819ab5589\transformed\room-ktx-2.6.1 as it is up-to-date.
Skipping AarTransform: C:\Users\Tushal\.gradle\caches\transforms-3\4a0525888b51531b2d8c676d5df937d6\transformed\core-ktx-1.12.0 as it is up-to-date.
Transforming sqlite-2.4.0.aar (androidx.sqlite:sqlite:2.4.0) with AarTransform
Caching disabled for AarTransform: C:\Users\Tushal\.gradle\caches\transforms-3\b7004b0b345b7039ad3076d4f11b014f\transformed\sqlite-framework-2.4.0 because:
  Build cache is disabled
Transforming kotlinx-coroutines-android-1.7.3.jar (org.jetbrains.kotlinx:kotlinx-coroutines-android:1.7.3) with ExtractJniTransform
Skipping AarTransform: C:\Users\Tushal\.gradle\caches\transforms-3\b7004b0b345b7039ad3076d4f11b014f\transformed\sqlite-framework-2.4.0 as it is up-to-date.
Transforming kotlinx-coroutines-core-jvm-1.7.3.jar (org.jetbrains.kotlinx:kotlinx-coroutines-core-jvm:1.7.3) with ExtractJniTransform
Caching disabled for AarTransform: C:\Users\Tushal\.gradle\caches\transforms-3\fc8be31588cad0a66c61f32c5640f596\transformed\sqlite-2.4.0 because:
  Build cache is disabled
Transforming okhttp-4.12.0.jar (com.squareup.okhttp3:okhttp:4.12.0) with ExtractJniTransform
Skipping AarTransform: C:\Users\Tushal\.gradle\caches\transforms-3\fc8be31588cad0a66c61f32c5640f596\transformed\sqlite-2.4.0 as it is up-to-date.
Transforming okio-jvm-3.6.0.jar (com.squareup.okio:okio-jvm:3.6.0) with ExtractJniTransform
Caching disabled for ExtractJniTransform: C:\Users\Tushal\.gradle\caches\modules-2\files-2.1\org.jetbrains.kotlinx\kotlinx-coroutines-android\1.7.3\38d9cad3a0b03a10453b56577984bdeb48edeed5\kotlinx-coroutines-android-1.7.3.jar because:
  Build cache is disabled
Transforming kotlin-stdlib-jdk8-1.9.10.jar (org.jetbrains.kotlin:kotlin-stdlib-jdk8:1.9.10) with ExtractJniTransform
Caching disabled for ExtractJniTransform: C:\Users\Tushal\.gradle\caches\modules-2\files-2.1\com.squareup.okhttp3\okhttp\4.12.0\2f4525d4a200e97e1b87449c2cd9bd2e25b7e8cd\okhttp-4.12.0.jar because:
  Build cache is disabled
Caching disabled for ExtractJniTransform: C:\Users\Tushal\.gradle\caches\modules-2\files-2.1\org.jetbrains.kotlinx\kotlinx-coroutines-core-jvm\1.7.3\2b09627576f0989a436a00a4a54b55fa5026fb86\kotlinx-coroutines-core-jvm-1.7.3.jar because:
  Build cache is disabled
Skipping ExtractJniTransform: C:\Users\Tushal\.gradle\caches\modules-2\files-2.1\com.squareup.okhttp3\okhttp\4.12.0\2f4525d4a200e97e1b87449c2cd9bd2e25b7e8cd\okhttp-4.12.0.jar as it is up-to-date.
Skipping ExtractJniTransform: C:\Users\Tushal\.gradle\caches\modules-2\files-2.1\org.jetbrains.kotlinx\kotlinx-coroutines-core-jvm\1.7.3\2b09627576f0989a436a00a4a54b55fa5026fb86\kotlinx-coroutines-core-jvm-1.7.3.jar as it is up-to-date.
Caching disabled for ExtractJniTransform: C:\Users\Tushal\.gradle\caches\modules-2\files-2.1\org.jetbrains.kotlin\kotlin-stdlib-jdk8\1.9.10\c7510d64a83411a649c76f2778304ddf71d7437b\kotlin-stdlib-jdk8-1.9.10.jar because:
  Build cache is disabled
Transforming kotlin-stdlib-jdk7-1.9.10.jar (org.jetbrains.kotlin:kotlin-stdlib-jdk7:1.9.10) with ExtractJniTransform
Caching disabled for ExtractJniTransform: C:\Users\Tushal\.gradle\caches\modules-2\files-2.1\com.squareup.okio\okio-jvm\3.6.0\5600569133b7bdefe1daf9ec7f4abeb6d13e1786\okio-jvm-3.6.0.jar because:
  Build cache is disabled
Skipping ExtractJniTransform: C:\Users\Tushal\.gradle\caches\modules-2\files-2.1\org.jetbrains.kotlinx\kotlinx-coroutines-android\1.7.3\38d9cad3a0b03a10453b56577984bdeb48edeed5\kotlinx-coroutines-android-1.7.3.jar as it is up-to-date.
Skipping ExtractJniTransform: C:\Users\Tushal\.gradle\caches\modules-2\files-2.1\com.squareup.okio\okio-jvm\3.6.0\5600569133b7bdefe1daf9ec7f4abeb6d13e1786\okio-jvm-3.6.0.jar as it is up-to-date.
Transforming annotation-experimental-1.3.1.aar (androidx.annotation:annotation-experimental:1.3.1) with ExtractAarTransform
Skipping ExtractJniTransform: C:\Users\Tushal\.gradle\caches\modules-2\files-2.1\org.jetbrains.kotlin\kotlin-stdlib-jdk8\1.9.10\c7510d64a83411a649c76f2778304ddf71d7437b\kotlin-stdlib-jdk8-1.9.10.jar as it is up-to-date.
Transforming annotation-experimental-1.3.1.aar (androidx.annotation:annotation-experimental:1.3.1) with AarTransform
Caching disabled for ExtractJniTransform: C:\Users\Tushal\.gradle\caches\modules-2\files-2.1\org.jetbrains.kotlin\kotlin-stdlib-jdk7\1.9.10\bc5bfc2690338defd5195b05c57562f2194eeb10\kotlin-stdlib-jdk7-1.9.10.jar because:
  Build cache is disabled
Transforming cardview-1.0.0.aar (androidx.cardview:cardview:1.0.0) with ExtractAarTransform
Skipping ExtractJniTransform: C:\Users\Tushal\.gradle\caches\modules-2\files-2.1\org.jetbrains.kotlin\kotlin-stdlib-jdk7\1.9.10\bc5bfc2690338defd5195b05c57562f2194eeb10\kotlin-stdlib-jdk7-1.9.10.jar as it is up-to-date.
Transforming cardview-1.0.0.aar (androidx.cardview:cardview:1.0.0) with AarTransform
Transforming security-crypto-1.1.0-alpha06.aar (androidx.security:security-crypto:1.1.0-alpha06) with ExtractAarTransform
Caching disabled for AarTransform: C:\Users\Tushal\.gradle\caches\transforms-3\81978c211bff88f5381685aa43447203\transformed\annotation-experimental-1.3.1 because:
  Build cache is disabled
Transforming security-crypto-1.1.0-alpha06.aar (androidx.security:security-crypto:1.1.0-alpha06) with AarTransform
Skipping AarTransform: C:\Users\Tushal\.gradle\caches\transforms-3\81978c211bff88f5381685aa43447203\transformed\annotation-experimental-1.3.1 as it is up-to-date.
Caching disabled for AarTransform: C:\Users\Tushal\.gradle\caches\transforms-3\947307f88e48bf9427ba4ec6a34d2b50\transformed\cardview-1.0.0 because:
  Build cache is disabled
Transforming cursoradapter-1.0.0.aar (androidx.cursoradapter:cursoradapter:1.0.0) with ExtractAarTransform
Skipping AarTransform: C:\Users\Tushal\.gradle\caches\transforms-3\947307f88e48bf9427ba4ec6a34d2b50\transformed\cardview-1.0.0 as it is up-to-date.
Caching disabled for AarTransform: C:\Users\Tushal\.gradle\caches\transforms-3\f816468c226029777744c01983376002\transformed\security-crypto-1.1.0-alpha06 because:
  Build cache is disabled
Transforming cursoradapter-1.0.0.aar (androidx.cursoradapter:cursoradapter:1.0.0) with AarTransform
Skipping AarTransform: C:\Users\Tushal\.gradle\caches\transforms-3\f816468c226029777744c01983376002\transformed\security-crypto-1.1.0-alpha06 as it is up-to-date.
Transforming resourceinspection-annotation-1.0.1.jar (androidx.resourceinspection:resourceinspection-annotation:1.0.1) with ExtractJniTransform
Transforming interpolator-1.0.0.aar (androidx.interpolator:interpolator:1.0.0) with ExtractAarTransform
Transforming interpolator-1.0.0.aar (androidx.interpolator:interpolator:1.0.0) with AarTransform
Caching disabled for AarTransform: C:\Users\Tushal\.gradle\caches\transforms-3\feccdbabe94b1a4a420e85fa751f7c7d\transformed\cursoradapter-1.0.0 because:
  Build cache is disabled
Caching disabled for ExtractJniTransform: C:\Users\Tushal\.gradle\caches\modules-2\files-2.1\androidx.resourceinspection\resourceinspection-annotation\1.0.1\8c21f8ff5d96d5d52c948707f7e4d6ca6773feef\resourceinspection-annotation-1.0.1.jar because:
  Build cache is disabled
Skipping AarTransform: C:\Users\Tushal\.gradle\caches\transforms-3\feccdbabe94b1a4a420e85fa751f7c7d\transformed\cursoradapter-1.0.0 as it is up-to-date.
Skipping ExtractJniTransform: C:\Users\Tushal\.gradle\caches\modules-2\files-2.1\androidx.resourceinspection\resourceinspection-annotation\1.0.1\8c21f8ff5d96d5d52c948707f7e4d6ca6773feef\resourceinspection-annotation-1.0.1.jar as it is up-to-date.
Transforming interpolator-1.0.0.aar (androidx.interpolator:interpolator:1.0.0) with ExtractAarTransform
Caching disabled for AarTransform: C:\Users\Tushal\.gradle\caches\transforms-3\b4713265b2f5b88c29f2131d51b92139\transformed\interpolator-1.0.0 because:
  Build cache is disabled
Transforming interpolator-1.0.0.aar (androidx.interpolator:interpolator:1.0.0) with AarTransform
Skipping AarTransform: C:\Users\Tushal\.gradle\caches\transforms-3\b4713265b2f5b88c29f2131d51b92139\transformed\interpolator-1.0.0 as it is up-to-date.
Transforming interpolator-1.0.0.aar (androidx.interpolator:interpolator:1.0.0) with ExtractAarTransform
Transforming interpolator-1.0.0.aar (androidx.interpolator:interpolator:1.0.0) with AarTransform
Transforming core-runtime-2.2.0.aar (androidx.arch.core:core-runtime:2.2.0) with ExtractAarTransform
Transforming core-runtime-2.2.0.aar (androidx.arch.core:core-runtime:2.2.0) with AarTransform
Transforming exifinterface-1.3.6.aar (androidx.exifinterface:exifinterface:1.3.6) with ExtractAarTransform
Transforming exifinterface-1.3.6.aar (androidx.exifinterface:exifinterface:1.3.6) with AarTransform
Transforming gifdecoder-4.16.0.aar (com.github.bumptech.glide:gifdecoder:4.16.0) with ExtractAarTransform
Transforming gifdecoder-4.16.0.aar (com.github.bumptech.glide:gifdecoder:4.16.0) with AarTransform
Transforming profileinstaller-1.3.1.aar (androidx.profileinstaller:profileinstaller:1.3.1) with ExtractAarTransform
Transforming profileinstaller-1.3.1.aar (androidx.profileinstaller:profileinstaller:1.3.1) with AarTransform
Caching disabled for AarTransform: C:\Users\Tushal\.gradle\caches\transforms-3\9dca4bc3d53f04f796ee539a0be1842d\transformed\exifinterface-1.3.6 because:
  Build cache is disabled
Caching disabled for AarTransform: C:\Users\Tushal\.gradle\caches\transforms-3\6b25d9b82ed183efd04348a1932698e9\transformed\gifdecoder-4.16.0 because:
  Build cache is disabled
Skipping AarTransform: C:\Users\Tushal\.gradle\caches\transforms-3\9dca4bc3d53f04f796ee539a0be1842d\transformed\exifinterface-1.3.6 as it is up-to-date.
Skipping AarTransform: C:\Users\Tushal\.gradle\caches\transforms-3\6b25d9b82ed183efd04348a1932698e9\transformed\gifdecoder-4.16.0 as it is up-to-date.
Caching disabled for AarTransform: C:\Users\Tushal\.gradle\caches\transforms-3\1f92b18ff42b04762aab378ca1917193\transformed\core-runtime-2.2.0 because:
  Build cache is disabled
Caching disabled for AarTransform: C:\Users\Tushal\.gradle\caches\transforms-3\add9d43d9169ede12cf03341f0f55eff\transformed\profileinstaller-1.3.1 because:
  Build cache is disabled
Transforming startup-runtime-1.1.1.aar (androidx.startup:startup-runtime:1.1.1) with ExtractAarTransform
Skipping AarTransform: C:\Users\Tushal\.gradle\caches\transforms-3\add9d43d9169ede12cf03341f0f55eff\transformed\profileinstaller-1.3.1 as it is up-to-date.
Transforming startup-runtime-1.1.1.aar (androidx.startup:startup-runtime:1.1.1) with AarTransform
Skipping AarTransform: C:\Users\Tushal\.gradle\caches\transforms-3\1f92b18ff42b04762aab378ca1917193\transformed\core-runtime-2.2.0 as it is up-to-date.
Transforming tracing-1.0.0.aar (androidx.tracing:tracing:1.0.0) with ExtractAarTransform
Transforming tracing-1.0.0.aar (androidx.tracing:tracing:1.0.0) with AarTransform
Transforming versionedparcelable-1.1.1.aar (androidx.versionedparcelable:versionedparcelable:1.1.1) with ExtractAarTransform
Caching disabled for AarTransform: C:\Users\Tushal\.gradle\caches\transforms-3\feab105b5520079f049fbf877f15d1c9\transformed\startup-runtime-1.1.1 because:
  Build cache is disabled
Transforming versionedparcelable-1.1.1.aar (androidx.versionedparcelable:versionedparcelable:1.1.1) with AarTransform
Skipping AarTransform: C:\Users\Tushal\.gradle\caches\transforms-3\feab105b5520079f049fbf877f15d1c9\transformed\startup-runtime-1.1.1 as it is up-to-date.
Transforming core-common-2.2.0.jar (androidx.arch.core:core-common:2.2.0) with ExtractJniTransform
Caching disabled for AarTransform: C:\Users\Tushal\.gradle\caches\transforms-3\b89dbbd2c07c77ed01414e4e82e13513\transformed\tracing-1.0.0 because:
  Build cache is disabled
Transforming documentfile-1.0.0.aar (androidx.documentfile:documentfile:1.0.0) with ExtractAarTransform
Skipping AarTransform: C:\Users\Tushal\.gradle\caches\transforms-3\b89dbbd2c07c77ed01414e4e82e13513\transformed\tracing-1.0.0 as it is up-to-date.
Caching disabled for AarTransform: C:\Users\Tushal\.gradle\caches\transforms-3\525a47ace2319598ac413e200a5d0bc8\transformed\versionedparcelable-1.1.1 because:
  Build cache is disabled
Caching disabled for ExtractJniTransform: C:\Users\Tushal\.gradle\caches\modules-2\files-2.1\androidx.arch.core\core-common\2.2.0\5e1b8b81dfd5f52c56a8d53b18ca759c19a301f3\core-common-2.2.0.jar because:
  Build cache is disabled
Transforming documentfile-1.0.0.aar (androidx.documentfile:documentfile:1.0.0) with AarTransform
Skipping ExtractJniTransform: C:\Users\Tushal\.gradle\caches\modules-2\files-2.1\androidx.arch.core\core-common\2.2.0\5e1b8b81dfd5f52c56a8d53b18ca759c19a301f3\core-common-2.2.0.jar as it is up-to-date.
Skipping AarTransform: C:\Users\Tushal\.gradle\caches\transforms-3\525a47ace2319598ac413e200a5d0bc8\transformed\versionedparcelable-1.1.1 as it is up-to-date.
Transforming localbroadcastmanager-1.0.0.aar (androidx.localbroadcastmanager:localbroadcastmanager:1.0.0) with ExtractAarTransform
Caching disabled for AarTransform: C:\Users\Tushal\.gradle\caches\transforms-3\4605d80e7c376801fc7312c266e4256f\transformed\documentfile-1.0.0 because:
  Build cache is disabled
Transforming localbroadcastmanager-1.0.0.aar (androidx.localbroadcastmanager:localbroadcastmanager:1.0.0) with AarTransform
Skipping AarTransform: C:\Users\Tushal\.gradle\caches\transforms-3\4605d80e7c376801fc7312c266e4256f\transformed\documentfile-1.0.0 as it is up-to-date.
Transforming print-1.0.0.aar (androidx.print:print:1.0.0) with ExtractAarTransform
Transforming print-1.0.0.aar (androidx.print:print:1.0.0) with AarTransform
Transforming collection-jvm-1.3.0.jar (androidx.collection:collection-jvm:1.3.0) with ExtractJniTransform
Caching disabled for AarTransform: C:\Users\Tushal\.gradle\caches\transforms-3\119ccbc886a35f03ef88c1b2aa469021\transformed\localbroadcastmanager-1.0.0 because:
  Build cache is disabled
Transforming concurrent-futures-1.1.0.jar (androidx.concurrent:concurrent-futures:1.1.0) with ExtractJniTransform
Caching disabled for ExtractJniTransform: C:\Users\Tushal\.gradle\caches\modules-2\files-2.1\androidx.collection\collection-jvm\1.3.0\33d8b28dca2450e8656cfa23316eb656fb6f1299\collection-jvm-1.3.0.jar because:
  Build cache is disabled
Skipping AarTransform: C:\Users\Tushal\.gradle\caches\transforms-3\119ccbc886a35f03ef88c1b2aa469021\transformed\localbroadcastmanager-1.0.0 as it is up-to-date.
Caching disabled for AarTransform: C:\Users\Tushal\.gradle\caches\transforms-3\ea51fda6ac45a05011c00104e91c0579\transformed\print-1.0.0 because:
  Build cache is disabled
Caching disabled for ExtractJniTransform: C:\Users\Tushal\.gradle\caches\modules-2\files-2.1\androidx.concurrent\concurrent-futures\1.1.0\50b7fb98350d5f42a4e49704b03278542293ba48\concurrent-futures-1.1.0.jar because:
  Build cache is disabled
Skipping AarTransform: C:\Users\Tushal\.gradle\caches\transforms-3\ea51fda6ac45a05011c00104e91c0579\transformed\print-1.0.0 as it is up-to-date.
Skipping ExtractJniTransform: C:\Users\Tushal\.gradle\caches\modules-2\files-2.1\androidx.collection\collection-jvm\1.3.0\33d8b28dca2450e8656cfa23316eb656fb6f1299\collection-jvm-1.3.0.jar as it is up-to-date.
Transforming annotation-jvm-1.7.0.jar (androidx.annotation:annotation-jvm:1.7.0) with ExtractJniTransform
Skipping ExtractJniTransform: C:\Users\Tushal\.gradle\caches\modules-2\files-2.1\androidx.concurrent\concurrent-futures\1.1.0\50b7fb98350d5f42a4e49704b03278542293ba48\concurrent-futures-1.1.0.jar as it is up-to-date.
Transforming kotlin-stdlib-1.9.21.jar (org.jetbrains.kotlin:kotlin-stdlib:1.9.21) with ExtractJniTransform
Transforming multidex-2.0.1.aar (androidx.multidex:multidex:2.0.1) with ExtractAarTransform
Transforming multidex-2.0.1.aar (androidx.multidex:multidex:2.0.1) with AarTransform
Transforming tink-android-1.8.0.jar (com.google.crypto.tink:tink-android:1.8.0) with ExtractJniTransform
Caching disabled for ExtractJniTransform: C:\Users\Tushal\.gradle\caches\modules-2\files-2.1\androidx.annotation\annotation-jvm\1.7.0\920472d40adcdef5e18708976b3e314f9a636fcd\annotation-jvm-1.7.0.jar because:
  Build cache is disabled
Transforming gson-2.10.1.jar (com.google.code.gson:gson:2.10.1) with ExtractJniTransform
Caching disabled for ExtractJniTransform: C:\Users\Tushal\.gradle\caches\modules-2\files-2.1\org.jetbrains.kotlin\kotlin-stdlib\1.9.21\17ee3e873d439566c7d8354403b5f3d9744c4c9c\kotlin-stdlib-1.9.21.jar because:
  Build cache is disabled
Caching disabled for ExtractJniTransform: C:\Users\Tushal\.gradle\caches\modules-2\files-2.1\com.google.crypto.tink\tink-android\1.8.0\bda82b49568d444a3b54773ca5aa487816473295\tink-android-1.8.0.jar because:
  Build cache is disabled
Transforming exp4j-0.4.8.jar (net.objecthunter:exp4j:0.4.8) with ExtractJniTransform
Caching disabled for AarTransform: C:\Users\Tushal\.gradle\caches\transforms-3\8b6a5ea78f7918a06084e5aa589e5e1d\transformed\multidex-2.0.1 because:
  Build cache is disabled
Transforming annotations-23.0.0.jar (org.jetbrains:annotations:23.0.0) with ExtractJniTransform
Skipping ExtractJniTransform: C:\Users\Tushal\.gradle\caches\modules-2\files-2.1\androidx.annotation\annotation-jvm\1.7.0\920472d40adcdef5e18708976b3e314f9a636fcd\annotation-jvm-1.7.0.jar as it is up-to-date.
Transforming error_prone_annotations-2.15.0.jar (com.google.errorprone:error_prone_annotations:2.15.0) with ExtractJniTransform
Skipping AarTransform: C:\Users\Tushal\.gradle\caches\transforms-3\8b6a5ea78f7918a06084e5aa589e5e1d\transformed\multidex-2.0.1 as it is up-to-date.
Skipping ExtractJniTransform: C:\Users\Tushal\.gradle\caches\modules-2\files-2.1\com.google.crypto.tink\tink-android\1.8.0\bda82b49568d444a3b54773ca5aa487816473295\tink-android-1.8.0.jar as it is up-to-date.
Caching disabled for ExtractJniTransform: C:\Users\Tushal\.gradle\caches\modules-2\files-2.1\net.objecthunter\exp4j\0.4.8\cf1cfc0f958077d86ac7452c7e36d944689b2ec4\exp4j-0.4.8.jar because:
  Build cache is disabled
Caching disabled for ExtractJniTransform: C:\Users\Tushal\.gradle\caches\modules-2\files-2.1\com.google.code.gson\gson\2.10.1\b3add478d4382b78ea20b1671390a858002feb6c\gson-2.10.1.jar because:
  Build cache is disabled
Skipping ExtractJniTransform: C:\Users\Tushal\.gradle\caches\modules-2\files-2.1\org.jetbrains.kotlin\kotlin-stdlib\1.9.21\17ee3e873d439566c7d8354403b5f3d9744c4c9c\kotlin-stdlib-1.9.21.jar as it is up-to-date.
Skipping ExtractJniTransform: C:\Users\Tushal\.gradle\caches\modules-2\files-2.1\com.google.code.gson\gson\2.10.1\b3add478d4382b78ea20b1671390a858002feb6c\gson-2.10.1.jar as it is up-to-date.
Skipping ExtractJniTransform: C:\Users\Tushal\.gradle\caches\modules-2\files-2.1\net.objecthunter\exp4j\0.4.8\cf1cfc0f958077d86ac7452c7e36d944689b2ec4\exp4j-0.4.8.jar as it is up-to-date.
Caching disabled for ExtractJniTransform: C:\Users\Tushal\.gradle\caches\modules-2\files-2.1\com.google.errorprone\error_prone_annotations\2.15.0\38c8485a652f808c8c149150da4e5c2b0bd17f9a\error_prone_annotations-2.15.0.jar because:
  Build cache is disabled
Caching disabled for ExtractJniTransform: C:\Users\Tushal\.gradle\caches\modules-2\files-2.1\org.jetbrains\annotations\23.0.0\8cc20c07506ec18e0834947b84a864bfc094484e\annotations-23.0.0.jar because:
  Build cache is disabled
Transforming constraintlayout-core-1.0.4.jar (androidx.constraintlayout:constraintlayout-core:1.0.4) with ExtractJniTransform
Skipping ExtractJniTransform: C:\Users\Tushal\.gradle\caches\modules-2\files-2.1\org.jetbrains\annotations\23.0.0\8cc20c07506ec18e0834947b84a864bfc094484e\annotations-23.0.0.jar as it is up-to-date.
Transforming auto-value-annotations-1.6.3.jar (com.google.auto.value:auto-value-annotations:1.6.3) with ExtractJniTransform
Skipping ExtractJniTransform: C:\Users\Tushal\.gradle\caches\modules-2\files-2.1\com.google.errorprone\error_prone_annotations\2.15.0\38c8485a652f808c8c149150da4e5c2b0bd17f9a\error_prone_annotations-2.15.0.jar as it is up-to-date.
Transforming guava-31.1-android.jar (com.google.guava:guava:31.1-android) with ExtractJniTransform
Caching disabled for ExtractJniTransform: C:\Users\Tushal\.gradle\caches\modules-2\files-2.1\androidx.constraintlayout\constraintlayout-core\1.0.4\29cdbe03ded6b0980f63fa5da2579a430e911c40\constraintlayout-core-1.0.4.jar because:
  Build cache is disabled
Transforming listenablefuture-9999.0-empty-to-avoid-conflict-with-guava.jar (com.google.guava:listenablefuture:9999.0-empty-to-avoid-conflict-with-guava) with ExtractJniTransform
Skipping ExtractJniTransform: C:\Users\Tushal\.gradle\caches\modules-2\files-2.1\androidx.constraintlayout\constraintlayout-core\1.0.4\29cdbe03ded6b0980f63fa5da2579a430e911c40\constraintlayout-core-1.0.4.jar as it is up-to-date.
Caching disabled for ExtractJniTransform: C:\Users\Tushal\.gradle\caches\modules-2\files-2.1\com.google.guava\guava\31.1-android\9222c47cc3ae890f07f7c961bbb3cb69050fe4aa\guava-31.1-android.jar because:
  Build cache is disabled
Caching disabled for ExtractJniTransform: C:\Users\Tushal\.gradle\caches\modules-2\files-2.1\com.google.auto.value\auto-value-annotations\1.6.3\b88c1bb7f149f6d2cc03898359283e57b08f39cc\auto-value-annotations-1.6.3.jar because:
  Build cache is disabled
Skipping ExtractJniTransform: C:\Users\Tushal\.gradle\caches\modules-2\files-2.1\com.google.guava\guava\31.1-android\9222c47cc3ae890f07f7c961bbb3cb69050fe4aa\guava-31.1-android.jar as it is up-to-date.
Skipping ExtractJniTransform: C:\Users\Tushal\.gradle\caches\modules-2\files-2.1\com.google.auto.value\auto-value-annotations\1.6.3\b88c1bb7f149f6d2cc03898359283e57b08f39cc\auto-value-annotations-1.6.3.jar as it is up-to-date.
Transforming disklrucache-4.16.0.jar (com.github.bumptech.glide:disklrucache:4.16.0) with ExtractJniTransform
Caching disabled for ExtractJniTransform: C:\Users\Tushal\.gradle\caches\modules-2\files-2.1\com.google.guava\listenablefuture\9999.0-empty-to-avoid-conflict-with-guava\b421526c5f297295adef1c886e5246c39d4ac629\listenablefuture-9999.0-empty-to-avoid-conflict-with-guava.jar because:
  Build cache is disabled
Skipping ExtractJniTransform: C:\Users\Tushal\.gradle\caches\modules-2\files-2.1\com.google.guava\listenablefuture\9999.0-empty-to-avoid-conflict-with-guava\b421526c5f297295adef1c886e5246c39d4ac629\listenablefuture-9999.0-empty-to-avoid-conflict-with-guava.jar as it is up-to-date.
Transforming annotations-4.16.0.jar (com.github.bumptech.glide:annotations:4.16.0) with ExtractJniTransform
Caching disabled for ExtractJniTransform: C:\Users\Tushal\.gradle\caches\modules-2\files-2.1\com.github.bumptech.glide\disklrucache\4.16.0\411aa175d50d10b37c7a1a04d21a4e7145249557\disklrucache-4.16.0.jar because:
  Build cache is disabled
Transforming failureaccess-1.0.1.jar (com.google.guava:failureaccess:1.0.1) with ExtractJniTransform
Skipping ExtractJniTransform: C:\Users\Tushal\.gradle\caches\modules-2\files-2.1\com.github.bumptech.glide\disklrucache\4.16.0\411aa175d50d10b37c7a1a04d21a4e7145249557\disklrucache-4.16.0.jar as it is up-to-date.
Caching disabled for ExtractJniTransform: C:\Users\Tushal\.gradle\caches\modules-2\files-2.1\com.github.bumptech.glide\annotations\4.16.0\90730f6498299d207aa0878124ab7585969808f0\annotations-4.16.0.jar because:
  Build cache is disabled
Caching disabled for ExtractJniTransform: C:\Users\Tushal\.gradle\caches\modules-2\files-2.1\com.google.guava\failureaccess\1.0.1\1dcf1de382a0bf95a3d8b0849546c88bac1292c9\failureaccess-1.0.1.jar because:
  Build cache is disabled
Skipping ExtractJniTransform: C:\Users\Tushal\.gradle\caches\modules-2\files-2.1\com.github.bumptech.glide\annotations\4.16.0\90730f6498299d207aa0878124ab7585969808f0\annotations-4.16.0.jar as it is up-to-date.
Skipping ExtractJniTransform: C:\Users\Tushal\.gradle\caches\modules-2\files-2.1\com.google.guava\failureaccess\1.0.1\1dcf1de382a0bf95a3d8b0849546c88bac1292c9\failureaccess-1.0.1.jar as it is up-to-date.
Caching disabled for task ':app:mergeDebugNativeLibs' because:
  Build cache is disabled
Task ':app:mergeDebugNativeLibs' is not up-to-date because:
  Output property 'outputDir' file C:\Users\Tushal\Desktop\APP\Vexor\app\build\intermediates\merged_native_libs\debug\out has been removed.
  Output property 'outputDir' file C:\Users\Tushal\Desktop\APP\Vexor\app\build\intermediates\merged_native_libs\debug\out\lib has been removed.
  Output property 'outputDir' file C:\Users\Tushal\Desktop\APP\Vexor\app\build\intermediates\merged_native_libs\debug\out\lib\arm64-v8a has been removed.
  Output property 'outputDir' file C:\Users\Tushal\Desktop\APP\Vexor\app\build\intermediates\merged_native_libs\debug\out\lib\armeabi-v7a has been removed.
  Output property 'outputDir' file C:\Users\Tushal\Desktop\APP\Vexor\app\build\intermediates\merged_native_libs\debug\out\lib\x86 has been removed.
  Output property 'outputDir' file C:\Users\Tushal\Desktop\APP\Vexor\app\build\intermediates\merged_native_libs\debug\out\lib\x86_64 has been removed.
Resolve mutations for :app:mergeLibDexDebug (Thread[Execution worker Thread 10,5,main]) started.
:app:mergeLibDexDebug (Thread[Execution worker Thread 3,5,main]) started.
Resolve mutations for :app:stripDebugDebugSymbols (Thread[Execution worker Thread 10,5,main]) started.
:app:stripDebugDebugSymbols (Thread[Execution worker Thread 10,5,main]) started.
Resolve mutations for :app:validateSigningDebug (Thread[Execution worker Thread 2,5,main]) started.
:app:validateSigningDebug (Thread[Execution worker Thread 2,5,main]) started.

> Task :app:validateSigningDebug
Caching disabled for task ':app:validateSigningDebug' because:
  Build cache is disabled
Task ':app:validateSigningDebug' is not up-to-date because:
  Output property 'dummyOutputDirectory' file C:\Users\Tushal\Desktop\APP\Vexor\app\build\intermediates\validate_signing_config\debug has been removed.
Resolve mutations for :app:writeDebugAppMetadata (Thread[Execution worker Thread 2,5,main]) started.
:app:writeDebugAppMetadata (Thread[Execution worker Thread 11,5,main]) started.

> Task :app:stripDebugDebugSymbols
Caching disabled for task ':app:stripDebugDebugSymbols' because:
  Build cache is disabled
Task ':app:stripDebugDebugSymbols' is not up-to-date because:
  Output property 'outputDir' file C:\Users\Tushal\Desktop\APP\Vexor\app\build\intermediates\stripped_native_libs\debug\out has been removed.
  Output property 'outputDir' file C:\Users\Tushal\Desktop\APP\Vexor\app\build\intermediates\stripped_native_libs\debug\out\lib has been removed.
  Output property 'outputDir' file C:\Users\Tushal\Desktop\APP\Vexor\app\build\intermediates\stripped_native_libs\debug\out\lib\arm64-v8a has been removed.
  Output property 'outputDir' file C:\Users\Tushal\Desktop\APP\Vexor\app\build\intermediates\stripped_native_libs\debug\out\lib\armeabi-v7a has been removed.
  Output property 'outputDir' file C:\Users\Tushal\Desktop\APP\Vexor\app\build\intermediates\stripped_native_libs\debug\out\lib\x86 has been removed.
  Output property 'outputDir' file C:\Users\Tushal\Desktop\APP\Vexor\app\build\intermediates\stripped_native_libs\debug\out\lib\x86_64 has been removed.
The input changes require a full rebuild for incremental task ':app:stripDebugDebugSymbols'.
C/C++: android.ndkVersion from module build.gradle is [25.1.8937393]
C/C++: android.ndkPath from module build.gradle is not set
C/C++: ndk.dir in local.properties is not set
C/C++: Not considering ANDROID_NDK_HOME because support was removed after deprecation period.
C/C++: sdkFolder is C:\Users\Tushal\AppData\Local\Android\Sdk
C/C++: NDK side-by-side folder from sdkFolder C:\Users\Tushal\AppData\Local\Android\Sdk\ndk does not exist
C/C++: Folder C:\Users\Tushal\AppData\Local\Android\Sdk\ndk\25.1.8937393 does not exist. Ignoring.
C/C++: Folder C:\Users\Tushal\AppData\Local\Android\Sdk\ndk-bundle does not exist. Ignoring.
Unable to strip library 'C:\Users\Tushal\Desktop\APP\Vexor\app\build\intermediates\merged_native_libs\debug\out\lib\x86\libimage_processing_util_jni.so' due to missing strip tool for ABI 'x86'. Packaging it as is.
C/C++: android.ndkVersion from module build.gradle is [25.1.8937393]
C/C++: android.ndkPath from module build.gradle is not set
C/C++: ndk.dir in local.properties is not set
C/C++: Not considering ANDROID_NDK_HOME because support was removed after deprecation period.
C/C++: sdkFolder is C:\Users\Tushal\AppData\Local\Android\Sdk
C/C++: NDK side-by-side folder from sdkFolder C:\Users\Tushal\AppData\Local\Android\Sdk\ndk does not exist
C/C++: Folder C:\Users\Tushal\AppData\Local\Android\Sdk\ndk\25.1.8937393 does not exist. Ignoring.
C/C++: Folder C:\Users\Tushal\AppData\Local\Android\Sdk\ndk-bundle does not exist. Ignoring.
C/C++: android.ndkVersion from module build.gradle is [25.1.8937393]
C/C++: android.ndkPath from module build.gradle is not set
C/C++: ndk.dir in local.properties is not set
C/C++: Not considering ANDROID_NDK_HOME because support was removed after deprecation period.
C/C++: sdkFolder is C:\Users\Tushal\AppData\Local\Android\Sdk
Unable to strip library 'C:\Users\Tushal\Desktop\APP\Vexor\app\build\intermediates\merged_native_libs\debug\out\lib\arm64-v8a\libimage_processing_util_jni.so' due to missing strip tool for ABI 'arm64-v8a'. Packaging it as is.
C/C++: NDK side-by-side folder from sdkFolder C:\Users\Tushal\AppData\Local\Android\Sdk\ndk does not exist
C/C++: android.ndkVersion from module build.gradle is [25.1.8937393]
C/C++: Folder C:\Users\Tushal\AppData\Local\Android\Sdk\ndk\25.1.8937393 does not exist. Ignoring.
C/C++: android.ndkPath from module build.gradle is not set
C/C++: ndk.dir in local.properties is not set
C/C++: Not considering ANDROID_NDK_HOME because support was removed after deprecation period.
C/C++: sdkFolder is C:\Users\Tushal\AppData\Local\Android\Sdk
C/C++: Folder C:\Users\Tushal\AppData\Local\Android\Sdk\ndk-bundle does not exist. Ignoring.
Unable to strip library 'C:\Users\Tushal\Desktop\APP\Vexor\app\build\intermediates\merged_native_libs\debug\out\lib\armeabi-v7a\libimage_processing_util_jni.so' due to missing strip tool for ABI 'armeabi-v7a'. Packaging it as is.
C/C++: NDK side-by-side folder from sdkFolder C:\Users\Tushal\AppData\Local\Android\Sdk\ndk does not exist
C/C++: Folder C:\Users\Tushal\AppData\Local\Android\Sdk\ndk\25.1.8937393 does not exist. Ignoring.
C/C++: Folder C:\Users\Tushal\AppData\Local\Android\Sdk\ndk-bundle does not exist. Ignoring.
Unable to strip library 'C:\Users\Tushal\Desktop\APP\Vexor\app\build\intermediates\merged_native_libs\debug\out\lib\x86_64\libimage_processing_util_jni.so' due to missing strip tool for ABI 'x86_64'. Packaging it as is.
Unable to strip the following libraries, packaging them as they are: libimage_processing_util_jni.so.

> Task :app:writeDebugAppMetadata
Caching disabled for task ':app:writeDebugAppMetadata' because:
  Build cache is disabled
Task ':app:writeDebugAppMetadata' is not up-to-date because:
  Output property 'outputFile' file C:\Users\Tushal\Desktop\APP\Vexor\app\build\intermediates\app_metadata\debug\app-metadata.properties has been removed.
Resolve mutations for :app:writeDebugSigningConfigVersions (Thread[Execution worker Thread 11,5,main]) started.

> Task :app:mergeLibDexDebug
Caching disabled for task ':app:mergeLibDexDebug' because:
  Build cache is disabled
Task ':app:mergeLibDexDebug' is not up-to-date because:
  Output property 'outputDir' file C:\Users\Tushal\Desktop\APP\Vexor\app\build\intermediates\dex\debug\mergeLibDexDebug has been removed.
  Output property 'outputDir' file C:\Users\Tushal\Desktop\APP\Vexor\app\build\intermediates\dex\debug\mergeLibDexDebug\0 has been removed.
  Output property 'outputDir' file C:\Users\Tushal\Desktop\APP\Vexor\app\build\intermediates\dex\debug\mergeLibDexDebug\1 has been removed.
  Output property 'outputDir' file C:\Users\Tushal\Desktop\APP\Vexor\app\build\intermediates\dex\debug\mergeLibDexDebug\10 has been removed.
  Output property 'outputDir' file C:\Users\Tushal\Desktop\APP\Vexor\app\build\intermediates\dex\debug\mergeLibDexDebug\11 has been removed.
  Output property 'outputDir' file C:\Users\Tushal\Desktop\APP\Vexor\app\build\intermediates\dex\debug\mergeLibDexDebug\12 has been removed.
  Output property 'outputDir' file C:\Users\Tushal\Desktop\APP\Vexor\app\build\intermediates\dex\debug\mergeLibDexDebug\13 has been removed.
  Output property 'outputDir' file C:\Users\Tushal\Desktop\APP\Vexor\app\build\intermediates\dex\debug\mergeLibDexDebug\14 has been removed.
  Output property 'outputDir' file C:\Users\Tushal\Desktop\APP\Vexor\app\build\intermediates\dex\debug\mergeLibDexDebug\15 has been removed.
  Output property 'outputDir' file C:\Users\Tushal\Desktop\APP\Vexor\app\build\intermediates\dex\debug\mergeLibDexDebug\2 has been removed.
  Output property 'outputDir' file C:\Users\Tushal\Desktop\APP\Vexor\app\build\intermediates\dex\debug\mergeLibDexDebug\3 has been removed.
  Output property 'outputDir' file C:\Users\Tushal\Desktop\APP\Vexor\app\build\intermediates\dex\debug\mergeLibDexDebug\4 has been removed.
  Output property 'outputDir' file C:\Users\Tushal\Desktop\APP\Vexor\app\build\intermediates\dex\debug\mergeLibDexDebug\5 has been removed.
  Output property 'outputDir' file C:\Users\Tushal\Desktop\APP\Vexor\app\build\intermediates\dex\debug\mergeLibDexDebug\6 has been removed.
  Output property 'outputDir' file C:\Users\Tushal\Desktop\APP\Vexor\app\build\intermediates\dex\debug\mergeLibDexDebug\7 has been removed.
  Output property 'outputDir' file C:\Users\Tushal\Desktop\APP\Vexor\app\build\intermediates\dex\debug\mergeLibDexDebug\8 has been removed.
  Output property 'outputDir' file C:\Users\Tushal\Desktop\APP\Vexor\app\build\intermediates\dex\debug\mergeLibDexDebug\9 has been removed.
The input changes require a full rebuild for incremental task ':app:mergeLibDexDebug'.
:app:writeDebugSigningConfigVersions (Thread[Execution worker Thread 11,5,main]) started.

> Task :app:writeDebugSigningConfigVersions
Caching disabled for task ':app:writeDebugSigningConfigVersions' because:
  Build cache is disabled
Task ':app:writeDebugSigningConfigVersions' is not up-to-date because:
  Output property 'outputFile' file C:\Users\Tushal\Desktop\APP\Vexor\app\build\intermediates\signing_config_versions\debug\signing-config-versions.json has been removed.

> Task :app:processDebugManifestForPackage
Caching disabled for task ':app:processDebugManifestForPackage' because:
  Build cache is disabled
Task ':app:processDebugManifestForPackage' is not up-to-date because:
  Output property 'packageManifests' file C:\Users\Tushal\Desktop\APP\Vexor\app\build\intermediates\packaged_manifests\debug has been removed.
  Output property 'packageManifests' file C:\Users\Tushal\Desktop\APP\Vexor\app\build\intermediates\packaged_manifests\debug\AndroidManifest.xml has been removed.
  Output property 'packageManifests' file C:\Users\Tushal\Desktop\APP\Vexor\app\build\intermediates\packaged_manifests\debug\output-metadata.json has been removed.
Resolve mutations for :app:processDebugResources (Thread[Execution worker Thread 16,5,main]) started.
:app:processDebugResources (Thread[Execution worker Thread 16,5,main]) started.

> Task :app:processDebugResources
Transforming aapt2-8.2.0-10154469-windows.jar (com.android.tools.build:aapt2:8.2.0-10154469) with Aapt2Extractor
Transforming viewbinding-8.2.0.aar (androidx.databinding:viewbinding:8.2.0) with ExtractAarTransform
Transforming viewbinding-8.2.0.aar (androidx.databinding:viewbinding:8.2.0) with AarResourcesCompilerTransform
Transforming material-1.11.0.aar (com.google.android.material:material:1.11.0) with ExtractAarTransform
Transforming material-1.11.0.aar (com.google.android.material:material:1.11.0) with AarResourcesCompilerTransform
Transforming constraintlayout-2.1.4.aar (androidx.constraintlayout:constraintlayout:2.1.4) with ExtractAarTransform
Transforming constraintlayout-2.1.4.aar (androidx.constraintlayout:constraintlayout:2.1.4) with AarResourcesCompilerTransform
Transforming biometric-1.1.0.aar (androidx.biometric:biometric:1.1.0) with ExtractAarTransform
Transforming biometric-1.1.0.aar (androidx.biometric:biometric:1.1.0) with AarResourcesCompilerTransform
Caching disabled for AarResourcesCompilerTransform: C:\Users\Tushal\.gradle\caches\transforms-3\ee7372a378ee3382ad11d1d4ea99a2b0\transformed\viewbinding-8.2.0 because:
  Build cache is disabled
Transforming coil-2.5.0.aar (io.coil-kt:coil:2.5.0) with ExtractAarTransform
Caching disabled for AarResourcesCompilerTransform: C:\Users\Tushal\.gradle\caches\transforms-3\e308b6e6d17158c8079fa92ee7b91963\transformed\material-1.11.0 because:
  Build cache is disabled
Caching disabled for AarResourcesCompilerTransform: C:\Users\Tushal\.gradle\caches\transforms-3\57d34647962dfce3c8e4f7677bf8cd17\transformed\biometric-1.1.0 because:
  Build cache is disabled
Skipping AarResourcesCompilerTransform: C:\Users\Tushal\.gradle\caches\transforms-3\e308b6e6d17158c8079fa92ee7b91963\transformed\material-1.11.0 as it is up-to-date.
Skipping AarResourcesCompilerTransform: C:\Users\Tushal\.gradle\caches\transforms-3\ee7372a378ee3382ad11d1d4ea99a2b0\transformed\viewbinding-8.2.0 as it is up-to-date.
Skipping AarResourcesCompilerTransform: C:\Users\Tushal\.gradle\caches\transforms-3\57d34647962dfce3c8e4f7677bf8cd17\transformed\biometric-1.1.0 as it is up-to-date.
Transforming coil-2.5.0.aar (io.coil-kt:coil:2.5.0) with AarResourcesCompilerTransform
Caching disabled for AarResourcesCompilerTransform: C:\Users\Tushal\.gradle\caches\transforms-3\ff126ee9cca3fc604c8510753ac09caf\transformed\constraintlayout-2.1.4 because:
  Build cache is disabled
Transforming coil-video-2.5.0.aar (io.coil-kt:coil-video:2.5.0) with ExtractAarTransform
Skipping AarResourcesCompilerTransform: C:\Users\Tushal\.gradle\caches\transforms-3\ff126ee9cca3fc604c8510753ac09caf\transformed\constraintlayout-2.1.4 as it is up-to-date.
Transforming coil-video-2.5.0.aar (io.coil-kt:coil-video:2.5.0) with AarResourcesCompilerTransform
Caching disabled for AarResourcesCompilerTransform: C:\Users\Tushal\.gradle\caches\transforms-3\dc740cdfa4b72028e37eea76661c42ef\transformed\coil-2.5.0 because:
  Build cache is disabled
Transforming coil-base-2.5.0.aar (io.coil-kt:coil-base:2.5.0) with ExtractAarTransform
Skipping AarResourcesCompilerTransform: C:\Users\Tushal\.gradle\caches\transforms-3\dc740cdfa4b72028e37eea76661c42ef\transformed\coil-2.5.0 as it is up-to-date.
Transforming coil-base-2.5.0.aar (io.coil-kt:coil-base:2.5.0) with AarResourcesCompilerTransform
Caching disabled for AarResourcesCompilerTransform: C:\Users\Tushal\.gradle\caches\transforms-3\a7e257e5db315937cb7a3d69b1f90fb7\transformed\coil-video-2.5.0 because:
  Build cache is disabled
Transforming appcompat-resources-1.6.1.aar (androidx.appcompat:appcompat-resources:1.6.1) with ExtractAarTransform
Skipping AarResourcesCompilerTransform: C:\Users\Tushal\.gradle\caches\transforms-3\a7e257e5db315937cb7a3d69b1f90fb7\transformed\coil-video-2.5.0 as it is up-to-date.
Caching disabled for AarResourcesCompilerTransform: C:\Users\Tushal\.gradle\caches\transforms-3\c880f30648f48c0e398759a215b47ce2\transformed\coil-base-2.5.0 because:
  Build cache is disabled
Transforming appcompat-resources-1.6.1.aar (androidx.appcompat:appcompat-resources:1.6.1) with AarResourcesCompilerTransform
Skipping AarResourcesCompilerTransform: C:\Users\Tushal\.gradle\caches\transforms-3\c880f30648f48c0e398759a215b47ce2\transformed\coil-base-2.5.0 as it is up-to-date.
Transforming appcompat-1.6.1.aar (androidx.appcompat:appcompat:1.6.1) with ExtractAarTransform
Transforming appcompat-1.6.1.aar (androidx.appcompat:appcompat:1.6.1) with AarResourcesCompilerTransform
Caching disabled for AarResourcesCompilerTransform: C:\Users\Tushal\.gradle\caches\transforms-3\44cf57b6d98c7e6b7e5b8a03a98cf622\transformed\appcompat-resources-1.6.1 because:
  Build cache is disabled
Transforming glide-4.16.0.aar (com.github.bumptech.glide:glide:4.16.0) with ExtractAarTransform
Skipping AarResourcesCompilerTransform: C:\Users\Tushal\.gradle\caches\transforms-3\44cf57b6d98c7e6b7e5b8a03a98cf622\transformed\appcompat-resources-1.6.1 as it is up-to-date.
Transforming glide-4.16.0.aar (com.github.bumptech.glide:glide:4.16.0) with AarResourcesCompilerTransform
Caching disabled for AarResourcesCompilerTransform: C:\Users\Tushal\.gradle\caches\transforms-3\468ef8c1224fa11f9c4341db52a06e93\transformed\appcompat-1.6.1 because:
  Build cache is disabled
Transforming media3-exoplayer-1.2.0.aar (androidx.media3:media3-exoplayer:1.2.0) with ExtractAarTransform
Skipping AarResourcesCompilerTransform: C:\Users\Tushal\.gradle\caches\transforms-3\468ef8c1224fa11f9c4341db52a06e93\transformed\appcompat-1.6.1 as it is up-to-date.
Transforming media3-exoplayer-1.2.0.aar (androidx.media3:media3-exoplayer:1.2.0) with AarResourcesCompilerTransform
Caching disabled for AarResourcesCompilerTransform: C:\Users\Tushal\.gradle\caches\transforms-3\dc9ba8c66bf67f1ab539a00e8b9c9c9a\transformed\glide-4.16.0 because:
  Build cache is disabled
Transforming media3-extractor-1.2.0.aar (androidx.media3:media3-extractor:1.2.0) with ExtractAarTransform
Skipping AarResourcesCompilerTransform: C:\Users\Tushal\.gradle\caches\transforms-3\dc9ba8c66bf67f1ab539a00e8b9c9c9a\transformed\glide-4.16.0 as it is up-to-date.
Transforming media3-extractor-1.2.0.aar (androidx.media3:media3-extractor:1.2.0) with AarResourcesCompilerTransform
Caching disabled for AarResourcesCompilerTransform: C:\Users\Tushal\.gradle\caches\transforms-3\e75b5071789f5baf57b3f20bc1a48613\transformed\media3-exoplayer-1.2.0 because:
  Build cache is disabled
Transforming media3-container-1.2.0.aar (androidx.media3:media3-container:1.2.0) with ExtractAarTransform
Skipping AarResourcesCompilerTransform: C:\Users\Tushal\.gradle\caches\transforms-3\e75b5071789f5baf57b3f20bc1a48613\transformed\media3-exoplayer-1.2.0 as it is up-to-date.
Transforming media3-container-1.2.0.aar (androidx.media3:media3-container:1.2.0) with AarResourcesCompilerTransform
Caching disabled for AarResourcesCompilerTransform: C:\Users\Tushal\.gradle\caches\transforms-3\92737f2c4321642a8ea14201c9b5f136\transformed\media3-extractor-1.2.0 because:
  Build cache is disabled
Transforming media3-datasource-1.2.0.aar (androidx.media3:media3-datasource:1.2.0) with ExtractAarTransform
Skipping AarResourcesCompilerTransform: C:\Users\Tushal\.gradle\caches\transforms-3\92737f2c4321642a8ea14201c9b5f136\transformed\media3-extractor-1.2.0 as it is up-to-date.
Transforming media3-datasource-1.2.0.aar (androidx.media3:media3-datasource:1.2.0) with AarResourcesCompilerTransform
Caching disabled for AarResourcesCompilerTransform: C:\Users\Tushal\.gradle\caches\transforms-3\df523f5ebd5a1e5d83dd3f3f151f5076\transformed\media3-container-1.2.0 because:
  Build cache is disabled
Transforming media3-decoder-1.2.0.aar (androidx.media3:media3-decoder:1.2.0) with ExtractAarTransform
Skipping AarResourcesCompilerTransform: C:\Users\Tushal\.gradle\caches\transforms-3\df523f5ebd5a1e5d83dd3f3f151f5076\transformed\media3-container-1.2.0 as it is up-to-date.
Transforming media3-decoder-1.2.0.aar (androidx.media3:media3-decoder:1.2.0) with AarResourcesCompilerTransform
Caching disabled for AarResourcesCompilerTransform: C:\Users\Tushal\.gradle\caches\transforms-3\b398c59ea54a69e3de1ab2129ac14a19\transformed\media3-datasource-1.2.0 because:
  Build cache is disabled
Transforming media3-database-1.2.0.aar (androidx.media3:media3-database:1.2.0) with ExtractAarTransform
Skipping AarResourcesCompilerTransform: C:\Users\Tushal\.gradle\caches\transforms-3\b398c59ea54a69e3de1ab2129ac14a19\transformed\media3-datasource-1.2.0 as it is up-to-date.
Transforming media3-database-1.2.0.aar (androidx.media3:media3-database:1.2.0) with AarResourcesCompilerTransform
Caching disabled for AarResourcesCompilerTransform: C:\Users\Tushal\.gradle\caches\transforms-3\1d6c6aaf665475b03b3e7a199de97ee4\transformed\media3-decoder-1.2.0 because:
  Build cache is disabled
Transforming media3-common-1.2.0.aar (androidx.media3:media3-common:1.2.0) with ExtractAarTransform
Skipping AarResourcesCompilerTransform: C:\Users\Tushal\.gradle\caches\transforms-3\1d6c6aaf665475b03b3e7a199de97ee4\transformed\media3-decoder-1.2.0 as it is up-to-date.
Transforming media3-common-1.2.0.aar (androidx.media3:media3-common:1.2.0) with AarResourcesCompilerTransform
Caching disabled for AarResourcesCompilerTransform: C:\Users\Tushal\.gradle\caches\transforms-3\3f4f00451a43ebd95417c5d4a0aac350\transformed\media3-database-1.2.0 because:
  Build cache is disabled
Skipping AarResourcesCompilerTransform: C:\Users\Tushal\.gradle\caches\transforms-3\3f4f00451a43ebd95417c5d4a0aac350\transformed\media3-database-1.2.0 as it is up-to-date.
Transforming media3-ui-1.2.0.aar (androidx.media3:media3-ui:1.2.0) with ExtractAarTransform
Caching disabled for AarResourcesCompilerTransform: C:\Users\Tushal\.gradle\caches\transforms-3\1f4d79196179c097dcf5135e5e548a60\transformed\media3-common-1.2.0 because:
  Build cache is disabled
Transforming media3-ui-1.2.0.aar (androidx.media3:media3-ui:1.2.0) with AarResourcesCompilerTransform
Skipping AarResourcesCompilerTransform: C:\Users\Tushal\.gradle\caches\transforms-3\1f4d79196179c097dcf5135e5e548a60\transformed\media3-common-1.2.0 as it is up-to-date.
Transforming recyclerview-1.3.2.aar (androidx.recyclerview:recyclerview:1.3.2) with ExtractAarTransform
Transforming recyclerview-1.3.2.aar (androidx.recyclerview:recyclerview:1.3.2) with AarResourcesCompilerTransform
Transforming viewpager2-1.1.0-beta02.aar (androidx.viewpager2:viewpager2:1.1.0-beta02) with ExtractAarTransform
Transforming viewpager2-1.1.0-beta02.aar (androidx.viewpager2:viewpager2:1.1.0-beta02) with AarResourcesCompilerTransform
Caching disabled for AarResourcesCompilerTransform: C:\Users\Tushal\.gradle\caches\transforms-3\a6a8c7b41a65c72c07aff083dbf25ba0\transformed\media3-ui-1.2.0 because:
  Build cache is disabled
Transforming fragment-1.3.6.aar (androidx.fragment:fragment:1.3.6) with ExtractAarTransform
Skipping AarResourcesCompilerTransform: C:\Users\Tushal\.gradle\caches\transforms-3\a6a8c7b41a65c72c07aff083dbf25ba0\transformed\media3-ui-1.2.0 as it is up-to-date.
Caching disabled for AarResourcesCompilerTransform: C:\Users\Tushal\.gradle\caches\transforms-3\86ae1b24a46958f5365ec5ef3d2d1c34\transformed\recyclerview-1.3.2 because:
  Build cache is disabled
Caching disabled for AarResourcesCompilerTransform: C:\Users\Tushal\.gradle\caches\transforms-3\7894b91b38b404f70940d07cabe5899f\transformed\viewpager2-1.1.0-beta02 because:
  Build cache is disabled
Skipping AarResourcesCompilerTransform: C:\Users\Tushal\.gradle\caches\transforms-3\7894b91b38b404f70940d07cabe5899f\transformed\viewpager2-1.1.0-beta02 as it is up-to-date.
Transforming fragment-1.3.6.aar (androidx.fragment:fragment:1.3.6) with AarResourcesCompilerTransform
Skipping AarResourcesCompilerTransform: C:\Users\Tushal\.gradle\caches\transforms-3\86ae1b24a46958f5365ec5ef3d2d1c34\transformed\recyclerview-1.3.2 as it is up-to-date.
Transforming activity-1.8.2.aar (androidx.activity:activity:1.8.2) with ExtractAarTransform
Transforming activity-1.8.2.aar (androidx.activity:activity:1.8.2) with AarResourcesCompilerTransform
Transforming activity-ktx-1.8.2.aar (androidx.activity:activity-ktx:1.8.2) with ExtractAarTransform
Transforming activity-ktx-1.8.2.aar (androidx.activity:activity-ktx:1.8.2) with AarResourcesCompilerTransform
Caching disabled for AarResourcesCompilerTransform: C:\Users\Tushal\.gradle\caches\transforms-3\492822d6f5cf6540ee1405596cc42ade\transformed\fragment-1.3.6 because:
  Build cache is disabled
Transforming swiperefreshlayout-1.1.0.aar (androidx.swiperefreshlayout:swiperefreshlayout:1.1.0) with ExtractAarTransform
Transforming swiperefreshlayout-1.1.0.aar (androidx.swiperefreshlayout:swiperefreshlayout:1.1.0) with AarResourcesCompilerTransform
Caching disabled for AarResourcesCompilerTransform: C:\Users\Tushal\.gradle\caches\transforms-3\0ca366a1d236200f2eea054185b5f0d8\transformed\activity-ktx-1.8.2 because:
  Build cache is disabled
Skipping AarResourcesCompilerTransform: C:\Users\Tushal\.gradle\caches\transforms-3\492822d6f5cf6540ee1405596cc42ade\transformed\fragment-1.3.6 as it is up-to-date.
Skipping AarResourcesCompilerTransform: C:\Users\Tushal\.gradle\caches\transforms-3\0ca366a1d236200f2eea054185b5f0d8\transformed\activity-ktx-1.8.2 as it is up-to-date.
Caching disabled for AarResourcesCompilerTransform: C:\Users\Tushal\.gradle\caches\transforms-3\339f76cdc3d96b2a50cab9a23a560bcb\transformed\swiperefreshlayout-1.1.0 because:
  Build cache is disabled
Transforming camera-lifecycle-1.3.1.aar (androidx.camera:camera-lifecycle:1.3.1) with ExtractAarTransform
Skipping AarResourcesCompilerTransform: C:\Users\Tushal\.gradle\caches\transforms-3\339f76cdc3d96b2a50cab9a23a560bcb\transformed\swiperefreshlayout-1.1.0 as it is up-to-date.
Caching disabled for AarResourcesCompilerTransform: C:\Users\Tushal\.gradle\caches\transforms-3\f9410f15e9fb2f39f9c91101f6a20106\transformed\activity-1.8.2 because:
  Build cache is disabled
Transforming camera-lifecycle-1.3.1.aar (androidx.camera:camera-lifecycle:1.3.1) with AarResourcesCompilerTransform
Skipping AarResourcesCompilerTransform: C:\Users\Tushal\.gradle\caches\transforms-3\f9410f15e9fb2f39f9c91101f6a20106\transformed\activity-1.8.2 as it is up-to-date.
Transforming camera-camera2-1.3.1.aar (androidx.camera:camera-camera2:1.3.1) with ExtractAarTransform
Transforming camera-camera2-1.3.1.aar (androidx.camera:camera-camera2:1.3.1) with AarResourcesCompilerTransform
Caching disabled for AarResourcesCompilerTransform: C:\Users\Tushal\.gradle\caches\transforms-3\270e300d271c2ab3efa31872dd2e5301\transformed\camera-lifecycle-1.3.1 because:
  Build cache is disabled
Transforming camera-core-1.3.1.aar (androidx.camera:camera-core:1.3.1) with ExtractAarTransform
Skipping AarResourcesCompilerTransform: C:\Users\Tushal\.gradle\caches\transforms-3\270e300d271c2ab3efa31872dd2e5301\transformed\camera-lifecycle-1.3.1 as it is up-to-date.
Transforming camera-core-1.3.1.aar (androidx.camera:camera-core:1.3.1) with AarResourcesCompilerTransform
Transforming emoji2-views-helper-1.2.0.aar (androidx.emoji2:emoji2-views-helper:1.2.0) with ExtractAarTransform
Caching disabled for AarResourcesCompilerTransform: C:\Users\Tushal\.gradle\caches\transforms-3\fb070df8d5725024895184ad87598e4e\transformed\camera-camera2-1.3.1 because:
  Build cache is disabled
Caching disabled for AarResourcesCompilerTransform: C:\Users\Tushal\.gradle\caches\transforms-3\b525739896ca14c1bc27882fe8208c8a\transformed\camera-core-1.3.1 because:
  Build cache is disabled
Skipping AarResourcesCompilerTransform: C:\Users\Tushal\.gradle\caches\transforms-3\b525739896ca14c1bc27882fe8208c8a\transformed\camera-core-1.3.1 as it is up-to-date.
Transforming emoji2-views-helper-1.2.0.aar (androidx.emoji2:emoji2-views-helper:1.2.0) with AarResourcesCompilerTransform
Skipping AarResourcesCompilerTransform: C:\Users\Tushal\.gradle\caches\transforms-3\fb070df8d5725024895184ad87598e4e\transformed\camera-camera2-1.3.1 as it is up-to-date.
Transforming emoji2-1.2.0.aar (androidx.emoji2:emoji2:1.2.0) with ExtractAarTransform
Transforming emoji2-1.2.0.aar (androidx.emoji2:emoji2:1.2.0) with AarResourcesCompilerTransform
Caching disabled for AarResourcesCompilerTransform: C:\Users\Tushal\.gradle\caches\transforms-3\dc64f4c79e165697ebdff10b6cc6e9d4\transformed\emoji2-views-helper-1.2.0 because:
  Build cache is disabled
Transforming drawerlayout-1.1.1.aar (androidx.drawerlayout:drawerlayout:1.1.1) with ExtractAarTransform
Skipping AarResourcesCompilerTransform: C:\Users\Tushal\.gradle\caches\transforms-3\dc64f4c79e165697ebdff10b6cc6e9d4\transformed\emoji2-views-helper-1.2.0 as it is up-to-date.
Transforming drawerlayout-1.1.1.aar (androidx.drawerlayout:drawerlayout:1.1.1) with AarResourcesCompilerTransform
Caching disabled for AarResourcesCompilerTransform: C:\Users\Tushal\.gradle\caches\transforms-3\c6681b4e418b9f33bb2163defe599d48\transformed\emoji2-1.2.0 because:
  Build cache is disabled
Transforming coordinatorlayout-1.1.0.aar (androidx.coordinatorlayout:coordinatorlayout:1.1.0) with ExtractAarTransform
Skipping AarResourcesCompilerTransform: C:\Users\Tushal\.gradle\caches\transforms-3\c6681b4e418b9f33bb2163defe599d48\transformed\emoji2-1.2.0 as it is up-to-date.
Caching disabled for AarResourcesCompilerTransform: C:\Users\Tushal\.gradle\caches\transforms-3\8311f284aead11fa49e25fe7039fe589\transformed\drawerlayout-1.1.1 because:
  Build cache is disabled
Transforming coordinatorlayout-1.1.0.aar (androidx.coordinatorlayout:coordinatorlayout:1.1.0) with AarResourcesCompilerTransform
Skipping AarResourcesCompilerTransform: C:\Users\Tushal\.gradle\caches\transforms-3\8311f284aead11fa49e25fe7039fe589\transformed\drawerlayout-1.1.1 as it is up-to-date.
Transforming dynamicanimation-1.0.0.aar (androidx.dynamicanimation:dynamicanimation:1.0.0) with ExtractAarTransform
Transforming dynamicanimation-1.0.0.aar (androidx.dynamicanimation:dynamicanimation:1.0.0) with AarResourcesCompilerTransform
Transforming transition-1.2.0.aar (androidx.transition:transition:1.2.0) with ExtractAarTransform
Transforming transition-1.2.0.aar (androidx.transition:transition:1.2.0) with AarResourcesCompilerTransform
Caching disabled for AarResourcesCompilerTransform: C:\Users\Tushal\.gradle\caches\transforms-3\a4e6ecf66af1c4b4199be43380cac145\transformed\coordinatorlayout-1.1.0 because:
  Build cache is disabled
Transforming vectordrawable-animated-1.1.0.aar (androidx.vectordrawable:vectordrawable-animated:1.1.0) with ExtractAarTransform
Caching disabled for AarResourcesCompilerTransform: C:\Users\Tushal\.gradle\caches\transforms-3\ad4399c080ebc131028831b3f7710164\transformed\dynamicanimation-1.0.0 because:
  Build cache is disabled
Skipping AarResourcesCompilerTransform: C:\Users\Tushal\.gradle\caches\transforms-3\a4e6ecf66af1c4b4199be43380cac145\transformed\coordinatorlayout-1.1.0 as it is up-to-date.
Skipping AarResourcesCompilerTransform: C:\Users\Tushal\.gradle\caches\transforms-3\ad4399c080ebc131028831b3f7710164\transformed\dynamicanimation-1.0.0 as it is up-to-date.
Caching disabled for AarResourcesCompilerTransform: C:\Users\Tushal\.gradle\caches\transforms-3\77ad483ac93f96cb4b844c8d431b41c6\transformed\transition-1.2.0 because:
  Build cache is disabled
Transforming vectordrawable-animated-1.1.0.aar (androidx.vectordrawable:vectordrawable-animated:1.1.0) with AarResourcesCompilerTransform
Skipping AarResourcesCompilerTransform: C:\Users\Tushal\.gradle\caches\transforms-3\77ad483ac93f96cb4b844c8d431b41c6\transformed\transition-1.2.0 as it is up-to-date.
Transforming vectordrawable-1.1.0.aar (androidx.vectordrawable:vectordrawable:1.1.0) with ExtractAarTransform
Transforming vectordrawable-1.1.0.aar (androidx.vectordrawable:vectordrawable:1.1.0) with AarResourcesCompilerTransform
Caching disabled for AarResourcesCompilerTransform: C:\Users\Tushal\.gradle\caches\transforms-3\3ffad289452d90132b25cfa39b80d81f\transformed\vectordrawable-animated-1.1.0 because:
  Build cache is disabled
Transforming vectordrawable-1.1.0.aar (androidx.vectordrawable:vectordrawable:1.1.0) with ExtractAarTransform
Skipping AarResourcesCompilerTransform: C:\Users\Tushal\.gradle\caches\transforms-3\3ffad289452d90132b25cfa39b80d81f\transformed\vectordrawable-animated-1.1.0 as it is up-to-date.
Transforming vectordrawable-1.1.0.aar (androidx.vectordrawable:vectordrawable:1.1.0) with AarResourcesCompilerTransform
Caching disabled for AarResourcesCompilerTransform: C:\Users\Tushal\.gradle\caches\transforms-3\0c7ee7980467685fc899e8881f198f09\transformed\vectordrawable-1.1.0 because:
  Build cache is disabled
Transforming media-1.6.0.aar (androidx.media:media:1.6.0) with ExtractAarTransform
Skipping AarResourcesCompilerTransform: C:\Users\Tushal\.gradle\caches\transforms-3\0c7ee7980467685fc899e8881f198f09\transformed\vectordrawable-1.1.0 as it is up-to-date.
Transforming media-1.6.0.aar (androidx.media:media:1.6.0) with AarResourcesCompilerTransform
Transforming viewpager-1.0.0.aar (androidx.viewpager:viewpager:1.0.0) with ExtractAarTransform
Transforming viewpager-1.0.0.aar (androidx.viewpager:viewpager:1.0.0) with AarResourcesCompilerTransform
Transforming legacy-support-core-utils-1.0.0.aar (androidx.legacy:legacy-support-core-utils:1.0.0) with ExtractAarTransform
Transforming legacy-support-core-utils-1.0.0.aar (androidx.legacy:legacy-support-core-utils:1.0.0) with AarResourcesCompilerTransform
Transforming loader-1.0.0.aar (androidx.loader:loader:1.0.0) with ExtractAarTransform
Transforming loader-1.0.0.aar (androidx.loader:loader:1.0.0) with AarResourcesCompilerTransform
Caching disabled for AarResourcesCompilerTransform: C:\Users\Tushal\.gradle\caches\transforms-3\adf12948b03f92c8da384a18759e3a29\transformed\media-1.6.0 because:
  Build cache is disabled
Caching disabled for AarResourcesCompilerTransform: C:\Users\Tushal\.gradle\caches\transforms-3\1b730982aa055e587f1c4dd43ee6713f\transformed\viewpager-1.0.0 because:
  Build cache is disabled
Transforming loader-1.0.0.aar (androidx.loader:loader:1.0.0) with ExtractAarTransform
Skipping AarResourcesCompilerTransform: C:\Users\Tushal\.gradle\caches\transforms-3\1b730982aa055e587f1c4dd43ee6713f\transformed\viewpager-1.0.0 as it is up-to-date.
Transforming loader-1.0.0.aar (androidx.loader:loader:1.0.0) with AarResourcesCompilerTransform
Caching disabled for AarResourcesCompilerTransform: C:\Users\Tushal\.gradle\caches\transforms-3\8b65fb41d7244f8684b31581aedcf434\transformed\loader-1.0.0 because:
  Build cache is disabled
Caching disabled for AarResourcesCompilerTransform: C:\Users\Tushal\.gradle\caches\transforms-3\c02ac995872b81c83e1917567743c810\transformed\legacy-support-core-utils-1.0.0 because:
  Build cache is disabled
Skipping AarResourcesCompilerTransform: C:\Users\Tushal\.gradle\caches\transforms-3\adf12948b03f92c8da384a18759e3a29\transformed\media-1.6.0 as it is up-to-date.
Skipping AarResourcesCompilerTransform: C:\Users\Tushal\.gradle\caches\transforms-3\c02ac995872b81c83e1917567743c810\transformed\legacy-support-core-utils-1.0.0 as it is up-to-date.
Skipping AarResourcesCompilerTransform: C:\Users\Tushal\.gradle\caches\transforms-3\8b65fb41d7244f8684b31581aedcf434\transformed\loader-1.0.0 as it is up-to-date.
Transforming customview-1.1.0.aar (androidx.customview:customview:1.1.0) with ExtractAarTransform
Transforming customview-1.1.0.aar (androidx.customview:customview:1.1.0) with AarResourcesCompilerTransform
Transforming customview-1.1.0.aar (androidx.customview:customview:1.1.0) with ExtractAarTransform
Transforming customview-1.1.0.aar (androidx.customview:customview:1.1.0) with AarResourcesCompilerTransform
Transforming customview-1.1.0.aar (androidx.customview:customview:1.1.0) with ExtractAarTransform
Transforming customview-1.1.0.aar (androidx.customview:customview:1.1.0) with AarResourcesCompilerTransform
Caching disabled for AarResourcesCompilerTransform: C:\Users\Tushal\.gradle\caches\transforms-3\c6744541110b4f89ce76a11e549acfe0\transformed\customview-1.1.0 because:
  Build cache is disabled
Transforming customview-1.1.0.aar (androidx.customview:customview:1.1.0) with ExtractAarTransform
Skipping AarResourcesCompilerTransform: C:\Users\Tushal\.gradle\caches\transforms-3\c6744541110b4f89ce76a11e549acfe0\transformed\customview-1.1.0 as it is up-to-date.
Transforming customview-1.1.0.aar (androidx.customview:customview:1.1.0) with AarResourcesCompilerTransform
Transforming core-1.12.0.aar (androidx.core:core:1.12.0) with ExtractAarTransform
Transforming core-1.12.0.aar (androidx.core:core:1.12.0) with AarResourcesCompilerTransform
Transforming core-1.12.0.aar (androidx.core:core:1.12.0) with ExtractAarTransform
Transforming core-1.12.0.aar (androidx.core:core:1.12.0) with AarResourcesCompilerTransform
Transforming core-1.12.0.aar (androidx.core:core:1.12.0) with ExtractAarTransform
Transforming core-1.12.0.aar (androidx.core:core:1.12.0) with AarResourcesCompilerTransform
Caching disabled for AarResourcesCompilerTransform: C:\Users\Tushal\.gradle\caches\transforms-3\0689a9fd0de0e6fef5d369e599568f09\transformed\core-1.12.0 because:
  Build cache is disabled
Transforming core-1.12.0.aar (androidx.core:core:1.12.0) with ExtractAarTransform
Skipping AarResourcesCompilerTransform: C:\Users\Tushal\.gradle\caches\transforms-3\0689a9fd0de0e6fef5d369e599568f09\transformed\core-1.12.0 as it is up-to-date.
Transforming core-1.12.0.aar (androidx.core:core:1.12.0) with AarResourcesCompilerTransform
Transforming core-1.12.0.aar (androidx.core:core:1.12.0) with ExtractAarTransform
Transforming core-1.12.0.aar (androidx.core:core:1.12.0) with AarResourcesCompilerTransform
Transforming core-1.12.0.aar (androidx.core:core:1.12.0) with ExtractAarTransform
Transforming core-1.12.0.aar (androidx.core:core:1.12.0) with AarResourcesCompilerTransform
Transforming core-1.12.0.aar (androidx.core:core:1.12.0) with ExtractAarTransform
Transforming core-1.12.0.aar (androidx.core:core:1.12.0) with AarResourcesCompilerTransform
Transforming core-1.12.0.aar (androidx.core:core:1.12.0) with ExtractAarTransform
Transforming core-1.12.0.aar (androidx.core:core:1.12.0) with AarResourcesCompilerTransform
Transforming customview-poolingcontainer-1.0.0.aar (androidx.customview:customview-poolingcontainer:1.0.0) with ExtractAarTransform
Transforming customview-poolingcontainer-1.0.0.aar (androidx.customview:customview-poolingcontainer:1.0.0) with AarResourcesCompilerTransform
Transforming lifecycle-process-2.7.0.aar (androidx.lifecycle:lifecycle-process:2.7.0) with ExtractAarTransform
Transforming lifecycle-process-2.7.0.aar (androidx.lifecycle:lifecycle-process:2.7.0) with AarResourcesCompilerTransform
Transforming lifecycle-runtime-ktx-2.7.0.aar (androidx.lifecycle:lifecycle-runtime-ktx:2.7.0) with ExtractAarTransform
Transforming lifecycle-runtime-ktx-2.7.0.aar (androidx.lifecycle:lifecycle-runtime-ktx:2.7.0) with AarResourcesCompilerTransform
Transforming savedstate-ktx-1.2.1.aar (androidx.savedstate:savedstate-ktx:1.2.1) with ExtractAarTransform
Caching disabled for AarResourcesCompilerTransform: C:\Users\Tushal\.gradle\caches\transforms-3\c971668bc13ffb90295d936eac4bd951\transformed\customview-poolingcontainer-1.0.0 because:
  Build cache is disabled
Caching disabled for AarResourcesCompilerTransform: C:\Users\Tushal\.gradle\caches\transforms-3\285f085280118d755ce82ea703c4f012\transformed\lifecycle-process-2.7.0 because:
  Build cache is disabled
Caching disabled for AarResourcesCompilerTransform: C:\Users\Tushal\.gradle\caches\transforms-3\16334cf9ae6f67e16792e7590a141c87\transformed\lifecycle-runtime-ktx-2.7.0 because:
  Build cache is disabled
Transforming savedstate-ktx-1.2.1.aar (androidx.savedstate:savedstate-ktx:1.2.1) with AarResourcesCompilerTransform
Skipping AarResourcesCompilerTransform: C:\Users\Tushal\.gradle\caches\transforms-3\16334cf9ae6f67e16792e7590a141c87\transformed\lifecycle-runtime-ktx-2.7.0 as it is up-to-date.
Skipping AarResourcesCompilerTransform: C:\Users\Tushal\.gradle\caches\transforms-3\285f085280118d755ce82ea703c4f012\transformed\lifecycle-process-2.7.0 as it is up-to-date.
Skipping AarResourcesCompilerTransform: C:\Users\Tushal\.gradle\caches\transforms-3\c971668bc13ffb90295d936eac4bd951\transformed\customview-poolingcontainer-1.0.0 as it is up-to-date.
Transforming savedstate-1.2.1.aar (androidx.savedstate:savedstate:1.2.1) with ExtractAarTransform
Caching disabled for AarResourcesCompilerTransform: C:\Users\Tushal\.gradle\caches\transforms-3\392db174018290aedff9183ad18d0929\transformed\savedstate-ktx-1.2.1 because:
  Build cache is disabled
Transforming savedstate-1.2.1.aar (androidx.savedstate:savedstate:1.2.1) with AarResourcesCompilerTransform
Skipping AarResourcesCompilerTransform: C:\Users\Tushal\.gradle\caches\transforms-3\392db174018290aedff9183ad18d0929\transformed\savedstate-ktx-1.2.1 as it is up-to-date.
Transforming lifecycle-livedata-core-2.7.0.aar (androidx.lifecycle:lifecycle-livedata-core:2.7.0) with ExtractAarTransform
Transforming lifecycle-livedata-core-2.7.0.aar (androidx.lifecycle:lifecycle-livedata-core:2.7.0) with AarResourcesCompilerTransform
Transforming lifecycle-livedata-core-ktx-2.7.0.aar (androidx.lifecycle:lifecycle-livedata-core-ktx:2.7.0) with ExtractAarTransform
Caching disabled for AarResourcesCompilerTransform: C:\Users\Tushal\.gradle\caches\transforms-3\4df352a0ff98d010ff87c87a188bfa25\transformed\savedstate-1.2.1 because:
  Build cache is disabled
Caching disabled for AarResourcesCompilerTransform: C:\Users\Tushal\.gradle\caches\transforms-3\677b5a79186bd8504b833b54b60ee3c9\transformed\lifecycle-livedata-core-2.7.0 because:
  Build cache is disabled
Transforming lifecycle-livedata-core-ktx-2.7.0.aar (androidx.lifecycle:lifecycle-livedata-core-ktx:2.7.0) with AarResourcesCompilerTransform
Skipping AarResourcesCompilerTransform: C:\Users\Tushal\.gradle\caches\transforms-3\677b5a79186bd8504b833b54b60ee3c9\transformed\lifecycle-livedata-core-2.7.0 as it is up-to-date.
Transforming lifecycle-livedata-2.7.0.aar (androidx.lifecycle:lifecycle-livedata:2.7.0) with ExtractAarTransform
Transforming lifecycle-livedata-2.7.0.aar (androidx.lifecycle:lifecycle-livedata:2.7.0) with AarResourcesCompilerTransform
Skipping AarResourcesCompilerTransform: C:\Users\Tushal\.gradle\caches\transforms-3\4df352a0ff98d010ff87c87a188bfa25\transformed\savedstate-1.2.1 as it is up-to-date.
Transforming lifecycle-livedata-2.7.0.aar (androidx.lifecycle:lifecycle-livedata:2.7.0) with ExtractAarTransform
Transforming lifecycle-livedata-2.7.0.aar (androidx.lifecycle:lifecycle-livedata:2.7.0) with AarResourcesCompilerTransform
Transforming lifecycle-runtime-2.7.0.aar (androidx.lifecycle:lifecycle-runtime:2.7.0) with ExtractAarTransform
Caching disabled for AarResourcesCompilerTransform: C:\Users\Tushal\.gradle\caches\transforms-3\559af55a7bd8a35aa959e6d3da59f562\transformed\lifecycle-livedata-core-ktx-2.7.0 because:
  Build cache is disabled
Caching disabled for AarResourcesCompilerTransform: C:\Users\Tushal\.gradle\caches\transforms-3\3dc0ddc8b1cc7d28c3b48bca5ad7c63a\transformed\lifecycle-livedata-2.7.0 because:
  Build cache is disabled
Transforming lifecycle-runtime-2.7.0.aar (androidx.lifecycle:lifecycle-runtime:2.7.0) with AarResourcesCompilerTransform
Skipping AarResourcesCompilerTransform: C:\Users\Tushal\.gradle\caches\transforms-3\559af55a7bd8a35aa959e6d3da59f562\transformed\lifecycle-livedata-core-ktx-2.7.0 as it is up-to-date.
Skipping AarResourcesCompilerTransform: C:\Users\Tushal\.gradle\caches\transforms-3\3dc0ddc8b1cc7d28c3b48bca5ad7c63a\transformed\lifecycle-livedata-2.7.0 as it is up-to-date.
Transforming lifecycle-viewmodel-2.7.0.aar (androidx.lifecycle:lifecycle-viewmodel:2.7.0) with ExtractAarTransform
Transforming lifecycle-viewmodel-2.7.0.aar (androidx.lifecycle:lifecycle-viewmodel:2.7.0) with AarResourcesCompilerTransform
Transforming lifecycle-viewmodel-2.7.0.aar (androidx.lifecycle:lifecycle-viewmodel:2.7.0) with ExtractAarTransform
Caching disabled for AarResourcesCompilerTransform: C:\Users\Tushal\.gradle\caches\transforms-3\c35613f5ee0955877fb1dbb83fac5020\transformed\lifecycle-runtime-2.7.0 because:
  Build cache is disabled
Transforming lifecycle-viewmodel-2.7.0.aar (androidx.lifecycle:lifecycle-viewmodel:2.7.0) with AarResourcesCompilerTransform
Caching disabled for AarResourcesCompilerTransform: C:\Users\Tushal\.gradle\caches\transforms-3\6bab4852d63525fc8c095ec62187c7d2\transformed\lifecycle-viewmodel-2.7.0 because:
  Build cache is disabled
Transforming lifecycle-viewmodel-ktx-2.7.0.aar (androidx.lifecycle:lifecycle-viewmodel-ktx:2.7.0) with ExtractAarTransform
Skipping AarResourcesCompilerTransform: C:\Users\Tushal\.gradle\caches\transforms-3\6bab4852d63525fc8c095ec62187c7d2\transformed\lifecycle-viewmodel-2.7.0 as it is up-to-date.
Transforming lifecycle-viewmodel-ktx-2.7.0.aar (androidx.lifecycle:lifecycle-viewmodel-ktx:2.7.0) with AarResourcesCompilerTransform
Transforming lifecycle-livedata-ktx-2.7.0.aar (androidx.lifecycle:lifecycle-livedata-ktx:2.7.0) with ExtractAarTransform
Transforming lifecycle-livedata-ktx-2.7.0.aar (androidx.lifecycle:lifecycle-livedata-ktx:2.7.0) with AarResourcesCompilerTransform
Transforming lifecycle-viewmodel-savedstate-2.7.0.aar (androidx.lifecycle:lifecycle-viewmodel-savedstate:2.7.0) with ExtractAarTransform
Caching disabled for AarResourcesCompilerTransform: C:\Users\Tushal\.gradle\caches\transforms-3\12495d349f42f60593d1d8e7a86e38c5\transformed\lifecycle-viewmodel-ktx-2.7.0 because:
  Build cache is disabled
Skipping AarResourcesCompilerTransform: C:\Users\Tushal\.gradle\caches\transforms-3\c35613f5ee0955877fb1dbb83fac5020\transformed\lifecycle-runtime-2.7.0 as it is up-to-date.
Skipping AarResourcesCompilerTransform: C:\Users\Tushal\.gradle\caches\transforms-3\12495d349f42f60593d1d8e7a86e38c5\transformed\lifecycle-viewmodel-ktx-2.7.0 as it is up-to-date.
Caching disabled for AarResourcesCompilerTransform: C:\Users\Tushal\.gradle\caches\transforms-3\1f44855ee8a9143ee7ef0c1481e3f0d9\transformed\lifecycle-livedata-ktx-2.7.0 because:
  Build cache is disabled
Transforming lifecycle-viewmodel-savedstate-2.7.0.aar (androidx.lifecycle:lifecycle-viewmodel-savedstate:2.7.0) with AarResourcesCompilerTransform
Skipping AarResourcesCompilerTransform: C:\Users\Tushal\.gradle\caches\transforms-3\1f44855ee8a9143ee7ef0c1481e3f0d9\transformed\lifecycle-livedata-ktx-2.7.0 as it is up-to-date.
Transforming core-ktx-1.12.0.aar (androidx.core:core-ktx:1.12.0) with ExtractAarTransform
Transforming core-ktx-1.12.0.aar (androidx.core:core-ktx:1.12.0) with AarResourcesCompilerTransform
Transforming room-runtime-2.6.1.aar (androidx.room:room-runtime:2.6.1) with ExtractAarTransform
Transforming room-runtime-2.6.1.aar (androidx.room:room-runtime:2.6.1) with AarResourcesCompilerTransform
Transforming room-ktx-2.6.1.aar (androidx.room:room-ktx:2.6.1) with ExtractAarTransform
Caching disabled for AarResourcesCompilerTransform: C:\Users\Tushal\.gradle\caches\transforms-3\456d36f24c2cdbdedacb020de67fc621\transformed\lifecycle-viewmodel-savedstate-2.7.0 because:
  Build cache is disabled
Caching disabled for AarResourcesCompilerTransform: C:\Users\Tushal\.gradle\caches\transforms-3\4a0525888b51531b2d8c676d5df937d6\transformed\core-ktx-1.12.0 because:
  Build cache is disabled
Caching disabled for AarResourcesCompilerTransform: C:\Users\Tushal\.gradle\caches\transforms-3\888877568181c0f6eb4ce892d57068b3\transformed\room-runtime-2.6.1 because:
  Build cache is disabled
Transforming room-ktx-2.6.1.aar (androidx.room:room-ktx:2.6.1) with AarResourcesCompilerTransform
Skipping AarResourcesCompilerTransform: C:\Users\Tushal\.gradle\caches\transforms-3\4a0525888b51531b2d8c676d5df937d6\transformed\core-ktx-1.12.0 as it is up-to-date.
Skipping AarResourcesCompilerTransform: C:\Users\Tushal\.gradle\caches\transforms-3\456d36f24c2cdbdedacb020de67fc621\transformed\lifecycle-viewmodel-savedstate-2.7.0 as it is up-to-date.
Transforming sqlite-framework-2.4.0.aar (androidx.sqlite:sqlite-framework:2.4.0) with ExtractAarTransform
Skipping AarResourcesCompilerTransform: C:\Users\Tushal\.gradle\caches\transforms-3\888877568181c0f6eb4ce892d57068b3\transformed\room-runtime-2.6.1 as it is up-to-date.
Transforming sqlite-framework-2.4.0.aar (androidx.sqlite:sqlite-framework:2.4.0) with AarResourcesCompilerTransform
Caching disabled for AarResourcesCompilerTransform: C:\Users\Tushal\.gradle\caches\transforms-3\370719b425780f26af1080c819ab5589\transformed\room-ktx-2.6.1 because:
  Build cache is disabled
Transforming sqlite-2.4.0.aar (androidx.sqlite:sqlite:2.4.0) with ExtractAarTransform
Skipping AarResourcesCompilerTransform: C:\Users\Tushal\.gradle\caches\transforms-3\370719b425780f26af1080c819ab5589\transformed\room-ktx-2.6.1 as it is up-to-date.
Transforming sqlite-2.4.0.aar (androidx.sqlite:sqlite:2.4.0) with AarResourcesCompilerTransform
Caching disabled for AarResourcesCompilerTransform: C:\Users\Tushal\.gradle\caches\transforms-3\b7004b0b345b7039ad3076d4f11b014f\transformed\sqlite-framework-2.4.0 because:
  Build cache is disabled
Skipping AarResourcesCompilerTransform: C:\Users\Tushal\.gradle\caches\transforms-3\b7004b0b345b7039ad3076d4f11b014f\transformed\sqlite-framework-2.4.0 as it is up-to-date.
Transforming annotation-experimental-1.3.1.aar (androidx.annotation:annotation-experimental:1.3.1) with ExtractAarTransform
Caching disabled for AarResourcesCompilerTransform: C:\Users\Tushal\.gradle\caches\transforms-3\fc8be31588cad0a66c61f32c5640f596\transformed\sqlite-2.4.0 because:
  Build cache is disabled
Transforming annotation-experimental-1.3.1.aar (androidx.annotation:annotation-experimental:1.3.1) with AarResourcesCompilerTransform
Skipping AarResourcesCompilerTransform: C:\Users\Tushal\.gradle\caches\transforms-3\fc8be31588cad0a66c61f32c5640f596\transformed\sqlite-2.4.0 as it is up-to-date.
Transforming cardview-1.0.0.aar (androidx.cardview:cardview:1.0.0) with ExtractAarTransform
Transforming cardview-1.0.0.aar (androidx.cardview:cardview:1.0.0) with AarResourcesCompilerTransform
Transforming security-crypto-1.1.0-alpha06.aar (androidx.security:security-crypto:1.1.0-alpha06) with ExtractAarTransform
Caching disabled for AarResourcesCompilerTransform: C:\Users\Tushal\.gradle\caches\transforms-3\81978c211bff88f5381685aa43447203\transformed\annotation-experimental-1.3.1 because:
  Build cache is disabled
Transforming security-crypto-1.1.0-alpha06.aar (androidx.security:security-crypto:1.1.0-alpha06) with AarResourcesCompilerTransform
Caching disabled for AarResourcesCompilerTransform: C:\Users\Tushal\.gradle\caches\transforms-3\947307f88e48bf9427ba4ec6a34d2b50\transformed\cardview-1.0.0 because:
  Build cache is disabled
Skipping AarResourcesCompilerTransform: C:\Users\Tushal\.gradle\caches\transforms-3\81978c211bff88f5381685aa43447203\transformed\annotation-experimental-1.3.1 as it is up-to-date.
Skipping AarResourcesCompilerTransform: C:\Users\Tushal\.gradle\caches\transforms-3\947307f88e48bf9427ba4ec6a34d2b50\transformed\cardview-1.0.0 as it is up-to-date.
Transforming cursoradapter-1.0.0.aar (androidx.cursoradapter:cursoradapter:1.0.0) with ExtractAarTransform
Transforming cursoradapter-1.0.0.aar (androidx.cursoradapter:cursoradapter:1.0.0) with AarResourcesCompilerTransform
Caching disabled for AarResourcesCompilerTransform: C:\Users\Tushal\.gradle\caches\transforms-3\f816468c226029777744c01983376002\transformed\security-crypto-1.1.0-alpha06 because:
  Build cache is disabled
Transforming interpolator-1.0.0.aar (androidx.interpolator:interpolator:1.0.0) with ExtractAarTransform
Transforming interpolator-1.0.0.aar (androidx.interpolator:interpolator:1.0.0) with AarResourcesCompilerTransform
Caching disabled for AarResourcesCompilerTransform: C:\Users\Tushal\.gradle\caches\transforms-3\feccdbabe94b1a4a420e85fa751f7c7d\transformed\cursoradapter-1.0.0 because:
  Build cache is disabled
Transforming interpolator-1.0.0.aar (androidx.interpolator:interpolator:1.0.0) with ExtractAarTransform
Skipping AarResourcesCompilerTransform: C:\Users\Tushal\.gradle\caches\transforms-3\feccdbabe94b1a4a420e85fa751f7c7d\transformed\cursoradapter-1.0.0 as it is up-to-date.
Transforming interpolator-1.0.0.aar (androidx.interpolator:interpolator:1.0.0) with AarResourcesCompilerTransform
Skipping AarResourcesCompilerTransform: C:\Users\Tushal\.gradle\caches\transforms-3\f816468c226029777744c01983376002\transformed\security-crypto-1.1.0-alpha06 as it is up-to-date.
Transforming interpolator-1.0.0.aar (androidx.interpolator:interpolator:1.0.0) with ExtractAarTransform
Caching disabled for AarResourcesCompilerTransform: C:\Users\Tushal\.gradle\caches\transforms-3\b4713265b2f5b88c29f2131d51b92139\transformed\interpolator-1.0.0 because:
  Build cache is disabled
Transforming interpolator-1.0.0.aar (androidx.interpolator:interpolator:1.0.0) with AarResourcesCompilerTransform
Skipping AarResourcesCompilerTransform: C:\Users\Tushal\.gradle\caches\transforms-3\b4713265b2f5b88c29f2131d51b92139\transformed\interpolator-1.0.0 as it is up-to-date.
Transforming core-runtime-2.2.0.aar (androidx.arch.core:core-runtime:2.2.0) with ExtractAarTransform
Transforming core-runtime-2.2.0.aar (androidx.arch.core:core-runtime:2.2.0) with AarResourcesCompilerTransform
Transforming exifinterface-1.3.6.aar (androidx.exifinterface:exifinterface:1.3.6) with ExtractAarTransform
Transforming exifinterface-1.3.6.aar (androidx.exifinterface:exifinterface:1.3.6) with AarResourcesCompilerTransform
Transforming gifdecoder-4.16.0.aar (com.github.bumptech.glide:gifdecoder:4.16.0) with ExtractAarTransform
Transforming gifdecoder-4.16.0.aar (com.github.bumptech.glide:gifdecoder:4.16.0) with AarResourcesCompilerTransform
Caching disabled for AarResourcesCompilerTransform: C:\Users\Tushal\.gradle\caches\transforms-3\1f92b18ff42b04762aab378ca1917193\transformed\core-runtime-2.2.0 because:
  Build cache is disabled
Transforming profileinstaller-1.3.1.aar (androidx.profileinstaller:profileinstaller:1.3.1) with ExtractAarTransform
Skipping AarResourcesCompilerTransform: C:\Users\Tushal\.gradle\caches\transforms-3\1f92b18ff42b04762aab378ca1917193\transformed\core-runtime-2.2.0 as it is up-to-date.
Caching disabled for AarResourcesCompilerTransform: C:\Users\Tushal\.gradle\caches\transforms-3\9dca4bc3d53f04f796ee539a0be1842d\transformed\exifinterface-1.3.6 because:
  Build cache is disabled
Transforming profileinstaller-1.3.1.aar (androidx.profileinstaller:profileinstaller:1.3.1) with AarResourcesCompilerTransform
Skipping AarResourcesCompilerTransform: C:\Users\Tushal\.gradle\caches\transforms-3\9dca4bc3d53f04f796ee539a0be1842d\transformed\exifinterface-1.3.6 as it is up-to-date.
Caching disabled for AarResourcesCompilerTransform: C:\Users\Tushal\.gradle\caches\transforms-3\6b25d9b82ed183efd04348a1932698e9\transformed\gifdecoder-4.16.0 because:
  Build cache is disabled
Transforming startup-runtime-1.1.1.aar (androidx.startup:startup-runtime:1.1.1) with ExtractAarTransform
Caching disabled for AarResourcesCompilerTransform: C:\Users\Tushal\.gradle\caches\transforms-3\add9d43d9169ede12cf03341f0f55eff\transformed\profileinstaller-1.3.1 because:
  Build cache is disabled
Transforming startup-runtime-1.1.1.aar (androidx.startup:startup-runtime:1.1.1) with AarResourcesCompilerTransform
Skipping AarResourcesCompilerTransform: C:\Users\Tushal\.gradle\caches\transforms-3\add9d43d9169ede12cf03341f0f55eff\transformed\profileinstaller-1.3.1 as it is up-to-date.
Skipping AarResourcesCompilerTransform: C:\Users\Tushal\.gradle\caches\transforms-3\6b25d9b82ed183efd04348a1932698e9\transformed\gifdecoder-4.16.0 as it is up-to-date.
Transforming tracing-1.0.0.aar (androidx.tracing:tracing:1.0.0) with ExtractAarTransform
Caching disabled for AarResourcesCompilerTransform: C:\Users\Tushal\.gradle\caches\transforms-3\feab105b5520079f049fbf877f15d1c9\transformed\startup-runtime-1.1.1 because:
  Build cache is disabled
Transforming tracing-1.0.0.aar (androidx.tracing:tracing:1.0.0) with AarResourcesCompilerTransform
Skipping AarResourcesCompilerTransform: C:\Users\Tushal\.gradle\caches\transforms-3\feab105b5520079f049fbf877f15d1c9\transformed\startup-runtime-1.1.1 as it is up-to-date.
Transforming versionedparcelable-1.1.1.aar (androidx.versionedparcelable:versionedparcelable:1.1.1) with ExtractAarTransform
Transforming versionedparcelable-1.1.1.aar (androidx.versionedparcelable:versionedparcelable:1.1.1) with AarResourcesCompilerTransform
Transforming documentfile-1.0.0.aar (androidx.documentfile:documentfile:1.0.0) with ExtractAarTransform
Transforming documentfile-1.0.0.aar (androidx.documentfile:documentfile:1.0.0) with AarResourcesCompilerTransform
Transforming localbroadcastmanager-1.0.0.aar (androidx.localbroadcastmanager:localbroadcastmanager:1.0.0) with ExtractAarTransform
Transforming localbroadcastmanager-1.0.0.aar (androidx.localbroadcastmanager:localbroadcastmanager:1.0.0) with AarResourcesCompilerTransform
Transforming print-1.0.0.aar (androidx.print:print:1.0.0) with ExtractAarTransform
Transforming print-1.0.0.aar (androidx.print:print:1.0.0) with AarResourcesCompilerTransform
Caching disabled for AarResourcesCompilerTransform: C:\Users\Tushal\.gradle\caches\transforms-3\525a47ace2319598ac413e200a5d0bc8\transformed\versionedparcelable-1.1.1 because:
  Build cache is disabled
Caching disabled for AarResourcesCompilerTransform: C:\Users\Tushal\.gradle\caches\transforms-3\119ccbc886a35f03ef88c1b2aa469021\transformed\localbroadcastmanager-1.0.0 because:
  Build cache is disabled
Skipping AarResourcesCompilerTransform: C:\Users\Tushal\.gradle\caches\transforms-3\525a47ace2319598ac413e200a5d0bc8\transformed\versionedparcelable-1.1.1 as it is up-to-date.
Caching disabled for AarResourcesCompilerTransform: C:\Users\Tushal\.gradle\caches\transforms-3\4605d80e7c376801fc7312c266e4256f\transformed\documentfile-1.0.0 because:
  Build cache is disabled
Transforming multidex-2.0.1.aar (androidx.multidex:multidex:2.0.1) with ExtractAarTransform
Skipping AarResourcesCompilerTransform: C:\Users\Tushal\.gradle\caches\transforms-3\4605d80e7c376801fc7312c266e4256f\transformed\documentfile-1.0.0 as it is up-to-date.
Caching disabled for AarResourcesCompilerTransform: C:\Users\Tushal\.gradle\caches\transforms-3\ea51fda6ac45a05011c00104e91c0579\transformed\print-1.0.0 because:
  Build cache is disabled
Skipping AarResourcesCompilerTransform: C:\Users\Tushal\.gradle\caches\transforms-3\119ccbc886a35f03ef88c1b2aa469021\transformed\localbroadcastmanager-1.0.0 as it is up-to-date.
Skipping AarResourcesCompilerTransform: C:\Users\Tushal\.gradle\caches\transforms-3\ea51fda6ac45a05011c00104e91c0579\transformed\print-1.0.0 as it is up-to-date.
Caching disabled for AarResourcesCompilerTransform: C:\Users\Tushal\.gradle\caches\transforms-3\b89dbbd2c07c77ed01414e4e82e13513\transformed\tracing-1.0.0 because:
  Build cache is disabled
Transforming multidex-2.0.1.aar (androidx.multidex:multidex:2.0.1) with AarResourcesCompilerTransform
Skipping AarResourcesCompilerTransform: C:\Users\Tushal\.gradle\caches\transforms-3\b89dbbd2c07c77ed01414e4e82e13513\transformed\tracing-1.0.0 as it is up-to-date.
Caching disabled for AarResourcesCompilerTransform: C:\Users\Tushal\.gradle\caches\transforms-3\8b6a5ea78f7918a06084e5aa589e5e1d\transformed\multidex-2.0.1 because:
  Build cache is disabled
Skipping AarResourcesCompilerTransform: C:\Users\Tushal\.gradle\caches\transforms-3\8b6a5ea78f7918a06084e5aa589e5e1d\transformed\multidex-2.0.1 as it is up-to-date.
Caching disabled for task ':app:processDebugResources' because:
  Build cache is disabled
Task ':app:processDebugResources' is not up-to-date because:
  Output property 'RClassOutputJar' file C:\Users\Tushal\Desktop\APP\Vexor\app\build\intermediates\compile_and_runtime_not_namespaced_r_class_jar\debug\R.jar has been removed.
  Output property 'resPackageOutputFolder' file C:\Users\Tushal\Desktop\APP\Vexor\app\build\intermediates\processed_res\debug\out has been removed.
  Output property 'resPackageOutputFolder' file C:\Users\Tushal\Desktop\APP\Vexor\app\build\intermediates\processed_res\debug\out\output-metadata.json has been removed.
  Output property 'resPackageOutputFolder' file C:\Users\Tushal\Desktop\APP\Vexor\app\build\intermediates\processed_res\debug\out\resources-debug.ap_ has been removed.
  Output property 'stableIdsOutputFileProperty' file C:\Users\Tushal\Desktop\APP\Vexor\app\build\intermediates\stable_resource_ids_file\debug\stableIds.txt has been removed.
The input changes require a full rebuild for incremental task ':app:processDebugResources'.
AAPT2 aapt2-8.2.0-10154469-windows Daemon #0: starting
Aapt output file C:\Users\Tushal\Desktop\APP\Vexor\app\build\intermediates\processed_res\debug\out\resources-debug.ap_
Resolve mutations for :app:compileDebugKotlin (Thread[Execution worker Thread 16,5,main]) started.
:app:compileDebugKotlin (Thread[Execution worker Thread 16,5,main]) started.

> Task :app:mergeExtDexDebug
Transforming viewbinding-8.2.0.aar (androidx.databinding:viewbinding:8.2.0) with AarToClassTransform
Transforming viewbinding-8.2.0.aar (androidx.databinding:viewbinding:8.2.0) with IdentityTransform
Transforming material-1.11.0.aar (com.google.android.material:material:1.11.0) with AarToClassTransform
Transforming material-1.11.0.aar (com.google.android.material:material:1.11.0) with IdentityTransform
Transforming constraintlayout-2.1.4.aar (androidx.constraintlayout:constraintlayout:2.1.4) with AarToClassTransform
Transforming constraintlayout-2.1.4.aar (androidx.constraintlayout:constraintlayout:2.1.4) with IdentityTransform
Transforming biometric-1.1.0.aar (androidx.biometric:biometric:1.1.0) with AarToClassTransform
Transforming biometric-1.1.0.aar (androidx.biometric:biometric:1.1.0) with IdentityTransform
Transforming coil-2.5.0.aar (io.coil-kt:coil:2.5.0) with AarToClassTransform
Transforming coil-2.5.0.aar (io.coil-kt:coil:2.5.0) with IdentityTransform
Caching disabled for IdentityTransform: C:\Users\Tushal\.gradle\caches\transforms-3\df9232eb940a2d8bf4ac70bef15fabc9\transformed\material-1.11.0-runtime.jar because:
  Build cache is disabled
Transforming coil-video-2.5.0.aar (io.coil-kt:coil-video:2.5.0) with AarToClassTransform
Caching disabled for IdentityTransform: C:\Users\Tushal\.gradle\caches\transforms-3\e992729d49eb181f1ecc788f3d22399b\transformed\viewbinding-8.2.0-runtime.jar because:
  Build cache is disabled
Transforming coil-video-2.5.0.aar (io.coil-kt:coil-video:2.5.0) with IdentityTransform
Skipping IdentityTransform: C:\Users\Tushal\.gradle\caches\transforms-3\e992729d49eb181f1ecc788f3d22399b\transformed\viewbinding-8.2.0-runtime.jar as it is up-to-date.
Caching disabled for IdentityTransform: C:\Users\Tushal\.gradle\caches\transforms-3\caf34d3321d64c3e5223dbd9523c0577\transformed\coil-2.5.0-runtime.jar because:
  Build cache is disabled
Transforming coil-base-2.5.0.aar (io.coil-kt:coil-base:2.5.0) with AarToClassTransform
Caching disabled for IdentityTransform: C:\Users\Tushal\.gradle\caches\transforms-3\4f339ed354922985173ffed7f8f5d212\transformed\biometric-1.1.0-runtime.jar because:
  Build cache is disabled
Caching disabled for IdentityTransform: C:\Users\Tushal\.gradle\caches\transforms-3\6ff8b23b1fc6a484675dbaaec95a31f7\transformed\constraintlayout-2.1.4-runtime.jar because:
  Build cache is disabled
Skipping IdentityTransform: C:\Users\Tushal\.gradle\caches\transforms-3\4f339ed354922985173ffed7f8f5d212\transformed\biometric-1.1.0-runtime.jar as it is up-to-date.
Caching disabled for IdentityTransform: C:\Users\Tushal\.gradle\caches\transforms-3\17fbd3856bf609a650d0d5ad1eb5504b\transformed\coil-video-2.5.0-runtime.jar because:
  Build cache is disabled
Transforming coil-base-2.5.0.aar (io.coil-kt:coil-base:2.5.0) with IdentityTransform
Skipping IdentityTransform: C:\Users\Tushal\.gradle\caches\transforms-3\17fbd3856bf609a650d0d5ad1eb5504b\transformed\coil-video-2.5.0-runtime.jar as it is up-to-date.
Skipping IdentityTransform: C:\Users\Tushal\.gradle\caches\transforms-3\caf34d3321d64c3e5223dbd9523c0577\transformed\coil-2.5.0-runtime.jar as it is up-to-date.
Skipping IdentityTransform: C:\Users\Tushal\.gradle\caches\transforms-3\df9232eb940a2d8bf4ac70bef15fabc9\transformed\material-1.11.0-runtime.jar as it is up-to-date.
Transforming viewbinding-8.2.0.aar (androidx.databinding:viewbinding:8.2.0) with DexingNoClasspathTransform
Transforming coil-video-2.5.0.aar (io.coil-kt:coil-video:2.5.0) with DexingNoClasspathTransform
Transforming appcompat-resources-1.6.1.aar (androidx.appcompat:appcompat-resources:1.6.1) with AarToClassTransform
Skipping IdentityTransform: C:\Users\Tushal\.gradle\caches\transforms-3\6ff8b23b1fc6a484675dbaaec95a31f7\transformed\constraintlayout-2.1.4-runtime.jar as it is up-to-date.
Transforming appcompat-resources-1.6.1.aar (androidx.appcompat:appcompat-resources:1.6.1) with IdentityTransform
Transforming coil-2.5.0.aar (io.coil-kt:coil:2.5.0) with DexingNoClasspathTransform
Transforming material-1.11.0.aar (com.google.android.material:material:1.11.0) with DexingNoClasspathTransform
Caching disabled for IdentityTransform: C:\Users\Tushal\.gradle\caches\transforms-3\10ecac82563a6ddf33b211681228a910\transformed\appcompat-resources-1.6.1-runtime.jar because:
  Build cache is disabled
Transforming constraintlayout-2.1.4.aar (androidx.constraintlayout:constraintlayout:2.1.4) with DexingNoClasspathTransform
Caching disabled for DexingNoClasspathTransform: C:\Users\Tushal\.gradle\caches\transforms-3\caf34d3321d64c3e5223dbd9523c0577\transformed\coil-2.5.0-runtime.jar because:
  Build cache is disabled
Caching disabled for DexingNoClasspathTransform: C:\Users\Tushal\.gradle\caches\transforms-3\df9232eb940a2d8bf4ac70bef15fabc9\transformed\material-1.11.0-runtime.jar because:
  Build cache is disabled
Transforming biometric-1.1.0.aar (androidx.biometric:biometric:1.1.0) with DexingNoClasspathTransform
Caching disabled for IdentityTransform: C:\Users\Tushal\.gradle\caches\transforms-3\c1da0da009bac0194d3827d6dc130b0a\transformed\coil-base-2.5.0-runtime.jar because:
  Build cache is disabled
Skipping DexingNoClasspathTransform: C:\Users\Tushal\.gradle\caches\transforms-3\caf34d3321d64c3e5223dbd9523c0577\transformed\coil-2.5.0-runtime.jar as it is up-to-date.
Skipping IdentityTransform: C:\Users\Tushal\.gradle\caches\transforms-3\c1da0da009bac0194d3827d6dc130b0a\transformed\coil-base-2.5.0-runtime.jar as it is up-to-date.
Caching disabled for DexingNoClasspathTransform: C:\Users\Tushal\.gradle\caches\transforms-3\6ff8b23b1fc6a484675dbaaec95a31f7\transformed\constraintlayout-2.1.4-runtime.jar because:
  Build cache is disabled
Skipping IdentityTransform: C:\Users\Tushal\.gradle\caches\transforms-3\10ecac82563a6ddf33b211681228a910\transformed\appcompat-resources-1.6.1-runtime.jar as it is up-to-date.
Skipping DexingNoClasspathTransform: C:\Users\Tushal\.gradle\caches\transforms-3\6ff8b23b1fc6a484675dbaaec95a31f7\transformed\constraintlayout-2.1.4-runtime.jar as it is up-to-date.
Caching disabled for DexingNoClasspathTransform: C:\Users\Tushal\.gradle\caches\transforms-3\17fbd3856bf609a650d0d5ad1eb5504b\transformed\coil-video-2.5.0-runtime.jar because:
  Build cache is disabled
Transforming appcompat-1.6.1.aar (androidx.appcompat:appcompat:1.6.1) with AarToClassTransform
Caching disabled for DexingNoClasspathTransform: C:\Users\Tushal\.gradle\caches\transforms-3\e992729d49eb181f1ecc788f3d22399b\transformed\viewbinding-8.2.0-runtime.jar because:
  Build cache is disabled
Skipping DexingNoClasspathTransform: C:\Users\Tushal\.gradle\caches\transforms-3\e992729d49eb181f1ecc788f3d22399b\transformed\viewbinding-8.2.0-runtime.jar as it is up-to-date.
Skipping DexingNoClasspathTransform: C:\Users\Tushal\.gradle\caches\transforms-3\17fbd3856bf609a650d0d5ad1eb5504b\transformed\coil-video-2.5.0-runtime.jar as it is up-to-date.
Transforming appcompat-resources-1.6.1.aar (androidx.appcompat:appcompat-resources:1.6.1) with DexingNoClasspathTransform
Transforming appcompat-1.6.1.aar (androidx.appcompat:appcompat:1.6.1) with IdentityTransform
Transforming coil-2.5.0.aar (io.coil-kt:coil:2.5.0) with DexingOutputSplitTransform
Caching disabled for DexingNoClasspathTransform: C:\Users\Tushal\.gradle\caches\transforms-3\4f339ed354922985173ffed7f8f5d212\transformed\biometric-1.1.0-runtime.jar because:
  Build cache is disabled
Caching disabled for DexingNoClasspathTransform: C:\Users\Tushal\.gradle\caches\transforms-3\10ecac82563a6ddf33b211681228a910\transformed\appcompat-resources-1.6.1-runtime.jar because:
  Build cache is disabled
Skipping DexingNoClasspathTransform: C:\Users\Tushal\.gradle\caches\transforms-3\4f339ed354922985173ffed7f8f5d212\transformed\biometric-1.1.0-runtime.jar as it is up-to-date.
Skipping DexingNoClasspathTransform: C:\Users\Tushal\.gradle\caches\transforms-3\10ecac82563a6ddf33b211681228a910\transformed\appcompat-resources-1.6.1-runtime.jar as it is up-to-date.
Caching disabled for IdentityTransform: C:\Users\Tushal\.gradle\caches\transforms-3\ef861b9b0050e4f810bf756e7ac927e0\transformed\appcompat-1.6.1-runtime.jar because:
  Build cache is disabled
Skipping DexingNoClasspathTransform: C:\Users\Tushal\.gradle\caches\transforms-3\df9232eb940a2d8bf4ac70bef15fabc9\transformed\material-1.11.0-runtime.jar as it is up-to-date.
Skipping IdentityTransform: C:\Users\Tushal\.gradle\caches\transforms-3\ef861b9b0050e4f810bf756e7ac927e0\transformed\appcompat-1.6.1-runtime.jar as it is up-to-date.
Transforming coil-video-2.5.0.aar (io.coil-kt:coil-video:2.5.0) with DexingOutputSplitTransform
Transforming viewbinding-8.2.0.aar (androidx.databinding:viewbinding:8.2.0) with DexingOutputSplitTransform
Caching disabled for DexingOutputSplitTransform: C:\Users\Tushal\.gradle\caches\transforms-3\ea71ce289179fcc5f6deb0c43fe34362\transformed\coil-2.5.0-runtime because:
  Build cache is disabled
Caching disabled for DexingOutputSplitTransform: C:\Users\Tushal\.gradle\caches\transforms-3\fccf681801e0964308227f17edde2942\transformed\coil-video-2.5.0-runtime because:
  Build cache is disabled
Skipping DexingOutputSplitTransform: C:\Users\Tushal\.gradle\caches\transforms-3\fccf681801e0964308227f17edde2942\transformed\coil-video-2.5.0-runtime as it is up-to-date.
Caching disabled for DexingOutputSplitTransform: C:\Users\Tushal\.gradle\caches\transforms-3\cba3188bfedd939d0a39dcd1966fc8d3\transformed\viewbinding-8.2.0-runtime because:
  Build cache is disabled
Skipping DexingOutputSplitTransform: C:\Users\Tushal\.gradle\caches\transforms-3\cba3188bfedd939d0a39dcd1966fc8d3\transformed\viewbinding-8.2.0-runtime as it is up-to-date.
Transforming glide-4.16.0.aar (com.github.bumptech.glide:glide:4.16.0) with AarToClassTransform
Transforming constraintlayout-2.1.4.aar (androidx.constraintlayout:constraintlayout:2.1.4) with DexingOutputSplitTransform
Transforming coil-base-2.5.0.aar (io.coil-kt:coil-base:2.5.0) with DexingNoClasspathTransform
Transforming glide-4.16.0.aar (com.github.bumptech.glide:glide:4.16.0) with IdentityTransform
Caching disabled for DexingOutputSplitTransform: C:\Users\Tushal\.gradle\caches\transforms-3\fc0f953d5f0a805779db9017e2b80e64\transformed\constraintlayout-2.1.4-runtime because:
  Build cache is disabled
Caching disabled for DexingNoClasspathTransform: C:\Users\Tushal\.gradle\caches\transforms-3\c1da0da009bac0194d3827d6dc130b0a\transformed\coil-base-2.5.0-runtime.jar because:
  Build cache is disabled
Skipping DexingOutputSplitTransform: C:\Users\Tushal\.gradle\caches\transforms-3\fc0f953d5f0a805779db9017e2b80e64\transformed\constraintlayout-2.1.4-runtime as it is up-to-date.
Skipping DexingNoClasspathTransform: C:\Users\Tushal\.gradle\caches\transforms-3\c1da0da009bac0194d3827d6dc130b0a\transformed\coil-base-2.5.0-runtime.jar as it is up-to-date.
Caching disabled for IdentityTransform: C:\Users\Tushal\.gradle\caches\transforms-3\08715816fde834462a82d448285b6f94\transformed\glide-4.16.0-runtime.jar because:
  Build cache is disabled
Transforming appcompat-resources-1.6.1.aar (androidx.appcompat:appcompat-resources:1.6.1) with DexingOutputSplitTransform
Transforming material-1.11.0.aar (com.google.android.material:material:1.11.0) with DexingOutputSplitTransform
Transforming biometric-1.1.0.aar (androidx.biometric:biometric:1.1.0) with DexingOutputSplitTransform
Transforming appcompat-1.6.1.aar (androidx.appcompat:appcompat:1.6.1) with DexingNoClasspathTransform
Skipping DexingOutputSplitTransform: C:\Users\Tushal\.gradle\caches\transforms-3\ea71ce289179fcc5f6deb0c43fe34362\transformed\coil-2.5.0-runtime as it is up-to-date.
Caching disabled for DexingOutputSplitTransform: C:\Users\Tushal\.gradle\caches\transforms-3\283c26f431211d2f2307cc7c3c9f142f\transformed\biometric-1.1.0-runtime because:
  Build cache is disabled
Caching disabled for DexingNoClasspathTransform: C:\Users\Tushal\.gradle\caches\transforms-3\ef861b9b0050e4f810bf756e7ac927e0\transformed\appcompat-1.6.1-runtime.jar because:
  Build cache is disabled
Caching disabled for DexingOutputSplitTransform: C:\Users\Tushal\.gradle\caches\transforms-3\10e81143fe4e8e6758d4fd74028485cd\transformed\material-1.11.0-runtime because:
  Build cache is disabled
Skipping DexingNoClasspathTransform: C:\Users\Tushal\.gradle\caches\transforms-3\ef861b9b0050e4f810bf756e7ac927e0\transformed\appcompat-1.6.1-runtime.jar as it is up-to-date.
Skipping DexingOutputSplitTransform: C:\Users\Tushal\.gradle\caches\transforms-3\10e81143fe4e8e6758d4fd74028485cd\transformed\material-1.11.0-runtime as it is up-to-date.
Caching disabled for DexingOutputSplitTransform: C:\Users\Tushal\.gradle\caches\transforms-3\f472dc06bd49679d125133450ab6a72f\transformed\appcompat-resources-1.6.1-runtime because:
  Build cache is disabled
Skipping IdentityTransform: C:\Users\Tushal\.gradle\caches\transforms-3\08715816fde834462a82d448285b6f94\transformed\glide-4.16.0-runtime.jar as it is up-to-date.
Skipping DexingOutputSplitTransform: C:\Users\Tushal\.gradle\caches\transforms-3\f472dc06bd49679d125133450ab6a72f\transformed\appcompat-resources-1.6.1-runtime as it is up-to-date.
Transforming media3-exoplayer-1.2.0.aar (androidx.media3:media3-exoplayer:1.2.0) with AarToClassTransform
Transforming coil-base-2.5.0.aar (io.coil-kt:coil-base:2.5.0) with DexingOutputSplitTransform
Transforming media3-exoplayer-1.2.0.aar (androidx.media3:media3-exoplayer:1.2.0) with IdentityTransform
Skipping DexingOutputSplitTransform: C:\Users\Tushal\.gradle\caches\transforms-3\283c26f431211d2f2307cc7c3c9f142f\transformed\biometric-1.1.0-runtime as it is up-to-date.
Caching disabled for DexingOutputSplitTransform: C:\Users\Tushal\.gradle\caches\transforms-3\6e516eed45210ccc52a5c5306d1337f7\transformed\coil-base-2.5.0-runtime because:
  Build cache is disabled
Caching disabled for IdentityTransform: C:\Users\Tushal\.gradle\caches\transforms-3\bfae9a71c0bc7d60855a986c8a6c8f14\transformed\media3-exoplayer-1.2.0-runtime.jar because:
  Build cache is disabled
Transforming media3-extractor-1.2.0.aar (androidx.media3:media3-extractor:1.2.0) with AarToClassTransform
Skipping IdentityTransform: C:\Users\Tushal\.gradle\caches\transforms-3\bfae9a71c0bc7d60855a986c8a6c8f14\transformed\media3-exoplayer-1.2.0-runtime.jar as it is up-to-date.
Skipping DexingOutputSplitTransform: C:\Users\Tushal\.gradle\caches\transforms-3\6e516eed45210ccc52a5c5306d1337f7\transformed\coil-base-2.5.0-runtime as it is up-to-date.
Transforming glide-4.16.0.aar (com.github.bumptech.glide:glide:4.16.0) with DexingNoClasspathTransform
Transforming media3-extractor-1.2.0.aar (androidx.media3:media3-extractor:1.2.0) with IdentityTransform
Transforming media3-container-1.2.0.aar (androidx.media3:media3-container:1.2.0) with AarToClassTransform
Transforming media3-container-1.2.0.aar (androidx.media3:media3-container:1.2.0) with IdentityTransform
Transforming media3-datasource-1.2.0.aar (androidx.media3:media3-datasource:1.2.0) with AarToClassTransform
Transforming media3-datasource-1.2.0.aar (androidx.media3:media3-datasource:1.2.0) with IdentityTransform
Caching disabled for DexingNoClasspathTransform: C:\Users\Tushal\.gradle\caches\transforms-3\08715816fde834462a82d448285b6f94\transformed\glide-4.16.0-runtime.jar because:
  Build cache is disabled
Transforming media3-decoder-1.2.0.aar (androidx.media3:media3-decoder:1.2.0) with AarToClassTransform
Caching disabled for IdentityTransform: C:\Users\Tushal\.gradle\caches\transforms-3\82e8bfc02f60bb01e6b9e3fbd872a064\transformed\media3-extractor-1.2.0-runtime.jar because:
  Build cache is disabled
Skipping IdentityTransform: C:\Users\Tushal\.gradle\caches\transforms-3\82e8bfc02f60bb01e6b9e3fbd872a064\transformed\media3-extractor-1.2.0-runtime.jar as it is up-to-date.
Transforming appcompat-1.6.1.aar (androidx.appcompat:appcompat:1.6.1) with DexingOutputSplitTransform
Transforming media3-extractor-1.2.0.aar (androidx.media3:media3-extractor:1.2.0) with DexingNoClasspathTransform
Transforming media3-exoplayer-1.2.0.aar (androidx.media3:media3-exoplayer:1.2.0) with DexingNoClasspathTransform
Caching disabled for DexingNoClasspathTransform: C:\Users\Tushal\.gradle\caches\transforms-3\82e8bfc02f60bb01e6b9e3fbd872a064\transformed\media3-extractor-1.2.0-runtime.jar because:
  Build cache is disabled
Caching disabled for DexingNoClasspathTransform: C:\Users\Tushal\.gradle\caches\transforms-3\bfae9a71c0bc7d60855a986c8a6c8f14\transformed\media3-exoplayer-1.2.0-runtime.jar because:
  Build cache is disabled
Caching disabled for IdentityTransform: C:\Users\Tushal\.gradle\caches\transforms-3\ac5fb06e46516be6df73e3b9f9fe0c18\transformed\media3-datasource-1.2.0-runtime.jar because:
  Build cache is disabled
Transforming media3-decoder-1.2.0.aar (androidx.media3:media3-decoder:1.2.0) with IdentityTransform
Skipping DexingNoClasspathTransform: C:\Users\Tushal\.gradle\caches\transforms-3\08715816fde834462a82d448285b6f94\transformed\glide-4.16.0-runtime.jar as it is up-to-date.
Transforming media3-database-1.2.0.aar (androidx.media3:media3-database:1.2.0) with AarToClassTransform
Transforming media3-database-1.2.0.aar (androidx.media3:media3-database:1.2.0) with IdentityTransform
Transforming media3-common-1.2.0.aar (androidx.media3:media3-common:1.2.0) with AarToClassTransform
Transforming media3-common-1.2.0.aar (androidx.media3:media3-common:1.2.0) with IdentityTransform
Transforming media3-ui-1.2.0.aar (androidx.media3:media3-ui:1.2.0) with AarToClassTransform
Transforming media3-ui-1.2.0.aar (androidx.media3:media3-ui:1.2.0) with IdentityTransform
Caching disabled for IdentityTransform: C:\Users\Tushal\.gradle\caches\transforms-3\a98fd1c1131928dd8fa62ef91c4f74cd\transformed\media3-container-1.2.0-runtime.jar because:
  Build cache is disabled
Caching disabled for IdentityTransform: C:\Users\Tushal\.gradle\caches\transforms-3\dcdedcdb21c6115d195401489e93c008\transformed\media3-decoder-1.2.0-runtime.jar because:
  Build cache is disabled
Skipping IdentityTransform: C:\Users\Tushal\.gradle\caches\transforms-3\a98fd1c1131928dd8fa62ef91c4f74cd\transformed\media3-container-1.2.0-runtime.jar as it is up-to-date.
Skipping IdentityTransform: C:\Users\Tushal\.gradle\caches\transforms-3\dcdedcdb21c6115d195401489e93c008\transformed\media3-decoder-1.2.0-runtime.jar as it is up-to-date.
Transforming recyclerview-1.3.2.aar (androidx.recyclerview:recyclerview:1.3.2) with AarToClassTransform
Skipping IdentityTransform: C:\Users\Tushal\.gradle\caches\transforms-3\ac5fb06e46516be6df73e3b9f9fe0c18\transformed\media3-datasource-1.2.0-runtime.jar as it is up-to-date.
Transforming recyclerview-1.3.2.aar (androidx.recyclerview:recyclerview:1.3.2) with IdentityTransform
Skipping DexingNoClasspathTransform: C:\Users\Tushal\.gradle\caches\transforms-3\bfae9a71c0bc7d60855a986c8a6c8f14\transformed\media3-exoplayer-1.2.0-runtime.jar as it is up-to-date.
Transforming viewpager2-1.1.0-beta02.aar (androidx.viewpager2:viewpager2:1.1.0-beta02) with AarToClassTransform
Transforming viewpager2-1.1.0-beta02.aar (androidx.viewpager2:viewpager2:1.1.0-beta02) with IdentityTransform
Transforming fragment-1.3.6.aar (androidx.fragment:fragment:1.3.6) with AarToClassTransform
Transforming fragment-1.3.6.aar (androidx.fragment:fragment:1.3.6) with IdentityTransform
Skipping DexingNoClasspathTransform: C:\Users\Tushal\.gradle\caches\transforms-3\82e8bfc02f60bb01e6b9e3fbd872a064\transformed\media3-extractor-1.2.0-runtime.jar as it is up-to-date.
Caching disabled for DexingOutputSplitTransform: C:\Users\Tushal\.gradle\caches\transforms-3\c345440daf7b88ddc9d56bd5058a4c58\transformed\appcompat-1.6.1-runtime because:
  Build cache is disabled
Skipping DexingOutputSplitTransform: C:\Users\Tushal\.gradle\caches\transforms-3\c345440daf7b88ddc9d56bd5058a4c58\transformed\appcompat-1.6.1-runtime as it is up-to-date.
Transforming media3-decoder-1.2.0.aar (androidx.media3:media3-decoder:1.2.0) with DexingNoClasspathTransform
Transforming media3-datasource-1.2.0.aar (androidx.media3:media3-datasource:1.2.0) with DexingNoClasspathTransform
Transforming glide-4.16.0.aar (com.github.bumptech.glide:glide:4.16.0) with DexingOutputSplitTransform
Transforming media3-extractor-1.2.0.aar (androidx.media3:media3-extractor:1.2.0) with DexingOutputSplitTransform
Transforming media3-container-1.2.0.aar (androidx.media3:media3-container:1.2.0) with DexingNoClasspathTransform
Caching disabled for IdentityTransform: C:\Users\Tushal\.gradle\caches\transforms-3\3d6fb516dd895b0c93b26907c05828af\transformed\recyclerview-1.3.2-runtime.jar because:
  Build cache is disabled
Transforming activity-1.8.2.aar (androidx.activity:activity:1.8.2) with AarToClassTransform
Skipping IdentityTransform: C:\Users\Tushal\.gradle\caches\transforms-3\3d6fb516dd895b0c93b26907c05828af\transformed\recyclerview-1.3.2-runtime.jar as it is up-to-date.
Transforming activity-1.8.2.aar (androidx.activity:activity:1.8.2) with IdentityTransform
Caching disabled for IdentityTransform: C:\Users\Tushal\.gradle\caches\transforms-3\cf5485d2afb53ff747aed3cf5e26c881\transformed\media3-ui-1.2.0-runtime.jar because:
  Build cache is disabled
Caching disabled for IdentityTransform: C:\Users\Tushal\.gradle\caches\transforms-3\6a6b9c1397ee80704d38544e4b8b21f3\transformed\media3-common-1.2.0-runtime.jar because:
  Build cache is disabled
Skipping IdentityTransform: C:\Users\Tushal\.gradle\caches\transforms-3\cf5485d2afb53ff747aed3cf5e26c881\transformed\media3-ui-1.2.0-runtime.jar as it is up-to-date.
Caching disabled for DexingOutputSplitTransform: C:\Users\Tushal\.gradle\caches\transforms-3\3cb1267684585709c60fc7bea414de8a\transformed\glide-4.16.0-runtime because:
  Build cache is disabled
Caching disabled for IdentityTransform: C:\Users\Tushal\.gradle\caches\transforms-3\467652c5b78d67900338ac5ab4cf3689\transformed\fragment-1.3.6-runtime.jar because:
  Build cache is disabled
Caching disabled for IdentityTransform: C:\Users\Tushal\.gradle\caches\transforms-3\e031b9d727739c6d8d7a1ad28d80bd2b\transformed\media3-database-1.2.0-runtime.jar because:
  Build cache is disabled
Skipping IdentityTransform: C:\Users\Tushal\.gradle\caches\transforms-3\467652c5b78d67900338ac5ab4cf3689\transformed\fragment-1.3.6-runtime.jar as it is up-to-date.
Caching disabled for DexingOutputSplitTransform: C:\Users\Tushal\.gradle\caches\transforms-3\250fe14ad09180a10e68085eed4a0d37\transformed\media3-extractor-1.2.0-runtime because:
  Build cache is disabled
Caching disabled for DexingNoClasspathTransform: C:\Users\Tushal\.gradle\caches\transforms-3\a98fd1c1131928dd8fa62ef91c4f74cd\transformed\media3-container-1.2.0-runtime.jar because:
  Build cache is disabled
Skipping DexingOutputSplitTransform: C:\Users\Tushal\.gradle\caches\transforms-3\3cb1267684585709c60fc7bea414de8a\transformed\glide-4.16.0-runtime as it is up-to-date.
Skipping IdentityTransform: C:\Users\Tushal\.gradle\caches\transforms-3\6a6b9c1397ee80704d38544e4b8b21f3\transformed\media3-common-1.2.0-runtime.jar as it is up-to-date.
Caching disabled for DexingNoClasspathTransform: C:\Users\Tushal\.gradle\caches\transforms-3\ac5fb06e46516be6df73e3b9f9fe0c18\transformed\media3-datasource-1.2.0-runtime.jar because:
  Build cache is disabled
Transforming activity-ktx-1.8.2.aar (androidx.activity:activity-ktx:1.8.2) with AarToClassTransform
Skipping DexingNoClasspathTransform: C:\Users\Tushal\.gradle\caches\transforms-3\ac5fb06e46516be6df73e3b9f9fe0c18\transformed\media3-datasource-1.2.0-runtime.jar as it is up-to-date.
Transforming recyclerview-1.3.2.aar (androidx.recyclerview:recyclerview:1.3.2) with DexingNoClasspathTransform
Caching disabled for IdentityTransform: C:\Users\Tushal\.gradle\caches\transforms-3\3092b31b676b98a088284b0cf77c756c\transformed\viewpager2-1.1.0-beta02-runtime.jar because:
  Build cache is disabled
Transforming media3-exoplayer-1.2.0.aar (androidx.media3:media3-exoplayer:1.2.0) with DexingOutputSplitTransform
Skipping IdentityTransform: C:\Users\Tushal\.gradle\caches\transforms-3\3092b31b676b98a088284b0cf77c756c\transformed\viewpager2-1.1.0-beta02-runtime.jar as it is up-to-date.
Transforming activity-ktx-1.8.2.aar (androidx.activity:activity-ktx:1.8.2) with IdentityTransform
Transforming media3-common-1.2.0.aar (androidx.media3:media3-common:1.2.0) with DexingNoClasspathTransform
Transforming media3-datasource-1.2.0.aar (androidx.media3:media3-datasource:1.2.0) with DexingOutputSplitTransform
Transforming swiperefreshlayout-1.1.0.aar (androidx.swiperefreshlayout:swiperefreshlayout:1.1.0) with AarToClassTransform
Transforming swiperefreshlayout-1.1.0.aar (androidx.swiperefreshlayout:swiperefreshlayout:1.1.0) with IdentityTransform
Transforming camera-lifecycle-1.3.1.aar (androidx.camera:camera-lifecycle:1.3.1) with AarToClassTransform
Transforming camera-lifecycle-1.3.1.aar (androidx.camera:camera-lifecycle:1.3.1) with IdentityTransform
Transforming camera-camera2-1.3.1.aar (androidx.camera:camera-camera2:1.3.1) with AarToClassTransform
Transforming camera-camera2-1.3.1.aar (androidx.camera:camera-camera2:1.3.1) with IdentityTransform
Transforming camera-core-1.3.1.aar (androidx.camera:camera-core:1.3.1) with AarToClassTransform
Transforming camera-core-1.3.1.aar (androidx.camera:camera-core:1.3.1) with IdentityTransform
Caching disabled for DexingNoClasspathTransform: C:\Users\Tushal\.gradle\caches\transforms-3\3d6fb516dd895b0c93b26907c05828af\transformed\recyclerview-1.3.2-runtime.jar because:
  Build cache is disabled
Skipping DexingNoClasspathTransform: C:\Users\Tushal\.gradle\caches\transforms-3\3d6fb516dd895b0c93b26907c05828af\transformed\recyclerview-1.3.2-runtime.jar as it is up-to-date.
Transforming media3-ui-1.2.0.aar (androidx.media3:media3-ui:1.2.0) with DexingNoClasspathTransform
Transforming recyclerview-1.3.2.aar (androidx.recyclerview:recyclerview:1.3.2) with DexingOutputSplitTransform
Caching disabled for DexingNoClasspathTransform: C:\Users\Tushal\.gradle\caches\transforms-3\cf5485d2afb53ff747aed3cf5e26c881\transformed\media3-ui-1.2.0-runtime.jar because:
  Build cache is disabled
Skipping DexingNoClasspathTransform: C:\Users\Tushal\.gradle\caches\transforms-3\a98fd1c1131928dd8fa62ef91c4f74cd\transformed\media3-container-1.2.0-runtime.jar as it is up-to-date.
Caching disabled for IdentityTransform: C:\Users\Tushal\.gradle\caches\transforms-3\095d840ba4e5308444eb6d957f7b1eac\transformed\activity-1.8.2-runtime.jar because:
  Build cache is disabled
Skipping IdentityTransform: C:\Users\Tushal\.gradle\caches\transforms-3\095d840ba4e5308444eb6d957f7b1eac\transformed\activity-1.8.2-runtime.jar as it is up-to-date.
Skipping DexingNoClasspathTransform: C:\Users\Tushal\.gradle\caches\transforms-3\cf5485d2afb53ff747aed3cf5e26c881\transformed\media3-ui-1.2.0-runtime.jar as it is up-to-date.
Skipping DexingOutputSplitTransform: C:\Users\Tushal\.gradle\caches\transforms-3\250fe14ad09180a10e68085eed4a0d37\transformed\media3-extractor-1.2.0-runtime as it is up-to-date.
Skipping IdentityTransform: C:\Users\Tushal\.gradle\caches\transforms-3\e031b9d727739c6d8d7a1ad28d80bd2b\transformed\media3-database-1.2.0-runtime.jar as it is up-to-date.
Transforming media3-container-1.2.0.aar (androidx.media3:media3-container:1.2.0) with DexingOutputSplitTransform
Caching disabled for IdentityTransform: C:\Users\Tushal\.gradle\caches\transforms-3\1214f0de247937429f4af38661796ca3\transformed\camera-core-1.3.1-runtime.jar because:
  Build cache is disabled
Skipping IdentityTransform: C:\Users\Tushal\.gradle\caches\transforms-3\1214f0de247937429f4af38661796ca3\transformed\camera-core-1.3.1-runtime.jar as it is up-to-date.
Caching disabled for IdentityTransform: C:\Users\Tushal\.gradle\caches\transforms-3\ec3d88240c253053cf3ca215fcbab7f8\transformed\camera-lifecycle-1.3.1-runtime.jar because:
  Build cache is disabled
Caching disabled for IdentityTransform: C:\Users\Tushal\.gradle\caches\transforms-3\d2680fa5f406ed7f6d8890f6a8ea0b1d\transformed\camera-camera2-1.3.1-runtime.jar because:
  Build cache is disabled
Caching disabled for DexingOutputSplitTransform: C:\Users\Tushal\.gradle\caches\transforms-3\b07bfc5c43961f72e541f68a25455338\transformed\media3-exoplayer-1.2.0-runtime because:
  Build cache is disabled
Caching disabled for DexingOutputSplitTransform: C:\Users\Tushal\.gradle\caches\transforms-3\254f495a949548bb2201961ec8dd4a4b\transformed\recyclerview-1.3.2-runtime because:
  Build cache is disabled
Skipping DexingOutputSplitTransform: C:\Users\Tushal\.gradle\caches\transforms-3\254f495a949548bb2201961ec8dd4a4b\transformed\recyclerview-1.3.2-runtime as it is up-to-date.
Transforming emoji2-views-helper-1.2.0.aar (androidx.emoji2:emoji2-views-helper:1.2.0) with AarToClassTransform
Transforming viewpager2-1.1.0-beta02.aar (androidx.viewpager2:viewpager2:1.1.0-beta02) with DexingNoClasspathTransform
Transforming emoji2-views-helper-1.2.0.aar (androidx.emoji2:emoji2-views-helper:1.2.0) with IdentityTransform
Transforming emoji2-1.2.0.aar (androidx.emoji2:emoji2:1.2.0) with AarToClassTransform
Caching disabled for DexingNoClasspathTransform: C:\Users\Tushal\.gradle\caches\transforms-3\3092b31b676b98a088284b0cf77c756c\transformed\viewpager2-1.1.0-beta02-runtime.jar because:
  Build cache is disabled
Transforming media3-ui-1.2.0.aar (androidx.media3:media3-ui:1.2.0) with DexingOutputSplitTransform
Transforming emoji2-1.2.0.aar (androidx.emoji2:emoji2:1.2.0) with IdentityTransform
Caching disabled for DexingOutputSplitTransform: C:\Users\Tushal\.gradle\caches\transforms-3\748ab3282d3b676296df7a523e712894\transformed\media3-datasource-1.2.0-runtime because:
  Build cache is disabled
Caching disabled for DexingOutputSplitTransform: C:\Users\Tushal\.gradle\caches\transforms-3\a48cf6e6b7a721baf1255e46455874d0\transformed\media3-ui-1.2.0-runtime because:
  Build cache is disabled
Caching disabled for DexingNoClasspathTransform: C:\Users\Tushal\.gradle\caches\transforms-3\6a6b9c1397ee80704d38544e4b8b21f3\transformed\media3-common-1.2.0-runtime.jar because:
  Build cache is disabled
Caching disabled for IdentityTransform: C:\Users\Tushal\.gradle\caches\transforms-3\94e87c4316d17014729e39288ca2638e\transformed\activity-ktx-1.8.2-runtime.jar because:
  Build cache is disabled
Skipping DexingNoClasspathTransform: C:\Users\Tushal\.gradle\caches\transforms-3\6a6b9c1397ee80704d38544e4b8b21f3\transformed\media3-common-1.2.0-runtime.jar as it is up-to-date.
Caching disabled for DexingNoClasspathTransform: C:\Users\Tushal\.gradle\caches\transforms-3\dcdedcdb21c6115d195401489e93c008\transformed\media3-decoder-1.2.0-runtime.jar because:
  Build cache is disabled
Transforming fragment-1.3.6.aar (androidx.fragment:fragment:1.3.6) with DexingNoClasspathTransform
Skipping IdentityTransform: C:\Users\Tushal\.gradle\caches\transforms-3\94e87c4316d17014729e39288ca2638e\transformed\activity-ktx-1.8.2-runtime.jar as it is up-to-date.
Caching disabled for IdentityTransform: C:\Users\Tushal\.gradle\caches\transforms-3\7e3c1e7e71f77f25769f411348202466\transformed\emoji2-1.2.0-runtime.jar because:
  Build cache is disabled
Caching disabled for DexingNoClasspathTransform: C:\Users\Tushal\.gradle\caches\transforms-3\467652c5b78d67900338ac5ab4cf3689\transformed\fragment-1.3.6-runtime.jar because:
  Build cache is disabled
Transforming activity-ktx-1.8.2.aar (androidx.activity:activity-ktx:1.8.2) with DexingNoClasspathTransform
Skipping DexingOutputSplitTransform: C:\Users\Tushal\.gradle\caches\transforms-3\a48cf6e6b7a721baf1255e46455874d0\transformed\media3-ui-1.2.0-runtime as it is up-to-date.
Skipping DexingOutputSplitTransform: C:\Users\Tushal\.gradle\caches\transforms-3\748ab3282d3b676296df7a523e712894\transformed\media3-datasource-1.2.0-runtime as it is up-to-date.
Transforming drawerlayout-1.1.1.aar (androidx.drawerlayout:drawerlayout:1.1.1) with AarToClassTransform
Transforming drawerlayout-1.1.1.aar (androidx.drawerlayout:drawerlayout:1.1.1) with IdentityTransform
Transforming coordinatorlayout-1.1.0.aar (androidx.coordinatorlayout:coordinatorlayout:1.1.0) with AarToClassTransform
Caching disabled for IdentityTransform: C:\Users\Tushal\.gradle\caches\transforms-3\6ef0c03c4c9fd99fee6ec4f5952aea33\transformed\emoji2-views-helper-1.2.0-runtime.jar because:
  Build cache is disabled
Skipping IdentityTransform: C:\Users\Tushal\.gradle\caches\transforms-3\6ef0c03c4c9fd99fee6ec4f5952aea33\transformed\emoji2-views-helper-1.2.0-runtime.jar as it is up-to-date.
Skipping DexingNoClasspathTransform: C:\Users\Tushal\.gradle\caches\transforms-3\3092b31b676b98a088284b0cf77c756c\transformed\viewpager2-1.1.0-beta02-runtime.jar as it is up-to-date.
Transforming camera-core-1.3.1.aar (androidx.camera:camera-core:1.3.1) with DexingNoClasspathTransform
Skipping DexingOutputSplitTransform: C:\Users\Tushal\.gradle\caches\transforms-3\b07bfc5c43961f72e541f68a25455338\transformed\media3-exoplayer-1.2.0-runtime as it is up-to-date.
Skipping IdentityTransform: C:\Users\Tushal\.gradle\caches\transforms-3\d2680fa5f406ed7f6d8890f6a8ea0b1d\transformed\camera-camera2-1.3.1-runtime.jar as it is up-to-date.
Caching disabled for DexingOutputSplitTransform: C:\Users\Tushal\.gradle\caches\transforms-3\785563bfc9d9b4fb533ab7ccf534876d\transformed\media3-container-1.2.0-runtime because:
  Build cache is disabled
Transforming media3-database-1.2.0.aar (androidx.media3:media3-database:1.2.0) with DexingNoClasspathTransform
Transforming viewpager2-1.1.0-beta02.aar (androidx.viewpager2:viewpager2:1.1.0-beta02) with DexingOutputSplitTransform
Skipping IdentityTransform: C:\Users\Tushal\.gradle\caches\transforms-3\ec3d88240c253053cf3ca215fcbab7f8\transformed\camera-lifecycle-1.3.1-runtime.jar as it is up-to-date.
Transforming emoji2-views-helper-1.2.0.aar (androidx.emoji2:emoji2-views-helper:1.2.0) with DexingNoClasspathTransform
Caching disabled for IdentityTransform: C:\Users\Tushal\.gradle\caches\transforms-3\9497ac2476f80e1fcedf1b4ce17cfbd0\transformed\swiperefreshlayout-1.1.0-runtime.jar because:
  Build cache is disabled
Transforming activity-1.8.2.aar (androidx.activity:activity:1.8.2) with DexingNoClasspathTransform
Transforming camera-lifecycle-1.3.1.aar (androidx.camera:camera-lifecycle:1.3.1) with DexingNoClasspathTransform
Caching disabled for DexingNoClasspathTransform: C:\Users\Tushal\.gradle\caches\transforms-3\6ef0c03c4c9fd99fee6ec4f5952aea33\transformed\emoji2-views-helper-1.2.0-runtime.jar because:
  Build cache is disabled
Skipping IdentityTransform: C:\Users\Tushal\.gradle\caches\transforms-3\9497ac2476f80e1fcedf1b4ce17cfbd0\transformed\swiperefreshlayout-1.1.0-runtime.jar as it is up-to-date.
Caching disabled for DexingNoClasspathTransform: C:\Users\Tushal\.gradle\caches\transforms-3\095d840ba4e5308444eb6d957f7b1eac\transformed\activity-1.8.2-runtime.jar because:
  Build cache is disabled
Caching disabled for DexingOutputSplitTransform: C:\Users\Tushal\.gradle\caches\transforms-3\a6196f70bcee0414d115d6c17103a820\transformed\viewpager2-1.1.0-beta02-runtime because:
  Build cache is disabled
Transforming camera-camera2-1.3.1.aar (androidx.camera:camera-camera2:1.3.1) with DexingNoClasspathTransform
Skipping DexingOutputSplitTransform: C:\Users\Tushal\.gradle\caches\transforms-3\a6196f70bcee0414d115d6c17103a820\transformed\viewpager2-1.1.0-beta02-runtime as it is up-to-date.
Caching disabled for DexingNoClasspathTransform: C:\Users\Tushal\.gradle\caches\transforms-3\e031b9d727739c6d8d7a1ad28d80bd2b\transformed\media3-database-1.2.0-runtime.jar because:
  Build cache is disabled
Skipping DexingOutputSplitTransform: C:\Users\Tushal\.gradle\caches\transforms-3\785563bfc9d9b4fb533ab7ccf534876d\transformed\media3-container-1.2.0-runtime as it is up-to-date.
Skipping DexingNoClasspathTransform: C:\Users\Tushal\.gradle\caches\transforms-3\e031b9d727739c6d8d7a1ad28d80bd2b\transformed\media3-database-1.2.0-runtime.jar as it is up-to-date.
Caching disabled for DexingNoClasspathTransform: C:\Users\Tushal\.gradle\caches\transforms-3\1214f0de247937429f4af38661796ca3\transformed\camera-core-1.3.1-runtime.jar because:
  Build cache is disabled
Transforming swiperefreshlayout-1.1.0.aar (androidx.swiperefreshlayout:swiperefreshlayout:1.1.0) with DexingNoClasspathTransform
Skipping DexingNoClasspathTransform: C:\Users\Tushal\.gradle\caches\transforms-3\1214f0de247937429f4af38661796ca3\transformed\camera-core-1.3.1-runtime.jar as it is up-to-date.
Caching disabled for IdentityTransform: C:\Users\Tushal\.gradle\caches\transforms-3\b7c4de95747e730601998f5ae81e265a\transformed\drawerlayout-1.1.1-runtime.jar because:
  Build cache is disabled
Transforming coordinatorlayout-1.1.0.aar (androidx.coordinatorlayout:coordinatorlayout:1.1.0) with IdentityTransform
Caching disabled for DexingNoClasspathTransform: C:\Users\Tushal\.gradle\caches\transforms-3\94e87c4316d17014729e39288ca2638e\transformed\activity-ktx-1.8.2-runtime.jar because:
  Build cache is disabled
Skipping DexingNoClasspathTransform: C:\Users\Tushal\.gradle\caches\transforms-3\94e87c4316d17014729e39288ca2638e\transformed\activity-ktx-1.8.2-runtime.jar as it is up-to-date.
Skipping DexingNoClasspathTransform: C:\Users\Tushal\.gradle\caches\transforms-3\467652c5b78d67900338ac5ab4cf3689\transformed\fragment-1.3.6-runtime.jar as it is up-to-date.
Skipping IdentityTransform: C:\Users\Tushal\.gradle\caches\transforms-3\7e3c1e7e71f77f25769f411348202466\transformed\emoji2-1.2.0-runtime.jar as it is up-to-date.
Transforming media3-common-1.2.0.aar (androidx.media3:media3-common:1.2.0) with DexingOutputSplitTransform
Skipping DexingNoClasspathTransform: C:\Users\Tushal\.gradle\caches\transforms-3\dcdedcdb21c6115d195401489e93c008\transformed\media3-decoder-1.2.0-runtime.jar as it is up-to-date.
Transforming activity-ktx-1.8.2.aar (androidx.activity:activity-ktx:1.8.2) with DexingOutputSplitTransform
Transforming camera-core-1.3.1.aar (androidx.camera:camera-core:1.3.1) with DexingOutputSplitTransform
Caching disabled for IdentityTransform: C:\Users\Tushal\.gradle\caches\transforms-3\59317a51bdf06130eaccc29842ec5f3e\transformed\coordinatorlayout-1.1.0-runtime.jar because:
  Build cache is disabled
Transforming emoji2-1.2.0.aar (androidx.emoji2:emoji2:1.2.0) with DexingNoClasspathTransform
Transforming dynamicanimation-1.0.0.aar (androidx.dynamicanimation:dynamicanimation:1.0.0) with AarToClassTransform
Transforming media3-database-1.2.0.aar (androidx.media3:media3-database:1.2.0) with DexingOutputSplitTransform
Caching disabled for DexingNoClasspathTransform: C:\Users\Tushal\.gradle\caches\transforms-3\9497ac2476f80e1fcedf1b4ce17cfbd0\transformed\swiperefreshlayout-1.1.0-runtime.jar because:
  Build cache is disabled
Skipping IdentityTransform: C:\Users\Tushal\.gradle\caches\transforms-3\b7c4de95747e730601998f5ae81e265a\transformed\drawerlayout-1.1.1-runtime.jar as it is up-to-date.
Caching disabled for DexingOutputSplitTransform: C:\Users\Tushal\.gradle\caches\transforms-3\e73bf174e8fb56662469c603887d2a83\transformed\media3-database-1.2.0-runtime because:
  Build cache is disabled
Caching disabled for DexingNoClasspathTransform: C:\Users\Tushal\.gradle\caches\transforms-3\d2680fa5f406ed7f6d8890f6a8ea0b1d\transformed\camera-camera2-1.3.1-runtime.jar because:
  Build cache is disabled
Skipping DexingOutputSplitTransform: C:\Users\Tushal\.gradle\caches\transforms-3\e73bf174e8fb56662469c603887d2a83\transformed\media3-database-1.2.0-runtime as it is up-to-date.
Skipping DexingNoClasspathTransform: C:\Users\Tushal\.gradle\caches\transforms-3\095d840ba4e5308444eb6d957f7b1eac\transformed\activity-1.8.2-runtime.jar as it is up-to-date.
Skipping DexingNoClasspathTransform: C:\Users\Tushal\.gradle\caches\transforms-3\6ef0c03c4c9fd99fee6ec4f5952aea33\transformed\emoji2-views-helper-1.2.0-runtime.jar as it is up-to-date.
Caching disabled for DexingNoClasspathTransform: C:\Users\Tushal\.gradle\caches\transforms-3\ec3d88240c253053cf3ca215fcbab7f8\transformed\camera-lifecycle-1.3.1-runtime.jar because:
  Build cache is disabled
Skipping DexingNoClasspathTransform: C:\Users\Tushal\.gradle\caches\transforms-3\ec3d88240c253053cf3ca215fcbab7f8\transformed\camera-lifecycle-1.3.1-runtime.jar as it is up-to-date.
Skipping DexingNoClasspathTransform: C:\Users\Tushal\.gradle\caches\transforms-3\d2680fa5f406ed7f6d8890f6a8ea0b1d\transformed\camera-camera2-1.3.1-runtime.jar as it is up-to-date.
Transforming drawerlayout-1.1.1.aar (androidx.drawerlayout:drawerlayout:1.1.1) with DexingNoClasspathTransform
Skipping DexingNoClasspathTransform: C:\Users\Tushal\.gradle\caches\transforms-3\9497ac2476f80e1fcedf1b4ce17cfbd0\transformed\swiperefreshlayout-1.1.0-runtime.jar as it is up-to-date.
Transforming camera-lifecycle-1.3.1.aar (androidx.camera:camera-lifecycle:1.3.1) with DexingOutputSplitTransform
Caching disabled for DexingNoClasspathTransform: C:\Users\Tushal\.gradle\caches\transforms-3\7e3c1e7e71f77f25769f411348202466\transformed\emoji2-1.2.0-runtime.jar because:
  Build cache is disabled
Transforming dynamicanimation-1.0.0.aar (androidx.dynamicanimation:dynamicanimation:1.0.0) with IdentityTransform
Caching disabled for DexingOutputSplitTransform: C:\Users\Tushal\.gradle\caches\transforms-3\fd0aaaf4e94ee357ed1488002ca579fd\transformed\camera-core-1.3.1-runtime because:
  Build cache is disabled
Transforming transition-1.2.0.aar (androidx.transition:transition:1.2.0) with AarToClassTransform
Transforming media3-decoder-1.2.0.aar (androidx.media3:media3-decoder:1.2.0) with DexingOutputSplitTransform
Caching disabled for DexingOutputSplitTransform: C:\Users\Tushal\.gradle\caches\transforms-3\76c8c392dac4e02f9da49796cce031b2\transformed\activity-ktx-1.8.2-runtime because:
  Build cache is disabled
Skipping IdentityTransform: C:\Users\Tushal\.gradle\caches\transforms-3\59317a51bdf06130eaccc29842ec5f3e\transformed\coordinatorlayout-1.1.0-runtime.jar as it is up-to-date.
Skipping DexingOutputSplitTransform: C:\Users\Tushal\.gradle\caches\transforms-3\76c8c392dac4e02f9da49796cce031b2\transformed\activity-ktx-1.8.2-runtime as it is up-to-date.
Caching disabled for DexingOutputSplitTransform: C:\Users\Tushal\.gradle\caches\transforms-3\9561d06328585e4fbda0afba76ec438d\transformed\media3-common-1.2.0-runtime because:
  Build cache is disabled
Transforming fragment-1.3.6.aar (androidx.fragment:fragment:1.3.6) with DexingOutputSplitTransform
Skipping DexingOutputSplitTransform: C:\Users\Tushal\.gradle\caches\transforms-3\9561d06328585e4fbda0afba76ec438d\transformed\media3-common-1.2.0-runtime as it is up-to-date.
Caching disabled for IdentityTransform: C:\Users\Tushal\.gradle\caches\transforms-3\bafe277c0bea2d594a8c38725d4d7f79\transformed\dynamicanimation-1.0.0-runtime.jar because:
  Build cache is disabled
Caching disabled for DexingOutputSplitTransform: C:\Users\Tushal\.gradle\caches\transforms-3\a5e86ca711410b11e64468a716dd9152\transformed\media3-decoder-1.2.0-runtime because:
  Build cache is disabled
Transforming swiperefreshlayout-1.1.0.aar (androidx.swiperefreshlayout:swiperefreshlayout:1.1.0) with DexingOutputSplitTransform
Skipping DexingOutputSplitTransform: C:\Users\Tushal\.gradle\caches\transforms-3\a5e86ca711410b11e64468a716dd9152\transformed\media3-decoder-1.2.0-runtime as it is up-to-date.
Skipping DexingOutputSplitTransform: C:\Users\Tushal\.gradle\caches\transforms-3\fd0aaaf4e94ee357ed1488002ca579fd\transformed\camera-core-1.3.1-runtime as it is up-to-date.
Caching disabled for DexingOutputSplitTransform: C:\Users\Tushal\.gradle\caches\transforms-3\f244f43059555e53e72991bf7b060c2c\transformed\swiperefreshlayout-1.1.0-runtime because:
  Build cache is disabled
Skipping DexingOutputSplitTransform: C:\Users\Tushal\.gradle\caches\transforms-3\f244f43059555e53e72991bf7b060c2c\transformed\swiperefreshlayout-1.1.0-runtime as it is up-to-date.
Transforming transition-1.2.0.aar (androidx.transition:transition:1.2.0) with IdentityTransform
Skipping DexingNoClasspathTransform: C:\Users\Tushal\.gradle\caches\transforms-3\7e3c1e7e71f77f25769f411348202466\transformed\emoji2-1.2.0-runtime.jar as it is up-to-date.
Transforming vectordrawable-animated-1.1.0.aar (androidx.vectordrawable:vectordrawable-animated:1.1.0) with AarToClassTransform
Transforming camera-camera2-1.3.1.aar (androidx.camera:camera-camera2:1.3.1) with DexingOutputSplitTransform
Caching disabled for DexingOutputSplitTransform: C:\Users\Tushal\.gradle\caches\transforms-3\75af648d6f58bf2e1e50c8833fed7546\transformed\camera-lifecycle-1.3.1-runtime because:
  Build cache is disabled
Caching disabled for IdentityTransform: C:\Users\Tushal\.gradle\caches\transforms-3\8e8d66b9e28bee910b97575093341014\transformed\transition-1.2.0-runtime.jar because:
  Build cache is disabled
Skipping DexingOutputSplitTransform: C:\Users\Tushal\.gradle\caches\transforms-3\75af648d6f58bf2e1e50c8833fed7546\transformed\camera-lifecycle-1.3.1-runtime as it is up-to-date.
Caching disabled for DexingNoClasspathTransform: C:\Users\Tushal\.gradle\caches\transforms-3\b7c4de95747e730601998f5ae81e265a\transformed\drawerlayout-1.1.1-runtime.jar because:
  Build cache is disabled
Transforming emoji2-1.2.0.aar (androidx.emoji2:emoji2:1.2.0) with DexingOutputSplitTransform
Caching disabled for DexingOutputSplitTransform: C:\Users\Tushal\.gradle\caches\transforms-3\b25ed6fa1ca961bd1ebd00c68f5050ac\transformed\camera-camera2-1.3.1-runtime because:
  Build cache is disabled
Transforming emoji2-views-helper-1.2.0.aar (androidx.emoji2:emoji2-views-helper:1.2.0) with DexingOutputSplitTransform
Transforming activity-1.8.2.aar (androidx.activity:activity:1.8.2) with DexingOutputSplitTransform
Caching disabled for DexingOutputSplitTransform: C:\Users\Tushal\.gradle\caches\transforms-3\2fc94485e2ac84c83326b79a85282290\transformed\emoji2-1.2.0-runtime because:
  Build cache is disabled
Skipping DexingOutputSplitTransform: C:\Users\Tushal\.gradle\caches\transforms-3\b25ed6fa1ca961bd1ebd00c68f5050ac\transformed\camera-camera2-1.3.1-runtime as it is up-to-date.
Skipping DexingOutputSplitTransform: C:\Users\Tushal\.gradle\caches\transforms-3\2fc94485e2ac84c83326b79a85282290\transformed\emoji2-1.2.0-runtime as it is up-to-date.
Caching disabled for DexingOutputSplitTransform: C:\Users\Tushal\.gradle\caches\transforms-3\0d7b12be8a52523e2637c291ad6843fd\transformed\emoji2-views-helper-1.2.0-runtime because:
  Build cache is disabled
Skipping DexingNoClasspathTransform: C:\Users\Tushal\.gradle\caches\transforms-3\b7c4de95747e730601998f5ae81e265a\transformed\drawerlayout-1.1.1-runtime.jar as it is up-to-date.
Skipping IdentityTransform: C:\Users\Tushal\.gradle\caches\transforms-3\8e8d66b9e28bee910b97575093341014\transformed\transition-1.2.0-runtime.jar as it is up-to-date.
Transforming vectordrawable-animated-1.1.0.aar (androidx.vectordrawable:vectordrawable-animated:1.1.0) with IdentityTransform
Skipping IdentityTransform: C:\Users\Tushal\.gradle\caches\transforms-3\bafe277c0bea2d594a8c38725d4d7f79\transformed\dynamicanimation-1.0.0-runtime.jar as it is up-to-date.
Caching disabled for DexingOutputSplitTransform: C:\Users\Tushal\.gradle\caches\transforms-3\f4955c606d4f4530efb45cbf22ba4ed4\transformed\fragment-1.3.6-runtime because:
  Build cache is disabled
Transforming coordinatorlayout-1.1.0.aar (androidx.coordinatorlayout:coordinatorlayout:1.1.0) with DexingNoClasspathTransform
Skipping DexingOutputSplitTransform: C:\Users\Tushal\.gradle\caches\transforms-3\f4955c606d4f4530efb45cbf22ba4ed4\transformed\fragment-1.3.6-runtime as it is up-to-date.
Transforming vectordrawable-1.1.0.aar (androidx.vectordrawable:vectordrawable:1.1.0) with AarToClassTransform
Caching disabled for IdentityTransform: C:\Users\Tushal\.gradle\caches\transforms-3\ab68ec9e5f1da3f5951464cc23c6158e\transformed\vectordrawable-animated-1.1.0-runtime.jar because:
  Build cache is disabled
Caching disabled for DexingNoClasspathTransform: C:\Users\Tushal\.gradle\caches\transforms-3\59317a51bdf06130eaccc29842ec5f3e\transformed\coordinatorlayout-1.1.0-runtime.jar because:
  Build cache is disabled
Skipping DexingOutputSplitTransform: C:\Users\Tushal\.gradle\caches\transforms-3\0d7b12be8a52523e2637c291ad6843fd\transformed\emoji2-views-helper-1.2.0-runtime as it is up-to-date.
Skipping DexingNoClasspathTransform: C:\Users\Tushal\.gradle\caches\transforms-3\59317a51bdf06130eaccc29842ec5f3e\transformed\coordinatorlayout-1.1.0-runtime.jar as it is up-to-date.
Caching disabled for DexingOutputSplitTransform: C:\Users\Tushal\.gradle\caches\transforms-3\9eb74be81de0b5ee4ee6993b52be97b5\transformed\activity-1.8.2-runtime because:
  Build cache is disabled
Transforming drawerlayout-1.1.1.aar (androidx.drawerlayout:drawerlayout:1.1.1) with DexingOutputSplitTransform
Skipping DexingOutputSplitTransform: C:\Users\Tushal\.gradle\caches\transforms-3\9eb74be81de0b5ee4ee6993b52be97b5\transformed\activity-1.8.2-runtime as it is up-to-date.
Skipping IdentityTransform: C:\Users\Tushal\.gradle\caches\transforms-3\ab68ec9e5f1da3f5951464cc23c6158e\transformed\vectordrawable-animated-1.1.0-runtime.jar as it is up-to-date.
Transforming transition-1.2.0.aar (androidx.transition:transition:1.2.0) with DexingNoClasspathTransform
Transforming vectordrawable-1.1.0.aar (androidx.vectordrawable:vectordrawable:1.1.0) with IdentityTransform
Transforming coordinatorlayout-1.1.0.aar (androidx.coordinatorlayout:coordinatorlayout:1.1.0) with DexingOutputSplitTransform
Caching disabled for IdentityTransform: C:\Users\Tushal\.gradle\caches\transforms-3\38eba2bf663e14eb1ec378465ecde5dc\transformed\vectordrawable-1.1.0-runtime.jar because:
  Build cache is disabled
Skipping IdentityTransform: C:\Users\Tushal\.gradle\caches\transforms-3\38eba2bf663e14eb1ec378465ecde5dc\transformed\vectordrawable-1.1.0-runtime.jar as it is up-to-date.
Caching disabled for DexingOutputSplitTransform: C:\Users\Tushal\.gradle\caches\transforms-3\f52cf34341ed9615d75830067ec576e0\transformed\drawerlayout-1.1.1-runtime because:
  Build cache is disabled
Transforming dynamicanimation-1.0.0.aar (androidx.dynamicanimation:dynamicanimation:1.0.0) with DexingNoClasspathTransform
Skipping DexingOutputSplitTransform: C:\Users\Tushal\.gradle\caches\transforms-3\f52cf34341ed9615d75830067ec576e0\transformed\drawerlayout-1.1.1-runtime as it is up-to-date.
Transforming vectordrawable-animated-1.1.0.aar (androidx.vectordrawable:vectordrawable-animated:1.1.0) with DexingNoClasspathTransform
Caching disabled for DexingNoClasspathTransform: C:\Users\Tushal\.gradle\caches\transforms-3\8e8d66b9e28bee910b97575093341014\transformed\transition-1.2.0-runtime.jar because:
  Build cache is disabled
Caching disabled for DexingNoClasspathTransform: C:\Users\Tushal\.gradle\caches\transforms-3\ab68ec9e5f1da3f5951464cc23c6158e\transformed\vectordrawable-animated-1.1.0-runtime.jar because:
  Build cache is disabled
Transforming vectordrawable-1.1.0.aar (androidx.vectordrawable:vectordrawable:1.1.0) with DexingNoClasspathTransform
Skipping DexingNoClasspathTransform: C:\Users\Tushal\.gradle\caches\transforms-3\8e8d66b9e28bee910b97575093341014\transformed\transition-1.2.0-runtime.jar as it is up-to-date.
Transforming vectordrawable-1.1.0.aar (androidx.vectordrawable:vectordrawable:1.1.0) with AarToClassTransform
Caching disabled for DexingNoClasspathTransform: C:\Users\Tushal\.gradle\caches\transforms-3\38eba2bf663e14eb1ec378465ecde5dc\transformed\vectordrawable-1.1.0-runtime.jar because:
  Build cache is disabled
Transforming vectordrawable-1.1.0.aar (androidx.vectordrawable:vectordrawable:1.1.0) with IdentityTransform
Skipping DexingNoClasspathTransform: C:\Users\Tushal\.gradle\caches\transforms-3\ab68ec9e5f1da3f5951464cc23c6158e\transformed\vectordrawable-animated-1.1.0-runtime.jar as it is up-to-date.
Caching disabled for DexingNoClasspathTransform: C:\Users\Tushal\.gradle\caches\transforms-3\bafe277c0bea2d594a8c38725d4d7f79\transformed\dynamicanimation-1.0.0-runtime.jar because:
  Build cache is disabled
Caching disabled for DexingOutputSplitTransform: C:\Users\Tushal\.gradle\caches\transforms-3\968935a18431d07c3bc2f967df2e48ab\transformed\coordinatorlayout-1.1.0-runtime because:
  Build cache is disabled
Skipping DexingNoClasspathTransform: C:\Users\Tushal\.gradle\caches\transforms-3\bafe277c0bea2d594a8c38725d4d7f79\transformed\dynamicanimation-1.0.0-runtime.jar as it is up-to-date.
Skipping DexingOutputSplitTransform: C:\Users\Tushal\.gradle\caches\transforms-3\968935a18431d07c3bc2f967df2e48ab\transformed\coordinatorlayout-1.1.0-runtime as it is up-to-date.
Transforming vectordrawable-1.1.0.aar (androidx.vectordrawable:vectordrawable:1.1.0) with DexingNoClasspathTransform
Skipping DexingNoClasspathTransform: C:\Users\Tushal\.gradle\caches\transforms-3\38eba2bf663e14eb1ec378465ecde5dc\transformed\vectordrawable-1.1.0-runtime.jar as it is up-to-date.
Transforming vectordrawable-animated-1.1.0.aar (androidx.vectordrawable:vectordrawable-animated:1.1.0) with DexingOutputSplitTransform
Transforming transition-1.2.0.aar (androidx.transition:transition:1.2.0) with DexingOutputSplitTransform
Transforming media-1.6.0.aar (androidx.media:media:1.6.0) with AarToClassTransform
Caching disabled for DexingOutputSplitTransform: C:\Users\Tushal\.gradle\caches\transforms-3\80a8380d44caf3209c7b2ed18e6dbc22\transformed\vectordrawable-animated-1.1.0-runtime because:
  Build cache is disabled
Caching disabled for DexingOutputSplitTransform: C:\Users\Tushal\.gradle\caches\transforms-3\67744348ed0af251401e0a1d1ef1391f\transformed\transition-1.2.0-runtime because:
  Build cache is disabled
Skipping DexingOutputSplitTransform: C:\Users\Tushal\.gradle\caches\transforms-3\80a8380d44caf3209c7b2ed18e6dbc22\transformed\vectordrawable-animated-1.1.0-runtime as it is up-to-date.
Transforming media-1.6.0.aar (androidx.media:media:1.6.0) with IdentityTransform
Skipping DexingOutputSplitTransform: C:\Users\Tushal\.gradle\caches\transforms-3\67744348ed0af251401e0a1d1ef1391f\transformed\transition-1.2.0-runtime as it is up-to-date.
Transforming viewpager-1.0.0.aar (androidx.viewpager:viewpager:1.0.0) with AarToClassTransform
Transforming viewpager-1.0.0.aar (androidx.viewpager:viewpager:1.0.0) with IdentityTransform
Transforming vectordrawable-1.1.0.aar (androidx.vectordrawable:vectordrawable:1.1.0) with DexingOutputSplitTransform
Transforming legacy-support-core-utils-1.0.0.aar (androidx.legacy:legacy-support-core-utils:1.0.0) with AarToClassTransform
Caching disabled for IdentityTransform: C:\Users\Tushal\.gradle\caches\transforms-3\92b253d57f25a400b80b00c6b6df8665\transformed\media-1.6.0-runtime.jar because:
  Build cache is disabled
Transforming vectordrawable-1.1.0.aar (androidx.vectordrawable:vectordrawable:1.1.0) with DexingOutputSplitTransform
Skipping IdentityTransform: C:\Users\Tushal\.gradle\caches\transforms-3\92b253d57f25a400b80b00c6b6df8665\transformed\media-1.6.0-runtime.jar as it is up-to-date.
Caching disabled for IdentityTransform: C:\Users\Tushal\.gradle\caches\transforms-3\371da8b12b79bbaa5f5985a58613d258\transformed\viewpager-1.0.0-runtime.jar because:
  Build cache is disabled
Transforming legacy-support-core-utils-1.0.0.aar (androidx.legacy:legacy-support-core-utils:1.0.0) with IdentityTransform
Skipping IdentityTransform: C:\Users\Tushal\.gradle\caches\transforms-3\371da8b12b79bbaa5f5985a58613d258\transformed\viewpager-1.0.0-runtime.jar as it is up-to-date.
Transforming loader-1.0.0.aar (androidx.loader:loader:1.0.0) with AarToClassTransform
Caching disabled for DexingOutputSplitTransform: C:\Users\Tushal\.gradle\caches\transforms-3\0fe5f8bddcaa6fa70cc3cd81920447ba\transformed\vectordrawable-1.1.0-runtime because:
  Build cache is disabled
Transforming dynamicanimation-1.0.0.aar (androidx.dynamicanimation:dynamicanimation:1.0.0) with DexingOutputSplitTransform
Transforming loader-1.0.0.aar (androidx.loader:loader:1.0.0) with IdentityTransform
Skipping DexingOutputSplitTransform: C:\Users\Tushal\.gradle\caches\transforms-3\0fe5f8bddcaa6fa70cc3cd81920447ba\transformed\vectordrawable-1.1.0-runtime as it is up-to-date.
Caching disabled for IdentityTransform: C:\Users\Tushal\.gradle\caches\transforms-3\798bbf9c5310d49eb6f063b18831f8f4\transformed\legacy-support-core-utils-1.0.0-runtime.jar because:
  Build cache is disabled
Skipping IdentityTransform: C:\Users\Tushal\.gradle\caches\transforms-3\798bbf9c5310d49eb6f063b18831f8f4\transformed\legacy-support-core-utils-1.0.0-runtime.jar as it is up-to-date.
Transforming viewpager-1.0.0.aar (androidx.viewpager:viewpager:1.0.0) with DexingNoClasspathTransform
Transforming loader-1.0.0.aar (androidx.loader:loader:1.0.0) with AarToClassTransform
Transforming media-1.6.0.aar (androidx.media:media:1.6.0) with DexingNoClasspathTransform
Caching disabled for DexingOutputSplitTransform: C:\Users\Tushal\.gradle\caches\transforms-3\85d58f4c7746cc5e478ec7ea83dedaad\transformed\dynamicanimation-1.0.0-runtime because:
  Build cache is disabled
Transforming loader-1.0.0.aar (androidx.loader:loader:1.0.0) with IdentityTransform
Caching disabled for IdentityTransform: C:\Users\Tushal\.gradle\caches\transforms-3\cab4e1e9528514aae7cef88e1a0a22b1\transformed\loader-1.0.0-runtime.jar because:
  Build cache is disabled
Transforming customview-1.1.0.aar (androidx.customview:customview:1.1.0) with AarToClassTransform
Skipping IdentityTransform: C:\Users\Tushal\.gradle\caches\transforms-3\cab4e1e9528514aae7cef88e1a0a22b1\transformed\loader-1.0.0-runtime.jar as it is up-to-date.
Transforming customview-1.1.0.aar (androidx.customview:customview:1.1.0) with IdentityTransform
Caching disabled for DexingNoClasspathTransform: C:\Users\Tushal\.gradle\caches\transforms-3\92b253d57f25a400b80b00c6b6df8665\transformed\media-1.6.0-runtime.jar because:
  Build cache is disabled
Skipping DexingOutputSplitTransform: C:\Users\Tushal\.gradle\caches\transforms-3\85d58f4c7746cc5e478ec7ea83dedaad\transformed\dynamicanimation-1.0.0-runtime as it is up-to-date.
Caching disabled for IdentityTransform: C:\Users\Tushal\.gradle\caches\transforms-3\95a5fbfbf22ff4cea211bf866a72df5a\transformed\customview-1.1.0-runtime.jar because:
  Build cache is disabled
Transforming legacy-support-core-utils-1.0.0.aar (androidx.legacy:legacy-support-core-utils:1.0.0) with DexingNoClasspathTransform
Skipping IdentityTransform: C:\Users\Tushal\.gradle\caches\transforms-3\95a5fbfbf22ff4cea211bf866a72df5a\transformed\customview-1.1.0-runtime.jar as it is up-to-date.
Caching disabled for DexingNoClasspathTransform: C:\Users\Tushal\.gradle\caches\transforms-3\371da8b12b79bbaa5f5985a58613d258\transformed\viewpager-1.0.0-runtime.jar because:
  Build cache is disabled
Transforming loader-1.0.0.aar (androidx.loader:loader:1.0.0) with DexingNoClasspathTransform
Transforming loader-1.0.0.aar (androidx.loader:loader:1.0.0) with DexingNoClasspathTransform
Skipping DexingNoClasspathTransform: C:\Users\Tushal\.gradle\caches\transforms-3\92b253d57f25a400b80b00c6b6df8665\transformed\media-1.6.0-runtime.jar as it is up-to-date.
Transforming customview-1.1.0.aar (androidx.customview:customview:1.1.0) with AarToClassTransform
Caching disabled for DexingNoClasspathTransform: C:\Users\Tushal\.gradle\caches\transforms-3\cab4e1e9528514aae7cef88e1a0a22b1\transformed\loader-1.0.0-runtime.jar because:
  Build cache is disabled
Skipping DexingNoClasspathTransform: C:\Users\Tushal\.gradle\caches\transforms-3\371da8b12b79bbaa5f5985a58613d258\transformed\viewpager-1.0.0-runtime.jar as it is up-to-date.
Caching disabled for DexingNoClasspathTransform: C:\Users\Tushal\.gradle\caches\transforms-3\798bbf9c5310d49eb6f063b18831f8f4\transformed\legacy-support-core-utils-1.0.0-runtime.jar because:
  Build cache is disabled
Transforming customview-1.1.0.aar (androidx.customview:customview:1.1.0) with DexingNoClasspathTransform
Skipping DexingNoClasspathTransform: C:\Users\Tushal\.gradle\caches\transforms-3\cab4e1e9528514aae7cef88e1a0a22b1\transformed\loader-1.0.0-runtime.jar as it is up-to-date.
Transforming customview-1.1.0.aar (androidx.customview:customview:1.1.0) with IdentityTransform
Caching disabled for DexingNoClasspathTransform: C:\Users\Tushal\.gradle\caches\transforms-3\95a5fbfbf22ff4cea211bf866a72df5a\transformed\customview-1.1.0-runtime.jar because:
  Build cache is disabled
Transforming media-1.6.0.aar (androidx.media:media:1.6.0) with DexingOutputSplitTransform
Skipping DexingNoClasspathTransform: C:\Users\Tushal\.gradle\caches\transforms-3\798bbf9c5310d49eb6f063b18831f8f4\transformed\legacy-support-core-utils-1.0.0-runtime.jar as it is up-to-date.
Skipping DexingNoClasspathTransform: C:\Users\Tushal\.gradle\caches\transforms-3\95a5fbfbf22ff4cea211bf866a72df5a\transformed\customview-1.1.0-runtime.jar as it is up-to-date.
Transforming customview-1.1.0.aar (androidx.customview:customview:1.1.0) with DexingNoClasspathTransform
Transforming loader-1.0.0.aar (androidx.loader:loader:1.0.0) with DexingOutputSplitTransform
Transforming viewpager-1.0.0.aar (androidx.viewpager:viewpager:1.0.0) with DexingOutputSplitTransform
Transforming loader-1.0.0.aar (androidx.loader:loader:1.0.0) with DexingOutputSplitTransform
Transforming customview-1.1.0.aar (androidx.customview:customview:1.1.0) with AarToClassTransform
Caching disabled for DexingOutputSplitTransform: C:\Users\Tushal\.gradle\caches\transforms-3\fd539f96b5565c0b1f85305a14e5c528\transformed\loader-1.0.0-runtime because:
  Build cache is disabled
Caching disabled for DexingOutputSplitTransform: C:\Users\Tushal\.gradle\caches\transforms-3\0fdbeecd28580b6b5d02ffcbaafaa9d4\transformed\viewpager-1.0.0-runtime because:
  Build cache is disabled
Caching disabled for DexingOutputSplitTransform: C:\Users\Tushal\.gradle\caches\transforms-3\0371f84e2198712e5f05d1e5cef843ba\transformed\media-1.6.0-runtime because:
  Build cache is disabled
Skipping DexingOutputSplitTransform: C:\Users\Tushal\.gradle\caches\transforms-3\0fdbeecd28580b6b5d02ffcbaafaa9d4\transformed\viewpager-1.0.0-runtime as it is up-to-date.
Skipping DexingOutputSplitTransform: C:\Users\Tushal\.gradle\caches\transforms-3\fd539f96b5565c0b1f85305a14e5c528\transformed\loader-1.0.0-runtime as it is up-to-date.
Transforming customview-1.1.0.aar (androidx.customview:customview:1.1.0) with DexingOutputSplitTransform
Transforming customview-1.1.0.aar (androidx.customview:customview:1.1.0) with IdentityTransform
Transforming legacy-support-core-utils-1.0.0.aar (androidx.legacy:legacy-support-core-utils:1.0.0) with DexingOutputSplitTransform
Transforming customview-1.1.0.aar (androidx.customview:customview:1.1.0) with DexingOutputSplitTransform
Skipping DexingOutputSplitTransform: C:\Users\Tushal\.gradle\caches\transforms-3\0371f84e2198712e5f05d1e5cef843ba\transformed\media-1.6.0-runtime as it is up-to-date.
Transforming customview-1.1.0.aar (androidx.customview:customview:1.1.0) with DexingNoClasspathTransform
Caching disabled for DexingOutputSplitTransform: C:\Users\Tushal\.gradle\caches\transforms-3\3e0db8971f56390b2d7024e65b9162c5\transformed\legacy-support-core-utils-1.0.0-runtime because:
  Build cache is disabled
Transforming customview-1.1.0.aar (androidx.customview:customview:1.1.0) with DexingOutputSplitTransform
Caching disabled for DexingOutputSplitTransform: C:\Users\Tushal\.gradle\caches\transforms-3\82ec1f6b489bf9af79449af61c09e2f7\transformed\customview-1.1.0-runtime because:
  Build cache is disabled
Transforming customview-1.1.0.aar (androidx.customview:customview:1.1.0) with AarToClassTransform
Skipping DexingOutputSplitTransform: C:\Users\Tushal\.gradle\caches\transforms-3\82ec1f6b489bf9af79449af61c09e2f7\transformed\customview-1.1.0-runtime as it is up-to-date.
Skipping DexingOutputSplitTransform: C:\Users\Tushal\.gradle\caches\transforms-3\3e0db8971f56390b2d7024e65b9162c5\transformed\legacy-support-core-utils-1.0.0-runtime as it is up-to-date.
Transforming customview-1.1.0.aar (androidx.customview:customview:1.1.0) with IdentityTransform
Transforming customview-1.1.0.aar (androidx.customview:customview:1.1.0) with DexingNoClasspathTransform
Transforming customview-1.1.0.aar (androidx.customview:customview:1.1.0) with DexingOutputSplitTransform
Transforming core-1.12.0.aar (androidx.core:core:1.12.0) with AarToClassTransform
Transforming core-1.12.0.aar (androidx.core:core:1.12.0) with IdentityTransform
Transforming core-1.12.0.aar (androidx.core:core:1.12.0) with AarToClassTransform
Transforming core-1.12.0.aar (androidx.core:core:1.12.0) with IdentityTransform
Transforming core-1.12.0.aar (androidx.core:core:1.12.0) with AarToClassTransform
Transforming core-1.12.0.aar (androidx.core:core:1.12.0) with IdentityTransform
Caching disabled for IdentityTransform: C:\Users\Tushal\.gradle\caches\transforms-3\40e31a439d31e76d5a1b884217e679a6\transformed\core-1.12.0-runtime.jar because:
  Build cache is disabled
Transforming core-1.12.0.aar (androidx.core:core:1.12.0) with AarToClassTransform
Skipping IdentityTransform: C:\Users\Tushal\.gradle\caches\transforms-3\40e31a439d31e76d5a1b884217e679a6\transformed\core-1.12.0-runtime.jar as it is up-to-date.
Transforming core-1.12.0.aar (androidx.core:core:1.12.0) with IdentityTransform
Transforming core-1.12.0.aar (androidx.core:core:1.12.0) with AarToClassTransform
Transforming core-1.12.0.aar (androidx.core:core:1.12.0) with IdentityTransform
Transforming core-1.12.0.aar (androidx.core:core:1.12.0) with AarToClassTransform
Transforming core-1.12.0.aar (androidx.core:core:1.12.0) with IdentityTransform
Transforming core-1.12.0.aar (androidx.core:core:1.12.0) with AarToClassTransform
Transforming core-1.12.0.aar (androidx.core:core:1.12.0) with IdentityTransform
Transforming core-1.12.0.aar (androidx.core:core:1.12.0) with DexingNoClasspathTransform
Transforming core-1.12.0.aar (androidx.core:core:1.12.0) with DexingNoClasspathTransform
Transforming core-1.12.0.aar (androidx.core:core:1.12.0) with DexingNoClasspathTransform
Transforming core-1.12.0.aar (androidx.core:core:1.12.0) with DexingNoClasspathTransform
Transforming core-1.12.0.aar (androidx.core:core:1.12.0) with DexingNoClasspathTransform
Transforming core-1.12.0.aar (androidx.core:core:1.12.0) with DexingNoClasspathTransform
Transforming core-1.12.0.aar (androidx.core:core:1.12.0) with DexingNoClasspathTransform
Transforming core-1.12.0.aar (androidx.core:core:1.12.0) with AarToClassTransform
Caching disabled for DexingNoClasspathTransform: C:\Users\Tushal\.gradle\caches\transforms-3\40e31a439d31e76d5a1b884217e679a6\transformed\core-1.12.0-runtime.jar because:
  Build cache is disabled
Transforming core-1.12.0.aar (androidx.core:core:1.12.0) with IdentityTransform
Skipping DexingNoClasspathTransform: C:\Users\Tushal\.gradle\caches\transforms-3\40e31a439d31e76d5a1b884217e679a6\transformed\core-1.12.0-runtime.jar as it is up-to-date.
Transforming core-1.12.0.aar (androidx.core:core:1.12.0) with DexingNoClasspathTransform
Transforming core-1.12.0.aar (androidx.core:core:1.12.0) with AarToClassTransform
Transforming core-1.12.0.aar (androidx.core:core:1.12.0) with IdentityTransform
Transforming core-1.12.0.aar (androidx.core:core:1.12.0) with DexingNoClasspathTransform
Transforming core-1.12.0.aar (androidx.core:core:1.12.0) with AarToClassTransform
Transforming core-1.12.0.aar (androidx.core:core:1.12.0) with IdentityTransform
Transforming core-1.12.0.aar (androidx.core:core:1.12.0) with DexingNoClasspathTransform
Transforming core-1.12.0.aar (androidx.core:core:1.12.0) with DexingOutputSplitTransform
Transforming core-1.12.0.aar (androidx.core:core:1.12.0) with DexingOutputSplitTransform
Transforming core-1.12.0.aar (androidx.core:core:1.12.0) with DexingOutputSplitTransform
Transforming core-1.12.0.aar (androidx.core:core:1.12.0) with DexingOutputSplitTransform
Caching disabled for DexingOutputSplitTransform: C:\Users\Tushal\.gradle\caches\transforms-3\078772c7c01c2fd71c4c90add5cf56bf\transformed\core-1.12.0-runtime because:
  Build cache is disabled
Transforming core-1.12.0.aar (androidx.core:core:1.12.0) with DexingOutputSplitTransform
Skipping DexingOutputSplitTransform: C:\Users\Tushal\.gradle\caches\transforms-3\078772c7c01c2fd71c4c90add5cf56bf\transformed\core-1.12.0-runtime as it is up-to-date.
Transforming core-1.12.0.aar (androidx.core:core:1.12.0) with DexingOutputSplitTransform
Transforming core-1.12.0.aar (androidx.core:core:1.12.0) with DexingOutputSplitTransform
Transforming core-1.12.0.aar (androidx.core:core:1.12.0) with DexingOutputSplitTransform
Transforming core-1.12.0.aar (androidx.core:core:1.12.0) with DexingOutputSplitTransform
Transforming core-1.12.0.aar (androidx.core:core:1.12.0) with DexingOutputSplitTransform
Transforming core-1.12.0.aar (androidx.core:core:1.12.0) with AarToClassTransform
Transforming core-1.12.0.aar (androidx.core:core:1.12.0) with IdentityTransform
Transforming core-1.12.0.aar (androidx.core:core:1.12.0) with DexingNoClasspathTransform
Transforming core-1.12.0.aar (androidx.core:core:1.12.0) with DexingOutputSplitTransform
Transforming customview-poolingcontainer-1.0.0.aar (androidx.customview:customview-poolingcontainer:1.0.0) with AarToClassTransform
Transforming customview-poolingcontainer-1.0.0.aar (androidx.customview:customview-poolingcontainer:1.0.0) with IdentityTransform
Transforming lifecycle-process-2.7.0.aar (androidx.lifecycle:lifecycle-process:2.7.0) with AarToClassTransform
Transforming lifecycle-process-2.7.0.aar (androidx.lifecycle:lifecycle-process:2.7.0) with IdentityTransform
Transforming lifecycle-runtime-ktx-2.7.0.aar (androidx.lifecycle:lifecycle-runtime-ktx:2.7.0) with AarToClassTransform
Transforming lifecycle-runtime-ktx-2.7.0.aar (androidx.lifecycle:lifecycle-runtime-ktx:2.7.0) with IdentityTransform
Caching disabled for IdentityTransform: C:\Users\Tushal\.gradle\caches\transforms-3\d1a02ac1cd8e55b83544384d2a3f0f65\transformed\lifecycle-process-2.7.0-runtime.jar because:
  Build cache is disabled
Caching disabled for IdentityTransform: C:\Users\Tushal\.gradle\caches\transforms-3\2f8507c03b1eab8cdfbd402b297dccee\transformed\customview-poolingcontainer-1.0.0-runtime.jar because:
  Build cache is disabled
Skipping IdentityTransform: C:\Users\Tushal\.gradle\caches\transforms-3\d1a02ac1cd8e55b83544384d2a3f0f65\transformed\lifecycle-process-2.7.0-runtime.jar as it is up-to-date.
Skipping IdentityTransform: C:\Users\Tushal\.gradle\caches\transforms-3\2f8507c03b1eab8cdfbd402b297dccee\transformed\customview-poolingcontainer-1.0.0-runtime.jar as it is up-to-date.
Transforming savedstate-ktx-1.2.1.aar (androidx.savedstate:savedstate-ktx:1.2.1) with AarToClassTransform
Caching disabled for IdentityTransform: C:\Users\Tushal\.gradle\caches\transforms-3\0b40f6a8390eddb68e8477bea0020052\transformed\lifecycle-runtime-ktx-2.7.0-runtime.jar because:
  Build cache is disabled
Transforming savedstate-ktx-1.2.1.aar (androidx.savedstate:savedstate-ktx:1.2.1) with IdentityTransform
Skipping IdentityTransform: C:\Users\Tushal\.gradle\caches\transforms-3\0b40f6a8390eddb68e8477bea0020052\transformed\lifecycle-runtime-ktx-2.7.0-runtime.jar as it is up-to-date.
Transforming savedstate-1.2.1.aar (androidx.savedstate:savedstate:1.2.1) with AarToClassTransform
Transforming customview-poolingcontainer-1.0.0.aar (androidx.customview:customview-poolingcontainer:1.0.0) with DexingNoClasspathTransform
Transforming lifecycle-process-2.7.0.aar (androidx.lifecycle:lifecycle-process:2.7.0) with DexingNoClasspathTransform
Transforming savedstate-1.2.1.aar (androidx.savedstate:savedstate:1.2.1) with IdentityTransform
Transforming lifecycle-runtime-ktx-2.7.0.aar (androidx.lifecycle:lifecycle-runtime-ktx:2.7.0) with DexingNoClasspathTransform
Caching disabled for IdentityTransform: C:\Users\Tushal\.gradle\caches\transforms-3\130ef70984ad0d64f61fe2bbf2f3d749\transformed\savedstate-ktx-1.2.1-runtime.jar because:
  Build cache is disabled
Caching disabled for DexingNoClasspathTransform: C:\Users\Tushal\.gradle\caches\transforms-3\d1a02ac1cd8e55b83544384d2a3f0f65\transformed\lifecycle-process-2.7.0-runtime.jar because:
  Build cache is disabled
Caching disabled for IdentityTransform: C:\Users\Tushal\.gradle\caches\transforms-3\691c397d9378ba0cd7a157c9346ec9ac\transformed\savedstate-1.2.1-runtime.jar because:
  Build cache is disabled
Transforming lifecycle-common-2.7.0.jar (androidx.lifecycle:lifecycle-common:2.7.0) with IdentityTransform
Skipping IdentityTransform: C:\Users\Tushal\.gradle\caches\transforms-3\691c397d9378ba0cd7a157c9346ec9ac\transformed\savedstate-1.2.1-runtime.jar as it is up-to-date.
Transforming lifecycle-common-2.7.0.jar (androidx.lifecycle:lifecycle-common:2.7.0) with IdentityTransform
Caching disabled for DexingNoClasspathTransform: C:\Users\Tushal\.gradle\caches\transforms-3\2f8507c03b1eab8cdfbd402b297dccee\transformed\customview-poolingcontainer-1.0.0-runtime.jar because:
  Build cache is disabled
Transforming lifecycle-common-2.7.0.jar (androidx.lifecycle:lifecycle-common:2.7.0) with DexingNoClasspathTransform
Skipping DexingNoClasspathTransform: C:\Users\Tushal\.gradle\caches\transforms-3\d1a02ac1cd8e55b83544384d2a3f0f65\transformed\lifecycle-process-2.7.0-runtime.jar as it is up-to-date.
Caching disabled for DexingNoClasspathTransform: C:\Users\Tushal\.gradle\caches\transforms-3\0b40f6a8390eddb68e8477bea0020052\transformed\lifecycle-runtime-ktx-2.7.0-runtime.jar because:
  Build cache is disabled
Skipping IdentityTransform: C:\Users\Tushal\.gradle\caches\transforms-3\130ef70984ad0d64f61fe2bbf2f3d749\transformed\savedstate-ktx-1.2.1-runtime.jar as it is up-to-date.
Transforming lifecycle-livedata-core-2.7.0.aar (androidx.lifecycle:lifecycle-livedata-core:2.7.0) with AarToClassTransform
Transforming savedstate-1.2.1.aar (androidx.savedstate:savedstate:1.2.1) with DexingNoClasspathTransform
Transforming lifecycle-livedata-core-2.7.0.aar (androidx.lifecycle:lifecycle-livedata-core:2.7.0) with IdentityTransform
Skipping DexingNoClasspathTransform: C:\Users\Tushal\.gradle\caches\transforms-3\2f8507c03b1eab8cdfbd402b297dccee\transformed\customview-poolingcontainer-1.0.0-runtime.jar as it is up-to-date.
Transforming lifecycle-livedata-core-ktx-2.7.0.aar (androidx.lifecycle:lifecycle-livedata-core-ktx:2.7.0) with AarToClassTransform
Transforming savedstate-ktx-1.2.1.aar (androidx.savedstate:savedstate-ktx:1.2.1) with DexingNoClasspathTransform
Skipping DexingNoClasspathTransform: C:\Users\Tushal\.gradle\caches\transforms-3\0b40f6a8390eddb68e8477bea0020052\transformed\lifecycle-runtime-ktx-2.7.0-runtime.jar as it is up-to-date.
Caching disabled for DexingNoClasspathTransform: C:\Users\Tushal\.gradle\caches\modules-2\files-2.1\androidx.lifecycle\lifecycle-common\2.7.0\85334205d65cca70ed0109c3acbd29e22a2d9cb1\lifecycle-common-2.7.0.jar because:
  Build cache is disabled
Caching disabled for IdentityTransform: C:\Users\Tushal\.gradle\caches\transforms-3\d95baa42a8f6715b399c47fe9e438def\transformed\lifecycle-livedata-core-2.7.0-runtime.jar because:
  Build cache is disabled
Skipping DexingNoClasspathTransform: C:\Users\Tushal\.gradle\caches\modules-2\files-2.1\androidx.lifecycle\lifecycle-common\2.7.0\85334205d65cca70ed0109c3acbd29e22a2d9cb1\lifecycle-common-2.7.0.jar as it is up-to-date.
Skipping IdentityTransform: C:\Users\Tushal\.gradle\caches\transforms-3\d95baa42a8f6715b399c47fe9e438def\transformed\lifecycle-livedata-core-2.7.0-runtime.jar as it is up-to-date.
Transforming lifecycle-process-2.7.0.aar (androidx.lifecycle:lifecycle-process:2.7.0) with DexingOutputSplitTransform
Transforming customview-poolingcontainer-1.0.0.aar (androidx.customview:customview-poolingcontainer:1.0.0) with DexingOutputSplitTransform
Caching disabled for DexingNoClasspathTransform: C:\Users\Tushal\.gradle\caches\transforms-3\691c397d9378ba0cd7a157c9346ec9ac\transformed\savedstate-1.2.1-runtime.jar because:
  Build cache is disabled
Transforming lifecycle-livedata-core-ktx-2.7.0.aar (androidx.lifecycle:lifecycle-livedata-core-ktx:2.7.0) with IdentityTransform
Caching disabled for DexingOutputSplitTransform: C:\Users\Tushal\.gradle\caches\transforms-3\97109590fbfa59ae16b4dcd28579bcdb\transformed\customview-poolingcontainer-1.0.0-runtime because:
  Build cache is disabled
Transforming lifecycle-livedata-2.7.0.aar (androidx.lifecycle:lifecycle-livedata:2.7.0) with AarToClassTransform
Skipping DexingOutputSplitTransform: C:\Users\Tushal\.gradle\caches\transforms-3\97109590fbfa59ae16b4dcd28579bcdb\transformed\customview-poolingcontainer-1.0.0-runtime as it is up-to-date.
Caching disabled for DexingOutputSplitTransform: C:\Users\Tushal\.gradle\caches\transforms-3\c27525e22fb592af64bebc340059583d\transformed\lifecycle-process-2.7.0-runtime because:
  Build cache is disabled
Caching disabled for IdentityTransform: C:\Users\Tushal\.gradle\caches\transforms-3\596941785991f393046564777bd8c779\transformed\lifecycle-livedata-core-ktx-2.7.0-runtime.jar because:
  Build cache is disabled
Transforming lifecycle-runtime-ktx-2.7.0.aar (androidx.lifecycle:lifecycle-runtime-ktx:2.7.0) with DexingOutputSplitTransform
Caching disabled for DexingNoClasspathTransform: C:\Users\Tushal\.gradle\caches\transforms-3\130ef70984ad0d64f61fe2bbf2f3d749\transformed\savedstate-ktx-1.2.1-runtime.jar because:
  Build cache is disabled
Skipping IdentityTransform: C:\Users\Tushal\.gradle\caches\transforms-3\596941785991f393046564777bd8c779\transformed\lifecycle-livedata-core-ktx-2.7.0-runtime.jar as it is up-to-date.
Skipping DexingOutputSplitTransform: C:\Users\Tushal\.gradle\caches\transforms-3\c27525e22fb592af64bebc340059583d\transformed\lifecycle-process-2.7.0-runtime as it is up-to-date.
Caching disabled for DexingOutputSplitTransform: C:\Users\Tushal\.gradle\caches\transforms-3\849a650bd833f10aef9fedd2bdc4a598\transformed\lifecycle-runtime-ktx-2.7.0-runtime because:
  Build cache is disabled
Transforming lifecycle-livedata-core-2.7.0.aar (androidx.lifecycle:lifecycle-livedata-core:2.7.0) with DexingNoClasspathTransform
Transforming lifecycle-livedata-2.7.0.aar (androidx.lifecycle:lifecycle-livedata:2.7.0) with IdentityTransform
Transforming lifecycle-common-2.7.0.jar (androidx.lifecycle:lifecycle-common:2.7.0) with DexingOutputSplitTransform
Caching disabled for DexingNoClasspathTransform: C:\Users\Tushal\.gradle\caches\transforms-3\d95baa42a8f6715b399c47fe9e438def\transformed\lifecycle-livedata-core-2.7.0-runtime.jar because:
  Build cache is disabled
Skipping DexingNoClasspathTransform: C:\Users\Tushal\.gradle\caches\transforms-3\691c397d9378ba0cd7a157c9346ec9ac\transformed\savedstate-1.2.1-runtime.jar as it is up-to-date.
Transforming lifecycle-livedata-core-ktx-2.7.0.aar (androidx.lifecycle:lifecycle-livedata-core-ktx:2.7.0) with DexingNoClasspathTransform
Transforming lifecycle-livedata-2.7.0.aar (androidx.lifecycle:lifecycle-livedata:2.7.0) with AarToClassTransform
Skipping DexingOutputSplitTransform: C:\Users\Tushal\.gradle\caches\transforms-3\849a650bd833f10aef9fedd2bdc4a598\transformed\lifecycle-runtime-ktx-2.7.0-runtime as it is up-to-date.
Skipping DexingNoClasspathTransform: C:\Users\Tushal\.gradle\caches\transforms-3\130ef70984ad0d64f61fe2bbf2f3d749\transformed\savedstate-ktx-1.2.1-runtime.jar as it is up-to-date.
Caching disabled for DexingNoClasspathTransform: C:\Users\Tushal\.gradle\caches\transforms-3\596941785991f393046564777bd8c779\transformed\lifecycle-livedata-core-ktx-2.7.0-runtime.jar because:
  Build cache is disabled
Transforming lifecycle-livedata-2.7.0.aar (androidx.lifecycle:lifecycle-livedata:2.7.0) with IdentityTransform
Skipping DexingNoClasspathTransform: C:\Users\Tushal\.gradle\caches\transforms-3\596941785991f393046564777bd8c779\transformed\lifecycle-livedata-core-ktx-2.7.0-runtime.jar as it is up-to-date.
Caching disabled for DexingOutputSplitTransform: C:\Users\Tushal\.gradle\caches\transforms-3\1be20fe4f8041182b94facbc9a57691d\transformed\lifecycle-common-2.7.0 because:
  Build cache is disabled
Skipping DexingNoClasspathTransform: C:\Users\Tushal\.gradle\caches\transforms-3\d95baa42a8f6715b399c47fe9e438def\transformed\lifecycle-livedata-core-2.7.0-runtime.jar as it is up-to-date.
Skipping DexingOutputSplitTransform: C:\Users\Tushal\.gradle\caches\transforms-3\1be20fe4f8041182b94facbc9a57691d\transformed\lifecycle-common-2.7.0 as it is up-to-date.
Caching disabled for IdentityTransform: C:\Users\Tushal\.gradle\caches\transforms-3\e2a1d4df54d9b98099bcf34c58295e38\transformed\lifecycle-livedata-2.7.0-runtime.jar because:
  Build cache is disabled
Transforming savedstate-ktx-1.2.1.aar (androidx.savedstate:savedstate-ktx:1.2.1) with DexingOutputSplitTransform
Transforming lifecycle-runtime-2.7.0.aar (androidx.lifecycle:lifecycle-runtime:2.7.0) with AarToClassTransform
Transforming savedstate-1.2.1.aar (androidx.savedstate:savedstate:1.2.1) with DexingOutputSplitTransform
Transforming lifecycle-runtime-2.7.0.aar (androidx.lifecycle:lifecycle-runtime:2.7.0) with IdentityTransform
Skipping IdentityTransform: C:\Users\Tushal\.gradle\caches\transforms-3\e2a1d4df54d9b98099bcf34c58295e38\transformed\lifecycle-livedata-2.7.0-runtime.jar as it is up-to-date.
Transforming lifecycle-viewmodel-2.7.0.aar (androidx.lifecycle:lifecycle-viewmodel:2.7.0) with AarToClassTransform
Caching disabled for DexingOutputSplitTransform: C:\Users\Tushal\.gradle\caches\transforms-3\a221d319916f4ad8f61fe871b3f23317\transformed\savedstate-1.2.1-runtime because:
  Build cache is disabled
Transforming lifecycle-livedata-core-ktx-2.7.0.aar (androidx.lifecycle:lifecycle-livedata-core-ktx:2.7.0) with DexingOutputSplitTransform
Transforming lifecycle-viewmodel-2.7.0.aar (androidx.lifecycle:lifecycle-viewmodel:2.7.0) with IdentityTransform
Caching disabled for IdentityTransform: C:\Users\Tushal\.gradle\caches\transforms-3\2261a057d2eb1cd83d2d47c180af9bb9\transformed\lifecycle-runtime-2.7.0-runtime.jar because:
  Build cache is disabled
Skipping DexingOutputSplitTransform: C:\Users\Tushal\.gradle\caches\transforms-3\a221d319916f4ad8f61fe871b3f23317\transformed\savedstate-1.2.1-runtime as it is up-to-date.
Transforming lifecycle-livedata-2.7.0.aar (androidx.lifecycle:lifecycle-livedata:2.7.0) with DexingNoClasspathTransform
Transforming lifecycle-livedata-2.7.0.aar (androidx.lifecycle:lifecycle-livedata:2.7.0) with DexingNoClasspathTransform
Transforming lifecycle-livedata-core-2.7.0.aar (androidx.lifecycle:lifecycle-livedata-core:2.7.0) with DexingOutputSplitTransform
Transforming lifecycle-viewmodel-2.7.0.aar (androidx.lifecycle:lifecycle-viewmodel:2.7.0) with AarToClassTransform
Caching disabled for DexingOutputSplitTransform: C:\Users\Tushal\.gradle\caches\transforms-3\9d962d92a3e0b0021700ea7cd5ebfeb0\transformed\savedstate-ktx-1.2.1-runtime because:
  Build cache is disabled
Caching disabled for DexingOutputSplitTransform: C:\Users\Tushal\.gradle\caches\transforms-3\bad9dea95c5518e1e93cb846a9f406bd\transformed\lifecycle-livedata-core-ktx-2.7.0-runtime because:
  Build cache is disabled
Skipping DexingOutputSplitTransform: C:\Users\Tushal\.gradle\caches\transforms-3\9d962d92a3e0b0021700ea7cd5ebfeb0\transformed\savedstate-ktx-1.2.1-runtime as it is up-to-date.
Skipping DexingOutputSplitTransform: C:\Users\Tushal\.gradle\caches\transforms-3\bad9dea95c5518e1e93cb846a9f406bd\transformed\lifecycle-livedata-core-ktx-2.7.0-runtime as it is up-to-date.
Caching disabled for DexingOutputSplitTransform: C:\Users\Tushal\.gradle\caches\transforms-3\d81f4ae3329b798f7f19103f4f2efbc0\transformed\lifecycle-livedata-core-2.7.0-runtime because:
  Build cache is disabled
Transforming lifecycle-viewmodel-2.7.0.aar (androidx.lifecycle:lifecycle-viewmodel:2.7.0) with IdentityTransform
Caching disabled for DexingNoClasspathTransform: C:\Users\Tushal\.gradle\caches\transforms-3\e2a1d4df54d9b98099bcf34c58295e38\transformed\lifecycle-livedata-2.7.0-runtime.jar because:
  Build cache is disabled
Transforming lifecycle-viewmodel-ktx-2.7.0.aar (androidx.lifecycle:lifecycle-viewmodel-ktx:2.7.0) with AarToClassTransform
Caching disabled for IdentityTransform: C:\Users\Tushal\.gradle\caches\transforms-3\8d24b41cf61a788f97138e5d440c98c1\transformed\lifecycle-viewmodel-2.7.0-runtime.jar because:
  Build cache is disabled
Skipping IdentityTransform: C:\Users\Tushal\.gradle\caches\transforms-3\2261a057d2eb1cd83d2d47c180af9bb9\transformed\lifecycle-runtime-2.7.0-runtime.jar as it is up-to-date.
Skipping IdentityTransform: C:\Users\Tushal\.gradle\caches\transforms-3\8d24b41cf61a788f97138e5d440c98c1\transformed\lifecycle-viewmodel-2.7.0-runtime.jar as it is up-to-date.
Skipping DexingNoClasspathTransform: C:\Users\Tushal\.gradle\caches\transforms-3\e2a1d4df54d9b98099bcf34c58295e38\transformed\lifecycle-livedata-2.7.0-runtime.jar as it is up-to-date.
Transforming lifecycle-viewmodel-ktx-2.7.0.aar (androidx.lifecycle:lifecycle-viewmodel-ktx:2.7.0) with IdentityTransform
Skipping DexingOutputSplitTransform: C:\Users\Tushal\.gradle\caches\transforms-3\d81f4ae3329b798f7f19103f4f2efbc0\transformed\lifecycle-livedata-core-2.7.0-runtime as it is up-to-date.
Transforming lifecycle-livedata-ktx-2.7.0.aar (androidx.lifecycle:lifecycle-livedata-ktx:2.7.0) with AarToClassTransform
Transforming lifecycle-livedata-ktx-2.7.0.aar (androidx.lifecycle:lifecycle-livedata-ktx:2.7.0) with IdentityTransform
Transforming lifecycle-viewmodel-savedstate-2.7.0.aar (androidx.lifecycle:lifecycle-viewmodel-savedstate:2.7.0) with AarToClassTransform
Caching disabled for IdentityTransform: C:\Users\Tushal\.gradle\caches\transforms-3\c408edc2151e5f1c20d6f260d881f0ea\transformed\lifecycle-viewmodel-ktx-2.7.0-runtime.jar because:
  Build cache is disabled
Transforming lifecycle-runtime-2.7.0.aar (androidx.lifecycle:lifecycle-runtime:2.7.0) with DexingNoClasspathTransform
Transforming lifecycle-viewmodel-savedstate-2.7.0.aar (androidx.lifecycle:lifecycle-viewmodel-savedstate:2.7.0) with IdentityTransform
Skipping IdentityTransform: C:\Users\Tushal\.gradle\caches\transforms-3\c408edc2151e5f1c20d6f260d881f0ea\transformed\lifecycle-viewmodel-ktx-2.7.0-runtime.jar as it is up-to-date.
Transforming core-ktx-1.12.0.aar (androidx.core:core-ktx:1.12.0) with AarToClassTransform
Caching disabled for DexingNoClasspathTransform: C:\Users\Tushal\.gradle\caches\transforms-3\2261a057d2eb1cd83d2d47c180af9bb9\transformed\lifecycle-runtime-2.7.0-runtime.jar because:
  Build cache is disabled
Transforming lifecycle-viewmodel-2.7.0.aar (androidx.lifecycle:lifecycle-viewmodel:2.7.0) with DexingNoClasspathTransform
Skipping DexingNoClasspathTransform: C:\Users\Tushal\.gradle\caches\transforms-3\2261a057d2eb1cd83d2d47c180af9bb9\transformed\lifecycle-runtime-2.7.0-runtime.jar as it is up-to-date.
Transforming lifecycle-viewmodel-2.7.0.aar (androidx.lifecycle:lifecycle-viewmodel:2.7.0) with DexingNoClasspathTransform
Caching disabled for IdentityTransform: C:\Users\Tushal\.gradle\caches\transforms-3\9de37f9cae45789580a40a04273d2782\transformed\lifecycle-viewmodel-savedstate-2.7.0-runtime.jar because:
  Build cache is disabled
Transforming lifecycle-livedata-2.7.0.aar (androidx.lifecycle:lifecycle-livedata:2.7.0) with DexingOutputSplitTransform
Skipping IdentityTransform: C:\Users\Tushal\.gradle\caches\transforms-3\9de37f9cae45789580a40a04273d2782\transformed\lifecycle-viewmodel-savedstate-2.7.0-runtime.jar as it is up-to-date.
Transforming lifecycle-livedata-2.7.0.aar (androidx.lifecycle:lifecycle-livedata:2.7.0) with DexingOutputSplitTransform
Transforming core-ktx-1.12.0.aar (androidx.core:core-ktx:1.12.0) with IdentityTransform
Transforming lifecycle-runtime-2.7.0.aar (androidx.lifecycle:lifecycle-runtime:2.7.0) with DexingOutputSplitTransform
Caching disabled for IdentityTransform: C:\Users\Tushal\.gradle\caches\transforms-3\50999740dea3a8e70b14c160e25a9ab5\transformed\lifecycle-livedata-ktx-2.7.0-runtime.jar because:
  Build cache is disabled
Transforming room-common-2.6.1.jar (androidx.room:room-common:2.6.1) with IdentityTransform
Skipping IdentityTransform: C:\Users\Tushal\.gradle\caches\transforms-3\50999740dea3a8e70b14c160e25a9ab5\transformed\lifecycle-livedata-ktx-2.7.0-runtime.jar as it is up-to-date.
Transforming room-common-2.6.1.jar (androidx.room:room-common:2.6.1) with IdentityTransform
Caching disabled for DexingOutputSplitTransform: C:\Users\Tushal\.gradle\caches\transforms-3\e3ecb77ccc5639848e01b8439a485bab\transformed\lifecycle-livedata-2.7.0-runtime because:
  Build cache is disabled
Transforming lifecycle-viewmodel-ktx-2.7.0.aar (androidx.lifecycle:lifecycle-viewmodel-ktx:2.7.0) with DexingNoClasspathTransform
Skipping DexingOutputSplitTransform: C:\Users\Tushal\.gradle\caches\transforms-3\e3ecb77ccc5639848e01b8439a485bab\transformed\lifecycle-livedata-2.7.0-runtime as it is up-to-date.
Caching disabled for DexingNoClasspathTransform: C:\Users\Tushal\.gradle\caches\transforms-3\8d24b41cf61a788f97138e5d440c98c1\transformed\lifecycle-viewmodel-2.7.0-runtime.jar because:
  Build cache is disabled
Caching disabled for DexingOutputSplitTransform: C:\Users\Tushal\.gradle\caches\transforms-3\cc7f7a49ffb39d01cab38a0b38c74dff\transformed\lifecycle-runtime-2.7.0-runtime because:
  Build cache is disabled
Skipping DexingNoClasspathTransform: C:\Users\Tushal\.gradle\caches\transforms-3\8d24b41cf61a788f97138e5d440c98c1\transformed\lifecycle-viewmodel-2.7.0-runtime.jar as it is up-to-date.
Caching disabled for DexingNoClasspathTransform: C:\Users\Tushal\.gradle\caches\transforms-3\c408edc2151e5f1c20d6f260d881f0ea\transformed\lifecycle-viewmodel-ktx-2.7.0-runtime.jar because:
  Build cache is disabled
Transforming lifecycle-viewmodel-savedstate-2.7.0.aar (androidx.lifecycle:lifecycle-viewmodel-savedstate:2.7.0) with DexingNoClasspathTransform
Caching disabled for IdentityTransform: C:\Users\Tushal\.gradle\caches\transforms-3\5cda8f558ad5f2116b701ffd1150a5b9\transformed\core-ktx-1.12.0-runtime.jar because:
  Build cache is disabled
Transforming room-common-2.6.1.jar (androidx.room:room-common:2.6.1) with DexingNoClasspathTransform
Skipping IdentityTransform: C:\Users\Tushal\.gradle\caches\transforms-3\5cda8f558ad5f2116b701ffd1150a5b9\transformed\core-ktx-1.12.0-runtime.jar as it is up-to-date.
Caching disabled for DexingNoClasspathTransform: C:\Users\Tushal\.gradle\caches\transforms-3\9de37f9cae45789580a40a04273d2782\transformed\lifecycle-viewmodel-savedstate-2.7.0-runtime.jar because:
  Build cache is disabled
Skipping DexingNoClasspathTransform: C:\Users\Tushal\.gradle\caches\transforms-3\c408edc2151e5f1c20d6f260d881f0ea\transformed\lifecycle-viewmodel-ktx-2.7.0-runtime.jar as it is up-to-date.
Transforming lifecycle-viewmodel-2.7.0.aar (androidx.lifecycle:lifecycle-viewmodel:2.7.0) with DexingOutputSplitTransform
Skipping DexingOutputSplitTransform: C:\Users\Tushal\.gradle\caches\transforms-3\cc7f7a49ffb39d01cab38a0b38c74dff\transformed\lifecycle-runtime-2.7.0-runtime as it is up-to-date.
Transforming lifecycle-livedata-ktx-2.7.0.aar (androidx.lifecycle:lifecycle-livedata-ktx:2.7.0) with DexingNoClasspathTransform
Transforming lifecycle-viewmodel-2.7.0.aar (androidx.lifecycle:lifecycle-viewmodel:2.7.0) with DexingOutputSplitTransform
Skipping DexingNoClasspathTransform: C:\Users\Tushal\.gradle\caches\transforms-3\9de37f9cae45789580a40a04273d2782\transformed\lifecycle-viewmodel-savedstate-2.7.0-runtime.jar as it is up-to-date.
Transforming room-runtime-2.6.1.aar (androidx.room:room-runtime:2.6.1) with AarToClassTransform
Transforming core-ktx-1.12.0.aar (androidx.core:core-ktx:1.12.0) with DexingNoClasspathTransform
Transforming room-runtime-2.6.1.aar (androidx.room:room-runtime:2.6.1) with IdentityTransform
Caching disabled for DexingNoClasspathTransform: C:\Users\Tushal\.gradle\caches\transforms-3\50999740dea3a8e70b14c160e25a9ab5\transformed\lifecycle-livedata-ktx-2.7.0-runtime.jar because:
  Build cache is disabled
Transforming lifecycle-viewmodel-ktx-2.7.0.aar (androidx.lifecycle:lifecycle-viewmodel-ktx:2.7.0) with DexingOutputSplitTransform
Caching disabled for DexingNoClasspathTransform: C:\Users\Tushal\.gradle\caches\transforms-3\5cda8f558ad5f2116b701ffd1150a5b9\transformed\core-ktx-1.12.0-runtime.jar because:
  Build cache is disabled
Caching disabled for DexingNoClasspathTransform: C:\Users\Tushal\.gradle\caches\modules-2\files-2.1\androidx.room\room-common\2.6.1\ff1b9580850a9b7eef56554e356628d225785265\room-common-2.6.1.jar because:
  Build cache is disabled
Skipping DexingNoClasspathTransform: C:\Users\Tushal\.gradle\caches\transforms-3\5cda8f558ad5f2116b701ffd1150a5b9\transformed\core-ktx-1.12.0-runtime.jar as it is up-to-date.
Caching disabled for DexingOutputSplitTransform: C:\Users\Tushal\.gradle\caches\transforms-3\da48e4b520875de3cbcd850dca01e7ae\transformed\lifecycle-viewmodel-2.7.0-runtime because:
  Build cache is disabled
Skipping DexingNoClasspathTransform: C:\Users\Tushal\.gradle\caches\modules-2\files-2.1\androidx.room\room-common\2.6.1\ff1b9580850a9b7eef56554e356628d225785265\room-common-2.6.1.jar as it is up-to-date.
Caching disabled for IdentityTransform: C:\Users\Tushal\.gradle\caches\transforms-3\c7e1bb3b50d5348411e23f773a7ea9ad\transformed\room-runtime-2.6.1-runtime.jar because:
  Build cache is disabled
Caching disabled for DexingOutputSplitTransform: C:\Users\Tushal\.gradle\caches\transforms-3\d11850cad7854bb2e77a2b40a20d013d\transformed\lifecycle-viewmodel-ktx-2.7.0-runtime because:
  Build cache is disabled
Skipping DexingNoClasspathTransform: C:\Users\Tushal\.gradle\caches\transforms-3\50999740dea3a8e70b14c160e25a9ab5\transformed\lifecycle-livedata-ktx-2.7.0-runtime.jar as it is up-to-date.
Transforming room-ktx-2.6.1.aar (androidx.room:room-ktx:2.6.1) with AarToClassTransform
Skipping DexingOutputSplitTransform: C:\Users\Tushal\.gradle\caches\transforms-3\d11850cad7854bb2e77a2b40a20d013d\transformed\lifecycle-viewmodel-ktx-2.7.0-runtime as it is up-to-date.
Transforming core-ktx-1.12.0.aar (androidx.core:core-ktx:1.12.0) with DexingOutputSplitTransform
Skipping IdentityTransform: C:\Users\Tushal\.gradle\caches\transforms-3\c7e1bb3b50d5348411e23f773a7ea9ad\transformed\room-runtime-2.6.1-runtime.jar as it is up-to-date.
Transforming lifecycle-viewmodel-savedstate-2.7.0.aar (androidx.lifecycle:lifecycle-viewmodel-savedstate:2.7.0) with DexingOutputSplitTransform
Skipping DexingOutputSplitTransform: C:\Users\Tushal\.gradle\caches\transforms-3\da48e4b520875de3cbcd850dca01e7ae\transformed\lifecycle-viewmodel-2.7.0-runtime as it is up-to-date.
Transforming lifecycle-livedata-ktx-2.7.0.aar (androidx.lifecycle:lifecycle-livedata-ktx:2.7.0) with DexingOutputSplitTransform
Caching disabled for DexingOutputSplitTransform: C:\Users\Tushal\.gradle\caches\transforms-3\074fe9842f3f6388eff30e62b3eaa11a\transformed\core-ktx-1.12.0-runtime because:
  Build cache is disabled
Transforming room-common-2.6.1.jar (androidx.room:room-common:2.6.1) with DexingOutputSplitTransform
Skipping DexingOutputSplitTransform: C:\Users\Tushal\.gradle\caches\transforms-3\074fe9842f3f6388eff30e62b3eaa11a\transformed\core-ktx-1.12.0-runtime as it is up-to-date.
Transforming room-runtime-2.6.1.aar (androidx.room:room-runtime:2.6.1) with DexingNoClasspathTransform
Transforming room-ktx-2.6.1.aar (androidx.room:room-ktx:2.6.1) with IdentityTransform
Caching disabled for DexingOutputSplitTransform: C:\Users\Tushal\.gradle\caches\transforms-3\7453c8cca717efd7c9acd5308f8f3ad2\transformed\lifecycle-livedata-ktx-2.7.0-runtime because:
  Build cache is disabled
Caching disabled for DexingNoClasspathTransform: C:\Users\Tushal\.gradle\caches\transforms-3\c7e1bb3b50d5348411e23f773a7ea9ad\transformed\room-runtime-2.6.1-runtime.jar because:
  Build cache is disabled
Caching disabled for IdentityTransform: C:\Users\Tushal\.gradle\caches\transforms-3\12cead41460ffda6a6f1609a54eec42a\transformed\room-ktx-2.6.1-runtime.jar because:
  Build cache is disabled
Skipping DexingNoClasspathTransform: C:\Users\Tushal\.gradle\caches\transforms-3\c7e1bb3b50d5348411e23f773a7ea9ad\transformed\room-runtime-2.6.1-runtime.jar as it is up-to-date.
Skipping IdentityTransform: C:\Users\Tushal\.gradle\caches\transforms-3\12cead41460ffda6a6f1609a54eec42a\transformed\room-ktx-2.6.1-runtime.jar as it is up-to-date.
Transforming sqlite-framework-2.4.0.aar (androidx.sqlite:sqlite-framework:2.4.0) with AarToClassTransform
Caching disabled for DexingOutputSplitTransform: C:\Users\Tushal\.gradle\caches\transforms-3\7fa74c2dd04983ea9e21e69ab923ce09\transformed\room-common-2.6.1 because:
  Build cache is disabled
Caching disabled for DexingOutputSplitTransform: C:\Users\Tushal\.gradle\caches\transforms-3\ab260b471470e92dc3cf07f117256c06\transformed\lifecycle-viewmodel-savedstate-2.7.0-runtime because:
  Build cache is disabled
Skipping DexingOutputSplitTransform: C:\Users\Tushal\.gradle\caches\transforms-3\7fa74c2dd04983ea9e21e69ab923ce09\transformed\room-common-2.6.1 as it is up-to-date.
Transforming sqlite-framework-2.4.0.aar (androidx.sqlite:sqlite-framework:2.4.0) with IdentityTransform
Skipping DexingOutputSplitTransform: C:\Users\Tushal\.gradle\caches\transforms-3\7453c8cca717efd7c9acd5308f8f3ad2\transformed\lifecycle-livedata-ktx-2.7.0-runtime as it is up-to-date.
Transforming sqlite-2.4.0.aar (androidx.sqlite:sqlite:2.4.0) with AarToClassTransform
Skipping DexingOutputSplitTransform: C:\Users\Tushal\.gradle\caches\transforms-3\ab260b471470e92dc3cf07f117256c06\transformed\lifecycle-viewmodel-savedstate-2.7.0-runtime as it is up-to-date.
Transforming sqlite-2.4.0.aar (androidx.sqlite:sqlite:2.4.0) with IdentityTransform
Transforming room-runtime-2.6.1.aar (androidx.room:room-runtime:2.6.1) with DexingOutputSplitTransform
Caching disabled for IdentityTransform: C:\Users\Tushal\.gradle\caches\transforms-3\2ad89834384b8ae0058a3bafc4e8b706\transformed\sqlite-framework-2.4.0-runtime.jar because:
  Build cache is disabled
Transforming room-ktx-2.6.1.aar (androidx.room:room-ktx:2.6.1) with DexingNoClasspathTransform
Skipping IdentityTransform: C:\Users\Tushal\.gradle\caches\transforms-3\2ad89834384b8ae0058a3bafc4e8b706\transformed\sqlite-framework-2.4.0-runtime.jar as it is up-to-date.
Caching disabled for IdentityTransform: C:\Users\Tushal\.gradle\caches\transforms-3\3c1ef4502e98e3dc17934de5eb9fa774\transformed\sqlite-2.4.0-runtime.jar because:
  Build cache is disabled
Transforming kotlinx-coroutines-android-1.7.3.jar (org.jetbrains.kotlinx:kotlinx-coroutines-android:1.7.3) with IdentityTransform
Caching disabled for DexingNoClasspathTransform: C:\Users\Tushal\.gradle\caches\transforms-3\12cead41460ffda6a6f1609a54eec42a\transformed\room-ktx-2.6.1-runtime.jar because:
  Build cache is disabled
Transforming kotlinx-coroutines-android-1.7.3.jar (org.jetbrains.kotlinx:kotlinx-coroutines-android:1.7.3) with IdentityTransform
Skipping IdentityTransform: C:\Users\Tushal\.gradle\caches\transforms-3\3c1ef4502e98e3dc17934de5eb9fa774\transformed\sqlite-2.4.0-runtime.jar as it is up-to-date.
Caching disabled for DexingOutputSplitTransform: C:\Users\Tushal\.gradle\caches\transforms-3\79b9b7774a6b6dbcee0425184c97603f\transformed\room-runtime-2.6.1-runtime because:
  Build cache is disabled
Skipping DexingNoClasspathTransform: C:\Users\Tushal\.gradle\caches\transforms-3\12cead41460ffda6a6f1609a54eec42a\transformed\room-ktx-2.6.1-runtime.jar as it is up-to-date.
Skipping DexingOutputSplitTransform: C:\Users\Tushal\.gradle\caches\transforms-3\79b9b7774a6b6dbcee0425184c97603f\transformed\room-runtime-2.6.1-runtime as it is up-to-date.
Transforming kotlinx-coroutines-android-1.7.3.jar (org.jetbrains.kotlinx:kotlinx-coroutines-android:1.7.3) with DexingNoClasspathTransform
Transforming sqlite-framework-2.4.0.aar (androidx.sqlite:sqlite-framework:2.4.0) with DexingNoClasspathTransform
Transforming sqlite-2.4.0.aar (androidx.sqlite:sqlite:2.4.0) with DexingNoClasspathTransform
Transforming kotlinx-coroutines-core-jvm-1.7.3.jar (org.jetbrains.kotlinx:kotlinx-coroutines-core-jvm:1.7.3) with IdentityTransform
Caching disabled for DexingNoClasspathTransform: C:\Users\Tushal\.gradle\caches\transforms-3\2ad89834384b8ae0058a3bafc4e8b706\transformed\sqlite-framework-2.4.0-runtime.jar because:
  Build cache is disabled
Transforming room-ktx-2.6.1.aar (androidx.room:room-ktx:2.6.1) with DexingOutputSplitTransform
Caching disabled for DexingNoClasspathTransform: C:\Users\Tushal\.gradle\caches\transforms-3\3c1ef4502e98e3dc17934de5eb9fa774\transformed\sqlite-2.4.0-runtime.jar because:
  Build cache is disabled
Caching disabled for DexingNoClasspathTransform: C:\Users\Tushal\.gradle\caches\modules-2\files-2.1\org.jetbrains.kotlinx\kotlinx-coroutines-android\1.7.3\38d9cad3a0b03a10453b56577984bdeb48edeed5\kotlinx-coroutines-android-1.7.3.jar because:
  Build cache is disabled
Caching disabled for DexingOutputSplitTransform: C:\Users\Tushal\.gradle\caches\transforms-3\783e252d3a1e86bf3c399e0043f35697\transformed\room-ktx-2.6.1-runtime because:
  Build cache is disabled
Transforming kotlinx-coroutines-core-jvm-1.7.3.jar (org.jetbrains.kotlinx:kotlinx-coroutines-core-jvm:1.7.3) with IdentityTransform
Skipping DexingOutputSplitTransform: C:\Users\Tushal\.gradle\caches\transforms-3\783e252d3a1e86bf3c399e0043f35697\transformed\room-ktx-2.6.1-runtime as it is up-to-date.
Transforming kotlinx-coroutines-core-jvm-1.7.3.jar (org.jetbrains.kotlinx:kotlinx-coroutines-core-jvm:1.7.3) with DexingNoClasspathTransform
Skipping DexingNoClasspathTransform: C:\Users\Tushal\.gradle\caches\modules-2\files-2.1\org.jetbrains.kotlinx\kotlinx-coroutines-android\1.7.3\38d9cad3a0b03a10453b56577984bdeb48edeed5\kotlinx-coroutines-android-1.7.3.jar as it is up-to-date.
Skipping DexingNoClasspathTransform: C:\Users\Tushal\.gradle\caches\transforms-3\3c1ef4502e98e3dc17934de5eb9fa774\transformed\sqlite-2.4.0-runtime.jar as it is up-to-date.
Skipping DexingNoClasspathTransform: C:\Users\Tushal\.gradle\caches\transforms-3\2ad89834384b8ae0058a3bafc4e8b706\transformed\sqlite-framework-2.4.0-runtime.jar as it is up-to-date.
Caching disabled for DexingNoClasspathTransform: C:\Users\Tushal\.gradle\caches\modules-2\files-2.1\org.jetbrains.kotlinx\kotlinx-coroutines-core-jvm\1.7.3\2b09627576f0989a436a00a4a54b55fa5026fb86\kotlinx-coroutines-core-jvm-1.7.3.jar because:
  Build cache is disabled
Transforming okhttp-4.12.0.jar (com.squareup.okhttp3:okhttp:4.12.0) with IdentityTransform
Transforming sqlite-2.4.0.aar (androidx.sqlite:sqlite:2.4.0) with DexingOutputSplitTransform
Transforming okhttp-4.12.0.jar (com.squareup.okhttp3:okhttp:4.12.0) with IdentityTransform
Skipping DexingNoClasspathTransform: C:\Users\Tushal\.gradle\caches\modules-2\files-2.1\org.jetbrains.kotlinx\kotlinx-coroutines-core-jvm\1.7.3\2b09627576f0989a436a00a4a54b55fa5026fb86\kotlinx-coroutines-core-jvm-1.7.3.jar as it is up-to-date.
Caching disabled for DexingOutputSplitTransform: C:\Users\Tushal\.gradle\caches\transforms-3\2ab4b47eb5ad8d97efdb0430ee976ab2\transformed\sqlite-2.4.0-runtime because:
  Build cache is disabled
Transforming okhttp-4.12.0.jar (com.squareup.okhttp3:okhttp:4.12.0) with DexingNoClasspathTransform
Transforming sqlite-framework-2.4.0.aar (androidx.sqlite:sqlite-framework:2.4.0) with DexingOutputSplitTransform
Transforming okio-jvm-3.6.0.jar (com.squareup.okio:okio-jvm:3.6.0) with IdentityTransform
Skipping DexingOutputSplitTransform: C:\Users\Tushal\.gradle\caches\transforms-3\2ab4b47eb5ad8d97efdb0430ee976ab2\transformed\sqlite-2.4.0-runtime as it is up-to-date.
Transforming kotlinx-coroutines-android-1.7.3.jar (org.jetbrains.kotlinx:kotlinx-coroutines-android:1.7.3) with DexingOutputSplitTransform
Caching disabled for DexingNoClasspathTransform: C:\Users\Tushal\.gradle\caches\modules-2\files-2.1\com.squareup.okhttp3\okhttp\4.12.0\2f4525d4a200e97e1b87449c2cd9bd2e25b7e8cd\okhttp-4.12.0.jar because:
  Build cache is disabled
Transforming kotlinx-coroutines-core-jvm-1.7.3.jar (org.jetbrains.kotlinx:kotlinx-coroutines-core-jvm:1.7.3) with DexingOutputSplitTransform
Transforming okio-jvm-3.6.0.jar (com.squareup.okio:okio-jvm:3.6.0) with IdentityTransform
Caching disabled for DexingOutputSplitTransform: C:\Users\Tushal\.gradle\caches\transforms-3\4aff5e383b3be29d3a07943fea5df495\transformed\kotlinx-coroutines-android-1.7.3 because:
  Build cache is disabled
Skipping DexingNoClasspathTransform: C:\Users\Tushal\.gradle\caches\modules-2\files-2.1\com.squareup.okhttp3\okhttp\4.12.0\2f4525d4a200e97e1b87449c2cd9bd2e25b7e8cd\okhttp-4.12.0.jar as it is up-to-date.
Caching disabled for DexingOutputSplitTransform: C:\Users\Tushal\.gradle\caches\transforms-3\8de5f0dd4e4230c6b8d516678f526914\transformed\sqlite-framework-2.4.0-runtime because:
  Build cache is disabled
Skipping DexingOutputSplitTransform: C:\Users\Tushal\.gradle\caches\transforms-3\4aff5e383b3be29d3a07943fea5df495\transformed\kotlinx-coroutines-android-1.7.3 as it is up-to-date.
Caching disabled for DexingOutputSplitTransform: C:\Users\Tushal\.gradle\caches\transforms-3\e28dee5c8132f4d2fb2c4458e0630fbc\transformed\kotlinx-coroutines-core-jvm-1.7.3 because:
  Build cache is disabled
Transforming okio-jvm-3.6.0.jar (com.squareup.okio:okio-jvm:3.6.0) with DexingNoClasspathTransform
Skipping DexingOutputSplitTransform: C:\Users\Tushal\.gradle\caches\transforms-3\e28dee5c8132f4d2fb2c4458e0630fbc\transformed\kotlinx-coroutines-core-jvm-1.7.3 as it is up-to-date.
Skipping DexingOutputSplitTransform: C:\Users\Tushal\.gradle\caches\transforms-3\8de5f0dd4e4230c6b8d516678f526914\transformed\sqlite-framework-2.4.0-runtime as it is up-to-date.
Transforming okhttp-4.12.0.jar (com.squareup.okhttp3:okhttp:4.12.0) with DexingOutputSplitTransform
Caching disabled for DexingNoClasspathTransform: C:\Users\Tushal\.gradle\caches\modules-2\files-2.1\com.squareup.okio\okio-jvm\3.6.0\5600569133b7bdefe1daf9ec7f4abeb6d13e1786\okio-jvm-3.6.0.jar because:
  Build cache is disabled
Transforming kotlin-stdlib-jdk8-1.9.10.jar (org.jetbrains.kotlin:kotlin-stdlib-jdk8:1.9.10) with IdentityTransform
Skipping DexingNoClasspathTransform: C:\Users\Tushal\.gradle\caches\modules-2\files-2.1\com.squareup.okio\okio-jvm\3.6.0\5600569133b7bdefe1daf9ec7f4abeb6d13e1786\okio-jvm-3.6.0.jar as it is up-to-date.
Caching disabled for DexingOutputSplitTransform: C:\Users\Tushal\.gradle\caches\transforms-3\399bfa7dbf2cd351441d9cb1f55b57f6\transformed\okhttp-4.12.0 because:
  Build cache is disabled
Transforming kotlin-stdlib-jdk8-1.9.10.jar (org.jetbrains.kotlin:kotlin-stdlib-jdk8:1.9.10) with IdentityTransform
Skipping DexingOutputSplitTransform: C:\Users\Tushal\.gradle\caches\transforms-3\399bfa7dbf2cd351441d9cb1f55b57f6\transformed\okhttp-4.12.0 as it is up-to-date.
Transforming kotlin-stdlib-jdk8-1.9.10.jar (org.jetbrains.kotlin:kotlin-stdlib-jdk8:1.9.10) with DexingNoClasspathTransform
Transforming kotlin-stdlib-jdk7-1.9.10.jar (org.jetbrains.kotlin:kotlin-stdlib-jdk7:1.9.10) with IdentityTransform
Transforming okio-jvm-3.6.0.jar (com.squareup.okio:okio-jvm:3.6.0) with DexingOutputSplitTransform
Transforming kotlin-stdlib-jdk7-1.9.10.jar (org.jetbrains.kotlin:kotlin-stdlib-jdk7:1.9.10) with IdentityTransform
Caching disabled for DexingNoClasspathTransform: C:\Users\Tushal\.gradle\caches\modules-2\files-2.1\org.jetbrains.kotlin\kotlin-stdlib-jdk8\1.9.10\c7510d64a83411a649c76f2778304ddf71d7437b\kotlin-stdlib-jdk8-1.9.10.jar because:
  Build cache is disabled
Caching disabled for DexingOutputSplitTransform: C:\Users\Tushal\.gradle\caches\transforms-3\e93fb7d8baa4bbdabce0c6d48da1337d\transformed\okio-jvm-3.6.0 because:
  Build cache is disabled
Transforming kotlin-stdlib-jdk7-1.9.10.jar (org.jetbrains.kotlin:kotlin-stdlib-jdk7:1.9.10) with DexingNoClasspathTransform
Skipping DexingOutputSplitTransform: C:\Users\Tushal\.gradle\caches\transforms-3\e93fb7d8baa4bbdabce0c6d48da1337d\transformed\okio-jvm-3.6.0 as it is up-to-date.
Transforming annotation-experimental-1.3.1.aar (androidx.annotation:annotation-experimental:1.3.1) with AarToClassTransform
Skipping DexingNoClasspathTransform: C:\Users\Tushal\.gradle\caches\modules-2\files-2.1\org.jetbrains.kotlin\kotlin-stdlib-jdk8\1.9.10\c7510d64a83411a649c76f2778304ddf71d7437b\kotlin-stdlib-jdk8-1.9.10.jar as it is up-to-date.
Transforming annotation-experimental-1.3.1.aar (androidx.annotation:annotation-experimental:1.3.1) with IdentityTransform
Caching disabled for DexingNoClasspathTransform: C:\Users\Tushal\.gradle\caches\modules-2\files-2.1\org.jetbrains.kotlin\kotlin-stdlib-jdk7\1.9.10\bc5bfc2690338defd5195b05c57562f2194eeb10\kotlin-stdlib-jdk7-1.9.10.jar because:
  Build cache is disabled
Transforming cardview-1.0.0.aar (androidx.cardview:cardview:1.0.0) with AarToClassTransform
Skipping DexingNoClasspathTransform: C:\Users\Tushal\.gradle\caches\modules-2\files-2.1\org.jetbrains.kotlin\kotlin-stdlib-jdk7\1.9.10\bc5bfc2690338defd5195b05c57562f2194eeb10\kotlin-stdlib-jdk7-1.9.10.jar as it is up-to-date.
Transforming cardview-1.0.0.aar (androidx.cardview:cardview:1.0.0) with IdentityTransform
Caching disabled for IdentityTransform: C:\Users\Tushal\.gradle\caches\transforms-3\5fa9a3d97d5c3259c68cdcf89a3cad45\transformed\annotation-experimental-1.3.1-runtime.jar because:
  Build cache is disabled
Transforming security-crypto-1.1.0-alpha06.aar (androidx.security:security-crypto:1.1.0-alpha06) with AarToClassTransform
Skipping IdentityTransform: C:\Users\Tushal\.gradle\caches\transforms-3\5fa9a3d97d5c3259c68cdcf89a3cad45\transformed\annotation-experimental-1.3.1-runtime.jar as it is up-to-date.
Transforming security-crypto-1.1.0-alpha06.aar (androidx.security:security-crypto:1.1.0-alpha06) with IdentityTransform
Caching disabled for IdentityTransform: C:\Users\Tushal\.gradle\caches\transforms-3\498365d055adac2d278d118816e420e3\transformed\cardview-1.0.0-runtime.jar because:
  Build cache is disabled
Transforming kotlin-stdlib-jdk8-1.9.10.jar (org.jetbrains.kotlin:kotlin-stdlib-jdk8:1.9.10) with DexingOutputSplitTransform
Skipping IdentityTransform: C:\Users\Tushal\.gradle\caches\transforms-3\498365d055adac2d278d118816e420e3\transformed\cardview-1.0.0-runtime.jar as it is up-to-date.
Transforming cursoradapter-1.0.0.aar (androidx.cursoradapter:cursoradapter:1.0.0) with AarToClassTransform
Transforming kotlin-stdlib-jdk7-1.9.10.jar (org.jetbrains.kotlin:kotlin-stdlib-jdk7:1.9.10) with DexingOutputSplitTransform
Transforming annotation-experimental-1.3.1.aar (androidx.annotation:annotation-experimental:1.3.1) with DexingNoClasspathTransform
Caching disabled for DexingOutputSplitTransform: C:\Users\Tushal\.gradle\caches\transforms-3\6885c5b40c86638932874eecc0d6e1bc\transformed\kotlin-stdlib-jdk8-1.9.10 because:
  Build cache is disabled
Transforming cursoradapter-1.0.0.aar (androidx.cursoradapter:cursoradapter:1.0.0) with IdentityTransform
Skipping DexingOutputSplitTransform: C:\Users\Tushal\.gradle\caches\transforms-3\6885c5b40c86638932874eecc0d6e1bc\transformed\kotlin-stdlib-jdk8-1.9.10 as it is up-to-date.
Caching disabled for DexingNoClasspathTransform: C:\Users\Tushal\.gradle\caches\transforms-3\5fa9a3d97d5c3259c68cdcf89a3cad45\transformed\annotation-experimental-1.3.1-runtime.jar because:
  Build cache is disabled
Caching disabled for IdentityTransform: C:\Users\Tushal\.gradle\caches\transforms-3\0ba70c9c4320783024b6129973c66f80\transformed\security-crypto-1.1.0-alpha06-runtime.jar because:
  Build cache is disabled
Transforming cardview-1.0.0.aar (androidx.cardview:cardview:1.0.0) with DexingNoClasspathTransform
Caching disabled for IdentityTransform: C:\Users\Tushal\.gradle\caches\transforms-3\a631071df226762273b16e18a68e8ac3\transformed\cursoradapter-1.0.0-runtime.jar because:
  Build cache is disabled
Transforming resourceinspection-annotation-1.0.1.jar (androidx.resourceinspection:resourceinspection-annotation:1.0.1) with IdentityTransform
Caching disabled for DexingOutputSplitTransform: C:\Users\Tushal\.gradle\caches\transforms-3\6978efb8bda7a5ee7219342cfaffc22b\transformed\kotlin-stdlib-jdk7-1.9.10 because:
  Build cache is disabled
Caching disabled for DexingNoClasspathTransform: C:\Users\Tushal\.gradle\caches\transforms-3\498365d055adac2d278d118816e420e3\transformed\cardview-1.0.0-runtime.jar because:
  Build cache is disabled
Transforming resourceinspection-annotation-1.0.1.jar (androidx.resourceinspection:resourceinspection-annotation:1.0.1) with IdentityTransform
Skipping IdentityTransform: C:\Users\Tushal\.gradle\caches\transforms-3\a631071df226762273b16e18a68e8ac3\transformed\cursoradapter-1.0.0-runtime.jar as it is up-to-date.
Transforming resourceinspection-annotation-1.0.1.jar (androidx.resourceinspection:resourceinspection-annotation:1.0.1) with DexingNoClasspathTransform
Skipping IdentityTransform: C:\Users\Tushal\.gradle\caches\transforms-3\0ba70c9c4320783024b6129973c66f80\transformed\security-crypto-1.1.0-alpha06-runtime.jar as it is up-to-date.
Skipping DexingNoClasspathTransform: C:\Users\Tushal\.gradle\caches\transforms-3\5fa9a3d97d5c3259c68cdcf89a3cad45\transformed\annotation-experimental-1.3.1-runtime.jar as it is up-to-date.
Transforming interpolator-1.0.0.aar (androidx.interpolator:interpolator:1.0.0) with AarToClassTransform
Skipping DexingNoClasspathTransform: C:\Users\Tushal\.gradle\caches\transforms-3\498365d055adac2d278d118816e420e3\transformed\cardview-1.0.0-runtime.jar as it is up-to-date.
Caching disabled for DexingNoClasspathTransform: C:\Users\Tushal\.gradle\caches\modules-2\files-2.1\androidx.resourceinspection\resourceinspection-annotation\1.0.1\8c21f8ff5d96d5d52c948707f7e4d6ca6773feef\resourceinspection-annotation-1.0.1.jar because:
  Build cache is disabled
Skipping DexingOutputSplitTransform: C:\Users\Tushal\.gradle\caches\transforms-3\6978efb8bda7a5ee7219342cfaffc22b\transformed\kotlin-stdlib-jdk7-1.9.10 as it is up-to-date.
Skipping DexingNoClasspathTransform: C:\Users\Tushal\.gradle\caches\modules-2\files-2.1\androidx.resourceinspection\resourceinspection-annotation\1.0.1\8c21f8ff5d96d5d52c948707f7e4d6ca6773feef\resourceinspection-annotation-1.0.1.jar as it is up-to-date.
Transforming cursoradapter-1.0.0.aar (androidx.cursoradapter:cursoradapter:1.0.0) with DexingNoClasspathTransform
Transforming interpolator-1.0.0.aar (androidx.interpolator:interpolator:1.0.0) with IdentityTransform
Transforming security-crypto-1.1.0-alpha06.aar (androidx.security:security-crypto:1.1.0-alpha06) with DexingNoClasspathTransform
Caching disabled for DexingNoClasspathTransform: C:\Users\Tushal\.gradle\caches\transforms-3\a631071df226762273b16e18a68e8ac3\transformed\cursoradapter-1.0.0-runtime.jar because:
  Build cache is disabled
Transforming cardview-1.0.0.aar (androidx.cardview:cardview:1.0.0) with DexingOutputSplitTransform
Caching disabled for IdentityTransform: C:\Users\Tushal\.gradle\caches\transforms-3\7ba4fb0b52c3f963bbaafe781af04450\transformed\interpolator-1.0.0-runtime.jar because:
  Build cache is disabled
Caching disabled for DexingNoClasspathTransform: C:\Users\Tushal\.gradle\caches\transforms-3\0ba70c9c4320783024b6129973c66f80\transformed\security-crypto-1.1.0-alpha06-runtime.jar because:
  Build cache is disabled
Skipping IdentityTransform: C:\Users\Tushal\.gradle\caches\transforms-3\7ba4fb0b52c3f963bbaafe781af04450\transformed\interpolator-1.0.0-runtime.jar as it is up-to-date.
Transforming interpolator-1.0.0.aar (androidx.interpolator:interpolator:1.0.0) with AarToClassTransform
Skipping DexingNoClasspathTransform: C:\Users\Tushal\.gradle\caches\transforms-3\0ba70c9c4320783024b6129973c66f80\transformed\security-crypto-1.1.0-alpha06-runtime.jar as it is up-to-date.
Caching disabled for DexingOutputSplitTransform: C:\Users\Tushal\.gradle\caches\transforms-3\766ea2386543552b416dbeae860da769\transformed\cardview-1.0.0-runtime because:
  Build cache is disabled
Transforming resourceinspection-annotation-1.0.1.jar (androidx.resourceinspection:resourceinspection-annotation:1.0.1) with DexingOutputSplitTransform
Skipping DexingNoClasspathTransform: C:\Users\Tushal\.gradle\caches\transforms-3\a631071df226762273b16e18a68e8ac3\transformed\cursoradapter-1.0.0-runtime.jar as it is up-to-date.
Skipping DexingOutputSplitTransform: C:\Users\Tushal\.gradle\caches\transforms-3\766ea2386543552b416dbeae860da769\transformed\cardview-1.0.0-runtime as it is up-to-date.
Transforming annotation-experimental-1.3.1.aar (androidx.annotation:annotation-experimental:1.3.1) with DexingOutputSplitTransform
Caching disabled for DexingOutputSplitTransform: C:\Users\Tushal\.gradle\caches\transforms-3\7ffed64ffe88ba1368e80da80f07abe1\transformed\resourceinspection-annotation-1.0.1 because:
  Build cache is disabled
Transforming interpolator-1.0.0.aar (androidx.interpolator:interpolator:1.0.0) with IdentityTransform
Skipping DexingOutputSplitTransform: C:\Users\Tushal\.gradle\caches\transforms-3\7ffed64ffe88ba1368e80da80f07abe1\transformed\resourceinspection-annotation-1.0.1 as it is up-to-date.
Transforming interpolator-1.0.0.aar (androidx.interpolator:interpolator:1.0.0) with DexingNoClasspathTransform
Transforming security-crypto-1.1.0-alpha06.aar (androidx.security:security-crypto:1.1.0-alpha06) with DexingOutputSplitTransform
Transforming interpolator-1.0.0.aar (androidx.interpolator:interpolator:1.0.0) with DexingNoClasspathTransform
Transforming interpolator-1.0.0.aar (androidx.interpolator:interpolator:1.0.0) with AarToClassTransform
Caching disabled for DexingNoClasspathTransform: C:\Users\Tushal\.gradle\caches\transforms-3\7ba4fb0b52c3f963bbaafe781af04450\transformed\interpolator-1.0.0-runtime.jar because:
  Build cache is disabled
Caching disabled for DexingOutputSplitTransform: C:\Users\Tushal\.gradle\caches\transforms-3\e7a2130612bbe1ec93c6c268e300aa28\transformed\annotation-experimental-1.3.1-runtime because:
  Build cache is disabled
Skipping DexingNoClasspathTransform: C:\Users\Tushal\.gradle\caches\transforms-3\7ba4fb0b52c3f963bbaafe781af04450\transformed\interpolator-1.0.0-runtime.jar as it is up-to-date.
Skipping DexingOutputSplitTransform: C:\Users\Tushal\.gradle\caches\transforms-3\e7a2130612bbe1ec93c6c268e300aa28\transformed\annotation-experimental-1.3.1-runtime as it is up-to-date.
Transforming cursoradapter-1.0.0.aar (androidx.cursoradapter:cursoradapter:1.0.0) with DexingOutputSplitTransform
Transforming interpolator-1.0.0.aar (androidx.interpolator:interpolator:1.0.0) with IdentityTransform
Caching disabled for DexingOutputSplitTransform: C:\Users\Tushal\.gradle\caches\transforms-3\e1e3a3ddab154a171cb6a92876ab7c42\transformed\security-crypto-1.1.0-alpha06-runtime because:
  Build cache is disabled
Transforming interpolator-1.0.0.aar (androidx.interpolator:interpolator:1.0.0) with DexingNoClasspathTransform
Skipping DexingOutputSplitTransform: C:\Users\Tushal\.gradle\caches\transforms-3\e1e3a3ddab154a171cb6a92876ab7c42\transformed\security-crypto-1.1.0-alpha06-runtime as it is up-to-date.
Caching disabled for DexingOutputSplitTransform: C:\Users\Tushal\.gradle\caches\transforms-3\d1b0d41e91c2f40d05c6ab14cdf8c562\transformed\cursoradapter-1.0.0-runtime because:
  Build cache is disabled
Transforming core-runtime-2.2.0.aar (androidx.arch.core:core-runtime:2.2.0) with AarToClassTransform
Transforming interpolator-1.0.0.aar (androidx.interpolator:interpolator:1.0.0) with DexingOutputSplitTransform
Transforming core-runtime-2.2.0.aar (androidx.arch.core:core-runtime:2.2.0) with IdentityTransform
Skipping DexingOutputSplitTransform: C:\Users\Tushal\.gradle\caches\transforms-3\d1b0d41e91c2f40d05c6ab14cdf8c562\transformed\cursoradapter-1.0.0-runtime as it is up-to-date.
Transforming interpolator-1.0.0.aar (androidx.interpolator:interpolator:1.0.0) with DexingOutputSplitTransform
Transforming interpolator-1.0.0.aar (androidx.interpolator:interpolator:1.0.0) with DexingOutputSplitTransform
Caching disabled for DexingOutputSplitTransform: C:\Users\Tushal\.gradle\caches\transforms-3\a4a6b07efec8231df101d101fd45740e\transformed\interpolator-1.0.0-runtime because:
  Build cache is disabled
Transforming exifinterface-1.3.6.aar (androidx.exifinterface:exifinterface:1.3.6) with AarToClassTransform
Caching disabled for IdentityTransform: C:\Users\Tushal\.gradle\caches\transforms-3\01882f1fa78e47fea92b3c16a2427c3f\transformed\core-runtime-2.2.0-runtime.jar because:
  Build cache is disabled
Skipping DexingOutputSplitTransform: C:\Users\Tushal\.gradle\caches\transforms-3\a4a6b07efec8231df101d101fd45740e\transformed\interpolator-1.0.0-runtime as it is up-to-date.
Skipping IdentityTransform: C:\Users\Tushal\.gradle\caches\transforms-3\01882f1fa78e47fea92b3c16a2427c3f\transformed\core-runtime-2.2.0-runtime.jar as it is up-to-date.
Transforming exifinterface-1.3.6.aar (androidx.exifinterface:exifinterface:1.3.6) with IdentityTransform
Transforming gifdecoder-4.16.0.aar (com.github.bumptech.glide:gifdecoder:4.16.0) with AarToClassTransform
Transforming gifdecoder-4.16.0.aar (com.github.bumptech.glide:gifdecoder:4.16.0) with IdentityTransform
Transforming profileinstaller-1.3.1.aar (androidx.profileinstaller:profileinstaller:1.3.1) with AarToClassTransform
Transforming profileinstaller-1.3.1.aar (androidx.profileinstaller:profileinstaller:1.3.1) with IdentityTransform
Caching disabled for IdentityTransform: C:\Users\Tushal\.gradle\caches\transforms-3\584ce0bbe13b61b7083afb548a76041a\transformed\exifinterface-1.3.6-runtime.jar because:
  Build cache is disabled
Caching disabled for IdentityTransform: C:\Users\Tushal\.gradle\caches\transforms-3\ed2307686641d7434675cc849a816321\transformed\gifdecoder-4.16.0-runtime.jar because:
  Build cache is disabled
Skipping IdentityTransform: C:\Users\Tushal\.gradle\caches\transforms-3\584ce0bbe13b61b7083afb548a76041a\transformed\exifinterface-1.3.6-runtime.jar as it is up-to-date.
Skipping IdentityTransform: C:\Users\Tushal\.gradle\caches\transforms-3\ed2307686641d7434675cc849a816321\transformed\gifdecoder-4.16.0-runtime.jar as it is up-to-date.
Transforming startup-runtime-1.1.1.aar (androidx.startup:startup-runtime:1.1.1) with AarToClassTransform
Transforming core-runtime-2.2.0.aar (androidx.arch.core:core-runtime:2.2.0) with DexingNoClasspathTransform
Caching disabled for IdentityTransform: C:\Users\Tushal\.gradle\caches\transforms-3\198fd2d8bee6b770c83dc65020e55412\transformed\profileinstaller-1.3.1-runtime.jar because:
  Build cache is disabled
Transforming startup-runtime-1.1.1.aar (androidx.startup:startup-runtime:1.1.1) with IdentityTransform
Skipping IdentityTransform: C:\Users\Tushal\.gradle\caches\transforms-3\198fd2d8bee6b770c83dc65020e55412\transformed\profileinstaller-1.3.1-runtime.jar as it is up-to-date.
Caching disabled for DexingNoClasspathTransform: C:\Users\Tushal\.gradle\caches\transforms-3\01882f1fa78e47fea92b3c16a2427c3f\transformed\core-runtime-2.2.0-runtime.jar because:
  Build cache is disabled
Transforming tracing-1.0.0.aar (androidx.tracing:tracing:1.0.0) with AarToClassTransform
Caching disabled for IdentityTransform: C:\Users\Tushal\.gradle\caches\transforms-3\e2c2574e128a2825b27e14215e1817f2\transformed\startup-runtime-1.1.1-runtime.jar because:
  Build cache is disabled
Transforming gifdecoder-4.16.0.aar (com.github.bumptech.glide:gifdecoder:4.16.0) with DexingNoClasspathTransform
Skipping DexingNoClasspathTransform: C:\Users\Tushal\.gradle\caches\transforms-3\01882f1fa78e47fea92b3c16a2427c3f\transformed\core-runtime-2.2.0-runtime.jar as it is up-to-date.
Transforming exifinterface-1.3.6.aar (androidx.exifinterface:exifinterface:1.3.6) with DexingNoClasspathTransform
Skipping IdentityTransform: C:\Users\Tushal\.gradle\caches\transforms-3\e2c2574e128a2825b27e14215e1817f2\transformed\startup-runtime-1.1.1-runtime.jar as it is up-to-date.
Transforming profileinstaller-1.3.1.aar (androidx.profileinstaller:profileinstaller:1.3.1) with DexingNoClasspathTransform
Caching disabled for DexingNoClasspathTransform: C:\Users\Tushal\.gradle\caches\transforms-3\584ce0bbe13b61b7083afb548a76041a\transformed\exifinterface-1.3.6-runtime.jar because:
  Build cache is disabled
Transforming tracing-1.0.0.aar (androidx.tracing:tracing:1.0.0) with IdentityTransform
Caching disabled for DexingNoClasspathTransform: C:\Users\Tushal\.gradle\caches\transforms-3\198fd2d8bee6b770c83dc65020e55412\transformed\profileinstaller-1.3.1-runtime.jar because:
  Build cache is disabled
Transforming versionedparcelable-1.1.1.aar (androidx.versionedparcelable:versionedparcelable:1.1.1) with AarToClassTransform
Caching disabled for DexingNoClasspathTransform: C:\Users\Tushal\.gradle\caches\transforms-3\ed2307686641d7434675cc849a816321\transformed\gifdecoder-4.16.0-runtime.jar because:
  Build cache is disabled
Skipping DexingNoClasspathTransform: C:\Users\Tushal\.gradle\caches\transforms-3\198fd2d8bee6b770c83dc65020e55412\transformed\profileinstaller-1.3.1-runtime.jar as it is up-to-date.
Transforming startup-runtime-1.1.1.aar (androidx.startup:startup-runtime:1.1.1) with DexingNoClasspathTransform
Transforming versionedparcelable-1.1.1.aar (androidx.versionedparcelable:versionedparcelable:1.1.1) with IdentityTransform
Skipping DexingNoClasspathTransform: C:\Users\Tushal\.gradle\caches\transforms-3\584ce0bbe13b61b7083afb548a76041a\transformed\exifinterface-1.3.6-runtime.jar as it is up-to-date.
Transforming core-common-2.2.0.jar (androidx.arch.core:core-common:2.2.0) with IdentityTransform
Skipping DexingNoClasspathTransform: C:\Users\Tushal\.gradle\caches\transforms-3\ed2307686641d7434675cc849a816321\transformed\gifdecoder-4.16.0-runtime.jar as it is up-to-date.
Caching disabled for IdentityTransform: C:\Users\Tushal\.gradle\caches\transforms-3\106a42e0df8d2faa3b4a0a51fe9f7420\transformed\versionedparcelable-1.1.1-runtime.jar because:
  Build cache is disabled
Caching disabled for IdentityTransform: C:\Users\Tushal\.gradle\caches\transforms-3\8d21ea94d3697e0f4774a15733821265\transformed\tracing-1.0.0-runtime.jar because:
  Build cache is disabled
Transforming profileinstaller-1.3.1.aar (androidx.profileinstaller:profileinstaller:1.3.1) with DexingOutputSplitTransform
Skipping IdentityTransform: C:\Users\Tushal\.gradle\caches\transforms-3\8d21ea94d3697e0f4774a15733821265\transformed\tracing-1.0.0-runtime.jar as it is up-to-date.
Transforming core-runtime-2.2.0.aar (androidx.arch.core:core-runtime:2.2.0) with DexingOutputSplitTransform
Skipping IdentityTransform: C:\Users\Tushal\.gradle\caches\transforms-3\106a42e0df8d2faa3b4a0a51fe9f7420\transformed\versionedparcelable-1.1.1-runtime.jar as it is up-to-date.
Caching disabled for DexingOutputSplitTransform: C:\Users\Tushal\.gradle\caches\transforms-3\4b84a763aad218ce7e21014d902417af\transformed\core-runtime-2.2.0-runtime because:
  Build cache is disabled
Transforming gifdecoder-4.16.0.aar (com.github.bumptech.glide:gifdecoder:4.16.0) with DexingOutputSplitTransform
Skipping DexingOutputSplitTransform: C:\Users\Tushal\.gradle\caches\transforms-3\4b84a763aad218ce7e21014d902417af\transformed\core-runtime-2.2.0-runtime as it is up-to-date.
Caching disabled for DexingNoClasspathTransform: C:\Users\Tushal\.gradle\caches\transforms-3\e2c2574e128a2825b27e14215e1817f2\transformed\startup-runtime-1.1.1-runtime.jar because:
  Build cache is disabled
Transforming core-common-2.2.0.jar (androidx.arch.core:core-common:2.2.0) with IdentityTransform
Skipping DexingNoClasspathTransform: C:\Users\Tushal\.gradle\caches\transforms-3\e2c2574e128a2825b27e14215e1817f2\transformed\startup-runtime-1.1.1-runtime.jar as it is up-to-date.
Caching disabled for DexingOutputSplitTransform: C:\Users\Tushal\.gradle\caches\transforms-3\1e907d0bdb0beac1121489820871bef4\transformed\gifdecoder-4.16.0-runtime because:
  Build cache is disabled
Transforming exifinterface-1.3.6.aar (androidx.exifinterface:exifinterface:1.3.6) with DexingOutputSplitTransform
Skipping DexingOutputSplitTransform: C:\Users\Tushal\.gradle\caches\transforms-3\1e907d0bdb0beac1121489820871bef4\transformed\gifdecoder-4.16.0-runtime as it is up-to-date.
Transforming versionedparcelable-1.1.1.aar (androidx.versionedparcelable:versionedparcelable:1.1.1) with DexingNoClasspathTransform
Caching disabled for DexingOutputSplitTransform: C:\Users\Tushal\.gradle\caches\transforms-3\76e94defbd149d724deb9d65702e01fa\transformed\profileinstaller-1.3.1-runtime because:
  Build cache is disabled
Transforming tracing-1.0.0.aar (androidx.tracing:tracing:1.0.0) with DexingNoClasspathTransform
Transforming startup-runtime-1.1.1.aar (androidx.startup:startup-runtime:1.1.1) with DexingOutputSplitTransform
Transforming core-common-2.2.0.jar (androidx.arch.core:core-common:2.2.0) with DexingNoClasspathTransform
Caching disabled for DexingNoClasspathTransform: C:\Users\Tushal\.gradle\caches\transforms-3\8d21ea94d3697e0f4774a15733821265\transformed\tracing-1.0.0-runtime.jar because:
  Build cache is disabled
Skipping DexingOutputSplitTransform: C:\Users\Tushal\.gradle\caches\transforms-3\76e94defbd149d724deb9d65702e01fa\transformed\profileinstaller-1.3.1-runtime as it is up-to-date.
Caching disabled for DexingOutputSplitTransform: C:\Users\Tushal\.gradle\caches\transforms-3\f41e5db895a889f257c9d405ce8896a1\transformed\exifinterface-1.3.6-runtime because:
  Build cache is disabled
Caching disabled for DexingNoClasspathTransform: C:\Users\Tushal\.gradle\caches\modules-2\files-2.1\androidx.arch.core\core-common\2.2.0\5e1b8b81dfd5f52c56a8d53b18ca759c19a301f3\core-common-2.2.0.jar because:
  Build cache is disabled
Skipping DexingNoClasspathTransform: C:\Users\Tushal\.gradle\caches\transforms-3\8d21ea94d3697e0f4774a15733821265\transformed\tracing-1.0.0-runtime.jar as it is up-to-date.
Skipping DexingNoClasspathTransform: C:\Users\Tushal\.gradle\caches\modules-2\files-2.1\androidx.arch.core\core-common\2.2.0\5e1b8b81dfd5f52c56a8d53b18ca759c19a301f3\core-common-2.2.0.jar as it is up-to-date.
Transforming documentfile-1.0.0.aar (androidx.documentfile:documentfile:1.0.0) with AarToClassTransform
Caching disabled for DexingNoClasspathTransform: C:\Users\Tushal\.gradle\caches\transforms-3\106a42e0df8d2faa3b4a0a51fe9f7420\transformed\versionedparcelable-1.1.1-runtime.jar because:
  Build cache is disabled
Caching disabled for DexingOutputSplitTransform: C:\Users\Tushal\.gradle\caches\transforms-3\876970ea4dd0c155e7fe565f988df632\transformed\startup-runtime-1.1.1-runtime because:
  Build cache is disabled
Skipping DexingNoClasspathTransform: C:\Users\Tushal\.gradle\caches\transforms-3\106a42e0df8d2faa3b4a0a51fe9f7420\transformed\versionedparcelable-1.1.1-runtime.jar as it is up-to-date.
Skipping DexingOutputSplitTransform: C:\Users\Tushal\.gradle\caches\transforms-3\876970ea4dd0c155e7fe565f988df632\transformed\startup-runtime-1.1.1-runtime as it is up-to-date.
Transforming documentfile-1.0.0.aar (androidx.documentfile:documentfile:1.0.0) with IdentityTransform
Skipping DexingOutputSplitTransform: C:\Users\Tushal\.gradle\caches\transforms-3\f41e5db895a889f257c9d405ce8896a1\transformed\exifinterface-1.3.6-runtime as it is up-to-date.
Transforming localbroadcastmanager-1.0.0.aar (androidx.localbroadcastmanager:localbroadcastmanager:1.0.0) with AarToClassTransform
Transforming tracing-1.0.0.aar (androidx.tracing:tracing:1.0.0) with DexingOutputSplitTransform
Transforming localbroadcastmanager-1.0.0.aar (androidx.localbroadcastmanager:localbroadcastmanager:1.0.0) with IdentityTransform
Transforming print-1.0.0.aar (androidx.print:print:1.0.0) with AarToClassTransform
Transforming core-common-2.2.0.jar (androidx.arch.core:core-common:2.2.0) with DexingOutputSplitTransform
Caching disabled for DexingOutputSplitTransform: C:\Users\Tushal\.gradle\caches\transforms-3\654b3b3844c1bf6330ebad38f39e1c1b\transformed\tracing-1.0.0-runtime because:
  Build cache is disabled
Transforming print-1.0.0.aar (androidx.print:print:1.0.0) with IdentityTransform
Caching disabled for IdentityTransform: C:\Users\Tushal\.gradle\caches\transforms-3\c5966fb959487af0953564013fdd32fc\transformed\documentfile-1.0.0-runtime.jar because:
  Build cache is disabled
Transforming versionedparcelable-1.1.1.aar (androidx.versionedparcelable:versionedparcelable:1.1.1) with DexingOutputSplitTransform
Transforming collection-jvm-1.3.0.jar (androidx.collection:collection-jvm:1.3.0) with IdentityTransform
Skipping DexingOutputSplitTransform: C:\Users\Tushal\.gradle\caches\transforms-3\654b3b3844c1bf6330ebad38f39e1c1b\transformed\tracing-1.0.0-runtime as it is up-to-date.
Caching disabled for DexingOutputSplitTransform: C:\Users\Tushal\.gradle\caches\transforms-3\7198f539ddd15c8b61d6b62d03af9dd4\transformed\core-common-2.2.0 because:
  Build cache is disabled
Caching disabled for IdentityTransform: C:\Users\Tushal\.gradle\caches\transforms-3\e400abf728c2066a460edb7413978c49\transformed\localbroadcastmanager-1.0.0-runtime.jar because:
  Build cache is disabled
Transforming collection-jvm-1.3.0.jar (androidx.collection:collection-jvm:1.3.0) with IdentityTransform
Caching disabled for IdentityTransform: C:\Users\Tushal\.gradle\caches\transforms-3\4072087cd584fd76fb8e13402b7bdf59\transformed\print-1.0.0-runtime.jar because:
  Build cache is disabled
Skipping IdentityTransform: C:\Users\Tushal\.gradle\caches\transforms-3\c5966fb959487af0953564013fdd32fc\transformed\documentfile-1.0.0-runtime.jar as it is up-to-date.
Skipping IdentityTransform: C:\Users\Tushal\.gradle\caches\transforms-3\4072087cd584fd76fb8e13402b7bdf59\transformed\print-1.0.0-runtime.jar as it is up-to-date.
Transforming collection-jvm-1.3.0.jar (androidx.collection:collection-jvm:1.3.0) with DexingNoClasspathTransform
Skipping IdentityTransform: C:\Users\Tushal\.gradle\caches\transforms-3\e400abf728c2066a460edb7413978c49\transformed\localbroadcastmanager-1.0.0-runtime.jar as it is up-to-date.
Transforming concurrent-futures-1.1.0.jar (androidx.concurrent:concurrent-futures:1.1.0) with IdentityTransform
Skipping DexingOutputSplitTransform: C:\Users\Tushal\.gradle\caches\transforms-3\7198f539ddd15c8b61d6b62d03af9dd4\transformed\core-common-2.2.0 as it is up-to-date.
Caching disabled for DexingNoClasspathTransform: C:\Users\Tushal\.gradle\caches\modules-2\files-2.1\androidx.collection\collection-jvm\1.3.0\33d8b28dca2450e8656cfa23316eb656fb6f1299\collection-jvm-1.3.0.jar because:
  Build cache is disabled
Caching disabled for DexingOutputSplitTransform: C:\Users\Tushal\.gradle\caches\transforms-3\dfff1e6fd97e69c6cd718f84a509f2ec\transformed\versionedparcelable-1.1.1-runtime because:
  Build cache is disabled
Skipping DexingNoClasspathTransform: C:\Users\Tushal\.gradle\caches\modules-2\files-2.1\androidx.collection\collection-jvm\1.3.0\33d8b28dca2450e8656cfa23316eb656fb6f1299\collection-jvm-1.3.0.jar as it is up-to-date.
Skipping DexingOutputSplitTransform: C:\Users\Tushal\.gradle\caches\transforms-3\dfff1e6fd97e69c6cd718f84a509f2ec\transformed\versionedparcelable-1.1.1-runtime as it is up-to-date.
Transforming documentfile-1.0.0.aar (androidx.documentfile:documentfile:1.0.0) with DexingNoClasspathTransform
Transforming concurrent-futures-1.1.0.jar (androidx.concurrent:concurrent-futures:1.1.0) with IdentityTransform
Transforming print-1.0.0.aar (androidx.print:print:1.0.0) with DexingNoClasspathTransform
Caching disabled for DexingNoClasspathTransform: C:\Users\Tushal\.gradle\caches\transforms-3\c5966fb959487af0953564013fdd32fc\transformed\documentfile-1.0.0-runtime.jar because:
  Build cache is disabled
Transforming localbroadcastmanager-1.0.0.aar (androidx.localbroadcastmanager:localbroadcastmanager:1.0.0) with DexingNoClasspathTransform
Caching disabled for DexingNoClasspathTransform: C:\Users\Tushal\.gradle\caches\transforms-3\4072087cd584fd76fb8e13402b7bdf59\transformed\print-1.0.0-runtime.jar because:
  Build cache is disabled
Skipping DexingNoClasspathTransform: C:\Users\Tushal\.gradle\caches\transforms-3\c5966fb959487af0953564013fdd32fc\transformed\documentfile-1.0.0-runtime.jar as it is up-to-date.
Transforming collection-jvm-1.3.0.jar (androidx.collection:collection-jvm:1.3.0) with DexingOutputSplitTransform
Transforming concurrent-futures-1.1.0.jar (androidx.concurrent:concurrent-futures:1.1.0) with DexingNoClasspathTransform
Caching disabled for DexingNoClasspathTransform: C:\Users\Tushal\.gradle\caches\transforms-3\e400abf728c2066a460edb7413978c49\transformed\localbroadcastmanager-1.0.0-runtime.jar because:
  Build cache is disabled
Skipping DexingNoClasspathTransform: C:\Users\Tushal\.gradle\caches\transforms-3\4072087cd584fd76fb8e13402b7bdf59\transformed\print-1.0.0-runtime.jar as it is up-to-date.
Skipping DexingNoClasspathTransform: C:\Users\Tushal\.gradle\caches\transforms-3\e400abf728c2066a460edb7413978c49\transformed\localbroadcastmanager-1.0.0-runtime.jar as it is up-to-date.
Caching disabled for DexingOutputSplitTransform: C:\Users\Tushal\.gradle\caches\transforms-3\2a57e93c08a3690f97c656a319f4de27\transformed\collection-jvm-1.3.0 because:
  Build cache is disabled
Transforming annotation-jvm-1.7.0.jar (androidx.annotation:annotation-jvm:1.7.0) with IdentityTransform
Skipping DexingOutputSplitTransform: C:\Users\Tushal\.gradle\caches\transforms-3\2a57e93c08a3690f97c656a319f4de27\transformed\collection-jvm-1.3.0 as it is up-to-date.
Transforming documentfile-1.0.0.aar (androidx.documentfile:documentfile:1.0.0) with DexingOutputSplitTransform
Caching disabled for DexingNoClasspathTransform: C:\Users\Tushal\.gradle\caches\modules-2\files-2.1\androidx.concurrent\concurrent-futures\1.1.0\50b7fb98350d5f42a4e49704b03278542293ba48\concurrent-futures-1.1.0.jar because:
  Build cache is disabled
Caching disabled for DexingOutputSplitTransform: C:\Users\Tushal\.gradle\caches\transforms-3\9961936f3ee71323d1438ee647d7acc9\transformed\documentfile-1.0.0-runtime because:
  Build cache is disabled
Transforming annotation-jvm-1.7.0.jar (androidx.annotation:annotation-jvm:1.7.0) with IdentityTransform
Skipping DexingNoClasspathTransform: C:\Users\Tushal\.gradle\caches\modules-2\files-2.1\androidx.concurrent\concurrent-futures\1.1.0\50b7fb98350d5f42a4e49704b03278542293ba48\concurrent-futures-1.1.0.jar as it is up-to-date.
Transforming annotation-jvm-1.7.0.jar (androidx.annotation:annotation-jvm:1.7.0) with DexingNoClasspathTransform
Transforming print-1.0.0.aar (androidx.print:print:1.0.0) with DexingOutputSplitTransform
Transforming kotlin-stdlib-1.9.21.jar (org.jetbrains.kotlin:kotlin-stdlib:1.9.21) with IdentityTransform
Transforming localbroadcastmanager-1.0.0.aar (androidx.localbroadcastmanager:localbroadcastmanager:1.0.0) with DexingOutputSplitTransform
Skipping DexingOutputSplitTransform: C:\Users\Tushal\.gradle\caches\transforms-3\9961936f3ee71323d1438ee647d7acc9\transformed\documentfile-1.0.0-runtime as it is up-to-date.
Caching disabled for DexingOutputSplitTransform: C:\Users\Tushal\.gradle\caches\transforms-3\0d5fd0abbd266db801f474cf08a8eebd\transformed\print-1.0.0-runtime because:
  Build cache is disabled
Caching disabled for DexingNoClasspathTransform: C:\Users\Tushal\.gradle\caches\modules-2\files-2.1\androidx.annotation\annotation-jvm\1.7.0\920472d40adcdef5e18708976b3e314f9a636fcd\annotation-jvm-1.7.0.jar because:
  Build cache is disabled
Transforming kotlin-stdlib-1.9.21.jar (org.jetbrains.kotlin:kotlin-stdlib:1.9.21) with IdentityTransform
Caching disabled for DexingOutputSplitTransform: C:\Users\Tushal\.gradle\caches\transforms-3\923fbeb00d1e6a8d5a2d87330baf1bc3\transformed\localbroadcastmanager-1.0.0-runtime because:
  Build cache is disabled
Skipping DexingOutputSplitTransform: C:\Users\Tushal\.gradle\caches\transforms-3\0d5fd0abbd266db801f474cf08a8eebd\transformed\print-1.0.0-runtime as it is up-to-date.
Skipping DexingOutputSplitTransform: C:\Users\Tushal\.gradle\caches\transforms-3\923fbeb00d1e6a8d5a2d87330baf1bc3\transformed\localbroadcastmanager-1.0.0-runtime as it is up-to-date.
Transforming kotlin-stdlib-1.9.21.jar (org.jetbrains.kotlin:kotlin-stdlib:1.9.21) with DexingNoClasspathTransform
Skipping DexingNoClasspathTransform: C:\Users\Tushal\.gradle\caches\modules-2\files-2.1\androidx.annotation\annotation-jvm\1.7.0\920472d40adcdef5e18708976b3e314f9a636fcd\annotation-jvm-1.7.0.jar as it is up-to-date.
Transforming multidex-2.0.1.aar (androidx.multidex:multidex:2.0.1) with AarToClassTransform
Transforming multidex-2.0.1.aar (androidx.multidex:multidex:2.0.1) with IdentityTransform
Transforming concurrent-futures-1.1.0.jar (androidx.concurrent:concurrent-futures:1.1.0) with DexingOutputSplitTransform
Caching disabled for DexingNoClasspathTransform: C:\Users\Tushal\.gradle\caches\modules-2\files-2.1\org.jetbrains.kotlin\kotlin-stdlib\1.9.21\17ee3e873d439566c7d8354403b5f3d9744c4c9c\kotlin-stdlib-1.9.21.jar because:
  Build cache is disabled
Transforming tink-android-1.8.0.jar (com.google.crypto.tink:tink-android:1.8.0) with IdentityTransform
Caching disabled for DexingOutputSplitTransform: C:\Users\Tushal\.gradle\caches\transforms-3\8122ef5401f476b123a4a83de9c4905f\transformed\concurrent-futures-1.1.0 because:
  Build cache is disabled
Transforming tink-android-1.8.0.jar (com.google.crypto.tink:tink-android:1.8.0) with IdentityTransform
Skipping DexingOutputSplitTransform: C:\Users\Tushal\.gradle\caches\transforms-3\8122ef5401f476b123a4a83de9c4905f\transformed\concurrent-futures-1.1.0 as it is up-to-date.
Transforming annotation-jvm-1.7.0.jar (androidx.annotation:annotation-jvm:1.7.0) with DexingOutputSplitTransform
Skipping DexingNoClasspathTransform: C:\Users\Tushal\.gradle\caches\modules-2\files-2.1\org.jetbrains.kotlin\kotlin-stdlib\1.9.21\17ee3e873d439566c7d8354403b5f3d9744c4c9c\kotlin-stdlib-1.9.21.jar as it is up-to-date.
Caching disabled for IdentityTransform: C:\Users\Tushal\.gradle\caches\transforms-3\21b0eb0141af758ef7d2518358330634\transformed\multidex-2.0.1-runtime.jar because:
  Build cache is disabled
Transforming tink-android-1.8.0.jar (com.google.crypto.tink:tink-android:1.8.0) with DexingNoClasspathTransform
Skipping IdentityTransform: C:\Users\Tushal\.gradle\caches\transforms-3\21b0eb0141af758ef7d2518358330634\transformed\multidex-2.0.1-runtime.jar as it is up-to-date.
Caching disabled for DexingOutputSplitTransform: C:\Users\Tushal\.gradle\caches\transforms-3\391abc5e32f91db87a192e239dfb6bdb\transformed\annotation-jvm-1.7.0 because:
  Build cache is disabled
Transforming gson-2.10.1.jar (com.google.code.gson:gson:2.10.1) with IdentityTransform
Caching disabled for DexingNoClasspathTransform: C:\Users\Tushal\.gradle\caches\modules-2\files-2.1\com.google.crypto.tink\tink-android\1.8.0\bda82b49568d444a3b54773ca5aa487816473295\tink-android-1.8.0.jar because:
  Build cache is disabled
Skipping DexingOutputSplitTransform: C:\Users\Tushal\.gradle\caches\transforms-3\391abc5e32f91db87a192e239dfb6bdb\transformed\annotation-jvm-1.7.0 as it is up-to-date.
Skipping DexingNoClasspathTransform: C:\Users\Tushal\.gradle\caches\modules-2\files-2.1\com.google.crypto.tink\tink-android\1.8.0\bda82b49568d444a3b54773ca5aa487816473295\tink-android-1.8.0.jar as it is up-to-date.
Transforming gson-2.10.1.jar (com.google.code.gson:gson:2.10.1) with IdentityTransform
Transforming multidex-2.0.1.aar (androidx.multidex:multidex:2.0.1) with DexingNoClasspathTransform
Transforming kotlin-stdlib-1.9.21.jar (org.jetbrains.kotlin:kotlin-stdlib:1.9.21) with DexingOutputSplitTransform
Transforming gson-2.10.1.jar (com.google.code.gson:gson:2.10.1) with DexingNoClasspathTransform
Transforming exp4j-0.4.8.jar (net.objecthunter:exp4j:0.4.8) with IdentityTransform
Transforming exp4j-0.4.8.jar (net.objecthunter:exp4j:0.4.8) with IdentityTransform
Caching disabled for DexingOutputSplitTransform: C:\Users\Tushal\.gradle\caches\transforms-3\86a9c9f6a44c0174ea8f1c9cce5253ca\transformed\kotlin-stdlib-1.9.21 because:
  Build cache is disabled
Transforming exp4j-0.4.8.jar (net.objecthunter:exp4j:0.4.8) with DexingNoClasspathTransform
Skipping DexingOutputSplitTransform: C:\Users\Tushal\.gradle\caches\transforms-3\86a9c9f6a44c0174ea8f1c9cce5253ca\transformed\kotlin-stdlib-1.9.21 as it is up-to-date.
Caching disabled for DexingNoClasspathTransform: C:\Users\Tushal\.gradle\caches\transforms-3\21b0eb0141af758ef7d2518358330634\transformed\multidex-2.0.1-runtime.jar because:
  Build cache is disabled
Transforming tink-android-1.8.0.jar (com.google.crypto.tink:tink-android:1.8.0) with DexingOutputSplitTransform
Caching disabled for DexingNoClasspathTransform: C:\Users\Tushal\.gradle\caches\modules-2\files-2.1\com.google.code.gson\gson\2.10.1\b3add478d4382b78ea20b1671390a858002feb6c\gson-2.10.1.jar because:
  Build cache is disabled
Caching disabled for DexingNoClasspathTransform: C:\Users\Tushal\.gradle\caches\modules-2\files-2.1\net.objecthunter\exp4j\0.4.8\cf1cfc0f958077d86ac7452c7e36d944689b2ec4\exp4j-0.4.8.jar because:
  Build cache is disabled
Transforming annotations-23.0.0.jar (org.jetbrains:annotations:23.0.0) with IdentityTransform
Skipping DexingNoClasspathTransform: C:\Users\Tushal\.gradle\caches\transforms-3\21b0eb0141af758ef7d2518358330634\transformed\multidex-2.0.1-runtime.jar as it is up-to-date.
Transforming annotations-23.0.0.jar (org.jetbrains:annotations:23.0.0) with IdentityTransform
Skipping DexingNoClasspathTransform: C:\Users\Tushal\.gradle\caches\modules-2\files-2.1\net.objecthunter\exp4j\0.4.8\cf1cfc0f958077d86ac7452c7e36d944689b2ec4\exp4j-0.4.8.jar as it is up-to-date.
Skipping DexingNoClasspathTransform: C:\Users\Tushal\.gradle\caches\modules-2\files-2.1\com.google.code.gson\gson\2.10.1\b3add478d4382b78ea20b1671390a858002feb6c\gson-2.10.1.jar as it is up-to-date.
Transforming annotations-23.0.0.jar (org.jetbrains:annotations:23.0.0) with DexingNoClasspathTransform
Caching disabled for DexingOutputSplitTransform: C:\Users\Tushal\.gradle\caches\transforms-3\05540ba9b8b06c2058e1ae12d8abdd13\transformed\tink-android-1.8.0 because:
  Build cache is disabled
Transforming error_prone_annotations-2.15.0.jar (com.google.errorprone:error_prone_annotations:2.15.0) with IdentityTransform
Caching disabled for DexingNoClasspathTransform: C:\Users\Tushal\.gradle\caches\modules-2\files-2.1\org.jetbrains\annotations\23.0.0\8cc20c07506ec18e0834947b84a864bfc094484e\annotations-23.0.0.jar because:
  Build cache is disabled
Transforming error_prone_annotations-2.15.0.jar (com.google.errorprone:error_prone_annotations:2.15.0) with IdentityTransform
Skipping DexingNoClasspathTransform: C:\Users\Tushal\.gradle\caches\modules-2\files-2.1\org.jetbrains\annotations\23.0.0\8cc20c07506ec18e0834947b84a864bfc094484e\annotations-23.0.0.jar as it is up-to-date.
Transforming gson-2.10.1.jar (com.google.code.gson:gson:2.10.1) with DexingOutputSplitTransform
Transforming multidex-2.0.1.aar (androidx.multidex:multidex:2.0.1) with DexingOutputSplitTransform
Transforming error_prone_annotations-2.15.0.jar (com.google.errorprone:error_prone_annotations:2.15.0) with DexingNoClasspathTransform
Transforming exp4j-0.4.8.jar (net.objecthunter:exp4j:0.4.8) with DexingOutputSplitTransform
Transforming constraintlayout-core-1.0.4.jar (androidx.constraintlayout:constraintlayout-core:1.0.4) with IdentityTransform
Caching disabled for DexingOutputSplitTransform: C:\Users\Tushal\.gradle\caches\transforms-3\e80a9de86565b33f3d62235304281919\transformed\multidex-2.0.1-runtime because:
  Build cache is disabled
Transforming constraintlayout-core-1.0.4.jar (androidx.constraintlayout:constraintlayout-core:1.0.4) with IdentityTransform
Skipping DexingOutputSplitTransform: C:\Users\Tushal\.gradle\caches\transforms-3\05540ba9b8b06c2058e1ae12d8abdd13\transformed\tink-android-1.8.0 as it is up-to-date.
Transforming constraintlayout-core-1.0.4.jar (androidx.constraintlayout:constraintlayout-core:1.0.4) with DexingNoClasspathTransform
Caching disabled for DexingNoClasspathTransform: C:\Users\Tushal\.gradle\caches\modules-2\files-2.1\com.google.errorprone\error_prone_annotations\2.15.0\38c8485a652f808c8c149150da4e5c2b0bd17f9a\error_prone_annotations-2.15.0.jar because:
  Build cache is disabled
Caching disabled for DexingOutputSplitTransform: C:\Users\Tushal\.gradle\caches\transforms-3\cd2911518b6b2f2880a071bd3a23f810\transformed\exp4j-0.4.8 because:
  Build cache is disabled
Skipping DexingNoClasspathTransform: C:\Users\Tushal\.gradle\caches\modules-2\files-2.1\com.google.errorprone\error_prone_annotations\2.15.0\38c8485a652f808c8c149150da4e5c2b0bd17f9a\error_prone_annotations-2.15.0.jar as it is up-to-date.
Skipping DexingOutputSplitTransform: C:\Users\Tushal\.gradle\caches\transforms-3\e80a9de86565b33f3d62235304281919\transformed\multidex-2.0.1-runtime as it is up-to-date.
Transforming annotations-23.0.0.jar (org.jetbrains:annotations:23.0.0) with DexingOutputSplitTransform
Caching disabled for DexingOutputSplitTransform: C:\Users\Tushal\.gradle\caches\transforms-3\dd786809a24ba932acbbe263bbd2b0b9\transformed\gson-2.10.1 because:
  Build cache is disabled
Caching disabled for DexingNoClasspathTransform: C:\Users\Tushal\.gradle\caches\modules-2\files-2.1\androidx.constraintlayout\constraintlayout-core\1.0.4\29cdbe03ded6b0980f63fa5da2579a430e911c40\constraintlayout-core-1.0.4.jar because:
  Build cache is disabled
Skipping DexingOutputSplitTransform: C:\Users\Tushal\.gradle\caches\transforms-3\cd2911518b6b2f2880a071bd3a23f810\transformed\exp4j-0.4.8 as it is up-to-date.
Transforming auto-value-annotations-1.6.3.jar (com.google.auto.value:auto-value-annotations:1.6.3) with IdentityTransform
Skipping DexingNoClasspathTransform: C:\Users\Tushal\.gradle\caches\modules-2\files-2.1\androidx.constraintlayout\constraintlayout-core\1.0.4\29cdbe03ded6b0980f63fa5da2579a430e911c40\constraintlayout-core-1.0.4.jar as it is up-to-date.
Transforming error_prone_annotations-2.15.0.jar (com.google.errorprone:error_prone_annotations:2.15.0) with DexingOutputSplitTransform
Caching disabled for DexingOutputSplitTransform: C:\Users\Tushal\.gradle\caches\transforms-3\9077093fa8f359f9fc29ee590f57a06d\transformed\annotations-23.0.0 because:
  Build cache is disabled
Skipping DexingOutputSplitTransform: C:\Users\Tushal\.gradle\caches\transforms-3\dd786809a24ba932acbbe263bbd2b0b9\transformed\gson-2.10.1 as it is up-to-date.
Skipping DexingOutputSplitTransform: C:\Users\Tushal\.gradle\caches\transforms-3\9077093fa8f359f9fc29ee590f57a06d\transformed\annotations-23.0.0 as it is up-to-date.
Caching disabled for DexingOutputSplitTransform: C:\Users\Tushal\.gradle\caches\transforms-3\074d8ee5a6d61241b6a963eddfe5bb7c\transformed\error_prone_annotations-2.15.0 because:
  Build cache is disabled
Transforming auto-value-annotations-1.6.3.jar (com.google.auto.value:auto-value-annotations:1.6.3) with IdentityTransform
Skipping DexingOutputSplitTransform: C:\Users\Tushal\.gradle\caches\transforms-3\074d8ee5a6d61241b6a963eddfe5bb7c\transformed\error_prone_annotations-2.15.0 as it is up-to-date.
Transforming constraintlayout-core-1.0.4.jar (androidx.constraintlayout:constraintlayout-core:1.0.4) with DexingOutputSplitTransform
Transforming auto-value-annotations-1.6.3.jar (com.google.auto.value:auto-value-annotations:1.6.3) with DexingNoClasspathTransform
Transforming guava-31.1-android.jar (com.google.guava:guava:31.1-android) with IdentityTransform
Transforming guava-31.1-android.jar (com.google.guava:guava:31.1-android) with IdentityTransform
Caching disabled for DexingOutputSplitTransform: C:\Users\Tushal\.gradle\caches\transforms-3\319fffefe22237fb9eb1c3f1b184e358\transformed\constraintlayout-core-1.0.4 because:
  Build cache is disabled
Transforming guava-31.1-android.jar (com.google.guava:guava:31.1-android) with DexingNoClasspathTransform
Caching disabled for DexingNoClasspathTransform: C:\Users\Tushal\.gradle\caches\modules-2\files-2.1\com.google.auto.value\auto-value-annotations\1.6.3\b88c1bb7f149f6d2cc03898359283e57b08f39cc\auto-value-annotations-1.6.3.jar because:
  Build cache is disabled
Skipping DexingOutputSplitTransform: C:\Users\Tushal\.gradle\caches\transforms-3\319fffefe22237fb9eb1c3f1b184e358\transformed\constraintlayout-core-1.0.4 as it is up-to-date.
Caching disabled for DexingNoClasspathTransform: C:\Users\Tushal\.gradle\caches\modules-2\files-2.1\com.google.guava\guava\31.1-android\9222c47cc3ae890f07f7c961bbb3cb69050fe4aa\guava-31.1-android.jar because:
  Build cache is disabled
Transforming listenablefuture-9999.0-empty-to-avoid-conflict-with-guava.jar (com.google.guava:listenablefuture:9999.0-empty-to-avoid-conflict-with-guava) with IdentityTransform
Skipping DexingNoClasspathTransform: C:\Users\Tushal\.gradle\caches\modules-2\files-2.1\com.google.auto.value\auto-value-annotations\1.6.3\b88c1bb7f149f6d2cc03898359283e57b08f39cc\auto-value-annotations-1.6.3.jar as it is up-to-date.
Transforming listenablefuture-9999.0-empty-to-avoid-conflict-with-guava.jar (com.google.guava:listenablefuture:9999.0-empty-to-avoid-conflict-with-guava) with IdentityTransform
Skipping DexingNoClasspathTransform: C:\Users\Tushal\.gradle\caches\modules-2\files-2.1\com.google.guava\guava\31.1-android\9222c47cc3ae890f07f7c961bbb3cb69050fe4aa\guava-31.1-android.jar as it is up-to-date.
Transforming listenablefuture-9999.0-empty-to-avoid-conflict-with-guava.jar (com.google.guava:listenablefuture:9999.0-empty-to-avoid-conflict-with-guava) with DexingNoClasspathTransform
Transforming disklrucache-4.16.0.jar (com.github.bumptech.glide:disklrucache:4.16.0) with IdentityTransform
Transforming disklrucache-4.16.0.jar (com.github.bumptech.glide:disklrucache:4.16.0) with IdentityTransform
Transforming disklrucache-4.16.0.jar (com.github.bumptech.glide:disklrucache:4.16.0) with DexingNoClasspathTransform
Transforming annotations-4.16.0.jar (com.github.bumptech.glide:annotations:4.16.0) with IdentityTransform
Transforming auto-value-annotations-1.6.3.jar (com.google.auto.value:auto-value-annotations:1.6.3) with DexingOutputSplitTransform
Transforming guava-31.1-android.jar (com.google.guava:guava:31.1-android) with DexingOutputSplitTransform
Caching disabled for DexingNoClasspathTransform: C:\Users\Tushal\.gradle\caches\modules-2\files-2.1\com.google.guava\listenablefuture\9999.0-empty-to-avoid-conflict-with-guava\b421526c5f297295adef1c886e5246c39d4ac629\listenablefuture-9999.0-empty-to-avoid-conflict-with-guava.jar because:
  Build cache is disabled
Transforming annotations-4.16.0.jar (com.github.bumptech.glide:annotations:4.16.0) with IdentityTransform
Caching disabled for DexingOutputSplitTransform: C:\Users\Tushal\.gradle\caches\transforms-3\c380ba4fcdc0952064ec662b6dbcf788\transformed\guava-31.1-android because:
  Build cache is disabled
Caching disabled for DexingOutputSplitTransform: C:\Users\Tushal\.gradle\caches\transforms-3\a4e5a5bf729ac6644c22856809736e73\transformed\auto-value-annotations-1.6.3 because:
  Build cache is disabled
Caching disabled for DexingNoClasspathTransform: C:\Users\Tushal\.gradle\caches\modules-2\files-2.1\com.github.bumptech.glide\disklrucache\4.16.0\411aa175d50d10b37c7a1a04d21a4e7145249557\disklrucache-4.16.0.jar because:
  Build cache is disabled
Skipping DexingOutputSplitTransform: C:\Users\Tushal\.gradle\caches\transforms-3\a4e5a5bf729ac6644c22856809736e73\transformed\auto-value-annotations-1.6.3 as it is up-to-date.
Skipping DexingNoClasspathTransform: C:\Users\Tushal\.gradle\caches\modules-2\files-2.1\com.github.bumptech.glide\disklrucache\4.16.0\411aa175d50d10b37c7a1a04d21a4e7145249557\disklrucache-4.16.0.jar as it is up-to-date.
Skipping DexingOutputSplitTransform: C:\Users\Tushal\.gradle\caches\transforms-3\c380ba4fcdc0952064ec662b6dbcf788\transformed\guava-31.1-android as it is up-to-date.
Transforming annotations-4.16.0.jar (com.github.bumptech.glide:annotations:4.16.0) with DexingNoClasspathTransform
Skipping DexingNoClasspathTransform: C:\Users\Tushal\.gradle\caches\modules-2\files-2.1\com.google.guava\listenablefuture\9999.0-empty-to-avoid-conflict-with-guava\b421526c5f297295adef1c886e5246c39d4ac629\listenablefuture-9999.0-empty-to-avoid-conflict-with-guava.jar as it is up-to-date.
Transforming failureaccess-1.0.1.jar (com.google.guava:failureaccess:1.0.1) with IdentityTransform
Transforming failureaccess-1.0.1.jar (com.google.guava:failureaccess:1.0.1) with IdentityTransform
Transforming failureaccess-1.0.1.jar (com.google.guava:failureaccess:1.0.1) with DexingNoClasspathTransform
Caching disabled for DexingNoClasspathTransform: C:\Users\Tushal\.gradle\caches\modules-2\files-2.1\com.github.bumptech.glide\annotations\4.16.0\90730f6498299d207aa0878124ab7585969808f0\annotations-4.16.0.jar because:
  Build cache is disabled
Skipping DexingNoClasspathTransform: C:\Users\Tushal\.gradle\caches\modules-2\files-2.1\com.github.bumptech.glide\annotations\4.16.0\90730f6498299d207aa0878124ab7585969808f0\annotations-4.16.0.jar as it is up-to-date.
Caching disabled for DexingNoClasspathTransform: C:\Users\Tushal\.gradle\caches\modules-2\files-2.1\com.google.guava\failureaccess\1.0.1\1dcf1de382a0bf95a3d8b0849546c88bac1292c9\failureaccess-1.0.1.jar because:
  Build cache is disabled
Transforming listenablefuture-9999.0-empty-to-avoid-conflict-with-guava.jar (com.google.guava:listenablefuture:9999.0-empty-to-avoid-conflict-with-guava) with DexingOutputSplitTransform
Transforming disklrucache-4.16.0.jar (com.github.bumptech.glide:disklrucache:4.16.0) with DexingOutputSplitTransform
Skipping DexingNoClasspathTransform: C:\Users\Tushal\.gradle\caches\modules-2\files-2.1\com.google.guava\failureaccess\1.0.1\1dcf1de382a0bf95a3d8b0849546c88bac1292c9\failureaccess-1.0.1.jar as it is up-to-date.
Caching disabled for DexingOutputSplitTransform: C:\Users\Tushal\.gradle\caches\transforms-3\4fe698e333fcb66417a3aff14373a46d\transformed\listenablefuture-9999.0-empty-to-avoid-conflict-with-guava because:
  Build cache is disabled
Skipping DexingOutputSplitTransform: C:\Users\Tushal\.gradle\caches\transforms-3\4fe698e333fcb66417a3aff14373a46d\transformed\listenablefuture-9999.0-empty-to-avoid-conflict-with-guava as it is up-to-date.
Caching disabled for DexingOutputSplitTransform: C:\Users\Tushal\.gradle\caches\transforms-3\5b4e8d9d6fe45cec0dc0dd67e5995b07\transformed\disklrucache-4.16.0 because:
  Build cache is disabled
Transforming annotations-4.16.0.jar (com.github.bumptech.glide:annotations:4.16.0) with DexingOutputSplitTransform
Skipping DexingOutputSplitTransform: C:\Users\Tushal\.gradle\caches\transforms-3\5b4e8d9d6fe45cec0dc0dd67e5995b07\transformed\disklrucache-4.16.0 as it is up-to-date.
Caching disabled for DexingOutputSplitTransform: C:\Users\Tushal\.gradle\caches\transforms-3\4869d76e31ac3757e4e88a7b3b138094\transformed\annotations-4.16.0 because:
  Build cache is disabled
Transforming failureaccess-1.0.1.jar (com.google.guava:failureaccess:1.0.1) with DexingOutputSplitTransform
Skipping DexingOutputSplitTransform: C:\Users\Tushal\.gradle\caches\transforms-3\4869d76e31ac3757e4e88a7b3b138094\transformed\annotations-4.16.0 as it is up-to-date.
Caching disabled for DexingOutputSplitTransform: C:\Users\Tushal\.gradle\caches\transforms-3\30a1b96c65fc28fa83fe26334169ee94\transformed\failureaccess-1.0.1 because:
  Build cache is disabled
Skipping DexingOutputSplitTransform: C:\Users\Tushal\.gradle\caches\transforms-3\30a1b96c65fc28fa83fe26334169ee94\transformed\failureaccess-1.0.1 as it is up-to-date.
Caching disabled for task ':app:mergeExtDexDebug' because:
  Build cache is disabled
Task ':app:mergeExtDexDebug' is not up-to-date because:
  Output property 'outputDir' file C:\Users\Tushal\Desktop\APP\Vexor\app\build\intermediates\dex\debug\mergeExtDexDebug has been removed.
  Output property 'outputDir' file C:\Users\Tushal\Desktop\APP\Vexor\app\build\intermediates\dex\debug\mergeExtDexDebug\classes.dex has been removed.
  Output property 'outputDir' file C:\Users\Tushal\Desktop\APP\Vexor\app\build\intermediates\dex\debug\mergeExtDexDebug\classes2.dex has been removed.
  Output property 'outputDir' file C:\Users\Tushal\Desktop\APP\Vexor\app\build\intermediates\dex\debug\mergeExtDexDebug\classes3.dex has been removed.
The input changes require a full rebuild for incremental task ':app:mergeExtDexDebug'.
Merging to 'C:\Users\Tushal\Desktop\APP\Vexor\app\build\intermediates\dex\debug\mergeExtDexDebug' with D8 from all or a subset of dex files in C:\Users\Tushal\.gradle\caches\transforms-3\cba3188bfedd939d0a39dcd1966fc8d3\transformed\viewbinding-8.2.0-runtime\viewbinding-8.2.0-runtime_dex, C:\Users\Tushal\.gradle\caches\transforms-3\10e81143fe4e8e6758d4fd74028485cd\transformed\material-1.11.0-runtime\material-1.11.0-runtime_dex, C:\Users\Tushal\.gradle\caches\transforms-3\fc0f953d5f0a805779db9017e2b80e64\transformed\constraintlayout-2.1.4-runtime\constraintlayout-2.1.4-runtime_dex, C:\Users\Tushal\.gradle\caches\transforms-3\283c26f431211d2f2307cc7c3c9f142f\transformed\biometric-1.1.0-runtime\biometric-1.1.0-runtime_dex, C:\Users\Tushal\.gradle\caches\transforms-3\ea71ce289179fcc5f6deb0c43fe34362\transformed\coil-2.5.0-runtime\coil-2.5.0-runtime_dex, C:\Users\Tushal\.gradle\caches\transforms-3\fccf681801e0964308227f17edde2942\transformed\coil-video-2.5.0-runtime\coil-video-2.5.0-runtime_dex, C:\Users\Tushal\.gradle\caches\transforms-3\6e516eed45210ccc52a5c5306d1337f7\transformed\coil-base-2.5.0-runtime\coil-base-2.5.0-runtime_dex, C:\Users\Tushal\.gradle\caches\transforms-3\f472dc06bd49679d125133450ab6a72f\transformed\appcompat-resources-1.6.1-runtime\appcompat-resources-1.6.1-runtime_dex, C:\Users\Tushal\.gradle\caches\transforms-3\c345440daf7b88ddc9d56bd5058a4c58\transformed\appcompat-1.6.1-runtime\appcompat-1.6.1-runtime_dex, C:\Users\Tushal\.gradle\caches\transforms-3\3cb1267684585709c60fc7bea414de8a\transformed\glide-4.16.0-runtime\glide-4.16.0-runtime_dex, C:\Users\Tushal\.gradle\caches\transforms-3\b07bfc5c43961f72e541f68a25455338\transformed\media3-exoplayer-1.2.0-runtime\media3-exoplayer-1.2.0-runtime_dex, C:\Users\Tushal\.gradle\caches\transforms-3\250fe14ad09180a10e68085eed4a0d37\transformed\media3-extractor-1.2.0-runtime\media3-extractor-1.2.0-runtime_dex, C:\Users\Tushal\.gradle\caches\transforms-3\785563bfc9d9b4fb533ab7ccf534876d\transformed\media3-container-1.2.0-runtime\media3-container-1.2.0-runtime_dex, C:\Users\Tushal\.gradle\caches\transforms-3\748ab3282d3b676296df7a523e712894\transformed\media3-datasource-1.2.0-runtime\media3-datasource-1.2.0-runtime_dex, C:\Users\Tushal\.gradle\caches\transforms-3\a5e86ca711410b11e64468a716dd9152\transformed\media3-decoder-1.2.0-runtime\media3-decoder-1.2.0-runtime_dex, C:\Users\Tushal\.gradle\caches\transforms-3\e73bf174e8fb56662469c603887d2a83\transformed\media3-database-1.2.0-runtime\media3-database-1.2.0-runtime_dex, C:\Users\Tushal\.gradle\caches\transforms-3\9561d06328585e4fbda0afba76ec438d\transformed\media3-common-1.2.0-runtime\media3-common-1.2.0-runtime_dex, C:\Users\Tushal\.gradle\caches\transforms-3\a48cf6e6b7a721baf1255e46455874d0\transformed\media3-ui-1.2.0-runtime\media3-ui-1.2.0-runtime_dex, C:\Users\Tushal\.gradle\caches\transforms-3\254f495a949548bb2201961ec8dd4a4b\transformed\recyclerview-1.3.2-runtime\recyclerview-1.3.2-runtime_dex, C:\Users\Tushal\.gradle\caches\transforms-3\a6196f70bcee0414d115d6c17103a820\transformed\viewpager2-1.1.0-beta02-runtime\viewpager2-1.1.0-beta02-runtime_dex, C:\Users\Tushal\.gradle\caches\transforms-3\f4955c606d4f4530efb45cbf22ba4ed4\transformed\fragment-1.3.6-runtime\fragment-1.3.6-runtime_dex, C:\Users\Tushal\.gradle\caches\transforms-3\9eb74be81de0b5ee4ee6993b52be97b5\transformed\activity-1.8.2-runtime\activity-1.8.2-runtime_dex, C:\Users\Tushal\.gradle\caches\transforms-3\76c8c392dac4e02f9da49796cce031b2\transformed\activity-ktx-1.8.2-runtime\activity-ktx-1.8.2-runtime_dex, C:\Users\Tushal\.gradle\caches\transforms-3\f244f43059555e53e72991bf7b060c2c\transformed\swiperefreshlayout-1.1.0-runtime\swiperefreshlayout-1.1.0-runtime_dex, C:\Users\Tushal\.gradle\caches\transforms-3\75af648d6f58bf2e1e50c8833fed7546\transformed\camera-lifecycle-1.3.1-runtime\camera-lifecycle-1.3.1-runtime_dex, C:\Users\Tushal\.gradle\caches\transforms-3\b25ed6fa1ca961bd1ebd00c68f5050ac\transformed\camera-camera2-1.3.1-runtime\camera-camera2-1.3.1-runtime_dex, C:\Users\Tushal\.gradle\caches\transforms-3\fd0aaaf4e94ee357ed1488002ca579fd\transformed\camera-core-1.3.1-runtime\camera-core-1.3.1-runtime_dex, C:\Users\Tushal\.gradle\caches\transforms-3\0d7b12be8a52523e2637c291ad6843fd\transformed\emoji2-views-helper-1.2.0-runtime\emoji2-views-helper-1.2.0-runtime_dex, C:\Users\Tushal\.gradle\caches\transforms-3\2fc94485e2ac84c83326b79a85282290\transformed\emoji2-1.2.0-runtime\emoji2-1.2.0-runtime_dex, C:\Users\Tushal\.gradle\caches\transforms-3\f52cf34341ed9615d75830067ec576e0\transformed\drawerlayout-1.1.1-runtime\drawerlayout-1.1.1-runtime_dex, C:\Users\Tushal\.gradle\caches\transforms-3\968935a18431d07c3bc2f967df2e48ab\transformed\coordinatorlayout-1.1.0-runtime\coordinatorlayout-1.1.0-runtime_dex, C:\Users\Tushal\.gradle\caches\transforms-3\85d58f4c7746cc5e478ec7ea83dedaad\transformed\dynamicanimation-1.0.0-runtime\dynamicanimation-1.0.0-runtime_dex, C:\Users\Tushal\.gradle\caches\transforms-3\67744348ed0af251401e0a1d1ef1391f\transformed\transition-1.2.0-runtime\transition-1.2.0-runtime_dex, C:\Users\Tushal\.gradle\caches\transforms-3\80a8380d44caf3209c7b2ed18e6dbc22\transformed\vectordrawable-animated-1.1.0-runtime\vectordrawable-animated-1.1.0-runtime_dex, C:\Users\Tushal\.gradle\caches\transforms-3\0fe5f8bddcaa6fa70cc3cd81920447ba\transformed\vectordrawable-1.1.0-runtime\vectordrawable-1.1.0-runtime_dex, C:\Users\Tushal\.gradle\caches\transforms-3\0371f84e2198712e5f05d1e5cef843ba\transformed\media-1.6.0-runtime\media-1.6.0-runtime_dex, C:\Users\Tushal\.gradle\caches\transforms-3\0fdbeecd28580b6b5d02ffcbaafaa9d4\transformed\viewpager-1.0.0-runtime\viewpager-1.0.0-runtime_dex, C:\Users\Tushal\.gradle\caches\transforms-3\3e0db8971f56390b2d7024e65b9162c5\transformed\legacy-support-core-utils-1.0.0-runtime\legacy-support-core-utils-1.0.0-runtime_dex, C:\Users\Tushal\.gradle\caches\transforms-3\fd539f96b5565c0b1f85305a14e5c528\transformed\loader-1.0.0-runtime\loader-1.0.0-runtime_dex, C:\Users\Tushal\.gradle\caches\transforms-3\82ec1f6b489bf9af79449af61c09e2f7\transformed\customview-1.1.0-runtime\customview-1.1.0-runtime_dex, C:\Users\Tushal\.gradle\caches\transforms-3\078772c7c01c2fd71c4c90add5cf56bf\transformed\core-1.12.0-runtime\core-1.12.0-runtime_dex, C:\Users\Tushal\.gradle\caches\transforms-3\97109590fbfa59ae16b4dcd28579bcdb\transformed\customview-poolingcontainer-1.0.0-runtime\customview-poolingcontainer-1.0.0-runtime_dex, C:\Users\Tushal\.gradle\caches\transforms-3\c27525e22fb592af64bebc340059583d\transformed\lifecycle-process-2.7.0-runtime\lifecycle-process-2.7.0-runtime_dex, C:\Users\Tushal\.gradle\caches\transforms-3\849a650bd833f10aef9fedd2bdc4a598\transformed\lifecycle-runtime-ktx-2.7.0-runtime\lifecycle-runtime-ktx-2.7.0-runtime_dex, C:\Users\Tushal\.gradle\caches\transforms-3\9d962d92a3e0b0021700ea7cd5ebfeb0\transformed\savedstate-ktx-1.2.1-runtime\savedstate-ktx-1.2.1-runtime_dex, C:\Users\Tushal\.gradle\caches\transforms-3\a221d319916f4ad8f61fe871b3f23317\transformed\savedstate-1.2.1-runtime\savedstate-1.2.1-runtime_dex, C:\Users\Tushal\.gradle\caches\transforms-3\1be20fe4f8041182b94facbc9a57691d\transformed\lifecycle-common-2.7.0\lifecycle-common-2.7.0_dex, C:\Users\Tushal\.gradle\caches\transforms-3\d81f4ae3329b798f7f19103f4f2efbc0\transformed\lifecycle-livedata-core-2.7.0-runtime\lifecycle-livedata-core-2.7.0-runtime_dex, C:\Users\Tushal\.gradle\caches\transforms-3\bad9dea95c5518e1e93cb846a9f406bd\transformed\lifecycle-livedata-core-ktx-2.7.0-runtime\lifecycle-livedata-core-ktx-2.7.0-runtime_dex, C:\Users\Tushal\.gradle\caches\transforms-3\e3ecb77ccc5639848e01b8439a485bab\transformed\lifecycle-livedata-2.7.0-runtime\lifecycle-livedata-2.7.0-runtime_dex, C:\Users\Tushal\.gradle\caches\transforms-3\cc7f7a49ffb39d01cab38a0b38c74dff\transformed\lifecycle-runtime-2.7.0-runtime\lifecycle-runtime-2.7.0-runtime_dex, C:\Users\Tushal\.gradle\caches\transforms-3\da48e4b520875de3cbcd850dca01e7ae\transformed\lifecycle-viewmodel-2.7.0-runtime\lifecycle-viewmodel-2.7.0-runtime_dex, C:\Users\Tushal\.gradle\caches\transforms-3\d11850cad7854bb2e77a2b40a20d013d\transformed\lifecycle-viewmodel-ktx-2.7.0-runtime\lifecycle-viewmodel-ktx-2.7.0-runtime_dex, C:\Users\Tushal\.gradle\caches\transforms-3\ab260b471470e92dc3cf07f117256c06\transformed\lifecycle-viewmodel-savedstate-2.7.0-runtime\lifecycle-viewmodel-savedstate-2.7.0-runtime_dex, C:\Users\Tushal\.gradle\caches\transforms-3\074fe9842f3f6388eff30e62b3eaa11a\transformed\core-ktx-1.12.0-runtime\core-ktx-1.12.0-runtime_dex, C:\Users\Tushal\.gradle\caches\transforms-3\7fa74c2dd04983ea9e21e69ab923ce09\transformed\room-common-2.6.1\room-common-2.6.1_dex, C:\Users\Tushal\.gradle\caches\transforms-3\79b9b7774a6b6dbcee0425184c97603f\transformed\room-runtime-2.6.1-runtime\room-runtime-2.6.1-runtime_dex, C:\Users\Tushal\.gradle\caches\transforms-3\783e252d3a1e86bf3c399e0043f35697\transformed\room-ktx-2.6.1-runtime\room-ktx-2.6.1-runtime_dex, C:\Users\Tushal\.gradle\caches\transforms-3\8de5f0dd4e4230c6b8d516678f526914\transformed\sqlite-framework-2.4.0-runtime\sqlite-framework-2.4.0-runtime_dex, C:\Users\Tushal\.gradle\caches\transforms-3\2ab4b47eb5ad8d97efdb0430ee976ab2\transformed\sqlite-2.4.0-runtime\sqlite-2.4.0-runtime_dex, C:\Users\Tushal\.gradle\caches\transforms-3\4aff5e383b3be29d3a07943fea5df495\transformed\kotlinx-coroutines-android-1.7.3\kotlinx-coroutines-android-1.7.3_dex, C:\Users\Tushal\.gradle\caches\transforms-3\e28dee5c8132f4d2fb2c4458e0630fbc\transformed\kotlinx-coroutines-core-jvm-1.7.3\kotlinx-coroutines-core-jvm-1.7.3_dex, C:\Users\Tushal\.gradle\caches\transforms-3\399bfa7dbf2cd351441d9cb1f55b57f6\transformed\okhttp-4.12.0\okhttp-4.12.0_dex, C:\Users\Tushal\.gradle\caches\transforms-3\e93fb7d8baa4bbdabce0c6d48da1337d\transformed\okio-jvm-3.6.0\okio-jvm-3.6.0_dex, C:\Users\Tushal\.gradle\caches\transforms-3\e7a2130612bbe1ec93c6c268e300aa28\transformed\annotation-experimental-1.3.1-runtime\annotation-experimental-1.3.1-runtime_dex, C:\Users\Tushal\.gradle\caches\transforms-3\766ea2386543552b416dbeae860da769\transformed\cardview-1.0.0-runtime\cardview-1.0.0-runtime_dex, C:\Users\Tushal\.gradle\caches\transforms-3\e1e3a3ddab154a171cb6a92876ab7c42\transformed\security-crypto-1.1.0-alpha06-runtime\security-crypto-1.1.0-alpha06-runtime_dex, C:\Users\Tushal\.gradle\caches\transforms-3\d1b0d41e91c2f40d05c6ab14cdf8c562\transformed\cursoradapter-1.0.0-runtime\cursoradapter-1.0.0-runtime_dex, C:\Users\Tushal\.gradle\caches\transforms-3\7ffed64ffe88ba1368e80da80f07abe1\transformed\resourceinspection-annotation-1.0.1\resourceinspection-annotation-1.0.1_dex, C:\Users\Tushal\.gradle\caches\transforms-3\a4a6b07efec8231df101d101fd45740e\transformed\interpolator-1.0.0-runtime\interpolator-1.0.0-runtime_dex, C:\Users\Tushal\.gradle\caches\transforms-3\4b84a763aad218ce7e21014d902417af\transformed\core-runtime-2.2.0-runtime\core-runtime-2.2.0-runtime_dex, C:\Users\Tushal\.gradle\caches\transforms-3\f41e5db895a889f257c9d405ce8896a1\transformed\exifinterface-1.3.6-runtime\exifinterface-1.3.6-runtime_dex, C:\Users\Tushal\.gradle\caches\transforms-3\1e907d0bdb0beac1121489820871bef4\transformed\gifdecoder-4.16.0-runtime\gifdecoder-4.16.0-runtime_dex, C:\Users\Tushal\.gradle\caches\transforms-3\76e94defbd149d724deb9d65702e01fa\transformed\profileinstaller-1.3.1-runtime\profileinstaller-1.3.1-runtime_dex, C:\Users\Tushal\.gradle\caches\transforms-3\876970ea4dd0c155e7fe565f988df632\transformed\startup-runtime-1.1.1-runtime\startup-runtime-1.1.1-runtime_dex, C:\Users\Tushal\.gradle\caches\transforms-3\654b3b3844c1bf6330ebad38f39e1c1b\transformed\tracing-1.0.0-runtime\tracing-1.0.0-runtime_dex, C:\Users\Tushal\.gradle\caches\transforms-3\dfff1e6fd97e69c6cd718f84a509f2ec\transformed\versionedparcelable-1.1.1-runtime\versionedparcelable-1.1.1-runtime_dex, C:\Users\Tushal\.gradle\caches\transforms-3\7198f539ddd15c8b61d6b62d03af9dd4\transformed\core-common-2.2.0\core-common-2.2.0_dex, C:\Users\Tushal\.gradle\caches\transforms-3\9961936f3ee71323d1438ee647d7acc9\transformed\documentfile-1.0.0-runtime\documentfile-1.0.0-runtime_dex, C:\Users\Tushal\.gradle\caches\transforms-3\923fbeb00d1e6a8d5a2d87330baf1bc3\transformed\localbroadcastmanager-1.0.0-runtime\localbroadcastmanager-1.0.0-runtime_dex, C:\Users\Tushal\.gradle\caches\transforms-3\0d5fd0abbd266db801f474cf08a8eebd\transformed\print-1.0.0-runtime\print-1.0.0-runtime_dex, C:\Users\Tushal\.gradle\caches\transforms-3\2a57e93c08a3690f97c656a319f4de27\transformed\collection-jvm-1.3.0\collection-jvm-1.3.0_dex, C:\Users\Tushal\.gradle\caches\transforms-3\8122ef5401f476b123a4a83de9c4905f\transformed\concurrent-futures-1.1.0\concurrent-futures-1.1.0_dex, C:\Users\Tushal\.gradle\caches\transforms-3\391abc5e32f91db87a192e239dfb6bdb\transformed\annotation-jvm-1.7.0\annotation-jvm-1.7.0_dex, C:\Users\Tushal\.gradle\caches\transforms-3\86a9c9f6a44c0174ea8f1c9cce5253ca\transformed\kotlin-stdlib-1.9.21\kotlin-stdlib-1.9.21_dex, C:\Users\Tushal\.gradle\caches\transforms-3\e80a9de86565b33f3d62235304281919\transformed\multidex-2.0.1-runtime\multidex-2.0.1-runtime_dex, C:\Users\Tushal\.gradle\caches\transforms-3\05540ba9b8b06c2058e1ae12d8abdd13\transformed\tink-android-1.8.0\tink-android-1.8.0_dex, C:\Users\Tushal\.gradle\caches\transforms-3\dd786809a24ba932acbbe263bbd2b0b9\transformed\gson-2.10.1\gson-2.10.1_dex, C:\Users\Tushal\.gradle\caches\transforms-3\cd2911518b6b2f2880a071bd3a23f810\transformed\exp4j-0.4.8\exp4j-0.4.8_dex, C:\Users\Tushal\.gradle\caches\transforms-3\9077093fa8f359f9fc29ee590f57a06d\transformed\annotations-23.0.0\annotations-23.0.0_dex, C:\Users\Tushal\.gradle\caches\transforms-3\074d8ee5a6d61241b6a963eddfe5bb7c\transformed\error_prone_annotations-2.15.0\error_prone_annotations-2.15.0_dex, C:\Users\Tushal\.gradle\caches\transforms-3\319fffefe22237fb9eb1c3f1b184e358\transformed\constraintlayout-core-1.0.4\constraintlayout-core-1.0.4_dex, C:\Users\Tushal\.gradle\caches\transforms-3\a4e5a5bf729ac6644c22856809736e73\transformed\auto-value-annotations-1.6.3\auto-value-annotations-1.6.3_dex, C:\Users\Tushal\.gradle\caches\transforms-3\c380ba4fcdc0952064ec662b6dbcf788\transformed\guava-31.1-android\guava-31.1-android_dex, C:\Users\Tushal\.gradle\caches\transforms-3\5b4e8d9d6fe45cec0dc0dd67e5995b07\transformed\disklrucache-4.16.0\disklrucache-4.16.0_dex, C:\Users\Tushal\.gradle\caches\transforms-3\4869d76e31ac3757e4e88a7b3b138094\transformed\annotations-4.16.0\annotations-4.16.0_dex, C:\Users\Tushal\.gradle\caches\transforms-3\30a1b96c65fc28fa83fe26334169ee94\transformed\failureaccess-1.0.1\failureaccess-1.0.1_dex, and from all global synthetics files in 

> Task :app:compileDebugKotlin
Transforming viewbinding-8.2.0.aar (androidx.databinding:viewbinding:8.2.0) with AarToClassTransform
Transforming material-1.11.0.aar (com.google.android.material:material:1.11.0) with AarToClassTransform
Transforming appcompat-1.6.1.aar (androidx.appcompat:appcompat:1.6.1) with AarToClassTransform
Transforming biometric-1.1.0.aar (androidx.biometric:biometric:1.1.0) with AarToClassTransform
Transforming glide-4.16.0.aar (com.github.bumptech.glide:glide:4.16.0) with AarToClassTransform
Transforming viewpager2-1.1.0-beta02.aar (androidx.viewpager2:viewpager2:1.1.0-beta02) with AarToClassTransform
Transforming fragment-1.3.6.aar (androidx.fragment:fragment:1.3.6) with AarToClassTransform
Transforming activity-1.8.2.aar (androidx.activity:activity:1.8.2) with AarToClassTransform
Caching disabled for AarToClassTransform: C:\Users\Tushal\.gradle\caches\modules-2\files-2.1\androidx.databinding\viewbinding\8.2.0\82f5fd3bd4ee912e5fee216e201769288a2a9dae\viewbinding-8.2.0.aar because:
  Build cache is disabled
Caching disabled for AarToClassTransform: C:\Users\Tushal\.gradle\caches\modules-2\files-2.1\com.github.bumptech.glide\glide\4.16.0\b9613dcb811d4b2844d7344f2aa580544140b68e\glide-4.16.0.aar because:
  Build cache is disabled
Caching disabled for AarToClassTransform: C:\Users\Tushal\.gradle\caches\modules-2\files-2.1\androidx.biometric\biometric\1.1.0\3d4d3a881cc8cbeee5bf9dd6a4e8326f0e4b44cd\biometric-1.1.0.aar because:
  Build cache is disabled
Caching disabled for AarToClassTransform: C:\Users\Tushal\.gradle\caches\modules-2\files-2.1\androidx.appcompat\appcompat\1.6.1\6c7577004b7ebbee5ed87d512b578dd20e3c8c31\appcompat-1.6.1.aar because:
  Build cache is disabled
Transforming activity-ktx-1.8.2.aar (androidx.activity:activity-ktx:1.8.2) with AarToClassTransform
Caching disabled for AarToClassTransform: C:\Users\Tushal\.gradle\caches\modules-2\files-2.1\com.google.android.material\material\1.11.0\e46abb2e27abed3ad274ba96b169a4c61fbb11fd\material-1.11.0.aar because:
  Build cache is disabled
Transforming recyclerview-1.3.2.aar (androidx.recyclerview:recyclerview:1.3.2) with AarToClassTransform
Skipping AarToClassTransform: C:\Users\Tushal\.gradle\caches\modules-2\files-2.1\androidx.appcompat\appcompat\1.6.1\6c7577004b7ebbee5ed87d512b578dd20e3c8c31\appcompat-1.6.1.aar as it is up-to-date.
Skipping AarToClassTransform: C:\Users\Tushal\.gradle\caches\modules-2\files-2.1\androidx.biometric\biometric\1.1.0\3d4d3a881cc8cbeee5bf9dd6a4e8326f0e4b44cd\biometric-1.1.0.aar as it is up-to-date.
Caching disabled for AarToClassTransform: C:\Users\Tushal\.gradle\caches\modules-2\files-2.1\androidx.activity\activity\1.8.2\bce54c84024b17c34f9d4cdeaf1ce39d3e750c9e\activity-1.8.2.aar because:
  Build cache is disabled
Caching disabled for AarToClassTransform: C:\Users\Tushal\.gradle\caches\modules-2\files-2.1\androidx.fragment\fragment\1.3.6\6391fc504e7c0f24051ac8b9da3f0ba4d1241dff\fragment-1.3.6.aar because:
  Build cache is disabled
Skipping AarToClassTransform: C:\Users\Tushal\.gradle\caches\modules-2\files-2.1\com.github.bumptech.glide\glide\4.16.0\b9613dcb811d4b2844d7344f2aa580544140b68e\glide-4.16.0.aar as it is up-to-date.
Caching disabled for AarToClassTransform: C:\Users\Tushal\.gradle\caches\modules-2\files-2.1\androidx.viewpager2\viewpager2\1.1.0-beta02\8382bf0f6d375711dfb5ae019e77960c22f8f893\viewpager2-1.1.0-beta02.aar because:
  Build cache is disabled
Skipping AarToClassTransform: C:\Users\Tushal\.gradle\caches\modules-2\files-2.1\androidx.databinding\viewbinding\8.2.0\82f5fd3bd4ee912e5fee216e201769288a2a9dae\viewbinding-8.2.0.aar as it is up-to-date.
Skipping AarToClassTransform: C:\Users\Tushal\.gradle\caches\modules-2\files-2.1\androidx.viewpager2\viewpager2\1.1.0-beta02\8382bf0f6d375711dfb5ae019e77960c22f8f893\viewpager2-1.1.0-beta02.aar as it is up-to-date.
Skipping AarToClassTransform: C:\Users\Tushal\.gradle\caches\modules-2\files-2.1\androidx.fragment\fragment\1.3.6\6391fc504e7c0f24051ac8b9da3f0ba4d1241dff\fragment-1.3.6.aar as it is up-to-date.
Skipping AarToClassTransform: C:\Users\Tushal\.gradle\caches\modules-2\files-2.1\androidx.activity\activity\1.8.2\bce54c84024b17c34f9d4cdeaf1ce39d3e750c9e\activity-1.8.2.aar as it is up-to-date.
Caching disabled for AarToClassTransform: C:\Users\Tushal\.gradle\caches\modules-2\files-2.1\androidx.recyclerview\recyclerview\1.3.2\e1d76099dbbd88ee0ee7c39cfa96ed0ea01bc8ad\recyclerview-1.3.2.aar because:
  Build cache is disabled
Caching disabled for AarToClassTransform: C:\Users\Tushal\.gradle\caches\modules-2\files-2.1\androidx.activity\activity-ktx\1.8.2\735d4efd33db4ef032d985415be3e39edbaa65c4\activity-ktx-1.8.2.aar because:
  Build cache is disabled
Transforming swiperefreshlayout-1.1.0.aar (androidx.swiperefreshlayout:swiperefreshlayout:1.1.0) with AarToClassTransform
Skipping AarToClassTransform: C:\Users\Tushal\.gradle\caches\modules-2\files-2.1\com.google.android.material\material\1.11.0\e46abb2e27abed3ad274ba96b169a4c61fbb11fd\material-1.11.0.aar as it is up-to-date.
Transforming camera-lifecycle-1.3.1.aar (androidx.camera:camera-lifecycle:1.3.1) with AarToClassTransform
Skipping AarToClassTransform: C:\Users\Tushal\.gradle\caches\modules-2\files-2.1\androidx.activity\activity-ktx\1.8.2\735d4efd33db4ef032d985415be3e39edbaa65c4\activity-ktx-1.8.2.aar as it is up-to-date.
Skipping AarToClassTransform: C:\Users\Tushal\.gradle\caches\modules-2\files-2.1\androidx.recyclerview\recyclerview\1.3.2\e1d76099dbbd88ee0ee7c39cfa96ed0ea01bc8ad\recyclerview-1.3.2.aar as it is up-to-date.
Transforming camera-camera2-1.3.1.aar (androidx.camera:camera-camera2:1.3.1) with AarToClassTransform
Caching disabled for AarToClassTransform: C:\Users\Tushal\.gradle\caches\modules-2\files-2.1\androidx.swiperefreshlayout\swiperefreshlayout\1.1.0\2aeac64056fe6cc0420afad0b699a7f9257b8ebe\swiperefreshlayout-1.1.0.aar because:
  Build cache is disabled
Caching disabled for AarToClassTransform: C:\Users\Tushal\.gradle\caches\modules-2\files-2.1\androidx.camera\camera-lifecycle\1.3.1\f092bb2053146082c3caac18b630196dc2ff0265\camera-lifecycle-1.3.1.aar because:
  Build cache is disabled
Transforming camera-core-1.3.1.aar (androidx.camera:camera-core:1.3.1) with AarToClassTransform
Skipping AarToClassTransform: C:\Users\Tushal\.gradle\caches\modules-2\files-2.1\androidx.camera\camera-lifecycle\1.3.1\f092bb2053146082c3caac18b630196dc2ff0265\camera-lifecycle-1.3.1.aar as it is up-to-date.
Caching disabled for AarToClassTransform: C:\Users\Tushal\.gradle\caches\modules-2\files-2.1\androidx.camera\camera-camera2\1.3.1\5cf5355efeaadc3adc729fb0dea232f7e3db683c\camera-camera2-1.3.1.aar because:
  Build cache is disabled
Skipping AarToClassTransform: C:\Users\Tushal\.gradle\caches\modules-2\files-2.1\androidx.swiperefreshlayout\swiperefreshlayout\1.1.0\2aeac64056fe6cc0420afad0b699a7f9257b8ebe\swiperefreshlayout-1.1.0.aar as it is up-to-date.
Skipping AarToClassTransform: C:\Users\Tushal\.gradle\caches\modules-2\files-2.1\androidx.camera\camera-camera2\1.3.1\5cf5355efeaadc3adc729fb0dea232f7e3db683c\camera-camera2-1.3.1.aar as it is up-to-date.
Transforming appcompat-resources-1.6.1.aar (androidx.appcompat:appcompat-resources:1.6.1) with AarToClassTransform
Caching disabled for AarToClassTransform: C:\Users\Tushal\.gradle\caches\modules-2\files-2.1\androidx.camera\camera-core\1.3.1\e05a22e92953b6225c416e21589d29b2808568f0\camera-core-1.3.1.aar because:
  Build cache is disabled
Skipping AarToClassTransform: C:\Users\Tushal\.gradle\caches\modules-2\files-2.1\androidx.camera\camera-core\1.3.1\e05a22e92953b6225c416e21589d29b2808568f0\camera-core-1.3.1.aar as it is up-to-date.
Transforming drawerlayout-1.1.1.aar (androidx.drawerlayout:drawerlayout:1.1.1) with AarToClassTransform
Caching disabled for AarToClassTransform: C:\Users\Tushal\.gradle\caches\modules-2\files-2.1\androidx.appcompat\appcompat-resources\1.6.1\3fe43025e50b556f319b1ff82a730d5a376a31e\appcompat-resources-1.6.1.aar because:
  Build cache is disabled
Transforming coordinatorlayout-1.1.0.aar (androidx.coordinatorlayout:coordinatorlayout:1.1.0) with AarToClassTransform
Skipping AarToClassTransform: C:\Users\Tushal\.gradle\caches\modules-2\files-2.1\androidx.appcompat\appcompat-resources\1.6.1\3fe43025e50b556f319b1ff82a730d5a376a31e\appcompat-resources-1.6.1.aar as it is up-to-date.
Caching disabled for AarToClassTransform: C:\Users\Tushal\.gradle\caches\modules-2\files-2.1\androidx.drawerlayout\drawerlayout\1.1.1\1b2b049e1e88589510ddd4d93f2699b46ecd73dd\drawerlayout-1.1.1.aar because:
  Build cache is disabled
Transforming dynamicanimation-1.0.0.aar (androidx.dynamicanimation:dynamicanimation:1.0.0) with AarToClassTransform
Skipping AarToClassTransform: C:\Users\Tushal\.gradle\caches\modules-2\files-2.1\androidx.drawerlayout\drawerlayout\1.1.1\1b2b049e1e88589510ddd4d93f2699b46ecd73dd\drawerlayout-1.1.1.aar as it is up-to-date.
Transforming transition-1.2.0.aar (androidx.transition:transition:1.2.0) with AarToClassTransform
Caching disabled for AarToClassTransform: C:\Users\Tushal\.gradle\caches\modules-2\files-2.1\androidx.coordinatorlayout\coordinatorlayout\1.1.0\8eeb7baf75b9595d017642a460df5af3bb9fa4e1\coordinatorlayout-1.1.0.aar because:
  Build cache is disabled
Transforming vectordrawable-animated-1.1.0.aar (androidx.vectordrawable:vectordrawable-animated:1.1.0) with AarToClassTransform
Caching disabled for AarToClassTransform: C:\Users\Tushal\.gradle\caches\modules-2\files-2.1\androidx.dynamicanimation\dynamicanimation\1.0.0\e980497a58fb319d471f3bb78d066b926a08ba8e\dynamicanimation-1.0.0.aar because:
  Build cache is disabled
Caching disabled for AarToClassTransform: C:\Users\Tushal\.gradle\caches\modules-2\files-2.1\androidx.transition\transition\1.2.0\28003577e8b32f5417bfe899bbdc7a333dc81c9f\transition-1.2.0.aar because:
  Build cache is disabled
Transforming vectordrawable-1.1.0.aar (androidx.vectordrawable:vectordrawable:1.1.0) with AarToClassTransform
Caching disabled for AarToClassTransform: C:\Users\Tushal\.gradle\caches\modules-2\files-2.1\androidx.vectordrawable\vectordrawable-animated\1.1.0\fcda1161354501471c30a4e077af6b5c4d4eddc6\vectordrawable-animated-1.1.0.aar because:
  Build cache is disabled
Transforming vectordrawable-1.1.0.aar (androidx.vectordrawable:vectordrawable:1.1.0) with AarToClassTransform
Skipping AarToClassTransform: C:\Users\Tushal\.gradle\caches\modules-2\files-2.1\androidx.coordinatorlayout\coordinatorlayout\1.1.0\8eeb7baf75b9595d017642a460df5af3bb9fa4e1\coordinatorlayout-1.1.0.aar as it is up-to-date.
Skipping AarToClassTransform: C:\Users\Tushal\.gradle\caches\modules-2\files-2.1\androidx.vectordrawable\vectordrawable-animated\1.1.0\fcda1161354501471c30a4e077af6b5c4d4eddc6\vectordrawable-animated-1.1.0.aar as it is up-to-date.
Caching disabled for AarToClassTransform: C:\Users\Tushal\.gradle\caches\modules-2\files-2.1\androidx.vectordrawable\vectordrawable\1.1.0\eac7a364fff534035a2a6cb17770a1288315f69f\vectordrawable-1.1.0.aar because:
  Build cache is disabled
Transforming viewpager-1.0.0.aar (androidx.viewpager:viewpager:1.0.0) with AarToClassTransform
Skipping AarToClassTransform: C:\Users\Tushal\.gradle\caches\modules-2\files-2.1\androidx.vectordrawable\vectordrawable\1.1.0\eac7a364fff534035a2a6cb17770a1288315f69f\vectordrawable-1.1.0.aar as it is up-to-date.
Transforming customview-1.1.0.aar (androidx.customview:customview:1.1.0) with AarToClassTransform
Skipping AarToClassTransform: C:\Users\Tushal\.gradle\caches\modules-2\files-2.1\androidx.transition\transition\1.2.0\28003577e8b32f5417bfe899bbdc7a333dc81c9f\transition-1.2.0.aar as it is up-to-date.
Skipping AarToClassTransform: C:\Users\Tushal\.gradle\caches\modules-2\files-2.1\androidx.dynamicanimation\dynamicanimation\1.0.0\e980497a58fb319d471f3bb78d066b926a08ba8e\dynamicanimation-1.0.0.aar as it is up-to-date.
Caching disabled for AarToClassTransform: C:\Users\Tushal\.gradle\caches\modules-2\files-2.1\androidx.viewpager\viewpager\1.0.0\1f90e13820f96c2fb868f9674079a551678d68b2\viewpager-1.0.0.aar because:
  Build cache is disabled
Caching disabled for AarToClassTransform: C:\Users\Tushal\.gradle\caches\modules-2\files-2.1\androidx.customview\customview\1.1.0\a030aaf64c5419a89f7d91a33755c4629a43471\customview-1.1.0.aar because:
  Build cache is disabled
Transforming customview-1.1.0.aar (androidx.customview:customview:1.1.0) with AarToClassTransform
Skipping AarToClassTransform: C:\Users\Tushal\.gradle\caches\modules-2\files-2.1\androidx.customview\customview\1.1.0\a030aaf64c5419a89f7d91a33755c4629a43471\customview-1.1.0.aar as it is up-to-date.
Skipping AarToClassTransform: C:\Users\Tushal\.gradle\caches\modules-2\files-2.1\androidx.viewpager\viewpager\1.0.0\1f90e13820f96c2fb868f9674079a551678d68b2\viewpager-1.0.0.aar as it is up-to-date.
Transforming customview-1.1.0.aar (androidx.customview:customview:1.1.0) with AarToClassTransform
Transforming customview-1.1.0.aar (androidx.customview:customview:1.1.0) with AarToClassTransform
Transforming legacy-support-core-utils-1.0.0.aar (androidx.legacy:legacy-support-core-utils:1.0.0) with AarToClassTransform
Transforming loader-1.0.0.aar (androidx.loader:loader:1.0.0) with AarToClassTransform
Transforming loader-1.0.0.aar (androidx.loader:loader:1.0.0) with AarToClassTransform
Transforming core-1.12.0.aar (androidx.core:core:1.12.0) with AarToClassTransform
Transforming core-1.12.0.aar (androidx.core:core:1.12.0) with AarToClassTransform
Transforming core-1.12.0.aar (androidx.core:core:1.12.0) with AarToClassTransform
Caching disabled for AarToClassTransform: C:\Users\Tushal\.gradle\caches\modules-2\files-2.1\androidx.legacy\legacy-support-core-utils\1.0.0\9b9570042115da8629519090dfeb71df75da59fc\legacy-support-core-utils-1.0.0.aar because:
  Build cache is disabled
Caching disabled for AarToClassTransform: C:\Users\Tushal\.gradle\caches\modules-2\files-2.1\androidx.loader\loader\1.0.0\8af8b6cec0da85c207d03e15840e0722cbc71e70\loader-1.0.0.aar because:
  Build cache is disabled
Caching disabled for AarToClassTransform: C:\Users\Tushal\.gradle\caches\modules-2\files-2.1\androidx.core\core\1.12.0\5aa3088ed93ba8ebaea2b8a83befdfa829339e7a\core-1.12.0.aar because:
  Build cache is disabled
Transforming core-1.12.0.aar (androidx.core:core:1.12.0) with AarToClassTransform
Skipping AarToClassTransform: C:\Users\Tushal\.gradle\caches\modules-2\files-2.1\androidx.core\core\1.12.0\5aa3088ed93ba8ebaea2b8a83befdfa829339e7a\core-1.12.0.aar as it is up-to-date.
Transforming core-1.12.0.aar (androidx.core:core:1.12.0) with AarToClassTransform
Skipping AarToClassTransform: C:\Users\Tushal\.gradle\caches\modules-2\files-2.1\androidx.loader\loader\1.0.0\8af8b6cec0da85c207d03e15840e0722cbc71e70\loader-1.0.0.aar as it is up-to-date.
Skipping AarToClassTransform: C:\Users\Tushal\.gradle\caches\modules-2\files-2.1\androidx.legacy\legacy-support-core-utils\1.0.0\9b9570042115da8629519090dfeb71df75da59fc\legacy-support-core-utils-1.0.0.aar as it is up-to-date.
Transforming core-1.12.0.aar (androidx.core:core:1.12.0) with AarToClassTransform
Transforming core-1.12.0.aar (androidx.core:core:1.12.0) with AarToClassTransform
Transforming core-1.12.0.aar (androidx.core:core:1.12.0) with AarToClassTransform
Transforming core-1.12.0.aar (androidx.core:core:1.12.0) with AarToClassTransform
Transforming core-1.12.0.aar (androidx.core:core:1.12.0) with AarToClassTransform
Transforming core-1.12.0.aar (androidx.core:core:1.12.0) with AarToClassTransform
Transforming lifecycle-livedata-core-2.7.0.aar (androidx.lifecycle:lifecycle-livedata-core:2.7.0) with AarToClassTransform
Transforming lifecycle-runtime-ktx-2.7.0.aar (androidx.lifecycle:lifecycle-runtime-ktx:2.7.0) with AarToClassTransform
Transforming lifecycle-common-2.7.0.jar (androidx.lifecycle:lifecycle-common:2.7.0) with IdentityTransform
Transforming lifecycle-livedata-core-ktx-2.7.0.aar (androidx.lifecycle:lifecycle-livedata-core-ktx:2.7.0) with AarToClassTransform
Transforming lifecycle-livedata-2.7.0.aar (androidx.lifecycle:lifecycle-livedata:2.7.0) with AarToClassTransform
Caching disabled for AarToClassTransform: C:\Users\Tushal\.gradle\caches\modules-2\files-2.1\androidx.lifecycle\lifecycle-livedata-core\2.7.0\d95c9c0b74a6b9882c416c688f6cf201dc416bed\lifecycle-livedata-core-2.7.0.aar because:
  Build cache is disabled
Caching disabled for AarToClassTransform: C:\Users\Tushal\.gradle\caches\modules-2\files-2.1\androidx.lifecycle\lifecycle-livedata-core-ktx\2.7.0\746c75e5d0a819d11e255ad137083a51c746e953\lifecycle-livedata-core-ktx-2.7.0.aar because:
  Build cache is disabled
Skipping AarToClassTransform: C:\Users\Tushal\.gradle\caches\modules-2\files-2.1\androidx.lifecycle\lifecycle-livedata-core\2.7.0\d95c9c0b74a6b9882c416c688f6cf201dc416bed\lifecycle-livedata-core-2.7.0.aar as it is up-to-date.
Caching disabled for AarToClassTransform: C:\Users\Tushal\.gradle\caches\modules-2\files-2.1\androidx.lifecycle\lifecycle-runtime-ktx\2.7.0\99b5608d5971ae4cb95dea85cd0a2bdb1519b89d\lifecycle-runtime-ktx-2.7.0.aar because:
  Build cache is disabled
Transforming lifecycle-livedata-2.7.0.aar (androidx.lifecycle:lifecycle-livedata:2.7.0) with AarToClassTransform
Skipping AarToClassTransform: C:\Users\Tushal\.gradle\caches\modules-2\files-2.1\androidx.lifecycle\lifecycle-runtime-ktx\2.7.0\99b5608d5971ae4cb95dea85cd0a2bdb1519b89d\lifecycle-runtime-ktx-2.7.0.aar as it is up-to-date.
Transforming lifecycle-viewmodel-2.7.0.aar (androidx.lifecycle:lifecycle-viewmodel:2.7.0) with AarToClassTransform
Skipping AarToClassTransform: C:\Users\Tushal\.gradle\caches\modules-2\files-2.1\androidx.lifecycle\lifecycle-livedata-core-ktx\2.7.0\746c75e5d0a819d11e255ad137083a51c746e953\lifecycle-livedata-core-ktx-2.7.0.aar as it is up-to-date.
Caching disabled for AarToClassTransform: C:\Users\Tushal\.gradle\caches\modules-2\files-2.1\androidx.lifecycle\lifecycle-livedata\2.7.0\42ad14e1ee00719636e31a36e8cd50d7ce5c45c6\lifecycle-livedata-2.7.0.aar because:
  Build cache is disabled
Transforming lifecycle-viewmodel-2.7.0.aar (androidx.lifecycle:lifecycle-viewmodel:2.7.0) with AarToClassTransform
Caching disabled for AarToClassTransform: C:\Users\Tushal\.gradle\caches\modules-2\files-2.1\androidx.lifecycle\lifecycle-viewmodel\2.7.0\ea64fb2e504d200f2b7f03c76f51edd7e9ef62a9\lifecycle-viewmodel-2.7.0.aar because:
  Build cache is disabled
Transforming coil-2.5.0.aar (io.coil-kt:coil:2.5.0) with AarToClassTransform
Skipping AarToClassTransform: C:\Users\Tushal\.gradle\caches\modules-2\files-2.1\androidx.lifecycle\lifecycle-livedata\2.7.0\42ad14e1ee00719636e31a36e8cd50d7ce5c45c6\lifecycle-livedata-2.7.0.aar as it is up-to-date.
Transforming coil-video-2.5.0.aar (io.coil-kt:coil-video:2.5.0) with AarToClassTransform
Skipping AarToClassTransform: C:\Users\Tushal\.gradle\caches\modules-2\files-2.1\androidx.lifecycle\lifecycle-viewmodel\2.7.0\ea64fb2e504d200f2b7f03c76f51edd7e9ef62a9\lifecycle-viewmodel-2.7.0.aar as it is up-to-date.
Transforming coil-base-2.5.0.aar (io.coil-kt:coil-base:2.5.0) with AarToClassTransform
Transforming lifecycle-runtime-2.7.0.aar (androidx.lifecycle:lifecycle-runtime:2.7.0) with AarToClassTransform
Transforming lifecycle-viewmodel-ktx-2.7.0.aar (androidx.lifecycle:lifecycle-viewmodel-ktx:2.7.0) with AarToClassTransform
Caching disabled for AarToClassTransform: C:\Users\Tushal\.gradle\caches\modules-2\files-2.1\io.coil-kt\coil\2.5.0\b8715dafc4143e853f897187f163dd32f1c8ab89\coil-2.5.0.aar because:
  Build cache is disabled
Caching disabled for AarToClassTransform: C:\Users\Tushal\.gradle\caches\modules-2\files-2.1\io.coil-kt\coil-video\2.5.0\b019287ffa195f81da8344b679f3475c917800be\coil-video-2.5.0.aar because:
  Build cache is disabled
Caching disabled for AarToClassTransform: C:\Users\Tushal\.gradle\caches\modules-2\files-2.1\androidx.lifecycle\lifecycle-viewmodel-ktx\2.7.0\421575b66dd75fa2a1bd425f9ab335461dd10721\lifecycle-viewmodel-ktx-2.7.0.aar because:
  Build cache is disabled
Caching disabled for AarToClassTransform: C:\Users\Tushal\.gradle\caches\modules-2\files-2.1\io.coil-kt\coil-base\2.5.0\2781eb09c2cf68c2c0722b76a5b22f70ff1f909c\coil-base-2.5.0.aar because:
  Build cache is disabled
Transforming lifecycle-livedata-ktx-2.7.0.aar (androidx.lifecycle:lifecycle-livedata-ktx:2.7.0) with AarToClassTransform
Skipping AarToClassTransform: C:\Users\Tushal\.gradle\caches\modules-2\files-2.1\io.coil-kt\coil-base\2.5.0\2781eb09c2cf68c2c0722b76a5b22f70ff1f909c\coil-base-2.5.0.aar as it is up-to-date.
Transforming lifecycle-viewmodel-savedstate-2.7.0.aar (androidx.lifecycle:lifecycle-viewmodel-savedstate:2.7.0) with AarToClassTransform
Skipping AarToClassTransform: C:\Users\Tushal\.gradle\caches\modules-2\files-2.1\androidx.lifecycle\lifecycle-viewmodel-ktx\2.7.0\421575b66dd75fa2a1bd425f9ab335461dd10721\lifecycle-viewmodel-ktx-2.7.0.aar as it is up-to-date.
Skipping AarToClassTransform: C:\Users\Tushal\.gradle\caches\modules-2\files-2.1\io.coil-kt\coil-video\2.5.0\b019287ffa195f81da8344b679f3475c917800be\coil-video-2.5.0.aar as it is up-to-date.
Caching disabled for AarToClassTransform: C:\Users\Tushal\.gradle\caches\modules-2\files-2.1\androidx.lifecycle\lifecycle-runtime\2.7.0\e46d7c73ab6cb3e288f51a0ad96bf372e90ceb31\lifecycle-runtime-2.7.0.aar because:
  Build cache is disabled
Skipping AarToClassTransform: C:\Users\Tushal\.gradle\caches\modules-2\files-2.1\io.coil-kt\coil\2.5.0\b8715dafc4143e853f897187f163dd32f1c8ab89\coil-2.5.0.aar as it is up-to-date.
Skipping AarToClassTransform: C:\Users\Tushal\.gradle\caches\modules-2\files-2.1\androidx.lifecycle\lifecycle-runtime\2.7.0\e46d7c73ab6cb3e288f51a0ad96bf372e90ceb31\lifecycle-runtime-2.7.0.aar as it is up-to-date.
Caching disabled for AarToClassTransform: C:\Users\Tushal\.gradle\caches\modules-2\files-2.1\androidx.lifecycle\lifecycle-viewmodel-savedstate\2.7.0\1fa14bde5efb3a96fa4fb8ced995f7fdfe99dfd\lifecycle-viewmodel-savedstate-2.7.0.aar because:
  Build cache is disabled
Caching disabled for AarToClassTransform: C:\Users\Tushal\.gradle\caches\modules-2\files-2.1\androidx.lifecycle\lifecycle-livedata-ktx\2.7.0\3ab225fb0a0a61c561c619e57b58dfb3fd45800e\lifecycle-livedata-ktx-2.7.0.aar because:
  Build cache is disabled
Transforming core-ktx-1.12.0.aar (androidx.core:core-ktx:1.12.0) with AarToClassTransform
Skipping AarToClassTransform: C:\Users\Tushal\.gradle\caches\modules-2\files-2.1\androidx.lifecycle\lifecycle-livedata-ktx\2.7.0\3ab225fb0a0a61c561c619e57b58dfb3fd45800e\lifecycle-livedata-ktx-2.7.0.aar as it is up-to-date.
Skipping AarToClassTransform: C:\Users\Tushal\.gradle\caches\modules-2\files-2.1\androidx.lifecycle\lifecycle-viewmodel-savedstate\2.7.0\1fa14bde5efb3a96fa4fb8ced995f7fdfe99dfd\lifecycle-viewmodel-savedstate-2.7.0.aar as it is up-to-date.
Transforming room-common-2.6.1.jar (androidx.room:room-common:2.6.1) with IdentityTransform
Transforming room-runtime-2.6.1.aar (androidx.room:room-runtime:2.6.1) with AarToClassTransform
Caching disabled for AarToClassTransform: C:\Users\Tushal\.gradle\caches\modules-2\files-2.1\androidx.core\core-ktx\1.12.0\1b80a40d6f34eb52c8de87c186feb57aa2a43ada\core-ktx-1.12.0.aar because:
  Build cache is disabled
Skipping AarToClassTransform: C:\Users\Tushal\.gradle\caches\modules-2\files-2.1\androidx.core\core-ktx\1.12.0\1b80a40d6f34eb52c8de87c186feb57aa2a43ada\core-ktx-1.12.0.aar as it is up-to-date.
Caching disabled for AarToClassTransform: C:\Users\Tushal\.gradle\caches\modules-2\files-2.1\androidx.room\room-runtime\2.6.1\3ebcd7683411c298dd8aeee635f452c96eaf319\room-runtime-2.6.1.aar because:
  Build cache is disabled
Transforming room-ktx-2.6.1.aar (androidx.room:room-ktx:2.6.1) with AarToClassTransform
Skipping AarToClassTransform: C:\Users\Tushal\.gradle\caches\modules-2\files-2.1\androidx.room\room-runtime\2.6.1\3ebcd7683411c298dd8aeee635f452c96eaf319\room-runtime-2.6.1.aar as it is up-to-date.
Transforming savedstate-ktx-1.2.1.aar (androidx.savedstate:savedstate-ktx:1.2.1) with AarToClassTransform
Transforming savedstate-1.2.1.aar (androidx.savedstate:savedstate:1.2.1) with AarToClassTransform
Transforming media3-exoplayer-1.2.0.aar (androidx.media3:media3-exoplayer:1.2.0) with AarToClassTransform
Transforming media3-common-1.2.0.aar (androidx.media3:media3-common:1.2.0) with AarToClassTransform
Caching disabled for AarToClassTransform: C:\Users\Tushal\.gradle\caches\modules-2\files-2.1\androidx.room\room-ktx\2.6.1\1f353808ec8a8b2d0a554d2a3f43f0829982df60\room-ktx-2.6.1.aar because:
  Build cache is disabled
Transforming annotation-experimental-1.3.1.aar (androidx.annotation:annotation-experimental:1.3.1) with AarToClassTransform
Skipping AarToClassTransform: C:\Users\Tushal\.gradle\caches\modules-2\files-2.1\androidx.room\room-ktx\2.6.1\1f353808ec8a8b2d0a554d2a3f43f0829982df60\room-ktx-2.6.1.aar as it is up-to-date.
Transforming kotlinx-coroutines-core-jvm-1.7.3.jar (org.jetbrains.kotlinx:kotlinx-coroutines-core-jvm:1.7.3) with IdentityTransform
Transforming kotlinx-coroutines-android-1.7.3.jar (org.jetbrains.kotlinx:kotlinx-coroutines-android:1.7.3) with IdentityTransform
Transforming okhttp-4.12.0.jar (com.squareup.okhttp3:okhttp:4.12.0) with IdentityTransform
Transforming okio-jvm-3.6.0.jar (com.squareup.okio:okio-jvm:3.6.0) with IdentityTransform
Transforming kotlin-stdlib-jdk8-1.9.10.jar (org.jetbrains.kotlin:kotlin-stdlib-jdk8:1.9.10) with IdentityTransform
Transforming cardview-1.0.0.aar (androidx.cardview:cardview:1.0.0) with AarToClassTransform
Caching disabled for AarToClassTransform: C:\Users\Tushal\.gradle\caches\modules-2\files-2.1\androidx.media3\media3-common\1.2.0\6db2af9ff808f5ef4db3edea7bc39ac80ccbc497\media3-common-1.2.0.aar because:
  Build cache is disabled
Caching disabled for AarToClassTransform: C:\Users\Tushal\.gradle\caches\modules-2\files-2.1\androidx.savedstate\savedstate-ktx\1.2.1\b86d338d91b1c26193a42b1d87be9bb02123fa16\savedstate-ktx-1.2.1.aar because:
  Build cache is disabled
Caching disabled for AarToClassTransform: C:\Users\Tushal\.gradle\caches\modules-2\files-2.1\androidx.cardview\cardview\1.0.0\158dbc2e2bc502815821191b04446b8f663c1874\cardview-1.0.0.aar because:
  Build cache is disabled
Caching disabled for AarToClassTransform: C:\Users\Tushal\.gradle\caches\modules-2\files-2.1\androidx.annotation\annotation-experimental\1.3.1\96a98340221569e1c2deb3da92de5ca6e3389a65\annotation-experimental-1.3.1.aar because:
  Build cache is disabled
Skipping AarToClassTransform: C:\Users\Tushal\.gradle\caches\modules-2\files-2.1\androidx.cardview\cardview\1.0.0\158dbc2e2bc502815821191b04446b8f663c1874\cardview-1.0.0.aar as it is up-to-date.
Skipping AarToClassTransform: C:\Users\Tushal\.gradle\caches\modules-2\files-2.1\androidx.annotation\annotation-experimental\1.3.1\96a98340221569e1c2deb3da92de5ca6e3389a65\annotation-experimental-1.3.1.aar as it is up-to-date.
Caching disabled for AarToClassTransform: C:\Users\Tushal\.gradle\caches\modules-2\files-2.1\androidx.savedstate\savedstate\1.2.1\e364fc9dec32aa569d855f85864e50250318a093\savedstate-1.2.1.aar because:
  Build cache is disabled
Skipping AarToClassTransform: C:\Users\Tushal\.gradle\caches\modules-2\files-2.1\androidx.savedstate\savedstate\1.2.1\e364fc9dec32aa569d855f85864e50250318a093\savedstate-1.2.1.aar as it is up-to-date.
Transforming security-crypto-1.1.0-alpha06.aar (androidx.security:security-crypto:1.1.0-alpha06) with AarToClassTransform
Transforming cursoradapter-1.0.0.aar (androidx.cursoradapter:cursoradapter:1.0.0) with AarToClassTransform
Transforming interpolator-1.0.0.aar (androidx.interpolator:interpolator:1.0.0) with AarToClassTransform
Transforming interpolator-1.0.0.aar (androidx.interpolator:interpolator:1.0.0) with AarToClassTransform
Transforming sqlite-framework-2.4.0.aar (androidx.sqlite:sqlite-framework:2.4.0) with AarToClassTransform
Transforming sqlite-2.4.0.aar (androidx.sqlite:sqlite:2.4.0) with AarToClassTransform
Caching disabled for AarToClassTransform: C:\Users\Tushal\.gradle\caches\modules-2\files-2.1\androidx.security\security-crypto\1.1.0-alpha06\d23f6c36fbbeea99668bf077e14184bb2d4fc7d1\security-crypto-1.1.0-alpha06.aar because:
  Build cache is disabled
Skipping AarToClassTransform: C:\Users\Tushal\.gradle\caches\modules-2\files-2.1\androidx.security\security-crypto\1.1.0-alpha06\d23f6c36fbbeea99668bf077e14184bb2d4fc7d1\security-crypto-1.1.0-alpha06.aar as it is up-to-date.
Caching disabled for AarToClassTransform: C:\Users\Tushal\.gradle\caches\modules-2\files-2.1\androidx.media3\media3-exoplayer\1.2.0\f994184952f36f0c91eb0ec6ed6c9283d6858076\media3-exoplayer-1.2.0.aar because:
  Build cache is disabled
Skipping AarToClassTransform: C:\Users\Tushal\.gradle\caches\modules-2\files-2.1\androidx.media3\media3-exoplayer\1.2.0\f994184952f36f0c91eb0ec6ed6c9283d6858076\media3-exoplayer-1.2.0.aar as it is up-to-date.
Transforming gifdecoder-4.16.0.aar (com.github.bumptech.glide:gifdecoder:4.16.0) with AarToClassTransform
Skipping AarToClassTransform: C:\Users\Tushal\.gradle\caches\modules-2\files-2.1\androidx.savedstate\savedstate-ktx\1.2.1\b86d338d91b1c26193a42b1d87be9bb02123fa16\savedstate-ktx-1.2.1.aar as it is up-to-date.
Skipping AarToClassTransform: C:\Users\Tushal\.gradle\caches\modules-2\files-2.1\androidx.media3\media3-common\1.2.0\6db2af9ff808f5ef4db3edea7bc39ac80ccbc497\media3-common-1.2.0.aar as it is up-to-date.
Transforming versionedparcelable-1.1.1.aar (androidx.versionedparcelable:versionedparcelable:1.1.1) with AarToClassTransform
Transforming core-runtime-2.2.0.aar (androidx.arch.core:core-runtime:2.2.0) with AarToClassTransform
Transforming core-common-2.2.0.jar (androidx.arch.core:core-common:2.2.0) with IdentityTransform
Transforming collection-jvm-1.3.0.jar (androidx.collection:collection-jvm:1.3.0) with IdentityTransform
Transforming documentfile-1.0.0.aar (androidx.documentfile:documentfile:1.0.0) with AarToClassTransform
Transforming localbroadcastmanager-1.0.0.aar (androidx.localbroadcastmanager:localbroadcastmanager:1.0.0) with AarToClassTransform
Transforming print-1.0.0.aar (androidx.print:print:1.0.0) with AarToClassTransform
Transforming annotation-jvm-1.7.0.jar (androidx.annotation:annotation-jvm:1.7.0) with IdentityTransform
Transforming kotlin-stdlib-jdk7-1.9.10.jar (org.jetbrains.kotlin:kotlin-stdlib-jdk7:1.9.10) with IdentityTransform
Transforming kotlin-stdlib-1.9.21.jar (org.jetbrains.kotlin:kotlin-stdlib:1.9.21) with IdentityTransform
Transforming annotations-23.0.0.jar (org.jetbrains:annotations:23.0.0) with IdentityTransform
Transforming multidex-2.0.1.aar (androidx.multidex:multidex:2.0.1) with AarToClassTransform
Transforming guava-31.1-android.jar (com.google.guava:guava:31.1-android) with IdentityTransform
Transforming listenablefuture-9999.0-empty-to-avoid-conflict-with-guava.jar (com.google.guava:listenablefuture:9999.0-empty-to-avoid-conflict-with-guava) with IdentityTransform
Transforming tracing-1.0.0.aar (androidx.tracing:tracing:1.0.0) with AarToClassTransform
Transforming resourceinspection-annotation-1.0.1.jar (androidx.resourceinspection:resourceinspection-annotation:1.0.1) with IdentityTransform
Transforming constraintlayout-2.1.4.aar (androidx.constraintlayout:constraintlayout:2.1.4) with AarToClassTransform
Transforming gson-2.10.1.jar (com.google.code.gson:gson:2.10.1) with IdentityTransform
Transforming exifinterface-1.3.6.aar (androidx.exifinterface:exifinterface:1.3.6) with AarToClassTransform
Transforming failureaccess-1.0.1.jar (com.google.guava:failureaccess:1.0.1) with IdentityTransform
Transforming media3-container-1.2.0.aar (androidx.media3:media3-container:1.2.0) with AarToClassTransform
Transforming media3-database-1.2.0.aar (androidx.media3:media3-database:1.2.0) with AarToClassTransform
Transforming media3-datasource-1.2.0.aar (androidx.media3:media3-datasource:1.2.0) with AarToClassTransform
Transforming media3-decoder-1.2.0.aar (androidx.media3:media3-decoder:1.2.0) with AarToClassTransform
Transforming media3-extractor-1.2.0.aar (androidx.media3:media3-extractor:1.2.0) with AarToClassTransform
Transforming media3-ui-1.2.0.aar (androidx.media3:media3-ui:1.2.0) with AarToClassTransform
Transforming exp4j-0.4.8.jar (net.objecthunter:exp4j:0.4.8) with IdentityTransform
Transforming disklrucache-4.16.0.jar (com.github.bumptech.glide:disklrucache:4.16.0) with IdentityTransform
Transforming annotations-4.16.0.jar (com.github.bumptech.glide:annotations:4.16.0) with IdentityTransform
Caching disabled for AarToClassTransform: C:\Users\Tushal\.gradle\caches\modules-2\files-2.1\androidx.sqlite\sqlite\2.4.0\cc553e5621c8ad4e233059a724100afa9e2fd1f4\sqlite-2.4.0.aar because:
  Build cache is disabled
Caching disabled for AarToClassTransform: C:\Users\Tushal\.gradle\caches\modules-2\files-2.1\androidx.sqlite\sqlite-framework\2.4.0\532d56a4f312d78767534ff1cc2f8084baec6c26\sqlite-framework-2.4.0.aar because:
  Build cache is disabled
Caching disabled for AarToClassTransform: C:\Users\Tushal\.gradle\caches\modules-2\files-2.1\androidx.interpolator\interpolator\1.0.0\8a01fa254a23b9388571eb6334b03707c7d122d7\interpolator-1.0.0.aar because:
  Build cache is disabled
Skipping AarToClassTransform: C:\Users\Tushal\.gradle\caches\modules-2\files-2.1\androidx.interpolator\interpolator\1.0.0\8a01fa254a23b9388571eb6334b03707c7d122d7\interpolator-1.0.0.aar as it is up-to-date.
Skipping AarToClassTransform: C:\Users\Tushal\.gradle\caches\modules-2\files-2.1\androidx.sqlite\sqlite-framework\2.4.0\532d56a4f312d78767534ff1cc2f8084baec6c26\sqlite-framework-2.4.0.aar as it is up-to-date.
Caching disabled for AarToClassTransform: C:\Users\Tushal\.gradle\caches\modules-2\files-2.1\androidx.tracing\tracing\1.0.0\69cef34711dffbc517e7a0a419ec4a98f84f496a\tracing-1.0.0.aar because:
  Build cache is disabled
Caching disabled for AarToClassTransform: C:\Users\Tushal\.gradle\caches\modules-2\files-2.1\androidx.constraintlayout\constraintlayout\2.1.4\b7ad5eca28aa9e7c4ea1a7e256c7ee4401a031f\constraintlayout-2.1.4.aar because:
  Build cache is disabled
Caching disabled for AarToClassTransform: C:\Users\Tushal\.gradle\caches\modules-2\files-2.1\androidx.media3\media3-database\1.2.0\307d1230219619c312a3d2cadd013786f4d59a64\media3-database-1.2.0.aar because:
  Build cache is disabled
Caching disabled for AarToClassTransform: C:\Users\Tushal\.gradle\caches\modules-2\files-2.1\androidx.versionedparcelable\versionedparcelable\1.1.1\18e18071e7715679e0593c570217edeb5ca48b9e\versionedparcelable-1.1.1.aar because:
  Build cache is disabled
Skipping AarToClassTransform: C:\Users\Tushal\.gradle\caches\modules-2\files-2.1\androidx.sqlite\sqlite\2.4.0\cc553e5621c8ad4e233059a724100afa9e2fd1f4\sqlite-2.4.0.aar as it is up-to-date.
Skipping AarToClassTransform: C:\Users\Tushal\.gradle\caches\modules-2\files-2.1\androidx.versionedparcelable\versionedparcelable\1.1.1\18e18071e7715679e0593c570217edeb5ca48b9e\versionedparcelable-1.1.1.aar as it is up-to-date.
Caching disabled for AarToClassTransform: C:\Users\Tushal\.gradle\caches\modules-2\files-2.1\com.github.bumptech.glide\gifdecoder\4.16.0\2e432e2933ee72a217ba3721e58ef414d2b2d3e8\gifdecoder-4.16.0.aar because:
  Build cache is disabled
Skipping AarToClassTransform: C:\Users\Tushal\.gradle\caches\modules-2\files-2.1\androidx.media3\media3-database\1.2.0\307d1230219619c312a3d2cadd013786f4d59a64\media3-database-1.2.0.aar as it is up-to-date.
Caching disabled for AarToClassTransform: C:\Users\Tushal\.gradle\caches\modules-2\files-2.1\androidx.media3\media3-ui\1.2.0\65a0bff9352c8805515d6bcbee6d24e19a6c3d06\media3-ui-1.2.0.aar because:
  Build cache is disabled
Caching disabled for AarToClassTransform: C:\Users\Tushal\.gradle\caches\modules-2\files-2.1\androidx.media3\media3-decoder\1.2.0\59649321331cd3f17435faa2773ed58b5dc8d5d6\media3-decoder-1.2.0.aar because:
  Build cache is disabled
Skipping AarToClassTransform: C:\Users\Tushal\.gradle\caches\modules-2\files-2.1\androidx.constraintlayout\constraintlayout\2.1.4\b7ad5eca28aa9e7c4ea1a7e256c7ee4401a031f\constraintlayout-2.1.4.aar as it is up-to-date.
Caching disabled for AarToClassTransform: C:\Users\Tushal\.gradle\caches\modules-2\files-2.1\androidx.media3\media3-datasource\1.2.0\119f35d7f0a31a5f265adc33be37929fa13ff06e\media3-datasource-1.2.0.aar because:
  Build cache is disabled
Caching disabled for AarToClassTransform: C:\Users\Tushal\.gradle\caches\modules-2\files-2.1\androidx.media3\media3-container\1.2.0\52a49b0f160f5b2d20db8dd0b7bad72fd4c1922a\media3-container-1.2.0.aar because:
  Build cache is disabled
Skipping AarToClassTransform: C:\Users\Tushal\.gradle\caches\modules-2\files-2.1\androidx.media3\media3-ui\1.2.0\65a0bff9352c8805515d6bcbee6d24e19a6c3d06\media3-ui-1.2.0.aar as it is up-to-date.
Skipping AarToClassTransform: C:\Users\Tushal\.gradle\caches\modules-2\files-2.1\androidx.media3\media3-container\1.2.0\52a49b0f160f5b2d20db8dd0b7bad72fd4c1922a\media3-container-1.2.0.aar as it is up-to-date.
Caching disabled for AarToClassTransform: C:\Users\Tushal\.gradle\caches\modules-2\files-2.1\androidx.exifinterface\exifinterface\1.3.6\66c4f85fbe44c6556b05ecd28ea1af00cff3655e\exifinterface-1.3.6.aar because:
  Build cache is disabled
Skipping AarToClassTransform: C:\Users\Tushal\.gradle\caches\modules-2\files-2.1\androidx.tracing\tracing\1.0.0\69cef34711dffbc517e7a0a419ec4a98f84f496a\tracing-1.0.0.aar as it is up-to-date.
Caching disabled for AarToClassTransform: C:\Users\Tushal\.gradle\caches\modules-2\files-2.1\androidx.print\print\1.0.0\7722094652c48ebe27acc94d74a55e759e4635ff\print-1.0.0.aar because:
  Build cache is disabled
Caching disabled for AarToClassTransform: C:\Users\Tushal\.gradle\caches\modules-2\files-2.1\androidx.multidex\multidex\2.0.1\c5c10c06f82ec4b4fcccc5ee4ea64ecc48254f33\multidex-2.0.1.aar because:
  Build cache is disabled
Caching disabled for AarToClassTransform: C:\Users\Tushal\.gradle\caches\modules-2\files-2.1\androidx.localbroadcastmanager\localbroadcastmanager\1.0.0\2734f31c8321e83ce6b60570d14777fc33cc2ece\localbroadcastmanager-1.0.0.aar because:
  Build cache is disabled
Skipping AarToClassTransform: C:\Users\Tushal\.gradle\caches\modules-2\files-2.1\androidx.multidex\multidex\2.0.1\c5c10c06f82ec4b4fcccc5ee4ea64ecc48254f33\multidex-2.0.1.aar as it is up-to-date.
Caching disabled for AarToClassTransform: C:\Users\Tushal\.gradle\caches\modules-2\files-2.1\androidx.arch.core\core-runtime\2.2.0\39705982680d78556b679ef9d5400d4f17509b0b\core-runtime-2.2.0.aar because:
  Build cache is disabled
Caching disabled for AarToClassTransform: C:\Users\Tushal\.gradle\caches\modules-2\files-2.1\androidx.documentfile\documentfile\1.0.0\66104345c90cd8c2fd5ad2d3aad692b280e10c32\documentfile-1.0.0.aar because:
  Build cache is disabled
Caching disabled for AarToClassTransform: C:\Users\Tushal\.gradle\caches\modules-2\files-2.1\androidx.cursoradapter\cursoradapter\1.0.0\74014983a86b83cbce534dec4e7aa9312f5f5d82\cursoradapter-1.0.0.aar because:
  Build cache is disabled
Skipping AarToClassTransform: C:\Users\Tushal\.gradle\caches\modules-2\files-2.1\androidx.documentfile\documentfile\1.0.0\66104345c90cd8c2fd5ad2d3aad692b280e10c32\documentfile-1.0.0.aar as it is up-to-date.
Skipping AarToClassTransform: C:\Users\Tushal\.gradle\caches\modules-2\files-2.1\androidx.arch.core\core-runtime\2.2.0\39705982680d78556b679ef9d5400d4f17509b0b\core-runtime-2.2.0.aar as it is up-to-date.
Skipping AarToClassTransform: C:\Users\Tushal\.gradle\caches\modules-2\files-2.1\androidx.localbroadcastmanager\localbroadcastmanager\1.0.0\2734f31c8321e83ce6b60570d14777fc33cc2ece\localbroadcastmanager-1.0.0.aar as it is up-to-date.
Skipping AarToClassTransform: C:\Users\Tushal\.gradle\caches\modules-2\files-2.1\androidx.print\print\1.0.0\7722094652c48ebe27acc94d74a55e759e4635ff\print-1.0.0.aar as it is up-to-date.
Skipping AarToClassTransform: C:\Users\Tushal\.gradle\caches\modules-2\files-2.1\androidx.exifinterface\exifinterface\1.3.6\66c4f85fbe44c6556b05ecd28ea1af00cff3655e\exifinterface-1.3.6.aar as it is up-to-date.
Skipping AarToClassTransform: C:\Users\Tushal\.gradle\caches\modules-2\files-2.1\androidx.media3\media3-datasource\1.2.0\119f35d7f0a31a5f265adc33be37929fa13ff06e\media3-datasource-1.2.0.aar as it is up-to-date.
Skipping AarToClassTransform: C:\Users\Tushal\.gradle\caches\modules-2\files-2.1\androidx.media3\media3-decoder\1.2.0\59649321331cd3f17435faa2773ed58b5dc8d5d6\media3-decoder-1.2.0.aar as it is up-to-date.
Caching disabled for AarToClassTransform: C:\Users\Tushal\.gradle\caches\modules-2\files-2.1\androidx.media3\media3-extractor\1.2.0\50a4178d574f49fd0e29d81423a00f75fed91030\media3-extractor-1.2.0.aar because:
  Build cache is disabled
Skipping AarToClassTransform: C:\Users\Tushal\.gradle\caches\modules-2\files-2.1\com.github.bumptech.glide\gifdecoder\4.16.0\2e432e2933ee72a217ba3721e58ef414d2b2d3e8\gifdecoder-4.16.0.aar as it is up-to-date.
Skipping AarToClassTransform: C:\Users\Tushal\.gradle\caches\modules-2\files-2.1\androidx.media3\media3-extractor\1.2.0\50a4178d574f49fd0e29d81423a00f75fed91030\media3-extractor-1.2.0.aar as it is up-to-date.
Skipping AarToClassTransform: C:\Users\Tushal\.gradle\caches\modules-2\files-2.1\androidx.cursoradapter\cursoradapter\1.0.0\74014983a86b83cbce534dec4e7aa9312f5f5d82\cursoradapter-1.0.0.aar as it is up-to-date.
Transforming R.jar with ClasspathEntrySnapshotTransform
Transforming viewbinding-8.2.0-api.jar with ClasspathEntrySnapshotTransform
Transforming material-1.11.0-api.jar with ClasspathEntrySnapshotTransform
Transforming appcompat-1.6.1-api.jar with ClasspathEntrySnapshotTransform
Transforming biometric-1.1.0-api.jar with ClasspathEntrySnapshotTransform
Transforming glide-4.16.0-api.jar with ClasspathEntrySnapshotTransform
Caching disabled for ClasspathEntrySnapshotTransform: C:\Users\Tushal\Desktop\APP\Vexor\app\build\intermediates\compile_and_runtime_not_namespaced_r_class_jar\debug\R.jar because:
  Build cache is disabled
Caching disabled for ClasspathEntrySnapshotTransform: C:\Users\Tushal\.gradle\caches\transforms-3\ab54f03c26235ee1226d9965c49b80a4\transformed\material-1.11.0-api.jar because:
  Build cache is disabled
Caching disabled for ClasspathEntrySnapshotTransform: C:\Users\Tushal\.gradle\caches\transforms-3\760e832c00228b7bc383757208d23cb8\transformed\viewbinding-8.2.0-api.jar because:
  Build cache is disabled
Transforming viewpager2-1.1.0-beta02-api.jar with ClasspathEntrySnapshotTransform
Skipping ClasspathEntrySnapshotTransform: C:\Users\Tushal\.gradle\caches\transforms-3\760e832c00228b7bc383757208d23cb8\transformed\viewbinding-8.2.0-api.jar as it is up-to-date.
Skipping ClasspathEntrySnapshotTransform: C:\Users\Tushal\.gradle\caches\transforms-3\ab54f03c26235ee1226d9965c49b80a4\transformed\material-1.11.0-api.jar as it is up-to-date.
Caching disabled for ClasspathEntrySnapshotTransform: C:\Users\Tushal\.gradle\caches\transforms-3\2a6450864e3cfebee765373105a64f3f\transformed\glide-4.16.0-api.jar because:
  Build cache is disabled
Skipping ClasspathEntrySnapshotTransform: C:\Users\Tushal\Desktop\APP\Vexor\app\build\intermediates\compile_and_runtime_not_namespaced_r_class_jar\debug\R.jar as it is up-to-date.
Skipping ClasspathEntrySnapshotTransform: C:\Users\Tushal\.gradle\caches\transforms-3\2a6450864e3cfebee765373105a64f3f\transformed\glide-4.16.0-api.jar as it is up-to-date.
Caching disabled for ClasspathEntrySnapshotTransform: C:\Users\Tushal\.gradle\caches\transforms-3\b0c9351c73663e86bd6c1de18b4b404f\transformed\biometric-1.1.0-api.jar because:
  Build cache is disabled
Caching disabled for ClasspathEntrySnapshotTransform: C:\Users\Tushal\.gradle\caches\transforms-3\ad6821ab8adcf899de94671fededbcfb\transformed\appcompat-1.6.1-api.jar because:
  Build cache is disabled
Skipping ClasspathEntrySnapshotTransform: C:\Users\Tushal\.gradle\caches\transforms-3\b0c9351c73663e86bd6c1de18b4b404f\transformed\biometric-1.1.0-api.jar as it is up-to-date.
Caching disabled for ClasspathEntrySnapshotTransform: C:\Users\Tushal\.gradle\caches\transforms-3\6277100043e4fa96fc8101874c029b30\transformed\viewpager2-1.1.0-beta02-api.jar because:
  Build cache is disabled
Transforming fragment-1.3.6-api.jar with ClasspathEntrySnapshotTransform
Skipping ClasspathEntrySnapshotTransform: C:\Users\Tushal\.gradle\caches\transforms-3\6277100043e4fa96fc8101874c029b30\transformed\viewpager2-1.1.0-beta02-api.jar as it is up-to-date.
Skipping ClasspathEntrySnapshotTransform: C:\Users\Tushal\.gradle\caches\transforms-3\ad6821ab8adcf899de94671fededbcfb\transformed\appcompat-1.6.1-api.jar as it is up-to-date.
Transforming activity-1.8.2-api.jar with ClasspathEntrySnapshotTransform
Transforming activity-ktx-1.8.2-api.jar with ClasspathEntrySnapshotTransform
Caching disabled for ClasspathEntrySnapshotTransform: C:\Users\Tushal\.gradle\caches\transforms-3\e18fb45cfb307565427b3edf9815bef7\transformed\fragment-1.3.6-api.jar because:
  Build cache is disabled
Caching disabled for ClasspathEntrySnapshotTransform: C:\Users\Tushal\.gradle\caches\transforms-3\e54383770661ecfbf5f77f0dd201cdb6\transformed\activity-1.8.2-api.jar because:
  Build cache is disabled
Skipping ClasspathEntrySnapshotTransform: C:\Users\Tushal\.gradle\caches\transforms-3\e18fb45cfb307565427b3edf9815bef7\transformed\fragment-1.3.6-api.jar as it is up-to-date.
Transforming recyclerview-1.3.2-api.jar with ClasspathEntrySnapshotTransform
Caching disabled for ClasspathEntrySnapshotTransform: C:\Users\Tushal\.gradle\caches\transforms-3\40ec3a472ce338bb8942ebf4dd53fb9c\transformed\activity-ktx-1.8.2-api.jar because:
  Build cache is disabled
Transforming swiperefreshlayout-1.1.0-api.jar with ClasspathEntrySnapshotTransform
Skipping ClasspathEntrySnapshotTransform: C:\Users\Tushal\.gradle\caches\transforms-3\e54383770661ecfbf5f77f0dd201cdb6\transformed\activity-1.8.2-api.jar as it is up-to-date.
Transforming camera-lifecycle-1.3.1-api.jar with ClasspathEntrySnapshotTransform
Skipping ClasspathEntrySnapshotTransform: C:\Users\Tushal\.gradle\caches\transforms-3\40ec3a472ce338bb8942ebf4dd53fb9c\transformed\activity-ktx-1.8.2-api.jar as it is up-to-date.
Caching disabled for ClasspathEntrySnapshotTransform: C:\Users\Tushal\.gradle\caches\transforms-3\f74e10ea8c0bf8e739402bfc55d21ab5\transformed\recyclerview-1.3.2-api.jar because:
  Build cache is disabled
Transforming camera-camera2-1.3.1-api.jar with ClasspathEntrySnapshotTransform
Skipping ClasspathEntrySnapshotTransform: C:\Users\Tushal\.gradle\caches\transforms-3\f74e10ea8c0bf8e739402bfc55d21ab5\transformed\recyclerview-1.3.2-api.jar as it is up-to-date.
Transforming camera-core-1.3.1-api.jar with ClasspathEntrySnapshotTransform
Caching disabled for ClasspathEntrySnapshotTransform: C:\Users\Tushal\.gradle\caches\transforms-3\ffe72089931f7c0e4c7e959eabfd754f\transformed\swiperefreshlayout-1.1.0-api.jar because:
  Build cache is disabled
Transforming appcompat-resources-1.6.1-api.jar with ClasspathEntrySnapshotTransform
Caching disabled for ClasspathEntrySnapshotTransform: C:\Users\Tushal\.gradle\caches\transforms-3\8678e65f3a6fb248843c65f3c9f755b2\transformed\camera-camera2-1.3.1-api.jar because:
  Build cache is disabled
Transforming drawerlayout-1.1.1-api.jar with ClasspathEntrySnapshotTransform
Caching disabled for ClasspathEntrySnapshotTransform: C:\Users\Tushal\.gradle\caches\transforms-3\225199c188b40f09c3e9b1d553f744e5\transformed\camera-lifecycle-1.3.1-api.jar because:
  Build cache is disabled
Caching disabled for ClasspathEntrySnapshotTransform: C:\Users\Tushal\.gradle\caches\transforms-3\f6ad09bf5ea7f42cc4baee6fa1d40ccf\transformed\appcompat-resources-1.6.1-api.jar because:
  Build cache is disabled
Transforming coordinatorlayout-1.1.0-api.jar with ClasspathEntrySnapshotTransform
Skipping ClasspathEntrySnapshotTransform: C:\Users\Tushal\.gradle\caches\transforms-3\f6ad09bf5ea7f42cc4baee6fa1d40ccf\transformed\appcompat-resources-1.6.1-api.jar as it is up-to-date.
Skipping ClasspathEntrySnapshotTransform: C:\Users\Tushal\.gradle\caches\transforms-3\8678e65f3a6fb248843c65f3c9f755b2\transformed\camera-camera2-1.3.1-api.jar as it is up-to-date.
Caching disabled for ClasspathEntrySnapshotTransform: C:\Users\Tushal\.gradle\caches\transforms-3\fe25806218d095d9755c8f66644054eb\transformed\camera-core-1.3.1-api.jar because:
  Build cache is disabled
Skipping ClasspathEntrySnapshotTransform: C:\Users\Tushal\.gradle\caches\transforms-3\ffe72089931f7c0e4c7e959eabfd754f\transformed\swiperefreshlayout-1.1.0-api.jar as it is up-to-date.
Caching disabled for ClasspathEntrySnapshotTransform: C:\Users\Tushal\.gradle\caches\transforms-3\28205cd3a6cfe67ff7b56b0f55b11c67\transformed\coordinatorlayout-1.1.0-api.jar because:
  Build cache is disabled
Skipping ClasspathEntrySnapshotTransform: C:\Users\Tushal\.gradle\caches\transforms-3\fe25806218d095d9755c8f66644054eb\transformed\camera-core-1.3.1-api.jar as it is up-to-date.
Transforming dynamicanimation-1.0.0-api.jar with ClasspathEntrySnapshotTransform
Caching disabled for ClasspathEntrySnapshotTransform: C:\Users\Tushal\.gradle\caches\transforms-3\5f39d08cd504ccdc35cd0cded8a9a51b\transformed\drawerlayout-1.1.1-api.jar because:
  Build cache is disabled
Skipping ClasspathEntrySnapshotTransform: C:\Users\Tushal\.gradle\caches\transforms-3\225199c188b40f09c3e9b1d553f744e5\transformed\camera-lifecycle-1.3.1-api.jar as it is up-to-date.
Skipping ClasspathEntrySnapshotTransform: C:\Users\Tushal\.gradle\caches\transforms-3\5f39d08cd504ccdc35cd0cded8a9a51b\transformed\drawerlayout-1.1.1-api.jar as it is up-to-date.
Skipping ClasspathEntrySnapshotTransform: C:\Users\Tushal\.gradle\caches\transforms-3\28205cd3a6cfe67ff7b56b0f55b11c67\transformed\coordinatorlayout-1.1.0-api.jar as it is up-to-date.
Caching disabled for ClasspathEntrySnapshotTransform: C:\Users\Tushal\.gradle\caches\transforms-3\57f4f74fe825df251fba8aa123b67a79\transformed\dynamicanimation-1.0.0-api.jar because:
  Build cache is disabled
Transforming transition-1.2.0-api.jar with ClasspathEntrySnapshotTransform
Skipping ClasspathEntrySnapshotTransform: C:\Users\Tushal\.gradle\caches\transforms-3\57f4f74fe825df251fba8aa123b67a79\transformed\dynamicanimation-1.0.0-api.jar as it is up-to-date.
Transforming vectordrawable-animated-1.1.0-api.jar with ClasspathEntrySnapshotTransform
Transforming vectordrawable-1.1.0-api.jar with ClasspathEntrySnapshotTransform
Transforming viewpager-1.0.0-api.jar with ClasspathEntrySnapshotTransform
Transforming customview-1.1.0-api.jar with ClasspathEntrySnapshotTransform
Caching disabled for ClasspathEntrySnapshotTransform: C:\Users\Tushal\.gradle\caches\transforms-3\1123dec80eebcfafa3b188212a95cbf8\transformed\vectordrawable-animated-1.1.0-api.jar because:
  Build cache is disabled
Caching disabled for ClasspathEntrySnapshotTransform: C:\Users\Tushal\.gradle\caches\transforms-3\8f139763dc68d725757344713744045f\transformed\vectordrawable-1.1.0-api.jar because:
  Build cache is disabled
Caching disabled for ClasspathEntrySnapshotTransform: C:\Users\Tushal\.gradle\caches\transforms-3\9345b2d962e112fa2e4b44a5a3c9df69\transformed\transition-1.2.0-api.jar because:
  Build cache is disabled
Skipping ClasspathEntrySnapshotTransform: C:\Users\Tushal\.gradle\caches\transforms-3\8f139763dc68d725757344713744045f\transformed\vectordrawable-1.1.0-api.jar as it is up-to-date.
Caching disabled for ClasspathEntrySnapshotTransform: C:\Users\Tushal\.gradle\caches\transforms-3\b71e31b93810610e876f8f537b70c478\transformed\customview-1.1.0-api.jar because:
  Build cache is disabled
Skipping ClasspathEntrySnapshotTransform: C:\Users\Tushal\.gradle\caches\transforms-3\1123dec80eebcfafa3b188212a95cbf8\transformed\vectordrawable-animated-1.1.0-api.jar as it is up-to-date.
Caching disabled for ClasspathEntrySnapshotTransform: C:\Users\Tushal\.gradle\caches\transforms-3\d98d1d3fcbaac12a7a50512b30e1b0b3\transformed\viewpager-1.0.0-api.jar because:
  Build cache is disabled
Transforming legacy-support-core-utils-1.0.0-api.jar with ClasspathEntrySnapshotTransform
Skipping ClasspathEntrySnapshotTransform: C:\Users\Tushal\.gradle\caches\transforms-3\d98d1d3fcbaac12a7a50512b30e1b0b3\transformed\viewpager-1.0.0-api.jar as it is up-to-date.
Transforming loader-1.0.0-api.jar with ClasspathEntrySnapshotTransform
Skipping ClasspathEntrySnapshotTransform: C:\Users\Tushal\.gradle\caches\transforms-3\b71e31b93810610e876f8f537b70c478\transformed\customview-1.1.0-api.jar as it is up-to-date.
Skipping ClasspathEntrySnapshotTransform: C:\Users\Tushal\.gradle\caches\transforms-3\9345b2d962e112fa2e4b44a5a3c9df69\transformed\transition-1.2.0-api.jar as it is up-to-date.
Transforming core-1.12.0-api.jar with ClasspathEntrySnapshotTransform
Caching disabled for ClasspathEntrySnapshotTransform: C:\Users\Tushal\.gradle\caches\transforms-3\980ae66b0a0285612e8ce01aeeee3299\transformed\legacy-support-core-utils-1.0.0-api.jar because:
  Build cache is disabled
Transforming lifecycle-livedata-core-2.7.0-api.jar with ClasspathEntrySnapshotTransform
Skipping ClasspathEntrySnapshotTransform: C:\Users\Tushal\.gradle\caches\transforms-3\980ae66b0a0285612e8ce01aeeee3299\transformed\legacy-support-core-utils-1.0.0-api.jar as it is up-to-date.
Transforming lifecycle-runtime-ktx-2.7.0-api.jar with ClasspathEntrySnapshotTransform
Transforming lifecycle-common-2.7.0.jar with ClasspathEntrySnapshotTransform
Caching disabled for ClasspathEntrySnapshotTransform: C:\Users\Tushal\.gradle\caches\transforms-3\1e99a3aa7e84fbc13fe09053e168f3c9\transformed\loader-1.0.0-api.jar because:
  Build cache is disabled
Transforming lifecycle-livedata-core-ktx-2.7.0-api.jar with ClasspathEntrySnapshotTransform
Skipping ClasspathEntrySnapshotTransform: C:\Users\Tushal\.gradle\caches\transforms-3\1e99a3aa7e84fbc13fe09053e168f3c9\transformed\loader-1.0.0-api.jar as it is up-to-date.
Caching disabled for ClasspathEntrySnapshotTransform: C:\Users\Tushal\.gradle\caches\modules-2\files-2.1\androidx.lifecycle\lifecycle-common\2.7.0\85334205d65cca70ed0109c3acbd29e22a2d9cb1\lifecycle-common-2.7.0.jar because:
  Build cache is disabled
Caching disabled for ClasspathEntrySnapshotTransform: C:\Users\Tushal\.gradle\caches\transforms-3\3eda1e23fd7d76c1e0f910455fd27e36\transformed\lifecycle-runtime-ktx-2.7.0-api.jar because:
  Build cache is disabled
Caching disabled for ClasspathEntrySnapshotTransform: C:\Users\Tushal\.gradle\caches\transforms-3\3dbd5fb8c8089083a8aef4a731c15504\transformed\lifecycle-livedata-core-2.7.0-api.jar because:
  Build cache is disabled
Skipping ClasspathEntrySnapshotTransform: C:\Users\Tushal\.gradle\caches\modules-2\files-2.1\androidx.lifecycle\lifecycle-common\2.7.0\85334205d65cca70ed0109c3acbd29e22a2d9cb1\lifecycle-common-2.7.0.jar as it is up-to-date.
Transforming lifecycle-livedata-2.7.0-api.jar with ClasspathEntrySnapshotTransform
Skipping ClasspathEntrySnapshotTransform: C:\Users\Tushal\.gradle\caches\transforms-3\3dbd5fb8c8089083a8aef4a731c15504\transformed\lifecycle-livedata-core-2.7.0-api.jar as it is up-to-date.
Transforming lifecycle-viewmodel-2.7.0-api.jar with ClasspathEntrySnapshotTransform
Caching disabled for ClasspathEntrySnapshotTransform: C:\Users\Tushal\.gradle\caches\transforms-3\16c51743442223e3b3d92d68379e4298\transformed\core-1.12.0-api.jar because:
  Build cache is disabled
Skipping ClasspathEntrySnapshotTransform: C:\Users\Tushal\.gradle\caches\transforms-3\3eda1e23fd7d76c1e0f910455fd27e36\transformed\lifecycle-runtime-ktx-2.7.0-api.jar as it is up-to-date.
Caching disabled for ClasspathEntrySnapshotTransform: C:\Users\Tushal\.gradle\caches\transforms-3\d896720f8c8bfc6a1ececa2443628075\transformed\lifecycle-livedata-core-ktx-2.7.0-api.jar because:
  Build cache is disabled
Caching disabled for ClasspathEntrySnapshotTransform: C:\Users\Tushal\.gradle\caches\transforms-3\ae5e72d0ad783be61db72a927c28cf64\transformed\lifecycle-livedata-2.7.0-api.jar because:
  Build cache is disabled
Skipping ClasspathEntrySnapshotTransform: C:\Users\Tushal\.gradle\caches\transforms-3\16c51743442223e3b3d92d68379e4298\transformed\core-1.12.0-api.jar as it is up-to-date.
Skipping ClasspathEntrySnapshotTransform: C:\Users\Tushal\.gradle\caches\transforms-3\ae5e72d0ad783be61db72a927c28cf64\transformed\lifecycle-livedata-2.7.0-api.jar as it is up-to-date.
Transforming coil-2.5.0-api.jar with ClasspathEntrySnapshotTransform
Skipping ClasspathEntrySnapshotTransform: C:\Users\Tushal\.gradle\caches\transforms-3\d896720f8c8bfc6a1ececa2443628075\transformed\lifecycle-livedata-core-ktx-2.7.0-api.jar as it is up-to-date.
Caching disabled for ClasspathEntrySnapshotTransform: C:\Users\Tushal\.gradle\caches\transforms-3\c04772dd767f60ecb8748bf8342a2ee4\transformed\lifecycle-viewmodel-2.7.0-api.jar because:
  Build cache is disabled
Transforming coil-video-2.5.0-api.jar with ClasspathEntrySnapshotTransform
Skipping ClasspathEntrySnapshotTransform: C:\Users\Tushal\.gradle\caches\transforms-3\c04772dd767f60ecb8748bf8342a2ee4\transformed\lifecycle-viewmodel-2.7.0-api.jar as it is up-to-date.
Transforming coil-base-2.5.0-api.jar with ClasspathEntrySnapshotTransform
Caching disabled for ClasspathEntrySnapshotTransform: C:\Users\Tushal\.gradle\caches\transforms-3\02d1163b2815b7fe4c86e6f95827db9f\transformed\coil-2.5.0-api.jar because:
  Build cache is disabled
Transforming lifecycle-runtime-2.7.0-api.jar with ClasspathEntrySnapshotTransform
Skipping ClasspathEntrySnapshotTransform: C:\Users\Tushal\.gradle\caches\transforms-3\02d1163b2815b7fe4c86e6f95827db9f\transformed\coil-2.5.0-api.jar as it is up-to-date.
Caching disabled for ClasspathEntrySnapshotTransform: C:\Users\Tushal\.gradle\caches\transforms-3\fd316ebad88bd9719ba7845ecd318c62\transformed\coil-base-2.5.0-api.jar because:
  Build cache is disabled
Caching disabled for ClasspathEntrySnapshotTransform: C:\Users\Tushal\.gradle\caches\transforms-3\78276237268d8764cba5c5d967d918c0\transformed\coil-video-2.5.0-api.jar because:
  Build cache is disabled
Skipping ClasspathEntrySnapshotTransform: C:\Users\Tushal\.gradle\caches\transforms-3\fd316ebad88bd9719ba7845ecd318c62\transformed\coil-base-2.5.0-api.jar as it is up-to-date.
Transforming lifecycle-viewmodel-ktx-2.7.0-api.jar with ClasspathEntrySnapshotTransform
Skipping ClasspathEntrySnapshotTransform: C:\Users\Tushal\.gradle\caches\transforms-3\78276237268d8764cba5c5d967d918c0\transformed\coil-video-2.5.0-api.jar as it is up-to-date.
Caching disabled for ClasspathEntrySnapshotTransform: C:\Users\Tushal\.gradle\caches\transforms-3\fba08757c31d21d935098f76f0346ecc\transformed\lifecycle-runtime-2.7.0-api.jar because:
  Build cache is disabled
Caching disabled for ClasspathEntrySnapshotTransform: C:\Users\Tushal\.gradle\caches\transforms-3\f5158803e1e4139982a117a47577e798\transformed\lifecycle-viewmodel-ktx-2.7.0-api.jar because:
  Build cache is disabled
Transforming lifecycle-livedata-ktx-2.7.0-api.jar with ClasspathEntrySnapshotTransform
Skipping ClasspathEntrySnapshotTransform: C:\Users\Tushal\.gradle\caches\transforms-3\f5158803e1e4139982a117a47577e798\transformed\lifecycle-viewmodel-ktx-2.7.0-api.jar as it is up-to-date.
Transforming lifecycle-viewmodel-savedstate-2.7.0-api.jar with ClasspathEntrySnapshotTransform
Skipping ClasspathEntrySnapshotTransform: C:\Users\Tushal\.gradle\caches\transforms-3\fba08757c31d21d935098f76f0346ecc\transformed\lifecycle-runtime-2.7.0-api.jar as it is up-to-date.
Transforming core-ktx-1.12.0-api.jar with ClasspathEntrySnapshotTransform
Transforming room-common-2.6.1.jar with ClasspathEntrySnapshotTransform
Transforming room-runtime-2.6.1-api.jar with ClasspathEntrySnapshotTransform
Transforming room-ktx-2.6.1-api.jar with ClasspathEntrySnapshotTransform
Transforming savedstate-ktx-1.2.1-api.jar with ClasspathEntrySnapshotTransform
Caching disabled for ClasspathEntrySnapshotTransform: C:\Users\Tushal\.gradle\caches\modules-2\files-2.1\androidx.room\room-common\2.6.1\ff1b9580850a9b7eef56554e356628d225785265\room-common-2.6.1.jar because:
  Build cache is disabled
Caching disabled for ClasspathEntrySnapshotTransform: C:\Users\Tushal\.gradle\caches\transforms-3\c86b8b88ffbf7b1d8f0df196c62ed708\transformed\room-runtime-2.6.1-api.jar because:
  Build cache is disabled
Caching disabled for ClasspathEntrySnapshotTransform: C:\Users\Tushal\.gradle\caches\transforms-3\6bc235192d7c7a505c0879502c4d8c14\transformed\savedstate-ktx-1.2.1-api.jar because:
  Build cache is disabled
Skipping ClasspathEntrySnapshotTransform: C:\Users\Tushal\.gradle\caches\transforms-3\c86b8b88ffbf7b1d8f0df196c62ed708\transformed\room-runtime-2.6.1-api.jar as it is up-to-date.
Skipping ClasspathEntrySnapshotTransform: C:\Users\Tushal\.gradle\caches\transforms-3\6bc235192d7c7a505c0879502c4d8c14\transformed\savedstate-ktx-1.2.1-api.jar as it is up-to-date.
Caching disabled for ClasspathEntrySnapshotTransform: C:\Users\Tushal\.gradle\caches\transforms-3\556ebaeeac09fe7e53efb876b42cf75d\transformed\lifecycle-viewmodel-savedstate-2.7.0-api.jar because:
  Build cache is disabled
Skipping ClasspathEntrySnapshotTransform: C:\Users\Tushal\.gradle\caches\modules-2\files-2.1\androidx.room\room-common\2.6.1\ff1b9580850a9b7eef56554e356628d225785265\room-common-2.6.1.jar as it is up-to-date.
Skipping ClasspathEntrySnapshotTransform: C:\Users\Tushal\.gradle\caches\transforms-3\556ebaeeac09fe7e53efb876b42cf75d\transformed\lifecycle-viewmodel-savedstate-2.7.0-api.jar as it is up-to-date.
Caching disabled for ClasspathEntrySnapshotTransform: C:\Users\Tushal\.gradle\caches\transforms-3\dc75051b9499e759ae52d32365c29ed2\transformed\room-ktx-2.6.1-api.jar because:
  Build cache is disabled
Transforming savedstate-1.2.1-api.jar with ClasspathEntrySnapshotTransform
Skipping ClasspathEntrySnapshotTransform: C:\Users\Tushal\.gradle\caches\transforms-3\dc75051b9499e759ae52d32365c29ed2\transformed\room-ktx-2.6.1-api.jar as it is up-to-date.
Caching disabled for ClasspathEntrySnapshotTransform: C:\Users\Tushal\.gradle\caches\transforms-3\32f1840ae1b30aa770ed95543154421e\transformed\lifecycle-livedata-ktx-2.7.0-api.jar because:
  Build cache is disabled
Caching disabled for ClasspathEntrySnapshotTransform: C:\Users\Tushal\.gradle\caches\transforms-3\8f90ce316bd68c63721b731e804d4e02\transformed\core-ktx-1.12.0-api.jar because:
  Build cache is disabled
Skipping ClasspathEntrySnapshotTransform: C:\Users\Tushal\.gradle\caches\transforms-3\8f90ce316bd68c63721b731e804d4e02\transformed\core-ktx-1.12.0-api.jar as it is up-to-date.
Skipping ClasspathEntrySnapshotTransform: C:\Users\Tushal\.gradle\caches\transforms-3\32f1840ae1b30aa770ed95543154421e\transformed\lifecycle-livedata-ktx-2.7.0-api.jar as it is up-to-date.
Transforming media3-exoplayer-1.2.0-api.jar with ClasspathEntrySnapshotTransform
Caching disabled for ClasspathEntrySnapshotTransform: C:\Users\Tushal\.gradle\caches\transforms-3\863e72befe68d5aff87301b6f67c5775\transformed\savedstate-1.2.1-api.jar because:
  Build cache is disabled
Transforming media3-common-1.2.0-api.jar with ClasspathEntrySnapshotTransform
Skipping ClasspathEntrySnapshotTransform: C:\Users\Tushal\.gradle\caches\transforms-3\863e72befe68d5aff87301b6f67c5775\transformed\savedstate-1.2.1-api.jar as it is up-to-date.
Transforming annotation-experimental-1.3.1-api.jar with ClasspathEntrySnapshotTransform
Caching disabled for ClasspathEntrySnapshotTransform: C:\Users\Tushal\.gradle\caches\transforms-3\5059c217a981ac7a58767daf764452ed\transformed\media3-exoplayer-1.2.0-api.jar because:
  Build cache is disabled
Caching disabled for ClasspathEntrySnapshotTransform: C:\Users\Tushal\.gradle\caches\transforms-3\190cfe018e31525669c2d00250ca34bb\transformed\media3-common-1.2.0-api.jar because:
  Build cache is disabled
Transforming kotlinx-coroutines-core-jvm-1.7.3.jar with ClasspathEntrySnapshotTransform
Skipping ClasspathEntrySnapshotTransform: C:\Users\Tushal\.gradle\caches\transforms-3\190cfe018e31525669c2d00250ca34bb\transformed\media3-common-1.2.0-api.jar as it is up-to-date.
Caching disabled for ClasspathEntrySnapshotTransform: C:\Users\Tushal\.gradle\caches\transforms-3\604fb48095a5ba29605fa4fc2005d470\transformed\annotation-experimental-1.3.1-api.jar because:
  Build cache is disabled
Caching disabled for ClasspathEntrySnapshotTransform: C:\Users\Tushal\.gradle\caches\modules-2\files-2.1\org.jetbrains.kotlinx\kotlinx-coroutines-core-jvm\1.7.3\2b09627576f0989a436a00a4a54b55fa5026fb86\kotlinx-coroutines-core-jvm-1.7.3.jar because:
  Build cache is disabled
Skipping ClasspathEntrySnapshotTransform: C:\Users\Tushal\.gradle\caches\transforms-3\5059c217a981ac7a58767daf764452ed\transformed\media3-exoplayer-1.2.0-api.jar as it is up-to-date.
Skipping ClasspathEntrySnapshotTransform: C:\Users\Tushal\.gradle\caches\modules-2\files-2.1\org.jetbrains.kotlinx\kotlinx-coroutines-core-jvm\1.7.3\2b09627576f0989a436a00a4a54b55fa5026fb86\kotlinx-coroutines-core-jvm-1.7.3.jar as it is up-to-date.
Skipping ClasspathEntrySnapshotTransform: C:\Users\Tushal\.gradle\caches\transforms-3\604fb48095a5ba29605fa4fc2005d470\transformed\annotation-experimental-1.3.1-api.jar as it is up-to-date.
Transforming kotlinx-coroutines-android-1.7.3.jar with ClasspathEntrySnapshotTransform
Transforming okhttp-4.12.0.jar with ClasspathEntrySnapshotTransform
Transforming okio-jvm-3.6.0.jar with ClasspathEntrySnapshotTransform
Transforming kotlin-stdlib-jdk8-1.9.10.jar with ClasspathEntrySnapshotTransform
Transforming cardview-1.0.0-api.jar with ClasspathEntrySnapshotTransform
Caching disabled for ClasspathEntrySnapshotTransform: C:\Users\Tushal\.gradle\caches\modules-2\files-2.1\org.jetbrains.kotlinx\kotlinx-coroutines-android\1.7.3\38d9cad3a0b03a10453b56577984bdeb48edeed5\kotlinx-coroutines-android-1.7.3.jar because:
  Build cache is disabled
Transforming security-crypto-1.1.0-alpha06-api.jar with ClasspathEntrySnapshotTransform
Skipping ClasspathEntrySnapshotTransform: C:\Users\Tushal\.gradle\caches\modules-2\files-2.1\org.jetbrains.kotlinx\kotlinx-coroutines-android\1.7.3\38d9cad3a0b03a10453b56577984bdeb48edeed5\kotlinx-coroutines-android-1.7.3.jar as it is up-to-date.
Caching disabled for ClasspathEntrySnapshotTransform: C:\Users\Tushal\.gradle\caches\modules-2\files-2.1\com.squareup.okio\okio-jvm\3.6.0\5600569133b7bdefe1daf9ec7f4abeb6d13e1786\okio-jvm-3.6.0.jar because:
  Build cache is disabled
Caching disabled for ClasspathEntrySnapshotTransform: C:\Users\Tushal\.gradle\caches\modules-2\files-2.1\com.squareup.okhttp3\okhttp\4.12.0\2f4525d4a200e97e1b87449c2cd9bd2e25b7e8cd\okhttp-4.12.0.jar because:
  Build cache is disabled
Skipping ClasspathEntrySnapshotTransform: C:\Users\Tushal\.gradle\caches\modules-2\files-2.1\com.squareup.okio\okio-jvm\3.6.0\5600569133b7bdefe1daf9ec7f4abeb6d13e1786\okio-jvm-3.6.0.jar as it is up-to-date.
Caching disabled for ClasspathEntrySnapshotTransform: C:\Users\Tushal\.gradle\caches\transforms-3\15717fd0de4d1f9a32bc8cbebee3f66d\transformed\security-crypto-1.1.0-alpha06-api.jar because:
  Build cache is disabled
Caching disabled for ClasspathEntrySnapshotTransform: C:\Users\Tushal\.gradle\caches\transforms-3\40ff105c649adf03a38f55e9e45a106c\transformed\cardview-1.0.0-api.jar because:
  Build cache is disabled
Caching disabled for ClasspathEntrySnapshotTransform: C:\Users\Tushal\.gradle\caches\modules-2\files-2.1\org.jetbrains.kotlin\kotlin-stdlib-jdk8\1.9.10\c7510d64a83411a649c76f2778304ddf71d7437b\kotlin-stdlib-jdk8-1.9.10.jar because:
  Build cache is disabled
Transforming cursoradapter-1.0.0-api.jar with ClasspathEntrySnapshotTransform
Skipping ClasspathEntrySnapshotTransform: C:\Users\Tushal\.gradle\caches\modules-2\files-2.1\org.jetbrains.kotlin\kotlin-stdlib-jdk8\1.9.10\c7510d64a83411a649c76f2778304ddf71d7437b\kotlin-stdlib-jdk8-1.9.10.jar as it is up-to-date.
Transforming interpolator-1.0.0-api.jar with ClasspathEntrySnapshotTransform
Skipping ClasspathEntrySnapshotTransform: C:\Users\Tushal\.gradle\caches\transforms-3\40ff105c649adf03a38f55e9e45a106c\transformed\cardview-1.0.0-api.jar as it is up-to-date.
Skipping ClasspathEntrySnapshotTransform: C:\Users\Tushal\.gradle\caches\transforms-3\15717fd0de4d1f9a32bc8cbebee3f66d\transformed\security-crypto-1.1.0-alpha06-api.jar as it is up-to-date.
Caching disabled for ClasspathEntrySnapshotTransform: C:\Users\Tushal\.gradle\caches\transforms-3\23e70d66089e48cc112d4be2a0efc514\transformed\cursoradapter-1.0.0-api.jar because:
  Build cache is disabled
Skipping ClasspathEntrySnapshotTransform: C:\Users\Tushal\.gradle\caches\transforms-3\23e70d66089e48cc112d4be2a0efc514\transformed\cursoradapter-1.0.0-api.jar as it is up-to-date.
Skipping ClasspathEntrySnapshotTransform: C:\Users\Tushal\.gradle\caches\modules-2\files-2.1\com.squareup.okhttp3\okhttp\4.12.0\2f4525d4a200e97e1b87449c2cd9bd2e25b7e8cd\okhttp-4.12.0.jar as it is up-to-date.
Caching disabled for ClasspathEntrySnapshotTransform: C:\Users\Tushal\.gradle\caches\transforms-3\d74edf10eb7b91eec9c3732b3e7c593e\transformed\interpolator-1.0.0-api.jar because:
  Build cache is disabled
Transforming sqlite-framework-2.4.0-api.jar with ClasspathEntrySnapshotTransform
Skipping ClasspathEntrySnapshotTransform: C:\Users\Tushal\.gradle\caches\transforms-3\d74edf10eb7b91eec9c3732b3e7c593e\transformed\interpolator-1.0.0-api.jar as it is up-to-date.
Transforming sqlite-2.4.0-api.jar with ClasspathEntrySnapshotTransform
Transforming gifdecoder-4.16.0-api.jar with ClasspathEntrySnapshotTransform
Transforming versionedparcelable-1.1.1-api.jar with ClasspathEntrySnapshotTransform
Transforming core-runtime-2.2.0-api.jar with ClasspathEntrySnapshotTransform
Caching disabled for ClasspathEntrySnapshotTransform: C:\Users\Tushal\.gradle\caches\transforms-3\2efc5e43ee14f1854b7e62ce50a5321a\transformed\sqlite-2.4.0-api.jar because:
  Build cache is disabled
Caching disabled for ClasspathEntrySnapshotTransform: C:\Users\Tushal\.gradle\caches\transforms-3\c356eae53957df5607e9d59c428f7e7a\transformed\gifdecoder-4.16.0-api.jar because:
  Build cache is disabled
Caching disabled for ClasspathEntrySnapshotTransform: C:\Users\Tushal\.gradle\caches\transforms-3\6ff53df3da26741366165dbf77444ac8\transformed\sqlite-framework-2.4.0-api.jar because:
  Build cache is disabled
Caching disabled for ClasspathEntrySnapshotTransform: C:\Users\Tushal\.gradle\caches\transforms-3\0672e60178c492a093c1c912a9e9357b\transformed\core-runtime-2.2.0-api.jar because:
  Build cache is disabled
Skipping ClasspathEntrySnapshotTransform: C:\Users\Tushal\.gradle\caches\transforms-3\6ff53df3da26741366165dbf77444ac8\transformed\sqlite-framework-2.4.0-api.jar as it is up-to-date.
Skipping ClasspathEntrySnapshotTransform: C:\Users\Tushal\.gradle\caches\transforms-3\0672e60178c492a093c1c912a9e9357b\transformed\core-runtime-2.2.0-api.jar as it is up-to-date.
Skipping ClasspathEntrySnapshotTransform: C:\Users\Tushal\.gradle\caches\transforms-3\c356eae53957df5607e9d59c428f7e7a\transformed\gifdecoder-4.16.0-api.jar as it is up-to-date.
Caching disabled for ClasspathEntrySnapshotTransform: C:\Users\Tushal\.gradle\caches\transforms-3\2470a20cda288cf92ad72c2137105372\transformed\versionedparcelable-1.1.1-api.jar because:
  Build cache is disabled
Skipping ClasspathEntrySnapshotTransform: C:\Users\Tushal\.gradle\caches\transforms-3\2efc5e43ee14f1854b7e62ce50a5321a\transformed\sqlite-2.4.0-api.jar as it is up-to-date.
Skipping ClasspathEntrySnapshotTransform: C:\Users\Tushal\.gradle\caches\transforms-3\2470a20cda288cf92ad72c2137105372\transformed\versionedparcelable-1.1.1-api.jar as it is up-to-date.
Transforming core-common-2.2.0.jar with ClasspathEntrySnapshotTransform
Transforming collection-jvm-1.3.0.jar with ClasspathEntrySnapshotTransform
Transforming documentfile-1.0.0-api.jar with ClasspathEntrySnapshotTransform
Transforming localbroadcastmanager-1.0.0-api.jar with ClasspathEntrySnapshotTransform
Transforming print-1.0.0-api.jar with ClasspathEntrySnapshotTransform
Transforming annotation-jvm-1.7.0.jar with ClasspathEntrySnapshotTransform
Caching disabled for ClasspathEntrySnapshotTransform: C:\Users\Tushal\.gradle\caches\modules-2\files-2.1\androidx.collection\collection-jvm\1.3.0\33d8b28dca2450e8656cfa23316eb656fb6f1299\collection-jvm-1.3.0.jar because:
  Build cache is disabled
Transforming kotlin-stdlib-jdk7-1.9.10.jar with ClasspathEntrySnapshotTransform
Caching disabled for ClasspathEntrySnapshotTransform: C:\Users\Tushal\.gradle\caches\modules-2\files-2.1\androidx.arch.core\core-common\2.2.0\5e1b8b81dfd5f52c56a8d53b18ca759c19a301f3\core-common-2.2.0.jar because:
  Build cache is disabled
Transforming kotlin-stdlib-1.9.21.jar with ClasspathEntrySnapshotTransform
Skipping ClasspathEntrySnapshotTransform: C:\Users\Tushal\.gradle\caches\modules-2\files-2.1\androidx.collection\collection-jvm\1.3.0\33d8b28dca2450e8656cfa23316eb656fb6f1299\collection-jvm-1.3.0.jar as it is up-to-date.
Transforming annotations-23.0.0.jar with ClasspathEntrySnapshotTransform
Skipping ClasspathEntrySnapshotTransform: C:\Users\Tushal\.gradle\caches\modules-2\files-2.1\androidx.arch.core\core-common\2.2.0\5e1b8b81dfd5f52c56a8d53b18ca759c19a301f3\core-common-2.2.0.jar as it is up-to-date.
Caching disabled for ClasspathEntrySnapshotTransform: C:\Users\Tushal\.gradle\caches\modules-2\files-2.1\org.jetbrains.kotlin\kotlin-stdlib\1.9.21\17ee3e873d439566c7d8354403b5f3d9744c4c9c\kotlin-stdlib-1.9.21.jar because:
  Build cache is disabled
Caching disabled for ClasspathEntrySnapshotTransform: C:\Users\Tushal\.gradle\caches\modules-2\files-2.1\androidx.annotation\annotation-jvm\1.7.0\920472d40adcdef5e18708976b3e314f9a636fcd\annotation-jvm-1.7.0.jar because:
  Build cache is disabled
Caching disabled for ClasspathEntrySnapshotTransform: C:\Users\Tushal\.gradle\caches\transforms-3\ace881d214aae79b7162563c7449358c\transformed\localbroadcastmanager-1.0.0-api.jar because:
  Build cache is disabled
Caching disabled for ClasspathEntrySnapshotTransform: C:\Users\Tushal\.gradle\caches\transforms-3\d2c5dbe697a5b2fb120497d5273087e6\transformed\print-1.0.0-api.jar because:
  Build cache is disabled
Caching disabled for ClasspathEntrySnapshotTransform: C:\Users\Tushal\.gradle\caches\transforms-3\e513f3ce75ad4eb0d9a158c8927fc5cb\transformed\documentfile-1.0.0-api.jar because:
  Build cache is disabled
Skipping ClasspathEntrySnapshotTransform: C:\Users\Tushal\.gradle\caches\transforms-3\d2c5dbe697a5b2fb120497d5273087e6\transformed\print-1.0.0-api.jar as it is up-to-date.
Skipping ClasspathEntrySnapshotTransform: C:\Users\Tushal\.gradle\caches\transforms-3\ace881d214aae79b7162563c7449358c\transformed\localbroadcastmanager-1.0.0-api.jar as it is up-to-date.
Skipping ClasspathEntrySnapshotTransform: C:\Users\Tushal\.gradle\caches\modules-2\files-2.1\androidx.annotation\annotation-jvm\1.7.0\920472d40adcdef5e18708976b3e314f9a636fcd\annotation-jvm-1.7.0.jar as it is up-to-date.
Caching disabled for ClasspathEntrySnapshotTransform: C:\Users\Tushal\.gradle\caches\modules-2\files-2.1\org.jetbrains.kotlin\kotlin-stdlib-jdk7\1.9.10\bc5bfc2690338defd5195b05c57562f2194eeb10\kotlin-stdlib-jdk7-1.9.10.jar because:
  Build cache is disabled
Caching disabled for ClasspathEntrySnapshotTransform: C:\Users\Tushal\.gradle\caches\modules-2\files-2.1\org.jetbrains\annotations\23.0.0\8cc20c07506ec18e0834947b84a864bfc094484e\annotations-23.0.0.jar because:
  Build cache is disabled
Skipping ClasspathEntrySnapshotTransform: C:\Users\Tushal\.gradle\caches\modules-2\files-2.1\org.jetbrains.kotlin\kotlin-stdlib\1.9.21\17ee3e873d439566c7d8354403b5f3d9744c4c9c\kotlin-stdlib-1.9.21.jar as it is up-to-date.
Transforming multidex-2.0.1-api.jar with ClasspathEntrySnapshotTransform
Skipping ClasspathEntrySnapshotTransform: C:\Users\Tushal\.gradle\caches\modules-2\files-2.1\org.jetbrains\annotations\23.0.0\8cc20c07506ec18e0834947b84a864bfc094484e\annotations-23.0.0.jar as it is up-to-date.
Skipping ClasspathEntrySnapshotTransform: C:\Users\Tushal\.gradle\caches\modules-2\files-2.1\org.jetbrains.kotlin\kotlin-stdlib-jdk7\1.9.10\bc5bfc2690338defd5195b05c57562f2194eeb10\kotlin-stdlib-jdk7-1.9.10.jar as it is up-to-date.
Skipping ClasspathEntrySnapshotTransform: C:\Users\Tushal\.gradle\caches\transforms-3\e513f3ce75ad4eb0d9a158c8927fc5cb\transformed\documentfile-1.0.0-api.jar as it is up-to-date.
Transforming guava-31.1-android.jar with ClasspathEntrySnapshotTransform
Transforming listenablefuture-9999.0-empty-to-avoid-conflict-with-guava.jar with ClasspathEntrySnapshotTransform
Transforming tracing-1.0.0-api.jar with ClasspathEntrySnapshotTransform
Caching disabled for ClasspathEntrySnapshotTransform: C:\Users\Tushal\.gradle\caches\transforms-3\01bbb2d15d79d8e9107357e9fe4111cd\transformed\multidex-2.0.1-api.jar because:
  Build cache is disabled
Caching disabled for ClasspathEntrySnapshotTransform: C:\Users\Tushal\.gradle\caches\modules-2\files-2.1\com.google.guava\guava\31.1-android\9222c47cc3ae890f07f7c961bbb3cb69050fe4aa\guava-31.1-android.jar because:
  Build cache is disabled
Caching disabled for ClasspathEntrySnapshotTransform: C:\Users\Tushal\.gradle\caches\modules-2\files-2.1\com.google.guava\listenablefuture\9999.0-empty-to-avoid-conflict-with-guava\b421526c5f297295adef1c886e5246c39d4ac629\listenablefuture-9999.0-empty-to-avoid-conflict-with-guava.jar because:
  Build cache is disabled
Transforming resourceinspection-annotation-1.0.1.jar with ClasspathEntrySnapshotTransform
Skipping ClasspathEntrySnapshotTransform: C:\Users\Tushal\.gradle\caches\modules-2\files-2.1\com.google.guava\listenablefuture\9999.0-empty-to-avoid-conflict-with-guava\b421526c5f297295adef1c886e5246c39d4ac629\listenablefuture-9999.0-empty-to-avoid-conflict-with-guava.jar as it is up-to-date.
Transforming constraintlayout-2.1.4-api.jar with ClasspathEntrySnapshotTransform
Caching disabled for ClasspathEntrySnapshotTransform: C:\Users\Tushal\.gradle\caches\transforms-3\d10d2362c6aadfb81ab1dba96e504249\transformed\tracing-1.0.0-api.jar because:
  Build cache is disabled
Skipping ClasspathEntrySnapshotTransform: C:\Users\Tushal\.gradle\caches\modules-2\files-2.1\com.google.guava\guava\31.1-android\9222c47cc3ae890f07f7c961bbb3cb69050fe4aa\guava-31.1-android.jar as it is up-to-date.
Skipping ClasspathEntrySnapshotTransform: C:\Users\Tushal\.gradle\caches\transforms-3\01bbb2d15d79d8e9107357e9fe4111cd\transformed\multidex-2.0.1-api.jar as it is up-to-date.
Caching disabled for ClasspathEntrySnapshotTransform: C:\Users\Tushal\.gradle\caches\transforms-3\de642a5dd910613309d379631cb58da2\transformed\constraintlayout-2.1.4-api.jar because:
  Build cache is disabled
Caching disabled for ClasspathEntrySnapshotTransform: C:\Users\Tushal\.gradle\caches\modules-2\files-2.1\androidx.resourceinspection\resourceinspection-annotation\1.0.1\8c21f8ff5d96d5d52c948707f7e4d6ca6773feef\resourceinspection-annotation-1.0.1.jar because:
  Build cache is disabled
Skipping ClasspathEntrySnapshotTransform: C:\Users\Tushal\.gradle\caches\transforms-3\d10d2362c6aadfb81ab1dba96e504249\transformed\tracing-1.0.0-api.jar as it is up-to-date.
Skipping ClasspathEntrySnapshotTransform: C:\Users\Tushal\.gradle\caches\modules-2\files-2.1\androidx.resourceinspection\resourceinspection-annotation\1.0.1\8c21f8ff5d96d5d52c948707f7e4d6ca6773feef\resourceinspection-annotation-1.0.1.jar as it is up-to-date.
Transforming gson-2.10.1.jar with ClasspathEntrySnapshotTransform
Skipping ClasspathEntrySnapshotTransform: C:\Users\Tushal\.gradle\caches\transforms-3\de642a5dd910613309d379631cb58da2\transformed\constraintlayout-2.1.4-api.jar as it is up-to-date.
Transforming exifinterface-1.3.6-api.jar with ClasspathEntrySnapshotTransform
Transforming failureaccess-1.0.1.jar with ClasspathEntrySnapshotTransform
Transforming media3-container-1.2.0-api.jar with ClasspathEntrySnapshotTransform
Transforming media3-database-1.2.0-api.jar with ClasspathEntrySnapshotTransform
Caching disabled for ClasspathEntrySnapshotTransform: C:\Users\Tushal\.gradle\caches\transforms-3\44734f11669dc3af5bbac7bfe1806dc9\transformed\exifinterface-1.3.6-api.jar because:
  Build cache is disabled
Skipping ClasspathEntrySnapshotTransform: C:\Users\Tushal\.gradle\caches\transforms-3\44734f11669dc3af5bbac7bfe1806dc9\transformed\exifinterface-1.3.6-api.jar as it is up-to-date.
Caching disabled for ClasspathEntrySnapshotTransform: C:\Users\Tushal\.gradle\caches\transforms-3\ddfb706eea8615432ce31a0e3b8359fd\transformed\media3-database-1.2.0-api.jar because:
  Build cache is disabled
Caching disabled for ClasspathEntrySnapshotTransform: C:\Users\Tushal\.gradle\caches\modules-2\files-2.1\com.google.code.gson\gson\2.10.1\b3add478d4382b78ea20b1671390a858002feb6c\gson-2.10.1.jar because:
  Build cache is disabled
Skipping ClasspathEntrySnapshotTransform: C:\Users\Tushal\.gradle\caches\transforms-3\ddfb706eea8615432ce31a0e3b8359fd\transformed\media3-database-1.2.0-api.jar as it is up-to-date.
Skipping ClasspathEntrySnapshotTransform: C:\Users\Tushal\.gradle\caches\modules-2\files-2.1\com.google.code.gson\gson\2.10.1\b3add478d4382b78ea20b1671390a858002feb6c\gson-2.10.1.jar as it is up-to-date.
Caching disabled for ClasspathEntrySnapshotTransform: C:\Users\Tushal\.gradle\caches\transforms-3\df1fcf1846ed83944e0f1e0af9d93c24\transformed\media3-container-1.2.0-api.jar because:
  Build cache is disabled
Caching disabled for ClasspathEntrySnapshotTransform: C:\Users\Tushal\.gradle\caches\modules-2\files-2.1\com.google.guava\failureaccess\1.0.1\1dcf1de382a0bf95a3d8b0849546c88bac1292c9\failureaccess-1.0.1.jar because:
  Build cache is disabled
Transforming media3-datasource-1.2.0-api.jar with ClasspathEntrySnapshotTransform
Skipping ClasspathEntrySnapshotTransform: C:\Users\Tushal\.gradle\caches\modules-2\files-2.1\com.google.guava\failureaccess\1.0.1\1dcf1de382a0bf95a3d8b0849546c88bac1292c9\failureaccess-1.0.1.jar as it is up-to-date.
Skipping ClasspathEntrySnapshotTransform: C:\Users\Tushal\.gradle\caches\transforms-3\df1fcf1846ed83944e0f1e0af9d93c24\transformed\media3-container-1.2.0-api.jar as it is up-to-date.
Transforming media3-decoder-1.2.0-api.jar with ClasspathEntrySnapshotTransform
Caching disabled for ClasspathEntrySnapshotTransform: C:\Users\Tushal\.gradle\caches\transforms-3\2916b1f4fac91b4db96c4d1a8d0c9029\transformed\media3-datasource-1.2.0-api.jar because:
  Build cache is disabled
Transforming media3-extractor-1.2.0-api.jar with ClasspathEntrySnapshotTransform
Transforming media3-ui-1.2.0-api.jar with ClasspathEntrySnapshotTransform
Caching disabled for ClasspathEntrySnapshotTransform: C:\Users\Tushal\.gradle\caches\transforms-3\c2210796b53fc4640151910e3e532dbb\transformed\media3-decoder-1.2.0-api.jar because:
  Build cache is disabled
Skipping ClasspathEntrySnapshotTransform: C:\Users\Tushal\.gradle\caches\transforms-3\2916b1f4fac91b4db96c4d1a8d0c9029\transformed\media3-datasource-1.2.0-api.jar as it is up-to-date.
Caching disabled for ClasspathEntrySnapshotTransform: C:\Users\Tushal\.gradle\caches\transforms-3\1b514badf0c5d4b1c044a9e7b40d418c\transformed\media3-extractor-1.2.0-api.jar because:
  Build cache is disabled
Skipping ClasspathEntrySnapshotTransform: C:\Users\Tushal\.gradle\caches\transforms-3\c2210796b53fc4640151910e3e532dbb\transformed\media3-decoder-1.2.0-api.jar as it is up-to-date.
Transforming exp4j-0.4.8.jar with ClasspathEntrySnapshotTransform
Skipping ClasspathEntrySnapshotTransform: C:\Users\Tushal\.gradle\caches\transforms-3\1b514badf0c5d4b1c044a9e7b40d418c\transformed\media3-extractor-1.2.0-api.jar as it is up-to-date.
Caching disabled for ClasspathEntrySnapshotTransform: C:\Users\Tushal\.gradle\caches\transforms-3\1035478b94fffcd393a52126c7190eab\transformed\media3-ui-1.2.0-api.jar because:
  Build cache is disabled
Transforming disklrucache-4.16.0.jar with ClasspathEntrySnapshotTransform
Caching disabled for ClasspathEntrySnapshotTransform: C:\Users\Tushal\.gradle\caches\modules-2\files-2.1\net.objecthunter\exp4j\0.4.8\cf1cfc0f958077d86ac7452c7e36d944689b2ec4\exp4j-0.4.8.jar because:
  Build cache is disabled
Skipping ClasspathEntrySnapshotTransform: C:\Users\Tushal\.gradle\caches\transforms-3\1035478b94fffcd393a52126c7190eab\transformed\media3-ui-1.2.0-api.jar as it is up-to-date.
Skipping ClasspathEntrySnapshotTransform: C:\Users\Tushal\.gradle\caches\modules-2\files-2.1\net.objecthunter\exp4j\0.4.8\cf1cfc0f958077d86ac7452c7e36d944689b2ec4\exp4j-0.4.8.jar as it is up-to-date.
Caching disabled for ClasspathEntrySnapshotTransform: C:\Users\Tushal\.gradle\caches\modules-2\files-2.1\com.github.bumptech.glide\disklrucache\4.16.0\411aa175d50d10b37c7a1a04d21a4e7145249557\disklrucache-4.16.0.jar because:
  Build cache is disabled
Transforming annotations-4.16.0.jar with ClasspathEntrySnapshotTransform
Transforming android.jar with ClasspathEntrySnapshotTransform
Transforming core-lambda-stubs.jar with ClasspathEntrySnapshotTransform
Caching disabled for ClasspathEntrySnapshotTransform: C:\Users\Tushal\.gradle\caches\modules-2\files-2.1\com.github.bumptech.glide\annotations\4.16.0\90730f6498299d207aa0878124ab7585969808f0\annotations-4.16.0.jar because:
  Build cache is disabled
Skipping ClasspathEntrySnapshotTransform: C:\Users\Tushal\.gradle\caches\modules-2\files-2.1\com.github.bumptech.glide\disklrucache\4.16.0\411aa175d50d10b37c7a1a04d21a4e7145249557\disklrucache-4.16.0.jar as it is up-to-date.
Skipping ClasspathEntrySnapshotTransform: C:\Users\Tushal\.gradle\caches\modules-2\files-2.1\com.github.bumptech.glide\annotations\4.16.0\90730f6498299d207aa0878124ab7585969808f0\annotations-4.16.0.jar as it is up-to-date.
Caching disabled for ClasspathEntrySnapshotTransform: C:\Users\Tushal\AppData\Local\Android\Sdk\platforms\android-34\android.jar because:
  Build cache is disabled
Caching disabled for ClasspathEntrySnapshotTransform: C:\Users\Tushal\AppData\Local\Android\Sdk\build-tools\34.0.0\core-lambda-stubs.jar because:
  Build cache is disabled
Skipping ClasspathEntrySnapshotTransform: C:\Users\Tushal\AppData\Local\Android\Sdk\platforms\android-34\android.jar as it is up-to-date.
Skipping ClasspathEntrySnapshotTransform: C:\Users\Tushal\AppData\Local\Android\Sdk\build-tools\34.0.0\core-lambda-stubs.jar as it is up-to-date.
Caching disabled for task ':app:compileDebugKotlin' because:
  Build cache is disabled
Task ':app:compileDebugKotlin' is not up-to-date because:
  Task has failed previously.
The input changes require a full rebuild for incremental task ':app:compileDebugKotlin'.
file or directory 'C:\Users\Tushal\Desktop\APP\Vexor\app\src\debug\kotlin', not found
file or directory 'C:\Users\Tushal\Desktop\APP\Vexor\app\src\debug\kotlin', not found
file or directory 'C:\Users\Tushal\Desktop\APP\Vexor\app\src\debug\java', not found
file or directory 'C:\Users\Tushal\Desktop\APP\Vexor\app\src\debug\kotlin', not found
file or directory 'C:\Users\Tushal\Desktop\APP\Vexor\app\src\debug\java', not found
file or directory 'C:\Users\Tushal\Desktop\APP\Vexor\app\src\main\kotlin', not found
file or directory 'C:\Users\Tushal\Desktop\APP\Vexor\app\src\main\kotlin', not found
file or directory 'C:\Users\Tushal\Desktop\APP\Vexor\app\src\main\kotlin', not found
file or directory 'C:\Users\Tushal\Desktop\APP\Vexor\app\src\debug\java', not found
file or directory 'C:\Users\Tushal\Desktop\APP\Vexor\app\src\debug\kotlin', not found
file or directory 'C:\Users\Tushal\Desktop\APP\Vexor\app\src\debug\kotlin', not found
file or directory 'C:\Users\Tushal\Desktop\APP\Vexor\app\src\debug\java', not found
file or directory 'C:\Users\Tushal\Desktop\APP\Vexor\app\src\debug\kotlin', not found
file or directory 'C:\Users\Tushal\Desktop\APP\Vexor\app\src\debug\java', not found
file or directory 'C:\Users\Tushal\Desktop\APP\Vexor\app\src\main\kotlin', not found
file or directory 'C:\Users\Tushal\Desktop\APP\Vexor\app\src\main\kotlin', not found
file or directory 'C:\Users\Tushal\Desktop\APP\Vexor\app\src\debug\kotlin', not found
file or directory 'C:\Users\Tushal\Desktop\APP\Vexor\app\src\debug\kotlin', not found
file or directory 'C:\Users\Tushal\Desktop\APP\Vexor\app\src\debug\java', not found
file or directory 'C:\Users\Tushal\Desktop\APP\Vexor\app\src\debug\kotlin', not found
file or directory 'C:\Users\Tushal\Desktop\APP\Vexor\app\src\debug\java', not found
file or directory 'C:\Users\Tushal\Desktop\APP\Vexor\app\src\main\kotlin', not found
file or directory 'C:\Users\Tushal\Desktop\APP\Vexor\app\src\main\kotlin', not found
file or directory 'C:\Users\Tushal\Desktop\APP\Vexor\app\src\main\kotlin', not found
file or directory 'C:\Users\Tushal\Desktop\APP\Vexor\app\src\debug\java', not found
file or directory 'C:\Users\Tushal\Desktop\APP\Vexor\app\src\debug\kotlin', not found
file or directory 'C:\Users\Tushal\Desktop\APP\Vexor\app\src\debug\kotlin', not found
file or directory 'C:\Users\Tushal\Desktop\APP\Vexor\app\src\debug\java', not found
file or directory 'C:\Users\Tushal\Desktop\APP\Vexor\app\src\debug\kotlin', not found
file or directory 'C:\Users\Tushal\Desktop\APP\Vexor\app\src\debug\java', not found
file or directory 'C:\Users\Tushal\Desktop\APP\Vexor\app\src\main\kotlin', not found
file or directory 'C:\Users\Tushal\Desktop\APP\Vexor\app\src\main\kotlin', not found
file or directory 'C:\Users\Tushal\Desktop\APP\Vexor\app\src\main\kotlin', not found
file or directory 'C:\Users\Tushal\Desktop\APP\Vexor\app\src\debug\java', not found
file or directory 'C:\Users\Tushal\Desktop\APP\Vexor\app\src\debug\kotlin', not found
file or directory 'C:\Users\Tushal\Desktop\APP\Vexor\app\src\debug\kotlin', not found
file or directory 'C:\Users\Tushal\Desktop\APP\Vexor\app\src\debug\java', not found
file or directory 'C:\Users\Tushal\Desktop\APP\Vexor\app\src\debug\kotlin', not found
file or directory 'C:\Users\Tushal\Desktop\APP\Vexor\app\src\debug\java', not found
file or directory 'C:\Users\Tushal\Desktop\APP\Vexor\app\src\main\kotlin', not found
file or directory 'C:\Users\Tushal\Desktop\APP\Vexor\app\src\main\kotlin', not found
file or directory 'C:\Users\Tushal\Desktop\APP\Vexor\app\src\main\kotlin', not found
file or directory 'C:\Users\Tushal\Desktop\APP\Vexor\app\src\debug\java', not found
Kotlin source files: C:\Users\Tushal\Desktop\APP\Vexor\app\src\main\java\com\vexor\vault\data\Models.kt, C:\Users\Tushal\Desktop\APP\Vexor\app\src\main\java\com\vexor\vault\data\Note.kt, C:\Users\Tushal\Desktop\APP\Vexor\app\src\main\java\com\vexor\vault\data\NoteRepository.kt, C:\Users\Tushal\Desktop\APP\Vexor\app\src\main\java\com\vexor\vault\data\VaultRepository.kt, C:\Users\Tushal\Desktop\APP\Vexor\app\src\main\java\com\vexor\vault\security\BiometricHelper.kt, C:\Users\Tushal\Desktop\APP\Vexor\app\src\main\java\com\vexor\vault\security\BreakInNotificationHelper.kt, C:\Users\Tushal\Desktop\APP\Vexor\app\src\main\java\com\vexor\vault\security\CryptoManager.kt, C:\Users\Tushal\Desktop\APP\Vexor\app\src\main\java\com\vexor\vault\security\FileEncryptionManager.kt, C:\Users\Tushal\Desktop\APP\Vexor\app\src\main\java\com\vexor\vault\security\VaultPreferences.kt, C:\Users\Tushal\Desktop\APP\Vexor\app\src\main\java\com\vexor\vault\ui\adapters\IntruderLogAdapter.kt, C:\Users\Tushal\Desktop\APP\Vexor\app\src\main\java\com\vexor\vault\ui\adapters\NoteAdapter.kt, C:\Users\Tushal\Desktop\APP\Vexor\app\src\main\java\com\vexor\vault\ui\adapters\VaultFileAdapter.kt, C:\Users\Tushal\Desktop\APP\Vexor\app\src\main\java\com\vexor\vault\ui\adapters\VaultItem.kt, C:\Users\Tushal\Desktop\APP\Vexor\app\src\main\java\com\vexor\vault\ui\BaseActivity.kt, C:\Users\Tushal\Desktop\APP\Vexor\app\src\main\java\com\vexor\vault\ui\CalculatorActivity.kt, C:\Users\Tushal\Desktop\APP\Vexor\app\src\main\java\com\vexor\vault\ui\CameraActivity.kt, C:\Users\Tushal\Desktop\APP\Vexor\app\src\main\java\com\vexor\vault\ui\ChangePinActivity.kt, C:\Users\Tushal\Desktop\APP\Vexor\app\src\main\java\com\vexor\vault\ui\IntruderLogActivity.kt, C:\Users\Tushal\Desktop\APP\Vexor\app\src\main\java\com\vexor\vault\ui\MainActivity.kt, C:\Users\Tushal\Desktop\APP\Vexor\app\src\main\java\com\vexor\vault\ui\ManageVaultsActivity.kt, C:\Users\Tushal\Desktop\APP\Vexor\app\src\main\java\com\vexor\vault\ui\NoteEditorActivity.kt, C:\Users\Tushal\Desktop\APP\Vexor\app\src\main\java\com\vexor\vault\ui\NoteListActivity.kt, C:\Users\Tushal\Desktop\APP\Vexor\app\src\main\java\com\vexor\vault\ui\PermissionsActivity.kt, C:\Users\Tushal\Desktop\APP\Vexor\app\src\main\java\com\vexor\vault\ui\PhotoViewerActivity.kt, C:\Users\Tushal\Desktop\APP\Vexor\app\src\main\java\com\vexor\vault\ui\SettingsActivity.kt, C:\Users\Tushal\Desktop\APP\Vexor\app\src\main\java\com\vexor\vault\ui\SetupActivity.kt, C:\Users\Tushal\Desktop\APP\Vexor\app\src\main\java\com\vexor\vault\ui\SetupFakePinActivity.kt, C:\Users\Tushal\Desktop\APP\Vexor\app\src\main\java\com\vexor\vault\ui\ShareReceiverActivity.kt, C:\Users\Tushal\Desktop\APP\Vexor\app\src\main\java\com\vexor\vault\ui\SplashActivity.kt, C:\Users\Tushal\Desktop\APP\Vexor\app\src\main\java\com\vexor\vault\ui\ThemeManager.kt, C:\Users\Tushal\Desktop\APP\Vexor\app\src\main\java\com\vexor\vault\ui\VideoPlayerActivity.kt
Java source files: C:\Users\Tushal\Desktop\APP\Vexor\app\build\generated\source\buildConfig\debug\com\vexor\vault\BuildConfig.java, C:\Users\Tushal\Desktop\APP\Vexor\app\build\generated\data_binding_base_class_source_out\debug\out\com\vexor\vault\databinding\ActivityCalculatorBinding.java, C:\Users\Tushal\Desktop\APP\Vexor\app\build\generated\data_binding_base_class_source_out\debug\out\com\vexor\vault\databinding\ActivityCameraBinding.java, C:\Users\Tushal\Desktop\APP\Vexor\app\build\generated\data_binding_base_class_source_out\debug\out\com\vexor\vault\databinding\ActivityChangePinBinding.java, C:\Users\Tushal\Desktop\APP\Vexor\app\build\generated\data_binding_base_class_source_out\debug\out\com\vexor\vault\databinding\ActivityIntruderLogBinding.java, C:\Users\Tushal\Desktop\APP\Vexor\app\build\generated\data_binding_base_class_source_out\debug\out\com\vexor\vault\databinding\ActivityMainBinding.java, C:\Users\Tushal\Desktop\APP\Vexor\app\build\generated\data_binding_base_class_source_out\debug\out\com\vexor\vault\databinding\ActivityManageVaultsBinding.java, C:\Users\Tushal\Desktop\APP\Vexor\app\build\generated\data_binding_base_class_source_out\debug\out\com\vexor\vault\databinding\ActivityNoteEditorBinding.java, C:\Users\Tushal\Desktop\APP\Vexor\app\build\generated\data_binding_base_class_source_out\debug\out\com\vexor\vault\databinding\ActivityNoteListBinding.java, C:\Users\Tushal\Desktop\APP\Vexor\app\build\generated\data_binding_base_class_source_out\debug\out\com\vexor\vault\databinding\ActivityPermissionsBinding.java, C:\Users\Tushal\Desktop\APP\Vexor\app\build\generated\data_binding_base_class_source_out\debug\out\com\vexor\vault\databinding\ActivityPhotoViewerBinding.java, C:\Users\Tushal\Desktop\APP\Vexor\app\build\generated\data_binding_base_class_source_out\debug\out\com\vexor\vault\databinding\ActivitySettingsBinding.java, C:\Users\Tushal\Desktop\APP\Vexor\app\build\generated\data_binding_base_class_source_out\debug\out\com\vexor\vault\databinding\ActivitySetupBinding.java, C:\Users\Tushal\Desktop\APP\Vexor\app\build\generated\data_binding_base_class_source_out\debug\out\com\vexor\vault\databinding\ActivityShareReceiverBinding.java, C:\Users\Tushal\Desktop\APP\Vexor\app\build\generated\data_binding_base_class_source_out\debug\out\com\vexor\vault\databinding\ActivitySplashBinding.java, C:\Users\Tushal\Desktop\APP\Vexor\app\build\generated\data_binding_base_class_source_out\debug\out\com\vexor\vault\databinding\ActivityVideoPlayerBinding.java, C:\Users\Tushal\Desktop\APP\Vexor\app\build\generated\data_binding_base_class_source_out\debug\out\com\vexor\vault\databinding\DialogIntruderPhotoBinding.java, C:\Users\Tushal\Desktop\APP\Vexor\app\build\generated\data_binding_base_class_source_out\debug\out\com\vexor\vault\databinding\ItemFolderBinding.java, C:\Users\Tushal\Desktop\APP\Vexor\app\build\generated\data_binding_base_class_source_out\debug\out\com\vexor\vault\databinding\ItemIntruderLogBinding.java, C:\Users\Tushal\Desktop\APP\Vexor\app\build\generated\data_binding_base_class_source_out\debug\out\com\vexor\vault\databinding\ItemNoteBinding.java, C:\Users\Tushal\Desktop\APP\Vexor\app\build\generated\data_binding_base_class_source_out\debug\out\com\vexor\vault\databinding\ItemVaultBinding.java, C:\Users\Tushal\Desktop\APP\Vexor\app\build\generated\data_binding_base_class_source_out\debug\out\com\vexor\vault\databinding\ItemVaultFileBinding.java
Script source files: 
Script file extensions: 
Using Kotlin/JVM incremental compilation
[KOTLIN] Kotlin compilation 'jdkHome' argument: null
i: found daemon on port 17828 (5254097 ms old), trying to connect
i: connected to the daemon
Options for KOTLIN DAEMON: IncrementalCompilationOptions(super=CompilationOptions(compilerMode=INCREMENTAL_COMPILER, targetPlatform=JVM, reportCategories=[0, 3], reportSeverity=2, requestedCompilationResults=[0], kotlinScriptExtensions=[]), areFileChangesKnown=false, modifiedFiles=null, deletedFiles=null, classpathChanges=NotAvailableForNonIncrementalRun, workingDir=C:\Users\Tushal\Desktop\APP\Vexor\app\build\kotlin\compileDebugKotlin\cacheable, multiModuleICSettings=MultiModuleICSettings(buildHistoryFile=C:\Users\Tushal\Desktop\APP\Vexor\app\build\kotlin\compileDebugKotlin\local-state\build-history.bin, useModuleDetection=true), usePreciseJavaTracking=true, outputFiles=[C:\Users\Tushal\Desktop\APP\Vexor\app\build\tmp\kotlin-classes\debug, C:\Users\Tushal\Desktop\APP\Vexor\app\build\kotlin\compileDebugKotlin\cacheable, C:\Users\Tushal\Desktop\APP\Vexor\app\build\kotlin\compileDebugKotlin\local-state])
e: file:///C:/Users/Tushal/Desktop/APP/Vexor/app/src/main/java/com/vexor/vault/ui/CameraActivity.kt:112:47 Cannot access class 'PreviewView'. Check your module classpath for missing or conflicting dependencies
e: file:///C:/Users/Tushal/Desktop/APP/Vexor/app/src/main/java/com/vexor/vault/ui/CameraActivity.kt:112:58 Unresolved reference: surfaceProvider
e: file:///C:/Users/Tushal/Desktop/APP/Vexor/app/src/main/java/com/vexor/vault/ui/MainActivity.kt:725:40 Unresolved reference: AuthActivity

> Task :app:compileDebugKotlin FAILED
AAPT2 aapt2-8.2.0-10154469-windows Daemon #0: shutdown

FAILURE: Build failed with an exception.

* What went wrong:
Execution failed for task ':app:compileDebugKotlin'.
> A failure occurred while executing org.jetbrains.kotlin.compilerRunner.GradleCompilerRunnerWithWorkers$GradleKotlinCompilerWorkAction
   > Compilation error. See log for more details

* Try:
> Run with --debug option to get more log output.
> Run with --scan to get full insights.
> Get more help at https://help.gradle.org.

* Exception is:
org.gradle.api.tasks.TaskExecutionException: Execution failed for task ':app:compileDebugKotlin'.
	at org.gradle.api.internal.tasks.execution.ExecuteActionsTaskExecuter.lambda$executeIfValid$1(ExecuteActionsTaskExecuter.java:149)
	at org.gradle.internal.Try$Failure.ifSuccessfulOrElse(Try.java:282)
	at org.gradle.api.internal.tasks.execution.ExecuteActionsTaskExecuter.executeIfValid(ExecuteActionsTaskExecuter.java:147)
	at org.gradle.api.internal.tasks.execution.ExecuteActionsTaskExecuter.execute(ExecuteActionsTaskExecuter.java:135)
	at org.gradle.api.internal.tasks.execution.FinalizePropertiesTaskExecuter.execute(FinalizePropertiesTaskExecuter.java:46)
	at org.gradle.api.internal.tasks.execution.ResolveTaskExecutionModeExecuter.execute(ResolveTaskExecutionModeExecuter.java:51)
	at org.gradle.api.internal.tasks.execution.SkipTaskWithNoActionsExecuter.execute(SkipTaskWithNoActionsExecuter.java:57)
	at org.gradle.api.internal.tasks.execution.SkipOnlyIfTaskExecuter.execute(SkipOnlyIfTaskExecuter.java:74)
	at org.gradle.api.internal.tasks.execution.CatchExceptionTaskExecuter.execute(CatchExceptionTaskExecuter.java:36)
	at org.gradle.api.internal.tasks.execution.EventFiringTaskExecuter$1.executeTask(EventFiringTaskExecuter.java:77)
	at org.gradle.api.internal.tasks.execution.EventFiringTaskExecuter$1.call(EventFiringTaskExecuter.java:55)
	at org.gradle.api.internal.tasks.execution.EventFiringTaskExecuter$1.call(EventFiringTaskExecuter.java:52)
	at org.gradle.internal.operations.DefaultBuildOperationRunner$CallableBuildOperationWorker.execute(DefaultBuildOperationRunner.java:204)
	at org.gradle.internal.operations.DefaultBuildOperationRunner$CallableBuildOperationWorker.execute(DefaultBuildOperationRunner.java:199)
	at org.gradle.internal.operations.DefaultBuildOperationRunner$2.execute(DefaultBuildOperationRunner.java:66)
	at org.gradle.internal.operations.DefaultBuildOperationRunner$2.execute(DefaultBuildOperationRunner.java:59)
	at org.gradle.internal.operations.DefaultBuildOperationRunner.execute(DefaultBuildOperationRunner.java:157)
	at org.gradle.internal.operations.DefaultBuildOperationRunner.execute(DefaultBuildOperationRunner.java:59)
	at org.gradle.internal.operations.DefaultBuildOperationRunner.call(DefaultBuildOperationRunner.java:53)
	at org.gradle.internal.operations.DefaultBuildOperationExecutor.call(DefaultBuildOperationExecutor.java:73)
	at org.gradle.api.internal.tasks.execution.EventFiringTaskExecuter.execute(EventFiringTaskExecuter.java:52)
	at org.gradle.execution.plan.LocalTaskNodeExecutor.execute(LocalTaskNodeExecutor.java:42)
	at org.gradle.execution.taskgraph.DefaultTaskExecutionGraph$InvokeNodeExecutorsAction.execute(DefaultTaskExecutionGraph.java:337)
	at org.gradle.execution.taskgraph.DefaultTaskExecutionGraph$InvokeNodeExecutorsAction.execute(DefaultTaskExecutionGraph.java:324)
	at org.gradle.execution.taskgraph.DefaultTaskExecutionGraph$BuildOperationAwareExecutionAction.execute(DefaultTaskExecutionGraph.java:317)
	at org.gradle.execution.taskgraph.DefaultTaskExecutionGraph$BuildOperationAwareExecutionAction.execute(DefaultTaskExecutionGraph.java:303)
	at org.gradle.execution.plan.DefaultPlanExecutor$ExecutorWorker.execute(DefaultPlanExecutor.java:463)
	at org.gradle.execution.plan.DefaultPlanExecutor$ExecutorWorker.run(DefaultPlanExecutor.java:380)
	at org.gradle.internal.concurrent.ExecutorPolicy$CatchAndRecordFailures.onExecute(ExecutorPolicy.java:64)
	at org.gradle.internal.concurrent.AbstractManagedExecutor$1.run(AbstractManagedExecutor.java:47)
Caused by: org.gradle.workers.internal.DefaultWorkerExecutor$WorkExecutionException: A failure occurred while executing org.jetbrains.kotlin.compilerRunner.GradleCompilerRunnerWithWorkers$GradleKotlinCompilerWorkAction
	at org.gradle.workers.internal.DefaultWorkerExecutor$WorkItemExecution.waitForCompletion(DefaultWorkerExecutor.java:283)
	at org.gradle.internal.work.DefaultAsyncWorkTracker.lambda$waitForItemsAndGatherFailures$2(DefaultAsyncWorkTracker.java:130)
	at org.gradle.internal.Factories$1.create(Factories.java:31)
	at org.gradle.internal.work.DefaultWorkerLeaseService.withoutLocks(DefaultWorkerLeaseService.java:321)
	at org.gradle.internal.work.DefaultWorkerLeaseService.withoutLocks(DefaultWorkerLeaseService.java:304)
	at org.gradle.internal.work.DefaultWorkerLeaseService.withoutLock(DefaultWorkerLeaseService.java:309)
	at org.gradle.internal.work.DefaultAsyncWorkTracker.waitForItemsAndGatherFailures(DefaultAsyncWorkTracker.java:126)
	at org.gradle.internal.work.DefaultAsyncWorkTracker.waitForItemsAndGatherFailures(DefaultAsyncWorkTracker.java:92)
	at org.gradle.internal.work.DefaultAsyncWorkTracker.waitForAll(DefaultAsyncWorkTracker.java:78)
	at org.gradle.internal.work.DefaultAsyncWorkTracker.waitForCompletion(DefaultAsyncWorkTracker.java:66)
	at org.gradle.api.internal.tasks.execution.TaskExecution$3.run(TaskExecution.java:256)
	at org.gradle.internal.operations.DefaultBuildOperationRunner$1.execute(DefaultBuildOperationRunner.java:29)
	at org.gradle.internal.operations.DefaultBuildOperationRunner$1.execute(DefaultBuildOperationRunner.java:26)
	at org.gradle.internal.operations.DefaultBuildOperationRunner$2.execute(DefaultBuildOperationRunner.java:66)
	at org.gradle.internal.operations.DefaultBuildOperationRunner$2.execute(DefaultBuildOperationRunner.java:59)
	at org.gradle.internal.operations.DefaultBuildOperationRunner.execute(DefaultBuildOperationRunner.java:157)
	at org.gradle.internal.operations.DefaultBuildOperationRunner.execute(DefaultBuildOperationRunner.java:59)
	at org.gradle.internal.operations.DefaultBuildOperationRunner.run(DefaultBuildOperationRunner.java:47)
	at org.gradle.internal.operations.DefaultBuildOperationExecutor.run(DefaultBuildOperationExecutor.java:68)
	at org.gradle.api.internal.tasks.execution.TaskExecution.executeAction(TaskExecution.java:233)
	at org.gradle.api.internal.tasks.execution.TaskExecution.executeActions(TaskExecution.java:216)
	at org.gradle.api.internal.tasks.execution.TaskExecution.executeWithPreviousOutputFiles(TaskExecution.java:199)
	at org.gradle.api.internal.tasks.execution.TaskExecution.execute(TaskExecution.java:166)
	at org.gradle.internal.execution.steps.ExecuteStep.executeInternal(ExecuteStep.java:105)
	at org.gradle.internal.execution.steps.ExecuteStep.access$000(ExecuteStep.java:44)
	at org.gradle.internal.execution.steps.ExecuteStep$1.call(ExecuteStep.java:59)
	at org.gradle.internal.execution.steps.ExecuteStep$1.call(ExecuteStep.java:56)
	at org.gradle.internal.operations.DefaultBuildOperationRunner$CallableBuildOperationWorker.execute(DefaultBuildOperationRunner.java:204)
	at org.gradle.internal.operations.DefaultBuildOperationRunner$CallableBuildOperationWorker.execute(DefaultBuildOperationRunner.java:199)
	at org.gradle.internal.operations.DefaultBuildOperationRunner$2.execute(DefaultBuildOperationRunner.java:66)
	at org.gradle.internal.operations.DefaultBuildOperationRunner$2.execute(DefaultBuildOperationRunner.java:59)
	at org.gradle.internal.operations.DefaultBuildOperationRunner.execute(DefaultBuildOperationRunner.java:157)
	at org.gradle.internal.operations.DefaultBuildOperationRunner.execute(DefaultBuildOperationRunner.java:59)
	at org.gradle.internal.operations.DefaultBuildOperationRunner.call(DefaultBuildOperationRunner.java:53)
	at org.gradle.internal.operations.DefaultBuildOperationExecutor.call(DefaultBuildOperationExecutor.java:73)
	at org.gradle.internal.execution.steps.ExecuteStep.execute(ExecuteStep.java:56)
	at org.gradle.internal.execution.steps.ExecuteStep.execute(ExecuteStep.java:44)
	at org.gradle.internal.execution.steps.RemovePreviousOutputsStep.execute(RemovePreviousOutputsStep.java:67)
	at org.gradle.internal.execution.steps.RemovePreviousOutputsStep.execute(RemovePreviousOutputsStep.java:37)
	at org.gradle.internal.execution.steps.CancelExecutionStep.execute(CancelExecutionStep.java:41)
	at org.gradle.internal.execution.steps.TimeoutStep.executeWithoutTimeout(TimeoutStep.java:74)
	at org.gradle.internal.execution.steps.TimeoutStep.execute(TimeoutStep.java:55)
	at org.gradle.internal.execution.steps.CreateOutputsStep.execute(CreateOutputsStep.java:50)
	at org.gradle.internal.execution.steps.CreateOutputsStep.execute(CreateOutputsStep.java:28)
	at org.gradle.internal.execution.steps.CaptureStateAfterExecutionStep.executeDelegateBroadcastingChanges(CaptureStateAfterExecutionStep.java:100)
	at org.gradle.internal.execution.steps.CaptureStateAfterExecutionStep.execute(CaptureStateAfterExecutionStep.java:72)
	at org.gradle.internal.execution.steps.CaptureStateAfterExecutionStep.execute(CaptureStateAfterExecutionStep.java:50)
	at org.gradle.internal.execution.steps.ResolveInputChangesStep.execute(ResolveInputChangesStep.java:40)
	at org.gradle.internal.execution.steps.ResolveInputChangesStep.execute(ResolveInputChangesStep.java:29)
	at org.gradle.internal.execution.steps.BuildCacheStep.executeWithoutCache(BuildCacheStep.java:179)
	at org.gradle.internal.execution.steps.BuildCacheStep.lambda$execute$1(BuildCacheStep.java:70)
	at org.gradle.internal.Either$Right.fold(Either.java:175)
	at org.gradle.internal.execution.caching.CachingState.fold(CachingState.java:59)
	at org.gradle.internal.execution.steps.BuildCacheStep.execute(BuildCacheStep.java:68)
	at org.gradle.internal.execution.steps.BuildCacheStep.execute(BuildCacheStep.java:46)
	at org.gradle.internal.execution.steps.StoreExecutionStateStep.execute(StoreExecutionStateStep.java:36)
	at org.gradle.internal.execution.steps.StoreExecutionStateStep.execute(StoreExecutionStateStep.java:25)
	at org.gradle.internal.execution.steps.RecordOutputsStep.execute(RecordOutputsStep.java:36)
	at org.gradle.internal.execution.steps.RecordOutputsStep.execute(RecordOutputsStep.java:22)
	at org.gradle.internal.execution.steps.SkipUpToDateStep.executeBecause(SkipUpToDateStep.java:91)
	at org.gradle.internal.execution.steps.SkipUpToDateStep.lambda$execute$2(SkipUpToDateStep.java:55)
	at org.gradle.internal.execution.steps.SkipUpToDateStep.execute(SkipUpToDateStep.java:55)
	at org.gradle.internal.execution.steps.SkipUpToDateStep.execute(SkipUpToDateStep.java:37)
	at org.gradle.internal.execution.steps.ResolveChangesStep.execute(ResolveChangesStep.java:65)
	at org.gradle.internal.execution.steps.ResolveChangesStep.execute(ResolveChangesStep.java:36)
	at org.gradle.internal.execution.steps.legacy.MarkSnapshottingInputsFinishedStep.execute(MarkSnapshottingInputsFinishedStep.java:37)
	at org.gradle.internal.execution.steps.legacy.MarkSnapshottingInputsFinishedStep.execute(MarkSnapshottingInputsFinishedStep.java:27)
	at org.gradle.internal.execution.steps.ResolveCachingStateStep.execute(ResolveCachingStateStep.java:77)
	at org.gradle.internal.execution.steps.ResolveCachingStateStep.execute(ResolveCachingStateStep.java:38)
	at org.gradle.internal.execution.steps.ValidateStep.execute(ValidateStep.java:94)
	at org.gradle.internal.execution.steps.ValidateStep.execute(ValidateStep.java:49)
	at org.gradle.internal.execution.steps.CaptureStateBeforeExecutionStep.execute(CaptureStateBeforeExecutionStep.java:71)
	at org.gradle.internal.execution.steps.CaptureStateBeforeExecutionStep.execute(CaptureStateBeforeExecutionStep.java:45)
	at org.gradle.internal.execution.steps.SkipEmptyWorkStep.executeWithNonEmptySources(SkipEmptyWorkStep.java:177)
	at org.gradle.internal.execution.steps.SkipEmptyWorkStep.execute(SkipEmptyWorkStep.java:86)
	at org.gradle.internal.execution.steps.SkipEmptyWorkStep.execute(SkipEmptyWorkStep.java:53)
	at org.gradle.internal.execution.steps.RemoveUntrackedExecutionStateStep.execute(RemoveUntrackedExecutionStateStep.java:32)
	at org.gradle.internal.execution.steps.RemoveUntrackedExecutionStateStep.execute(RemoveUntrackedExecutionStateStep.java:21)
	at org.gradle.internal.execution.steps.legacy.MarkSnapshottingInputsStartedStep.execute(MarkSnapshottingInputsStartedStep.java:38)
	at org.gradle.internal.execution.steps.LoadPreviousExecutionStateStep.execute(LoadPreviousExecutionStateStep.java:36)
	at org.gradle.internal.execution.steps.LoadPreviousExecutionStateStep.execute(LoadPreviousExecutionStateStep.java:23)
	at org.gradle.internal.execution.steps.CleanupStaleOutputsStep.execute(CleanupStaleOutputsStep.java:75)
	at org.gradle.internal.execution.steps.CleanupStaleOutputsStep.execute(CleanupStaleOutputsStep.java:41)
	at org.gradle.internal.execution.steps.AssignWorkspaceStep.lambda$execute$0(AssignWorkspaceStep.java:32)
	at org.gradle.api.internal.tasks.execution.TaskExecution$4.withWorkspace(TaskExecution.java:293)
	at org.gradle.internal.execution.steps.AssignWorkspaceStep.execute(AssignWorkspaceStep.java:30)
	at org.gradle.internal.execution.steps.AssignWorkspaceStep.execute(AssignWorkspaceStep.java:21)
	at org.gradle.internal.execution.steps.IdentityCacheStep.execute(IdentityCacheStep.java:37)
	at org.gradle.internal.execution.steps.IdentityCacheStep.execute(IdentityCacheStep.java:27)
	at org.gradle.internal.execution.steps.IdentifyStep.execute(IdentifyStep.java:47)
	at org.gradle.internal.execution.steps.IdentifyStep.execute(IdentifyStep.java:34)
	at org.gradle.internal.execution.impl.DefaultExecutionEngine$1.execute(DefaultExecutionEngine.java:64)
	at org.gradle.api.internal.tasks.execution.ExecuteActionsTaskExecuter.executeIfValid(ExecuteActionsTaskExecuter.java:146)
	at org.gradle.api.internal.tasks.execution.ExecuteActionsTaskExecuter.execute(ExecuteActionsTaskExecuter.java:135)
	at org.gradle.api.internal.tasks.execution.FinalizePropertiesTaskExecuter.execute(FinalizePropertiesTaskExecuter.java:46)
	at org.gradle.api.internal.tasks.execution.ResolveTaskExecutionModeExecuter.execute(ResolveTaskExecutionModeExecuter.java:51)
	at org.gradle.api.internal.tasks.execution.SkipTaskWithNoActionsExecuter.execute(SkipTaskWithNoActionsExecuter.java:57)
	at org.gradle.api.internal.tasks.execution.SkipOnlyIfTaskExecuter.execute(SkipOnlyIfTaskExecuter.java:74)
	at org.gradle.api.internal.tasks.execution.CatchExceptionTaskExecuter.execute(CatchExceptionTaskExecuter.java:36)
	at org.gradle.api.internal.tasks.execution.EventFiringTaskExecuter$1.executeTask(EventFiringTaskExecuter.java:77)
	at org.gradle.api.internal.tasks.execution.EventFiringTaskExecuter$1.call(EventFiringTaskExecuter.java:55)
	at org.gradle.api.internal.tasks.execution.EventFiringTaskExecuter$1.call(EventFiringTaskExecuter.java:52)
	at org.gradle.internal.operations.DefaultBuildOperationRunner$CallableBuildOperationWorker.execute(DefaultBuildOperationRunner.java:204)
	at org.gradle.internal.operations.DefaultBuildOperationRunner$CallableBuildOperationWorker.execute(DefaultBuildOperationRunner.java:199)
	at org.gradle.internal.operations.DefaultBuildOperationRunner$2.execute(DefaultBuildOperationRunner.java:66)
	at org.gradle.internal.operations.DefaultBuildOperationRunner$2.execute(DefaultBuildOperationRunner.java:59)
	at org.gradle.internal.operations.DefaultBuildOperationRunner.execute(DefaultBuildOperationRunner.java:157)
	at org.gradle.internal.operations.DefaultBuildOperationRunner.execute(DefaultBuildOperationRunner.java:59)
	at org.gradle.internal.operations.DefaultBuildOperationRunner.call(DefaultBuildOperationRunner.java:53)
	at org.gradle.internal.operations.DefaultBuildOperationExecutor.call(DefaultBuildOperationExecutor.java:73)
	at org.gradle.api.internal.tasks.execution.EventFiringTaskExecuter.execute(EventFiringTaskExecuter.java:52)
	at org.gradle.execution.plan.LocalTaskNodeExecutor.execute(LocalTaskNodeExecutor.java:42)
	at org.gradle.execution.taskgraph.DefaultTaskExecutionGraph$InvokeNodeExecutorsAction.execute(DefaultTaskExecutionGraph.java:337)
	at org.gradle.execution.taskgraph.DefaultTaskExecutionGraph$InvokeNodeExecutorsAction.execute(DefaultTaskExecutionGraph.java:324)
	at org.gradle.execution.taskgraph.DefaultTaskExecutionGraph$BuildOperationAwareExecutionAction.execute(DefaultTaskExecutionGraph.java:317)
	at org.gradle.execution.taskgraph.DefaultTaskExecutionGraph$BuildOperationAwareExecutionAction.execute(DefaultTaskExecutionGraph.java:303)
	at org.gradle.execution.plan.DefaultPlanExecutor$ExecutorWorker.execute(DefaultPlanExecutor.java:463)
	at org.gradle.execution.plan.DefaultPlanExecutor$ExecutorWorker.run(DefaultPlanExecutor.java:380)
	at org.gradle.internal.concurrent.ExecutorPolicy$CatchAndRecordFailures.onExecute(ExecutorPolicy.java:64)
	at org.gradle.internal.concurrent.AbstractManagedExecutor$1.run(AbstractManagedExecutor.java:47)
Caused by: org.jetbrains.kotlin.gradle.tasks.CompilationErrorException: Compilation error. See log for more details
	at org.jetbrains.kotlin.gradle.tasks.TasksUtilsKt.throwExceptionIfCompilationFailed(tasksUtils.kt:20)
	at org.jetbrains.kotlin.compilerRunner.GradleKotlinCompilerWork.run(GradleKotlinCompilerWork.kt:141)
	at org.jetbrains.kotlin.compilerRunner.GradleCompilerRunnerWithWorkers$GradleKotlinCompilerWorkAction.execute(GradleCompilerRunnerWithWorkers.kt:73)
	at org.gradle.workers.internal.DefaultWorkerServer.execute(DefaultWorkerServer.java:63)
	at org.gradle.workers.internal.NoIsolationWorkerFactory$1$1.create(NoIsolationWorkerFactory.java:66)
	at org.gradle.workers.internal.NoIsolationWorkerFactory$1$1.create(NoIsolationWorkerFactory.java:62)
	at org.gradle.internal.classloader.ClassLoaderUtils.executeInClassloader(ClassLoaderUtils.java:100)
	at org.gradle.workers.internal.NoIsolationWorkerFactory$1.lambda$execute$0(NoIsolationWorkerFactory.java:62)
	at org.gradle.workers.internal.AbstractWorker$1.call(AbstractWorker.java:44)
	at org.gradle.workers.internal.AbstractWorker$1.call(AbstractWorker.java:41)
	at org.gradle.internal.operations.DefaultBuildOperationRunner$CallableBuildOperationWorker.execute(DefaultBuildOperationRunner.java:204)
	at org.gradle.internal.operations.DefaultBuildOperationRunner$CallableBuildOperationWorker.execute(DefaultBuildOperationRunner.java:199)
	at org.gradle.internal.operations.DefaultBuildOperationRunner$2.execute(DefaultBuildOperationRunner.java:66)
	at org.gradle.internal.operations.DefaultBuildOperationRunner$2.execute(DefaultBuildOperationRunner.java:59)
	at org.gradle.internal.operations.DefaultBuildOperationRunner.execute(DefaultBuildOperationRunner.java:157)
	at org.gradle.internal.operations.DefaultBuildOperationRunner.execute(DefaultBuildOperationRunner.java:59)
	at org.gradle.internal.operations.DefaultBuildOperationRunner.call(DefaultBuildOperationRunner.java:53)
	at org.gradle.internal.operations.DefaultBuildOperationExecutor.call(DefaultBuildOperationExecutor.java:73)
	at org.gradle.workers.internal.AbstractWorker.executeWrappedInBuildOperation(AbstractWorker.java:41)
	at org.gradle.workers.internal.NoIsolationWorkerFactory$1.execute(NoIsolationWorkerFactory.java:59)
	at org.gradle.workers.internal.DefaultWorkerExecutor.lambda$submitWork$0(DefaultWorkerExecutor.java:170)
	at org.gradle.internal.work.DefaultConditionalExecutionQueue$ExecutionRunner.runExecution(DefaultConditionalExecutionQueue.java:187)
	at org.gradle.internal.work.DefaultConditionalExecutionQueue$ExecutionRunner.access$700(DefaultConditionalExecutionQueue.java:120)
	at org.gradle.internal.work.DefaultConditionalExecutionQueue$ExecutionRunner$1.run(DefaultConditionalExecutionQueue.java:162)
	at org.gradle.internal.Factories$1.create(Factories.java:31)
	at org.gradle.internal.work.DefaultWorkerLeaseService.withLocks(DefaultWorkerLeaseService.java:249)
	at org.gradle.internal.work.DefaultWorkerLeaseService.runAsWorkerThread(DefaultWorkerLeaseService.java:109)
	at org.gradle.internal.work.DefaultWorkerLeaseService.runAsWorkerThread(DefaultWorkerLeaseService.java:114)
	at org.gradle.internal.work.DefaultConditionalExecutionQueue$ExecutionRunner.runBatch(DefaultConditionalExecutionQueue.java:157)
	at org.gradle.internal.work.DefaultConditionalExecutionQueue$ExecutionRunner.run(DefaultConditionalExecutionQueue.java:126)
	... 2 more


BUILD FAILED in 13s
31 actionable tasks: 31 executed
Watched directory hierarchies: [C:\Users\Tushal\Desktop\APP\Vexor]
